==================================================
Classifier experiment: ttbar_dihiggs_rxs
Encoder mode: pretrained
Running on: gpu4000
Working directory: /var/lib/condor/execute/slot2/dir_2498866/scratch
CUDA_VISIBLE_DEVICES: GPU-72ec1e89-a9fe-478a-f1e6-b8bb1a4b8f5a
==================================================
Extracting source code...
Extracting ColliderML data...
Extracting pretrained experiment...
PyTorch: 2.4.1+cu121
CUDA build: 12.1
CUDA available: True
GPU: NVIDIA L40
Reference directory: ttbar_dihiggs_rxs
Data directory: /var/lib/condor/execute/slot2/dir_2498866/scratch/colliderml-data
Output directory: classifier_output/ttbar_dihiggs_rxs
Pretraining experiment: ttbar_dihiggs_rxs
Classification task: ttbar vs dihiggs
Events per class: 2500
Device: cuda
Feature mean: [-3.69273379e-03  3.10867364e-04 -5.11113616e+00]
Feature std:  [2.12317985 1.81333814 1.91940453]
Loaded 2500 events from channel ttbar.
Loaded 2500 events from channel dihiggs.
ttbar embeddings: (2500, 64)
dihiggs embeddings: (2500, 64)

============================================================
Running classifier: logistic_regression
============================================================
Classifier:        logistic_regression
Training samples:  4000
Testing samples:   1000
Accuracy:          0.7810
Balanced accuracy: 0.7810
F1 score:          0.7821
ROC AUC:           0.8583
Confusion matrix:
[[388 112]
 [107 393]]

============================================================
Running classifier: knn
============================================================
Classifier:        knn
Training samples:  4000
Testing samples:   1000
Accuracy:          0.7510
Balanced accuracy: 0.7510
F1 score:          0.7522
ROC AUC:           0.8405
Confusion matrix:
[[373 127]
 [122 378]]

============================================================
Running classifier: gradient_boosting
============================================================
Classifier:        gradient_boosting
Training samples:  4000
Testing samples:   1000
Accuracy:          0.7820
Balanced accuracy: 0.7820
F1 score:          0.7729
ROC AUC:           0.8578
Confusion matrix:
[[411  89]
 [129 371]]

All classifiers completed.
Results saved to: /var/lib/condor/execute/slot2/dir_2498866/scratch/classifier_output/ttbar_dihiggs_rxs
Creating result archive...
Created: result_classifier_ttbar_dihiggs_rxs.tar.gz
-rw-r--r-- 1 kli398 kli398 4.0M Aug 15 11:20 result_classifier_ttbar_dihiggs_rxs.tar.gz
Pretrained classifier experiment completed successfully.
