==================================================
Classifier experiment: ttbar_dihiggs_rexsc
Encoder mode: pretrained
Running on: gpu4006.chtc.wisc.edu
Working directory: /var/lib/condor/execute/slot2/dir_3724580/scratch
CUDA_VISIBLE_DEVICES: GPU-5f4b1ce3-4b15-b946-0540-e2f21aaa5fe7
==================================================
Extracting source code...
Extracting ColliderML data...
Extracting pretrained experiment...
PyTorch: 2.4.1+cu121
CUDA build: 12.1
CUDA available: True
GPU: NVIDIA L40S
Reference directory: ttbar_dihiggs_rexsc
Data directory: /var/lib/condor/execute/slot2/dir_3724580/scratch/colliderml-data
Output directory: classifier_output/ttbar_dihiggs_rexsc
Pretraining experiment: ttbar_dihiggs_rexsc
Classification task: ttbar vs dihiggs
Events per class: 2500
Device: cuda
Feature mean: [-3.81431378e-03  4.11751662e-04 -5.11095060e+00]
Feature std:  [2.12335609 1.81343345 1.91920075]
Loaded 2500 events from channel ttbar.
Loaded 2500 events from channel dihiggs.
ttbar embeddings: (2500, 64)
dihiggs embeddings: (2500, 64)

============================================================
Running classifier: logistic_regression
============================================================
Classifier:        logistic_regression
Training samples:  4000
Testing samples:   1000
Accuracy:          0.7820
Balanced accuracy: 0.7820
F1 score:          0.7807
ROC AUC:           0.8508
Confusion matrix:
[[394 106]
 [112 388]]

============================================================
Running classifier: knn
============================================================
Classifier:        knn
Training samples:  4000
Testing samples:   1000
Accuracy:          0.7450
Balanced accuracy: 0.7450
F1 score:          0.7527
ROC AUC:           0.8308
Confusion matrix:
[[357 143]
 [112 388]]

============================================================
Running classifier: gradient_boosting
============================================================
Classifier:        gradient_boosting
Training samples:  4000
Testing samples:   1000
Accuracy:          0.7660
Balanced accuracy: 0.7660
F1 score:          0.7473
ROC AUC:           0.8448
Confusion matrix:
[[420  80]
 [154 346]]

All classifiers completed.
Results saved to: /var/lib/condor/execute/slot2/dir_3724580/scratch/classifier_output/ttbar_dihiggs_rexsc
Creating result archive...
Created: result_classifier_ttbar_dihiggs_rexsc.tar.gz
-rw-r--r-- 1 kli398 kli398 4.0M Aug 15 11:19 result_classifier_ttbar_dihiggs_rexsc.tar.gz
Pretrained classifier experiment completed successfully.
