==================================================
Classifier experiment: ggf_ttbar_esc
Encoder mode: pretrained
Running on: gpu4000
Working directory: /var/lib/condor/execute/slot2/dir_2491307/scratch
CUDA_VISIBLE_DEVICES: GPU-5d7c2345-600f-7ffc-d007-4c550ea1a345
==================================================
Extracting source code...
Extracting ColliderML data...
Extracting pretrained experiment...
PyTorch: 2.4.1+cu121
CUDA build: 12.1
CUDA available: True
GPU: NVIDIA L40
Reference directory: ggf_ttbar_esc
Data directory: /var/lib/condor/execute/slot2/dir_2491307/scratch/colliderml-data
Output directory: classifier_output/ggf_ttbar_esc
Pretraining experiment: ggf_ttbar_esc
Classification task: ggf vs ttbar
Events per class: 2500
Device: cuda
Feature mean: [-6.63960509e-04 -1.29860120e-04 -5.18871099e+00]
Feature std:  [2.15387035 1.81274047 1.89477007]
Loaded 2500 events from channel ggf.
Loaded 2500 events from channel ttbar.
ggf embeddings: (2500, 64)
ttbar embeddings: (2500, 64)

============================================================
Running classifier: logistic_regression
============================================================
Classifier:        logistic_regression
Training samples:  4000
Testing samples:   1000
Accuracy:          0.8390
Balanced accuracy: 0.8390
F1 score:          0.8398
ROC AUC:           0.9240
Confusion matrix:
[[417  83]
 [ 78 422]]

============================================================
Running classifier: knn
============================================================
Classifier:        knn
Training samples:  4000
Testing samples:   1000
Accuracy:          0.8090
Balanced accuracy: 0.8090
F1 score:          0.7908
ROC AUC:           0.9015
Confusion matrix:
[[448  52]
 [139 361]]

============================================================
Running classifier: gradient_boosting
============================================================
Classifier:        gradient_boosting
Training samples:  4000
Testing samples:   1000
Accuracy:          0.8290
Balanced accuracy: 0.8290
F1 score:          0.8295
ROC AUC:           0.9151
Confusion matrix:
[[413  87]
 [ 84 416]]

All classifiers completed.
Results saved to: /var/lib/condor/execute/slot2/dir_2491307/scratch/classifier_output/ggf_ttbar_esc
Creating result archive...
Created: result_classifier_ggf_ttbar_esc.tar.gz
-rw-r--r-- 1 kli398 kli398 4.0M Aug 15 11:08 result_classifier_ggf_ttbar_esc.tar.gz
Pretrained classifier experiment completed successfully.
