==================================================
Classifier experiment: ttbar_dihiggs_rec
Encoder mode: pretrained
Running on: gpu4000
Working directory: /var/lib/condor/execute/slot2/dir_2496918/scratch
CUDA_VISIBLE_DEVICES: GPU-8bcf9093-1b8d-d83b-55bb-51bbb57938e2
==================================================
Extracting source code...
Extracting ColliderML data...
Extracting pretrained experiment...
PyTorch: 2.4.1+cu121
CUDA build: 12.1
CUDA available: True
GPU: NVIDIA L40
Reference directory: ttbar_dihiggs_rec
Data directory: /var/lib/condor/execute/slot2/dir_2496918/scratch/colliderml-data
Output directory: classifier_output/ttbar_dihiggs_rec
Pretraining experiment: ttbar_dihiggs_rec
Classification task: ttbar vs dihiggs
Events per class: 2500
Device: cuda
Feature mean: [-3.81431378e-03  4.11751662e-04 -5.11095060e+00]
Feature std:  [2.12335609 1.81343345 1.91920075]
Loaded 2500 events from channel ttbar.
Loaded 2500 events from channel dihiggs.
ttbar embeddings: (2500, 64)
dihiggs embeddings: (2500, 64)

============================================================
Running classifier: logistic_regression
============================================================
Classifier:        logistic_regression
Training samples:  4000
Testing samples:   1000
Accuracy:          0.7880
Balanced accuracy: 0.7880
F1 score:          0.7854
ROC AUC:           0.8549
Confusion matrix:
[[400 100]
 [112 388]]

============================================================
Running classifier: knn
============================================================
Classifier:        knn
Training samples:  4000
Testing samples:   1000
Accuracy:          0.7430
Balanced accuracy: 0.7430
F1 score:          0.7517
ROC AUC:           0.8294
Confusion matrix:
[[354 146]
 [111 389]]

============================================================
Running classifier: gradient_boosting
============================================================
Classifier:        gradient_boosting
Training samples:  4000
Testing samples:   1000
Accuracy:          0.7710
Balanced accuracy: 0.7710
F1 score:          0.7597
ROC AUC:           0.8469
Confusion matrix:
[[409  91]
 [138 362]]

All classifiers completed.
Results saved to: /var/lib/condor/execute/slot2/dir_2496918/scratch/classifier_output/ttbar_dihiggs_rec
Creating result archive...
Created: result_classifier_ttbar_dihiggs_rec.tar.gz
-rw-r--r-- 1 kli398 kli398 4.0M Aug 15 11:16 result_classifier_ttbar_dihiggs_rec.tar.gz
Pretrained classifier experiment completed successfully.
