==================================================
Classifier experiment: ttbar_dihiggs_exsc
Encoder mode: pretrained
Running on: gpu4000
Working directory: /var/lib/condor/execute/slot2/dir_2496726/scratch
CUDA_VISIBLE_DEVICES: GPU-72ec1e89-a9fe-478a-f1e6-b8bb1a4b8f5a
==================================================
Extracting source code...
Extracting ColliderML data...
Extracting pretrained experiment...
PyTorch: 2.4.1+cu121
CUDA build: 12.1
CUDA available: True
GPU: NVIDIA L40
Reference directory: ttbar_dihiggs_exsc
Data directory: /var/lib/condor/execute/slot2/dir_2496726/scratch/colliderml-data
Output directory: classifier_output/ttbar_dihiggs_exsc
Pretraining experiment: ttbar_dihiggs_exsc
Classification task: ttbar vs dihiggs
Events per class: 2500
Device: cuda
Feature mean: [-3.69273379e-03  3.10867364e-04 -5.11113616e+00]
Feature std:  [2.12317985 1.81333814 1.91940453]
Loaded 2500 events from channel ttbar.
Loaded 2500 events from channel dihiggs.
ttbar embeddings: (2500, 64)
dihiggs embeddings: (2500, 64)

============================================================
Running classifier: logistic_regression
============================================================
Classifier:        logistic_regression
Training samples:  4000
Testing samples:   1000
Accuracy:          0.7660
Balanced accuracy: 0.7660
F1 score:          0.7660
ROC AUC:           0.8322
Confusion matrix:
[[383 117]
 [117 383]]

============================================================
Running classifier: knn
============================================================
Classifier:        knn
Training samples:  4000
Testing samples:   1000
Accuracy:          0.7160
Balanced accuracy: 0.7160
F1 score:          0.7331
ROC AUC:           0.8031
Confusion matrix:
[[326 174]
 [110 390]]

============================================================
Running classifier: gradient_boosting
============================================================
Classifier:        gradient_boosting
Training samples:  4000
Testing samples:   1000
Accuracy:          0.7350
Balanced accuracy: 0.7350
F1 score:          0.7190
ROC AUC:           0.8148
Confusion matrix:
[[396 104]
 [161 339]]

All classifiers completed.
Results saved to: /var/lib/condor/execute/slot2/dir_2496726/scratch/classifier_output/ttbar_dihiggs_exsc
Creating result archive...
Created: result_classifier_ttbar_dihiggs_exsc.tar.gz
-rw-r--r-- 1 kli398 kli398 4.0M Aug 15 11:16 result_classifier_ttbar_dihiggs_exsc.tar.gz
Pretrained classifier experiment completed successfully.
