==================================================
Classifier experiment: ggf_ttbar_xsc
Encoder mode: pretrained
Running on: gpu2010
Working directory: /var/lib/condor/execute/slot2/dir_678362/scratch
CUDA_VISIBLE_DEVICES: GPU-0cc3c58b-8a0c-06ce-e533-e80af8727bec
==================================================
Extracting source code...
Extracting ColliderML data...
Extracting pretrained experiment...
PyTorch: 2.4.1+cu121
CUDA build: 12.1
CUDA available: True
GPU: NVIDIA A100-SXM4-80GB
Reference directory: ggf_ttbar_xsc
Data directory: /var/lib/condor/execute/slot2/dir_678362/scratch/colliderml-data
Output directory: classifier_output/ggf_ttbar_xsc
Pretraining experiment: ggf_ttbar_xsc
Classification task: ggf vs ttbar
Events per class: 2500
Device: cuda
Feature mean: [-6.63960509e-04 -1.29860120e-04 -5.18871099e+00]
Feature std:  [2.15387035 1.81274047 1.89477007]
Loaded 2500 events from channel ggf.
Loaded 2500 events from channel ttbar.
ggf embeddings: (2500, 64)
ttbar embeddings: (2500, 64)

============================================================
Running classifier: logistic_regression
============================================================
Classifier:        logistic_regression
Training samples:  4000
Testing samples:   1000
Accuracy:          0.8440
Balanced accuracy: 0.8440
F1 score:          0.8468
ROC AUC:           0.9203
Confusion matrix:
[[413  87]
 [ 69 431]]

============================================================
Running classifier: knn
============================================================
Classifier:        knn
Training samples:  4000
Testing samples:   1000
Accuracy:          0.8090
Balanced accuracy: 0.8090
F1 score:          0.7922
ROC AUC:           0.8953
Confusion matrix:
[[445  55]
 [136 364]]

============================================================
Running classifier: gradient_boosting
============================================================
Classifier:        gradient_boosting
Training samples:  4000
Testing samples:   1000
Accuracy:          0.8380
Balanced accuracy: 0.8380
F1 score:          0.8360
ROC AUC:           0.9204
Confusion matrix:
[[425  75]
 [ 87 413]]

All classifiers completed.
Results saved to: /var/lib/condor/execute/slot2/dir_678362/scratch/classifier_output/ggf_ttbar_xsc
Creating result archive...
Created: result_classifier_ggf_ttbar_xsc.tar.gz
-rw-r--r-- 1 kli398 kli398 4.0M Aug 15 11:16 result_classifier_ggf_ttbar_xsc.tar.gz
Pretrained classifier experiment completed successfully.
