000 (6038900.031.000) 2026-08-15 10:50:00 Job submitted from host: <128.105.68.113:9618?addrs=128.105.68.113-9618+[2607-f388-2200-100-eaeb-d3ff-fea7-d05e]-9618&alias=ap2002.chtc.wisc.edu&noUDP&sock=schedd_7808_378f>
    [ JobBatchName = "pairwise_pretrained_classifiers_20260815" ]
...
040 (6038900.031.000) 2026-08-15 11:11:16 Started transferring input files
	Transferring to host: <128.105.68.101:9618?addrs=128.105.68.101-9618+[2607-f388-2200-100-1270-fdff-fe73-97d6]-9618&alias=gpu2009.chtc.wisc.edu&noUDP&sock=slot2_2_1217555_6481_40023>
...
040 (6038900.031.000) 2026-08-15 11:12:10 Finished transferring input files
...
001 (6038900.031.000) 2026-08-15 11:12:10 Job executing on host: <128.105.68.101:9618?addrs=128.105.68.101-9618+[2607-f388-2200-100-1270-fdff-fe73-97d6]-9618&alias=gpu2009.chtc.wisc.edu&noUDP&sock=startd_12432_e57c>
	SlotName: slot2_2@gpu2009.chtc.wisc.edu
	AvailableGPUs = { GPUs_GPU_07c303b2 }
	CondorScratchDir = "/var/lib/condor/execute/slot2/dir_2142346/scratch"
	Cpus = 2
	Disk = 31457280
	GPUs = 1
	GPUs_GPU_07c303b2 = [ Id = "GPU-07c303b2"; Capability = 8.0; DeviceName = "NVIDIA A100-SXM4-80GB"; DeviceUuid = "07c303b2-26b2-4bc7-fbf1-94800154bb1a"; ECCEnabled = true; NvidiaDriver = "570.195.03"; DriverVersion = 12.8; DevicePciBusId = "0000:41:00.0"; GlobalMemoryMb = 81154; MaxSupportedVersion = 12080 ]
	IoHeavy = 0
	Memory = 65536
...
006 (6038900.031.000) 2026-08-15 11:12:19 Image size of job updated: 23404
	23  -  MemoryUsage of job (MB)
	23404  -  ResidentSetSize of job (KB)
...
006 (6038900.031.000) 2026-08-15 11:15:43 Image size of job updated: 10661584
	23  -  MemoryUsage of job (MB)
	23404  -  ResidentSetSize of job (KB)
...
040 (6038900.031.000) 2026-08-15 11:15:43 Started transferring output files
...
040 (6038900.031.000) 2026-08-15 11:15:43 Finished transferring output files
...
005 (6038900.031.000) 2026-08-15 11:15:46 Job terminated.
	(1) Normal termination (return value 0)
		Usr 0 00:03:39, Sys 0 00:00:28  -  Run Remote Usage
		Usr 0 00:00:00, Sys 0 00:00:00  -  Run Local Usage
		Usr 0 00:03:39, Sys 0 00:00:28  -  Total Remote Usage
		Usr 0 00:00:00, Sys 0 00:00:00  -  Total Local Usage
	4154075  -  Run Bytes Sent By Job
	9726493654  -  Run Bytes Received By Job
	4154075  -  Total Bytes Sent By Job
	9726493654  -  Total Bytes Received By Job
	Partitionable Resources :       Usage  Request Allocated Assigned
	   Cpus                 :        0.99        2         2 
	   Disk (KB)            : 16329591    31457280  31457280 
	   GPUs                 :        0.00        1         1 "GPU-07c303b2"
	   GpusMemory (MB)      :     1447                       
	   IoHeavy              :                              0 
	   Memory (MB)          :       23       65536     65536 
	   TimeExecute (s)      :      213                       
	   TimeSlotBusy (s)     :      267                       
...
