000 (6038900.030.000) 2026-08-15 10:50:00 Job submitted from host: <128.105.68.113:9618?addrs=128.105.68.113-9618+[2607-f388-2200-100-eaeb-d3ff-fea7-d05e]-9618&alias=ap2002.chtc.wisc.edu&noUDP&sock=schedd_7808_378f>
    [ JobBatchName = "pairwise_pretrained_classifiers_20260815" ]
...
040 (6038900.030.000) 2026-08-15 11:10:18 Started transferring input files
	Transferring to host: <128.105.69.63:9618?addrs=128.105.69.63-9618+[2607-f388-2200-100-5aa2-e1ff-febe-455e]-9618&alias=gpu4003.chtc.wisc.edu&noUDP&sock=slot2_7_467102_5d6c_13860>
...
040 (6038900.030.000) 2026-08-15 11:10:42 Finished transferring input files
...
001 (6038900.030.000) 2026-08-15 11:10:42 Job executing on host: <128.105.69.63:9618?addrs=128.105.69.63-9618+[2607-f388-2200-100-5aa2-e1ff-febe-455e]-9618&alias=gpu4003.chtc.wisc.edu&noUDP&sock=startd_467038_ccc7>
	SlotName: slot2_7@gpu4003.chtc.wisc.edu
	AvailableGPUs = { GPUs_GPU_8be5a5aa }
	CondorScratchDir = "/var/lib/condor/execute/slot2/dir_2571184/scratch"
	Cpus = 2
	Disk = 31457280
	GPUs = 1
	GPUs_GPU_8be5a5aa = [ Id = "GPU-8be5a5aa"; Capability = 9.0; DeviceName = "NVIDIA H100 80GB HBM3"; DeviceUuid = "8be5a5aa-de2e-2062-a8ec-c29267f4988e"; ECCEnabled = true; NvidiaDriver = "570.195.03"; DriverVersion = 12.8; DevicePciBusId = "0000:BA:00.0"; GlobalMemoryMb = 81089; MaxSupportedVersion = 12080 ]
	IoHeavy = 0
	Memory = 65536
...
006 (6038900.030.000) 2026-08-15 11:10:50 Image size of job updated: 26852
	27  -  MemoryUsage of job (MB)
	26852  -  ResidentSetSize of job (KB)
...
006 (6038900.030.000) 2026-08-15 11:13:47 Image size of job updated: 10758316
	27  -  MemoryUsage of job (MB)
	26852  -  ResidentSetSize of job (KB)
...
040 (6038900.030.000) 2026-08-15 11:13:47 Started transferring output files
...
040 (6038900.030.000) 2026-08-15 11:13:47 Finished transferring output files
...
005 (6038900.030.000) 2026-08-15 11:13:50 Job terminated.
	(1) Normal termination (return value 0)
		Usr 0 00:03:17, Sys 0 00:00:19  -  Run Remote Usage
		Usr 0 00:00:00, Sys 0 00:00:00  -  Run Local Usage
		Usr 0 00:03:17, Sys 0 00:00:19  -  Total Remote Usage
		Usr 0 00:00:00, Sys 0 00:00:00  -  Total Local Usage
	4146474  -  Run Bytes Sent By Job
	9726492745  -  Run Bytes Received By Job
	4146474  -  Total Bytes Sent By Job
	9726492745  -  Total Bytes Received By Job
	Partitionable Resources :       Usage  Request Allocated Assigned
	   Cpus                 :        1.00        2         2 
	   Disk (KB)            : 16330084    31457280  31457280 
	   GPUs                 :        0.00        1         1 "GPU-8be5a5aa"
	   GpusMemory (MB)      :     1367                       
	   IoHeavy              :                              0 
	   Memory (MB)          :       27       65536     65536 
	   TimeExecute (s)      :      185                       
	   TimeSlotBusy (s)     :      209                       
...
