000 (6038900.009.000) 2026-08-15 10:50:00 Job submitted from host: <128.105.68.113:9618?addrs=128.105.68.113-9618+[2607-f388-2200-100-eaeb-d3ff-fea7-d05e]-9618&alias=ap2002.chtc.wisc.edu&noUDP&sock=schedd_7808_378f>
    [ JobBatchName = "pairwise_pretrained_classifiers_20260815" ]
...
040 (6038900.009.000) 2026-08-15 11:00:51 Started transferring input files
	Transferring to host: <128.105.68.117:9618?addrs=128.105.68.117-9618+[2607-f388-2200-100-7ec2-55ff-fe9a-b4fa]-9618&alias=gpu4000.chtc.wisc.edu&noUDP&sock=slot2_10_1351128_a798_51855>
...
040 (6038900.009.000) 2026-08-15 11:01:15 Finished transferring input files
...
001 (6038900.009.000) 2026-08-15 11:01:15 Job executing on host: <128.105.68.117:9618?addrs=128.105.68.117-9618+[2607-f388-2200-100-7ec2-55ff-fe9a-b4fa]-9618&alias=gpu4000.chtc.wisc.edu&noUDP&sock=startd_674379_7ae3>
	SlotName: slot2_10@gpu4000.chtc.wisc.edu
	AvailableGPUs = { GPUs_GPU_5d7c2345 }
	CondorScratchDir = "/var/lib/condor/execute/slot2/dir_2476474/scratch"
	Cpus = 2
	Disk = 31457280
	GPUs = 1
	GPUs_GPU_5d7c2345 = [ Id = "GPU-5d7c2345"; Capability = 8.9; DeviceName = "NVIDIA L40"; DeviceUuid = "5d7c2345-600f-7ffc-d007-4c550ea1a345"; ECCEnabled = true; NvidiaDriver = "570.195.03"; DriverVersion = 12.8; DevicePciBusId = "0000:D5:00.0"; GlobalMemoryMb = 45468; MaxSupportedVersion = 12080 ]
	IoHeavy = 0
	Memory = 65536
...
006 (6038900.009.000) 2026-08-15 11:01:24 Image size of job updated: 21844
	22  -  MemoryUsage of job (MB)
	21844  -  ResidentSetSize of job (KB)
...
006 (6038900.009.000) 2026-08-15 11:04:48 Image size of job updated: 10654040
	22  -  MemoryUsage of job (MB)
	21844  -  ResidentSetSize of job (KB)
...
040 (6038900.009.000) 2026-08-15 11:04:48 Started transferring output files
...
040 (6038900.009.000) 2026-08-15 11:04:48 Finished transferring output files
...
005 (6038900.009.000) 2026-08-15 11:04:50 Job terminated.
	(1) Normal termination (return value 0)
		Usr 0 00:03:52, Sys 0 00:00:17  -  Run Remote Usage
		Usr 0 00:00:00, Sys 0 00:00:00  -  Run Local Usage
		Usr 0 00:03:52, Sys 0 00:00:17  -  Total Remote Usage
		Usr 0 00:00:00, Sys 0 00:00:00  -  Total Local Usage
	4147651  -  Run Bytes Sent By Job
	9726494846  -  Run Bytes Received By Job
	4147651  -  Total Bytes Sent By Job
	9726494846  -  Total Bytes Received By Job
	Partitionable Resources :       Usage  Request Allocated Assigned
	   Cpus                 :        1.10        2         2 
	   Disk (KB)            : 16330092    31457280  31457280 
	   GPUs                 :        0           1         1 "GPU-5d7c2345"
	   GpusMemory (MB)      :      604                       
	   IoHeavy              :                              0 
	   Memory (MB)          :       22       65536     65536 
	   TimeExecute (s)      :      213                       
	   TimeSlotBusy (s)     :      237                       
...
