==================================================
Classifier experiment: ggf_ttbar_rexsc
Encoder mode: pretrained
Running on: gpu2006
Working directory: /var/lib/condor/execute/slot2/dir_2256454/scratch
CUDA_VISIBLE_DEVICES: GPU-9eb76222-5c96-17fd-4808-405d5b5b7ce6
==================================================
Extracting source code...
Extracting ColliderML data...
Extracting pretrained experiment...
PyTorch: 2.4.1+cu121
CUDA build: 12.1
CUDA available: True
GPU: NVIDIA A100-SXM4-80GB
Reference directory: ggf_ttbar_rexsc
Data directory: /var/lib/condor/execute/slot2/dir_2256454/scratch/colliderml-data
Output directory: classifier_output/ggf_ttbar_rexsc
Pretraining experiment: ggf_ttbar_rexsc
Classification task: ggf vs ttbar
Events per class: 2500
Device: cuda
Feature mean: [-6.63960509e-04 -1.29860120e-04 -5.18871099e+00]
Feature std:  [2.15387035 1.81274047 1.89477007]
Loaded 2500 events from channel ggf.
Loaded 2500 events from channel ttbar.
ggf embeddings: (2500, 64)
ttbar embeddings: (2500, 64)

============================================================
Running classifier: logistic_regression
============================================================
Classifier:        logistic_regression
Training samples:  4000
Testing samples:   1000
Accuracy:          0.8990
Balanced accuracy: 0.8990
F1 score:          0.9011
ROC AUC:           0.9531
Confusion matrix:
[[439  61]
 [ 40 460]]

============================================================
Running classifier: knn
============================================================
Classifier:        knn
Training samples:  4000
Testing samples:   1000
Accuracy:          0.8760
Balanced accuracy: 0.8760
F1 score:          0.8719
ROC AUC:           0.9511
Confusion matrix:
[[454  46]
 [ 78 422]]

============================================================
Running classifier: gradient_boosting
============================================================
Classifier:        gradient_boosting
Training samples:  4000
Testing samples:   1000
Accuracy:          0.8920
Balanced accuracy: 0.8920
F1 score:          0.8931
ROC AUC:           0.9542
Confusion matrix:
[[441  59]
 [ 49 451]]

All classifiers completed.
Results saved to: /var/lib/condor/execute/slot2/dir_2256454/scratch/classifier_output/ggf_ttbar_rexsc
Creating result archive...
Created: result_classifier_ggf_ttbar_rexsc.tar.gz
-rw-r--r-- 1 kli398 kli398 4.0M Aug 15 11:13 result_classifier_ggf_ttbar_rexsc.tar.gz
Pretrained classifier experiment completed successfully.
