000 (6038900.020.000) 2026-08-15 10:50:00 Job submitted from host: <128.105.68.113:9618?addrs=128.105.68.113-9618+[2607-f388-2200-100-eaeb-d3ff-fea7-d05e]-9618&alias=ap2002.chtc.wisc.edu&noUDP&sock=schedd_7808_378f>
    [ JobBatchName = "pairwise_pretrained_classifiers_20260815" ]
...
040 (6038900.020.000) 2026-08-15 11:07:30 Started transferring input files
	Transferring to host: <128.105.68.102:9618?addrs=128.105.68.102-9618+[2607-f388-2200-100-1270-fdff-fe74-920]-9618&alias=gpu2010.chtc.wisc.edu&noUDP&sock=slot2_3_3825226_8359_26321>
...
040 (6038900.020.000) 2026-08-15 11:08:04 Finished transferring input files
...
001 (6038900.020.000) 2026-08-15 11:08:10 Job executing on host: <128.105.68.102:9618?addrs=128.105.68.102-9618+[2607-f388-2200-100-1270-fdff-fe74-920]-9618&alias=gpu2010.chtc.wisc.edu&noUDP&sock=startd_12400_f274>
	SlotName: slot2_3@gpu2010.chtc.wisc.edu
	AvailableGPUs = { GPUs_GPU_0cc3c58b }
	CondorScratchDir = "/var/lib/condor/execute/slot2/dir_671654/scratch"
	Cpus = 2
	Disk = 31457280
	GPUs = 1
	GPUs_GPU_0cc3c58b = [ Id = "GPU-0cc3c58b"; Capability = 8.0; DeviceName = "NVIDIA A100-SXM4-80GB"; DeviceUuid = "0cc3c58b-8a0c-06ce-e533-e80af8727bec"; ECCEnabled = true; NvidiaDriver = "570.195.03"; DriverVersion = 12.8; DevicePciBusId = "0000:81:00.0"; GlobalMemoryMb = 81154; MaxSupportedVersion = 12080 ]
	IoHeavy = 0
	Memory = 65536
...
006 (6038900.020.000) 2026-08-15 11:08:18 Image size of job updated: 22084
	22  -  MemoryUsage of job (MB)
	22084  -  ResidentSetSize of job (KB)
...
006 (6038900.020.000) 2026-08-15 11:11:48 Image size of job updated: 10694712
	22  -  MemoryUsage of job (MB)
	22084  -  ResidentSetSize of job (KB)
...
040 (6038900.020.000) 2026-08-15 11:11:48 Started transferring output files
...
040 (6038900.020.000) 2026-08-15 11:11:48 Finished transferring output files
...
005 (6038900.020.000) 2026-08-15 11:11:51 Job terminated.
	(1) Normal termination (return value 0)
		Usr 0 00:03:43, Sys 0 00:00:28  -  Run Remote Usage
		Usr 0 00:00:00, Sys 0 00:00:00  -  Run Local Usage
		Usr 0 00:03:43, Sys 0 00:00:28  -  Total Remote Usage
		Usr 0 00:00:00, Sys 0 00:00:00  -  Total Local Usage
	4157345  -  Run Bytes Sent By Job
	9726491808  -  Run Bytes Received By Job
	4157345  -  Total Bytes Sent By Job
	9726491808  -  Total Bytes Received By Job
	Partitionable Resources :       Usage  Request Allocated Assigned
	   Cpus                 :        1.11        2         2 
	   Disk (KB)            : 16329594    31457280  31457280 
	   GPUs                 :                    1         1 "GPU-0cc3c58b"
	   GpusMemory (MB)      :      785                       
	   IoHeavy              :                              0 
	   Memory (MB)          :       22       65536     65536 
	   TimeExecute (s)      :      218                       
	   TimeSlotBusy (s)     :      258                       
...
