==================================================
Classifier experiment: ttbar_dihiggs_rexs
Encoder mode: pretrained
Running on: gpu2009
Working directory: /var/lib/condor/execute/slot2/dir_2144835/scratch
CUDA_VISIBLE_DEVICES: GPU-07c303b2-26b2-4bc7-fbf1-94800154bb1a
==================================================
Extracting source code...
Extracting ColliderML data...
Extracting pretrained experiment...
PyTorch: 2.4.1+cu121
CUDA build: 12.1
CUDA available: True
GPU: NVIDIA A100-SXM4-80GB
Reference directory: ttbar_dihiggs_rexs
Data directory: /var/lib/condor/execute/slot2/dir_2144835/scratch/colliderml-data
Output directory: classifier_output/ttbar_dihiggs_rexs
Pretraining experiment: ttbar_dihiggs_rexs
Classification task: ttbar vs dihiggs
Events per class: 2500
Device: cuda
Feature mean: [-3.81431378e-03  4.11751662e-04 -5.11095060e+00]
Feature std:  [2.12335609 1.81343345 1.91920075]
Loaded 2500 events from channel ttbar.
Loaded 2500 events from channel dihiggs.
ttbar embeddings: (2500, 64)
dihiggs embeddings: (2500, 64)

============================================================
Running classifier: logistic_regression
============================================================
Classifier:        logistic_regression
Training samples:  4000
Testing samples:   1000
Accuracy:          0.7790
Balanced accuracy: 0.7790
F1 score:          0.7788
ROC AUC:           0.8522
Confusion matrix:
[[390 110]
 [111 389]]

============================================================
Running classifier: knn
============================================================
Classifier:        knn
Training samples:  4000
Testing samples:   1000
Accuracy:          0.7550
Balanced accuracy: 0.7550
F1 score:          0.7562
ROC AUC:           0.8305
Confusion matrix:
[[375 125]
 [120 380]]

============================================================
Running classifier: gradient_boosting
============================================================
Classifier:        gradient_boosting
Training samples:  4000
Testing samples:   1000
Accuracy:          0.7580
Balanced accuracy: 0.7580
F1 score:          0.7490
ROC AUC:           0.8421
Confusion matrix:
[[397 103]
 [139 361]]

All classifiers completed.
Results saved to: /var/lib/condor/execute/slot2/dir_2144835/scratch/classifier_output/ttbar_dihiggs_rexs
Creating result archive...
Created: result_classifier_ttbar_dihiggs_rexs.tar.gz
-rw-r--r-- 1 kli398 kli398 4.0M Aug 15 11:20 result_classifier_ttbar_dihiggs_rexs.tar.gz
Pretrained classifier experiment completed successfully.
