==================================================
Classifier experiment: ggf_dihiggs_exc
Encoder mode: pretrained
Running on: gpu2006
Working directory: /var/lib/condor/execute/slot2/dir_2243660/scratch
CUDA_VISIBLE_DEVICES: GPU-9eb76222-5c96-17fd-4808-405d5b5b7ce6
==================================================
Extracting source code...
Extracting ColliderML data...
Extracting pretrained experiment...
PyTorch: 2.4.1+cu121
CUDA build: 12.1
CUDA available: True
GPU: NVIDIA A100-SXM4-80GB
Reference directory: ggf_dihiggs_exc
Data directory: /var/lib/condor/execute/slot2/dir_2243660/scratch/colliderml-data
Output directory: classifier_output/ggf_dihiggs_exc
Pretraining experiment: ggf_dihiggs_exc
Classification task: ggf vs dihiggs
Events per class: 2500
Device: cuda
Feature mean: [ 2.89209100e-03  1.83292195e-05 -5.08254808e+00]
Feature std:  [2.15738391 1.81218214 1.83506434]
Loaded 2500 events from channel ggf.
Loaded 2500 events from channel dihiggs.
ggf embeddings: (2500, 64)
dihiggs embeddings: (2500, 64)

============================================================
Running classifier: logistic_regression
============================================================
Classifier:        logistic_regression
Training samples:  4000
Testing samples:   1000
Accuracy:          0.7320
Balanced accuracy: 0.7320
F1 score:          0.7309
ROC AUC:           0.8079
Confusion matrix:
[[368 132]
 [136 364]]

============================================================
Running classifier: knn
============================================================
Classifier:        knn
Training samples:  4000
Testing samples:   1000
Accuracy:          0.7160
Balanced accuracy: 0.7160
F1 score:          0.7114
ROC AUC:           0.7786
Confusion matrix:
[[366 134]
 [150 350]]

============================================================
Running classifier: gradient_boosting
============================================================
Classifier:        gradient_boosting
Training samples:  4000
Testing samples:   1000
Accuracy:          0.7220
Balanced accuracy: 0.7220
F1 score:          0.7253
ROC AUC:           0.7936
Confusion matrix:
[[355 145]
 [133 367]]

All classifiers completed.
Results saved to: /var/lib/condor/execute/slot2/dir_2243660/scratch/classifier_output/ggf_dihiggs_exc
Creating result archive...
Created: result_classifier_ggf_dihiggs_exc.tar.gz
-rw-r--r-- 1 kli398 kli398 4.0M Aug 15 11:00 result_classifier_ggf_dihiggs_exc.tar.gz
Pretrained classifier experiment completed successfully.
