==================================================
Classifier experiment: ggf_dihiggs_res
Encoder mode: pretrained
Running on: gpu4006.chtc.wisc.edu
Working directory: /var/lib/condor/execute/slot2/dir_3663356/scratch
CUDA_VISIBLE_DEVICES: GPU-5f4b1ce3-4b15-b946-0540-e2f21aaa5fe7
==================================================
Extracting source code...
Extracting ColliderML data...
Extracting pretrained experiment...
PyTorch: 2.4.1+cu121
CUDA build: 12.1
CUDA available: True
GPU: NVIDIA L40S
Reference directory: ggf_dihiggs_res
Data directory: /var/lib/condor/execute/slot2/dir_3663356/scratch/colliderml-data
Output directory: classifier_output/ggf_dihiggs_res
Pretraining experiment: ggf_dihiggs_res
Classification task: ggf vs dihiggs
Events per class: 2500
Device: cuda
Feature mean: [ 2.82639009e-03  1.77830461e-04 -5.08235498e+00]
Feature std:  [2.15754689 1.81227128 1.83492531]
Loaded 2500 events from channel ggf.
Loaded 2500 events from channel dihiggs.
ggf embeddings: (2500, 64)
dihiggs embeddings: (2500, 64)

============================================================
Running classifier: logistic_regression
============================================================
Classifier:        logistic_regression
Training samples:  4000
Testing samples:   1000
Accuracy:          0.7540
Balanced accuracy: 0.7540
F1 score:          0.7560
ROC AUC:           0.8139
Confusion matrix:
[[373 127]
 [119 381]]

============================================================
Running classifier: knn
============================================================
Classifier:        knn
Training samples:  4000
Testing samples:   1000
Accuracy:          0.7490
Balanced accuracy: 0.7490
F1 score:          0.7561
ROC AUC:           0.7996
Confusion matrix:
[[360 140]
 [111 389]]

============================================================
Running classifier: gradient_boosting
============================================================
Classifier:        gradient_boosting
Training samples:  4000
Testing samples:   1000
Accuracy:          0.7480
Balanced accuracy: 0.7480
F1 score:          0.7544
ROC AUC:           0.8160
Confusion matrix:
[[361 139]
 [113 387]]

All classifiers completed.
Results saved to: /var/lib/condor/execute/slot2/dir_3663356/scratch/classifier_output/ggf_dihiggs_res
Creating result archive...
Created: result_classifier_ggf_dihiggs_res.tar.gz
-rw-r--r-- 1 kli398 kli398 4.0M Aug 15 11:04 result_classifier_ggf_dihiggs_res.tar.gz
Pretrained classifier experiment completed successfully.
