==================================================
Classifier experiment: ggf_dihiggs_resc
Encoder mode: pretrained
Running on: gpu4000
Working directory: /var/lib/condor/execute/slot2/dir_2476249/scratch
CUDA_VISIBLE_DEVICES: GPU-8bcf9093-1b8d-d83b-55bb-51bbb57938e2
==================================================
Extracting source code...
Extracting ColliderML data...
Extracting pretrained experiment...
PyTorch: 2.4.1+cu121
CUDA build: 12.1
CUDA available: True
GPU: NVIDIA L40
Reference directory: ggf_dihiggs_resc
Data directory: /var/lib/condor/execute/slot2/dir_2476249/scratch/colliderml-data
Output directory: classifier_output/ggf_dihiggs_resc
Pretraining experiment: ggf_dihiggs_resc
Classification task: ggf vs dihiggs
Events per class: 2500
Device: cuda
Feature mean: [ 2.82639009e-03  1.77830461e-04 -5.08235498e+00]
Feature std:  [2.15754689 1.81227128 1.83492531]
Loaded 2500 events from channel ggf.
Loaded 2500 events from channel dihiggs.
ggf embeddings: (2500, 64)
dihiggs embeddings: (2500, 64)

============================================================
Running classifier: logistic_regression
============================================================
Classifier:        logistic_regression
Training samples:  4000
Testing samples:   1000
Accuracy:          0.7520
Balanced accuracy: 0.7520
F1 score:          0.7520
ROC AUC:           0.8331
Confusion matrix:
[[376 124]
 [124 376]]

============================================================
Running classifier: knn
============================================================
Classifier:        knn
Training samples:  4000
Testing samples:   1000
Accuracy:          0.7570
Balanced accuracy: 0.7570
F1 score:          0.7553
ROC AUC:           0.8270
Confusion matrix:
[[382 118]
 [125 375]]

============================================================
Running classifier: gradient_boosting
============================================================
Classifier:        gradient_boosting
Training samples:  4000
Testing samples:   1000
Accuracy:          0.7570
Balanced accuracy: 0.7570
F1 score:          0.7568
ROC AUC:           0.8344
Confusion matrix:
[[379 121]
 [122 378]]

All classifiers completed.
Results saved to: /var/lib/condor/execute/slot2/dir_2476249/scratch/classifier_output/ggf_dihiggs_resc
Creating result archive...
Created: result_classifier_ggf_dihiggs_resc.tar.gz
-rw-r--r-- 1 kli398 kli398 4.0M Aug 15 11:04 result_classifier_ggf_dihiggs_resc.tar.gz
Pretrained classifier experiment completed successfully.
