==================================================
Classifier experiment: ggf_dihiggs_exsc
Encoder mode: pretrained
Running on: gpu4005
Working directory: /var/lib/condor/execute/slot2/dir_1641491/scratch
CUDA_VISIBLE_DEVICES: GPU-67fe531f-98a3-ee4e-1cc5-1b79d692c370
==================================================
Extracting source code...
Extracting ColliderML data...
Extracting pretrained experiment...
PyTorch: 2.4.1+cu121
CUDA build: 12.1
CUDA available: True
GPU: NVIDIA L40S
Reference directory: ggf_dihiggs_exsc
Data directory: /var/lib/condor/execute/slot2/dir_1641491/scratch/colliderml-data
Output directory: classifier_output/ggf_dihiggs_exsc
Pretraining experiment: ggf_dihiggs_exsc
Classification task: ggf vs dihiggs
Events per class: 2500
Device: cuda
Feature mean: [ 2.82639009e-03  1.77830461e-04 -5.08235498e+00]
Feature std:  [2.15754689 1.81227128 1.83492531]
Loaded 2500 events from channel ggf.
Loaded 2500 events from channel dihiggs.
ggf embeddings: (2500, 64)
dihiggs embeddings: (2500, 64)

============================================================
Running classifier: logistic_regression
============================================================
Classifier:        logistic_regression
Training samples:  4000
Testing samples:   1000
Accuracy:          0.7370
Balanced accuracy: 0.7370
F1 score:          0.7393
ROC AUC:           0.8032
Confusion matrix:
[[364 136]
 [127 373]]

============================================================
Running classifier: knn
============================================================
Classifier:        knn
Training samples:  4000
Testing samples:   1000
Accuracy:          0.7000
Balanced accuracy: 0.7000
F1 score:          0.7070
ROC AUC:           0.7535
Confusion matrix:
[[338 162]
 [138 362]]

============================================================
Running classifier: gradient_boosting
============================================================
Classifier:        gradient_boosting
Training samples:  4000
Testing samples:   1000
Accuracy:          0.7190
Balanced accuracy: 0.7190
F1 score:          0.7248
ROC AUC:           0.7915
Confusion matrix:
[[349 151]
 [130 370]]

All classifiers completed.
Results saved to: /var/lib/condor/execute/slot2/dir_1641491/scratch/classifier_output/ggf_dihiggs_exsc
Creating result archive...
Created: result_classifier_ggf_dihiggs_exsc.tar.gz
-rw-r--r-- 1 kli398 kli398 4.0M Aug 15 11:04 result_classifier_ggf_dihiggs_exsc.tar.gz
Pretrained classifier experiment completed successfully.
