==================================================
Classifier experiment: ggf_dihiggs_esc
Encoder mode: pretrained
Running on: gpu4005
Working directory: /var/lib/condor/execute/slot2/dir_1636885/scratch
CUDA_VISIBLE_DEVICES: GPU-67fe531f-98a3-ee4e-1cc5-1b79d692c370
==================================================
Extracting source code...
Extracting ColliderML data...
Extracting pretrained experiment...
PyTorch: 2.4.1+cu121
CUDA build: 12.1
CUDA available: True
GPU: NVIDIA L40S
Reference directory: ggf_dihiggs_esc
Data directory: /var/lib/condor/execute/slot2/dir_1636885/scratch/colliderml-data
Output directory: classifier_output/ggf_dihiggs_esc
Pretraining experiment: ggf_dihiggs_esc
Classification task: ggf vs dihiggs
Events per class: 2500
Device: cuda
Feature mean: [ 2.89209100e-03  1.83292195e-05 -5.08254808e+00]
Feature std:  [2.15738391 1.81218214 1.83506434]
Loaded 2500 events from channel ggf.
Loaded 2500 events from channel dihiggs.
ggf embeddings: (2500, 64)
dihiggs embeddings: (2500, 64)

============================================================
Running classifier: logistic_regression
============================================================
Classifier:        logistic_regression
Training samples:  4000
Testing samples:   1000
Accuracy:          0.7210
Balanced accuracy: 0.7210
F1 score:          0.7168
ROC AUC:           0.7881
Confusion matrix:
[[368 132]
 [147 353]]

============================================================
Running classifier: knn
============================================================
Classifier:        knn
Training samples:  4000
Testing samples:   1000
Accuracy:          0.6810
Balanced accuracy: 0.6810
F1 score:          0.6807
ROC AUC:           0.7280
Confusion matrix:
[[341 159]
 [160 340]]

============================================================
Running classifier: gradient_boosting
============================================================
Classifier:        gradient_boosting
Training samples:  4000
Testing samples:   1000
Accuracy:          0.7250
Balanced accuracy: 0.7250
F1 score:          0.7225
ROC AUC:           0.7891
Confusion matrix:
[[367 133]
 [142 358]]

All classifiers completed.
Results saved to: /var/lib/condor/execute/slot2/dir_1636885/scratch/classifier_output/ggf_dihiggs_esc
Creating result archive...
Created: result_classifier_ggf_dihiggs_esc.tar.gz
-rw-r--r-- 1 kli398 kli398 4.0M Aug 15 10:56 result_classifier_ggf_dihiggs_esc.tar.gz
Pretrained classifier experiment completed successfully.
