000 (6038900.001.000) 2026-08-15 10:50:00 Job submitted from host: <128.105.68.113:9618?addrs=128.105.68.113-9618+[2607-f388-2200-100-eaeb-d3ff-fea7-d05e]-9618&alias=ap2002.chtc.wisc.edu&noUDP&sock=schedd_7808_378f>
    [ JobBatchName = "pairwise_pretrained_classifiers_20260815" ]
...
040 (6038900.001.000) 2026-08-15 10:56:19 Started transferring input files
	Transferring to host: <128.105.68.98:9618?addrs=128.105.68.98-9618+[2607-f388-2200-100-1270-fdff-fe74-900]-9618&alias=gpu2006.chtc.wisc.edu&noUDP&sock=slot2_1_291285_621e_46910>
...
040 (6038900.001.000) 2026-08-15 10:56:50 Finished transferring input files
...
001 (6038900.001.000) 2026-08-15 10:56:50 Job executing on host: <128.105.68.98:9618?addrs=128.105.68.98-9618+[2607-f388-2200-100-1270-fdff-fe74-900]-9618&alias=gpu2006.chtc.wisc.edu&noUDP&sock=startd_12308_d7bd>
	SlotName: slot2_1@gpu2006.chtc.wisc.edu
	AvailableGPUs = { GPUs_GPU_9eb76222 }
	CondorScratchDir = "/var/lib/condor/execute/slot2/dir_2243660/scratch"
	Cpus = 2
	Disk = 31457280
	GPUs = 1
	GPUs_GPU_9eb76222 = [ Id = "GPU-9eb76222"; Capability = 8.0; DeviceName = "NVIDIA A100-SXM4-80GB"; DeviceUuid = "9eb76222-5c96-17fd-4808-405d5b5b7ce6"; ECCEnabled = true; NvidiaDriver = "570.195.03"; DriverVersion = 12.8; DevicePciBusId = "0000:01:00.0"; GlobalMemoryMb = 81154; MaxSupportedVersion = 12080 ]
	IoHeavy = 0
	Memory = 65536
...
006 (6038900.001.000) 2026-08-15 10:56:59 Image size of job updated: 22004
	22  -  MemoryUsage of job (MB)
	22004  -  ResidentSetSize of job (KB)
...
006 (6038900.001.000) 2026-08-15 11:00:32 Image size of job updated: 9890376
	22  -  MemoryUsage of job (MB)
	22004  -  ResidentSetSize of job (KB)
...
040 (6038900.001.000) 2026-08-15 11:00:32 Started transferring output files
...
040 (6038900.001.000) 2026-08-15 11:00:32 Finished transferring output files
...
005 (6038900.001.000) 2026-08-15 11:00:36 Job terminated.
	(1) Normal termination (return value 0)
		Usr 0 00:03:56, Sys 0 00:00:27  -  Run Remote Usage
		Usr 0 00:00:00, Sys 0 00:00:00  -  Run Local Usage
		Usr 0 00:03:56, Sys 0 00:00:27  -  Total Remote Usage
		Usr 0 00:00:00, Sys 0 00:00:00  -  Total Local Usage
	4157502  -  Run Bytes Sent By Job
	9726490086  -  Run Bytes Received By Job
	4157502  -  Total Bytes Sent By Job
	9726490086  -  Total Bytes Received By Job
	Partitionable Resources :       Usage  Request Allocated Assigned
	   Cpus                 :        0.90        2         2 
	   Disk (KB)            : 16329592    31457280  31457280 
	   GPUs                 :        0.00        1         1 "GPU-9eb76222"
	   GpusMemory (MB)      :     1191                       
	   IoHeavy              :                              0 
	   Memory (MB)          :       22       65536     65536 
	   TimeExecute (s)      :      222                       
	   TimeSlotBusy (s)     :      253                       
...
