==================================================
Classifier experiment: ttbar_dihiggs_resc
Encoder mode: pretrained
Running on: gpu4003
Working directory: /var/lib/condor/execute/slot2/dir_2575886/scratch
CUDA_VISIBLE_DEVICES: GPU-8be5a5aa-de2e-2062-a8ec-c29267f4988e
==================================================
Extracting source code...
Extracting ColliderML data...
Extracting pretrained experiment...
PyTorch: 2.4.1+cu121
CUDA build: 12.1
CUDA available: True
GPU: NVIDIA H100 80GB HBM3
Reference directory: ttbar_dihiggs_resc
Data directory: /var/lib/condor/execute/slot2/dir_2575886/scratch/colliderml-data
Output directory: classifier_output/ttbar_dihiggs_resc
Pretraining experiment: ttbar_dihiggs_resc
Classification task: ttbar vs dihiggs
Events per class: 2500
Device: cuda
Feature mean: [-3.69273379e-03  3.10867364e-04 -5.11113616e+00]
Feature std:  [2.12317985 1.81333814 1.91940453]
Loaded 2500 events from channel ttbar.
Loaded 2500 events from channel dihiggs.
ttbar embeddings: (2500, 64)
dihiggs embeddings: (2500, 64)

============================================================
Running classifier: logistic_regression
============================================================
Classifier:        logistic_regression
Training samples:  4000
Testing samples:   1000
Accuracy:          0.7650
Balanced accuracy: 0.7650
F1 score:          0.7643
ROC AUC:           0.8412
Confusion matrix:
[[384 116]
 [119 381]]

============================================================
Running classifier: knn
============================================================
Classifier:        knn
Training samples:  4000
Testing samples:   1000
Accuracy:          0.7610
Balanced accuracy: 0.7610
F1 score:          0.7636
ROC AUC:           0.8261
Confusion matrix:
[[375 125]
 [114 386]]

============================================================
Running classifier: gradient_boosting
============================================================
Classifier:        gradient_boosting
Training samples:  4000
Testing samples:   1000
Accuracy:          0.7640
Balanced accuracy: 0.7640
F1 score:          0.7489
ROC AUC:           0.8347
Confusion matrix:
[[412  88]
 [148 352]]

All classifiers completed.
Results saved to: /var/lib/condor/execute/slot2/dir_2575886/scratch/classifier_output/ttbar_dihiggs_resc
Creating result archive...
Created: result_classifier_ttbar_dihiggs_resc.tar.gz
-rw-r--r-- 1 kli398 kli398 4.0M Aug 15 11:17 result_classifier_ttbar_dihiggs_resc.tar.gz
Pretrained classifier experiment completed successfully.
