==================================================
Classifier experiment: ggf_ttbar_resc
Encoder mode: pretrained
Running on: gpu4006.chtc.wisc.edu
Working directory: /var/lib/condor/execute/slot2/dir_3718549/scratch
CUDA_VISIBLE_DEVICES: GPU-57c43136-d70c-9a03-d3fb-1c65267e93cd
==================================================
Extracting source code...
Extracting ColliderML data...
Extracting pretrained experiment...
PyTorch: 2.4.1+cu121
CUDA build: 12.1
CUDA available: True
GPU: NVIDIA L40S
Reference directory: ggf_ttbar_resc
Data directory: /var/lib/condor/execute/slot2/dir_3718549/scratch/colliderml-data
Output directory: classifier_output/ggf_ttbar_resc
Pretraining experiment: ggf_ttbar_resc
Classification task: ggf vs ttbar
Events per class: 2500
Device: cuda
Feature mean: [-6.63960509e-04 -1.29860120e-04 -5.18871099e+00]
Feature std:  [2.15387035 1.81274047 1.89477007]
Loaded 2500 events from channel ggf.
Loaded 2500 events from channel ttbar.
ggf embeddings: (2500, 64)
ttbar embeddings: (2500, 64)

============================================================
Running classifier: logistic_regression
============================================================
Classifier:        logistic_regression
Training samples:  4000
Testing samples:   1000
Accuracy:          0.8970
Balanced accuracy: 0.8970
F1 score:          0.8987
ROC AUC:           0.9519
Confusion matrix:
[[440  60]
 [ 43 457]]

============================================================
Running classifier: knn
============================================================
Classifier:        knn
Training samples:  4000
Testing samples:   1000
Accuracy:          0.8620
Balanced accuracy: 0.8620
F1 score:          0.8547
ROC AUC:           0.9367
Confusion matrix:
[[456  44]
 [ 94 406]]

============================================================
Running classifier: gradient_boosting
============================================================
Classifier:        gradient_boosting
Training samples:  4000
Testing samples:   1000
Accuracy:          0.8690
Balanced accuracy: 0.8690
F1 score:          0.8694
ROC AUC:           0.9419
Confusion matrix:
[[433  67]
 [ 64 436]]

All classifiers completed.
Results saved to: /var/lib/condor/execute/slot2/dir_3718549/scratch/classifier_output/ggf_ttbar_resc
Creating result archive...
Created: result_classifier_ggf_ttbar_resc.tar.gz
-rw-r--r-- 1 kli398 kli398 4.0M Aug 15 11:12 result_classifier_ggf_ttbar_resc.tar.gz
Pretrained classifier experiment completed successfully.
