000 (6038900.014.000) 2026-08-15 10:50:00 Job submitted from host: <128.105.68.113:9618?addrs=128.105.68.113-9618+[2607-f388-2200-100-eaeb-d3ff-fea7-d05e]-9618&alias=ap2002.chtc.wisc.edu&noUDP&sock=schedd_7808_378f>
    [ JobBatchName = "pairwise_pretrained_classifiers_20260815" ]
...
040 (6038900.014.000) 2026-08-15 11:04:34 Started transferring input files
	Transferring to host: <128.105.68.117:9618?addrs=128.105.68.117-9618+[2607-f388-2200-100-7ec2-55ff-fe9a-b4fa]-9618&alias=gpu4000.chtc.wisc.edu&noUDP&sock=slot2_1_1351128_a798_51856>
...
040 (6038900.014.000) 2026-08-15 11:04:57 Finished transferring input files
...
001 (6038900.014.000) 2026-08-15 11:04:57 Job executing on host: <128.105.68.117:9618?addrs=128.105.68.117-9618+[2607-f388-2200-100-7ec2-55ff-fe9a-b4fa]-9618&alias=gpu4000.chtc.wisc.edu&noUDP&sock=startd_674379_7ae3>
	SlotName: slot2_1@gpu4000.chtc.wisc.edu
	AvailableGPUs = { GPUs_GPU_72ec1e89 }
	CondorScratchDir = "/var/lib/condor/execute/slot2/dir_2491117/scratch"
	Cpus = 2
	Disk = 31457280
	GPUs = 1
	GPUs_GPU_72ec1e89 = [ Id = "GPU-72ec1e89"; Capability = 8.9; DeviceName = "NVIDIA L40"; DeviceUuid = "72ec1e89-a9fe-478a-f1e6-b8bb1a4b8f5a"; ECCEnabled = true; NvidiaDriver = "570.195.03"; DriverVersion = 12.8; DevicePciBusId = "0000:4F:00.0"; GlobalMemoryMb = 45468; MaxSupportedVersion = 12080 ]
	IoHeavy = 0
	Memory = 65536
...
006 (6038900.014.000) 2026-08-15 11:05:06 Image size of job updated: 22584
	23  -  MemoryUsage of job (MB)
	22584  -  ResidentSetSize of job (KB)
...
006 (6038900.014.000) 2026-08-15 11:08:28 Image size of job updated: 11153744
	23  -  MemoryUsage of job (MB)
	22584  -  ResidentSetSize of job (KB)
...
040 (6038900.014.000) 2026-08-15 11:08:29 Started transferring output files
...
040 (6038900.014.000) 2026-08-15 11:08:29 Finished transferring output files
...
005 (6038900.014.000) 2026-08-15 11:08:31 Job terminated.
	(1) Normal termination (return value 0)
		Usr 0 00:03:52, Sys 0 00:00:17  -  Run Remote Usage
		Usr 0 00:00:00, Sys 0 00:00:00  -  Run Local Usage
		Usr 0 00:03:52, Sys 0 00:00:17  -  Total Remote Usage
		Usr 0 00:00:00, Sys 0 00:00:00  -  Total Local Usage
	4156396  -  Run Bytes Sent By Job
	9726492535  -  Run Bytes Received By Job
	4156396  -  Total Bytes Sent By Job
	9726492535  -  Total Bytes Received By Job
	Partitionable Resources :       Usage  Request Allocated Assigned
	   Cpus                 :        1.00        2         2 
	   Disk (KB)            : 16330100    31457280  31457280 
	   GPUs                 :        0.00        1         1 "GPU-72ec1e89"
	   GpusMemory (MB)      :     1380                       
	   IoHeavy              :                              0 
	   Memory (MB)          :       23       65536     65536 
	   TimeExecute (s)      :      211                       
	   TimeSlotBusy (s)     :      236                       
...
