==================================================
Classifier experiment: ttbar_dihiggs_rex
Encoder mode: pretrained
Running on: gpu4002
Working directory: /var/lib/condor/execute/slot2/dir_1907818/scratch
CUDA_VISIBLE_DEVICES: GPU-2e13e217-6059-f8d1-c6e6-c4cc399ca285
==================================================
Extracting source code...
Extracting ColliderML data...
Extracting pretrained experiment...
PyTorch: 2.4.1+cu121
CUDA build: 12.1
CUDA available: True
GPU: NVIDIA L40
Reference directory: ttbar_dihiggs_rex
Data directory: /var/lib/condor/execute/slot2/dir_1907818/scratch/colliderml-data
Output directory: classifier_output/ttbar_dihiggs_rex
Pretraining experiment: ttbar_dihiggs_rex
Classification task: ttbar vs dihiggs
Events per class: 2500
Device: cuda
Feature mean: [-3.81431378e-03  4.11751662e-04 -5.11095060e+00]
Feature std:  [2.12335609 1.81343345 1.91920075]
Loaded 2500 events from channel ttbar.
Loaded 2500 events from channel dihiggs.
ttbar embeddings: (2500, 64)
dihiggs embeddings: (2500, 64)

============================================================
Running classifier: logistic_regression
============================================================
Classifier:        logistic_regression
Training samples:  4000
Testing samples:   1000
Accuracy:          0.7650
Balanced accuracy: 0.7650
F1 score:          0.7604
ROC AUC:           0.8492
Confusion matrix:
[[392 108]
 [127 373]]

============================================================
Running classifier: knn
============================================================
Classifier:        knn
Training samples:  4000
Testing samples:   1000
Accuracy:          0.7430
Balanced accuracy: 0.7430
F1 score:          0.7448
ROC AUC:           0.8206
Confusion matrix:
[[368 132]
 [125 375]]

============================================================
Running classifier: gradient_boosting
============================================================
Classifier:        gradient_boosting
Training samples:  4000
Testing samples:   1000
Accuracy:          0.7660
Balanced accuracy: 0.7660
F1 score:          0.7547
ROC AUC:           0.8402
Confusion matrix:
[[406  94]
 [140 360]]

All classifiers completed.
Results saved to: /var/lib/condor/execute/slot2/dir_1907818/scratch/classifier_output/ttbar_dihiggs_rex
Creating result archive...
Created: result_classifier_ttbar_dihiggs_rex.tar.gz
-rw-r--r-- 1 kli398 kli398 4.0M Aug 15 11:18 result_classifier_ttbar_dihiggs_rex.tar.gz
Pretrained classifier experiment completed successfully.
