000 (6038900.034.000) 2026-08-15 10:50:00 Job submitted from host: <128.105.68.113:9618?addrs=128.105.68.113-9618+[2607-f388-2200-100-eaeb-d3ff-fea7-d05e]-9618&alias=ap2002.chtc.wisc.edu&noUDP&sock=schedd_7808_378f>
    [ JobBatchName = "pairwise_pretrained_classifiers_20260815" ]
...
040 (6038900.034.000) 2026-08-15 11:11:55 Started transferring input files
	Transferring to host: <128.105.76.47:9618?addrs=128.105.76.47-9618+[2607-f388-2200-100-527c-6fff-fe82-826a]-9618&alias=gpu4006.chtc.wisc.edu&noUDP&sock=slot2_2_43217_0936_52735>
...
040 (6038900.034.000) 2026-08-15 11:12:22 Finished transferring input files
...
001 (6038900.034.000) 2026-08-15 11:12:22 Job executing on host: <128.105.76.47:9618?addrs=128.105.76.47-9618+[2607-f388-2200-100-527c-6fff-fe82-826a]-9618&alias=gpu4006.chtc.wisc.edu&noUDP&sock=startd_4136466_32af>
	SlotName: slot2_2@gpu4006.chtc.wisc.edu
	AvailableGPUs = { GPUs_GPU_5f4b1ce3 }
	CondorScratchDir = "/var/lib/condor/execute/slot2/dir_3721675/scratch"
	Cpus = 2
	Disk = 31457280
	GPUs = 1
	GPUs_GPU_5f4b1ce3 = [ Id = "GPU-5f4b1ce3"; Capability = 8.9; DeviceName = "NVIDIA L40S"; DeviceUuid = "5f4b1ce3-4b15-b946-0540-e2f21aaa5fe7"; ECCEnabled = true; NvidiaDriver = "590.48.01"; DriverVersion = 13.1; DevicePciBusId = "0000:21:00.0"; GlobalMemoryMb = 45460; MaxSupportedVersion = 13010 ]
	IoHeavy = 0
	Memory = 65536
...
006 (6038900.034.000) 2026-08-15 11:12:31 Image size of job updated: 43036
	43  -  MemoryUsage of job (MB)
	43036  -  ResidentSetSize of job (KB)
...
006 (6038900.034.000) 2026-08-15 11:15:48 Image size of job updated: 14387752
	43  -  MemoryUsage of job (MB)
	43036  -  ResidentSetSize of job (KB)
...
040 (6038900.034.000) 2026-08-15 11:15:48 Started transferring output files
...
040 (6038900.034.000) 2026-08-15 11:15:48 Finished transferring output files
...
005 (6038900.034.000) 2026-08-15 11:15:51 Job terminated.
	(1) Normal termination (return value 0)
		Usr 0 00:03:32, Sys 0 00:00:15  -  Run Remote Usage
		Usr 0 00:00:00, Sys 0 00:00:00  -  Run Local Usage
		Usr 0 00:03:32, Sys 0 00:00:15  -  Total Remote Usage
		Usr 0 00:00:00, Sys 0 00:00:00  -  Total Local Usage
	4157647  -  Run Bytes Sent By Job
	9726489605  -  Run Bytes Received By Job
	4157647  -  Total Bytes Sent By Job
	9726489605  -  Total Bytes Received By Job
	Partitionable Resources :       Usage  Request Allocated Assigned
	   Cpus                 :        1.00        2         2 
	   Disk (KB)            : 16330104    31457280  31457280 
	   GPUs                 :        0.00        1         1 "GPU-5f4b1ce3"
	   GpusMemory (MB)      :     1439                       
	   IoHeavy              :                              0 
	   Memory (MB)          :       43       65536     65536 
	   TimeExecute (s)      :      206                       
	   TimeSlotBusy (s)     :      233                       
...
