000 (6038900.037.000) 2026-08-15 10:50:00 Job submitted from host: <128.105.68.113:9618?addrs=128.105.68.113-9618+[2607-f388-2200-100-eaeb-d3ff-fea7-d05e]-9618&alias=ap2002.chtc.wisc.edu&noUDP&sock=schedd_7808_378f>
    [ JobBatchName = "pairwise_pretrained_classifiers_20260815" ]
...
040 (6038900.037.000) 2026-08-15 11:12:18 Started transferring input files
	Transferring to host: <128.105.68.117:9618?addrs=128.105.68.117-9618+[2607-f388-2200-100-7ec2-55ff-fe9a-b4fa]-9618&alias=gpu4000.chtc.wisc.edu&noUDP&sock=slot2_1_1351128_a798_51879>
...
040 (6038900.037.000) 2026-08-15 11:12:42 Finished transferring input files
...
001 (6038900.037.000) 2026-08-15 11:12:42 Job executing on host: <128.105.68.117:9618?addrs=128.105.68.117-9618+[2607-f388-2200-100-7ec2-55ff-fe9a-b4fa]-9618&alias=gpu4000.chtc.wisc.edu&noUDP&sock=startd_674379_7ae3>
	SlotName: slot2_1@gpu4000.chtc.wisc.edu
	AvailableGPUs = { GPUs_GPU_72ec1e89 }
	CondorScratchDir = "/var/lib/condor/execute/slot2/dir_2496726/scratch"
	Cpus = 2
	Disk = 31457280
	GPUs = 1
	GPUs_GPU_72ec1e89 = [ Id = "GPU-72ec1e89"; Capability = 8.9; DeviceName = "NVIDIA L40"; DeviceUuid = "72ec1e89-a9fe-478a-f1e6-b8bb1a4b8f5a"; ECCEnabled = true; NvidiaDriver = "570.195.03"; DriverVersion = 12.8; DevicePciBusId = "0000:4F:00.0"; GlobalMemoryMb = 45468; MaxSupportedVersion = 12080 ]
	IoHeavy = 0
	Memory = 65536
...
006 (6038900.037.000) 2026-08-15 11:12:51 Image size of job updated: 21716
	22  -  MemoryUsage of job (MB)
	21716  -  ResidentSetSize of job (KB)
...
006 (6038900.037.000) 2026-08-15 11:16:35 Image size of job updated: 12320780
	22  -  MemoryUsage of job (MB)
	21716  -  ResidentSetSize of job (KB)
...
040 (6038900.037.000) 2026-08-15 11:16:35 Started transferring output files
...
040 (6038900.037.000) 2026-08-15 11:16:35 Finished transferring output files
...
005 (6038900.037.000) 2026-08-15 11:16:37 Job terminated.
	(1) Normal termination (return value 0)
		Usr 0 00:04:05, Sys 0 00:00:17  -  Run Remote Usage
		Usr 0 00:00:00, Sys 0 00:00:00  -  Run Local Usage
		Usr 0 00:04:05, Sys 0 00:00:17  -  Total Remote Usage
		Usr 0 00:00:00, Sys 0 00:00:00  -  Total Local Usage
	4159958  -  Run Bytes Sent By Job
	9726490580  -  Run Bytes Received By Job
	4159958  -  Total Bytes Sent By Job
	9726490580  -  Total Bytes Received By Job
	Partitionable Resources :    Usage  Request Allocated Assigned
	   Cpus                 :        0        2         2 
	   Disk (KB)            : 16330104 31457280  31457280 
	   GPUs                 :        0        1         1 "GPU-72ec1e89"
	   IoHeavy              :                           0 
	   Memory (MB)          :       22    65536     65536 
	   TimeExecute (s)      :      233                    
	   TimeSlotBusy (s)     :      257                    
...
