==================================================
Classifier experiment: ggf_dihiggs_none
Encoder mode: pretrained
Running on: gpu2006
Working directory: /var/lib/condor/execute/slot2/dir_2248292/scratch
CUDA_VISIBLE_DEVICES: GPU-9eb76222-5c96-17fd-4808-405d5b5b7ce6
==================================================
Extracting source code...
Extracting ColliderML data...
Extracting pretrained experiment...
PyTorch: 2.4.1+cu121
CUDA build: 12.1
CUDA available: True
GPU: NVIDIA A100-SXM4-80GB
Reference directory: ggf_dihiggs_none
Data directory: /var/lib/condor/execute/slot2/dir_2248292/scratch/colliderml-data
Output directory: classifier_output/ggf_dihiggs_none
Pretraining experiment: ggf_dihiggs_none
Classification task: ggf vs dihiggs
Events per class: 2500
Device: cuda
Feature mean: [ 2.89209100e-03  1.83292195e-05 -5.08254808e+00]
Feature std:  [2.15738391 1.81218214 1.83506434]
Loaded 2500 events from channel ggf.
Loaded 2500 events from channel dihiggs.
ggf embeddings: (2500, 64)
dihiggs embeddings: (2500, 64)

============================================================
Running classifier: logistic_regression
============================================================
Classifier:        logistic_regression
Training samples:  4000
Testing samples:   1000
Accuracy:          0.6310
Balanced accuracy: 0.6310
F1 score:          0.6350
ROC AUC:           0.6860
Confusion matrix:
[[310 190]
 [179 321]]

============================================================
Running classifier: knn
============================================================
Classifier:        knn
Training samples:  4000
Testing samples:   1000
Accuracy:          0.5370
Balanced accuracy: 0.5370
F1 score:          0.5393
ROC AUC:           0.5593
Confusion matrix:
[[266 234]
 [229 271]]

============================================================
Running classifier: gradient_boosting
============================================================
Classifier:        gradient_boosting
Training samples:  4000
Testing samples:   1000
Accuracy:          0.6110
Balanced accuracy: 0.6110
F1 score:          0.6242
ROC AUC:           0.6447
Confusion matrix:
[[288 212]
 [177 323]]

All classifiers completed.
Results saved to: /var/lib/condor/execute/slot2/dir_2248292/scratch/classifier_output/ggf_dihiggs_none
Creating result archive...
Created: result_classifier_ggf_dihiggs_none.tar.gz
-rw-r--r-- 1 kli398 kli398 4.0M Aug 15 11:04 result_classifier_ggf_dihiggs_none.tar.gz
Pretrained classifier experiment completed successfully.
