==================================================
Classifier experiment: ttbar_dihiggs_rxc
Encoder mode: pretrained
Running on: gpu4006.chtc.wisc.edu
Working directory: /var/lib/condor/execute/slot2/dir_3724690/scratch
CUDA_VISIBLE_DEVICES: GPU-57c43136-d70c-9a03-d3fb-1c65267e93cd
==================================================
Extracting source code...
Extracting ColliderML data...
Extracting pretrained experiment...
PyTorch: 2.4.1+cu121
CUDA build: 12.1
CUDA available: True
GPU: NVIDIA L40S
Reference directory: ttbar_dihiggs_rxc
Data directory: /var/lib/condor/execute/slot2/dir_3724690/scratch/colliderml-data
Output directory: classifier_output/ttbar_dihiggs_rxc
Pretraining experiment: ttbar_dihiggs_rxc
Classification task: ttbar vs dihiggs
Events per class: 2500
Device: cuda
Feature mean: [-3.69273379e-03  3.10867364e-04 -5.11113616e+00]
Feature std:  [2.12317985 1.81333814 1.91940453]
Loaded 2500 events from channel ttbar.
Loaded 2500 events from channel dihiggs.
ttbar embeddings: (2500, 64)
dihiggs embeddings: (2500, 64)

============================================================
Running classifier: logistic_regression
============================================================
Classifier:        logistic_regression
Training samples:  4000
Testing samples:   1000
Accuracy:          0.7720
Balanced accuracy: 0.7720
F1 score:          0.7738
ROC AUC:           0.8538
Confusion matrix:
[[382 118]
 [110 390]]

============================================================
Running classifier: knn
============================================================
Classifier:        knn
Training samples:  4000
Testing samples:   1000
Accuracy:          0.7510
Balanced accuracy: 0.7510
F1 score:          0.7622
ROC AUC:           0.8234
Confusion matrix:
[[352 148]
 [101 399]]

============================================================
Running classifier: gradient_boosting
============================================================
Classifier:        gradient_boosting
Training samples:  4000
Testing samples:   1000
Accuracy:          0.7810
Balanced accuracy: 0.7810
F1 score:          0.7721
ROC AUC:           0.8540
Confusion matrix:
[[410  90]
 [129 371]]

All classifiers completed.
Results saved to: /var/lib/condor/execute/slot2/dir_3724690/scratch/classifier_output/ttbar_dihiggs_rxc
Creating result archive...
Created: result_classifier_ttbar_dihiggs_rxc.tar.gz
-rw-r--r-- 1 kli398 kli398 4.0M Aug 15 11:20 result_classifier_ttbar_dihiggs_rxc.tar.gz
Pretrained classifier experiment completed successfully.
