==================================================
Classifier experiment: ggf_dihiggs_rxc
Encoder mode: pretrained
Running on: gpu4006.chtc.wisc.edu
Working directory: /var/lib/condor/execute/slot2/dir_3715188/scratch
CUDA_VISIBLE_DEVICES: GPU-57c43136-d70c-9a03-d3fb-1c65267e93cd
==================================================
Extracting source code...
Extracting ColliderML data...
Extracting pretrained experiment...
PyTorch: 2.4.1+cu121
CUDA build: 12.1
CUDA available: True
GPU: NVIDIA L40S
Reference directory: ggf_dihiggs_rxc
Data directory: /var/lib/condor/execute/slot2/dir_3715188/scratch/colliderml-data
Output directory: classifier_output/ggf_dihiggs_rxc
Pretraining experiment: ggf_dihiggs_rxc
Classification task: ggf vs dihiggs
Events per class: 2500
Device: cuda
Feature mean: [ 2.89209100e-03  1.83292195e-05 -5.08254808e+00]
Feature std:  [2.15738391 1.81218214 1.83506434]
Loaded 2500 events from channel ggf.
Loaded 2500 events from channel dihiggs.
ggf embeddings: (2500, 64)
dihiggs embeddings: (2500, 64)

============================================================
Running classifier: logistic_regression
============================================================
Classifier:        logistic_regression
Training samples:  4000
Testing samples:   1000
Accuracy:          0.7650
Balanced accuracy: 0.7650
F1 score:          0.7676
ROC AUC:           0.8375
Confusion matrix:
[[377 123]
 [112 388]]

============================================================
Running classifier: knn
============================================================
Classifier:        knn
Training samples:  4000
Testing samples:   1000
Accuracy:          0.7720
Balanced accuracy: 0.7720
F1 score:          0.7720
ROC AUC:           0.8228
Confusion matrix:
[[386 114]
 [114 386]]

============================================================
Running classifier: gradient_boosting
============================================================
Classifier:        gradient_boosting
Training samples:  4000
Testing samples:   1000
Accuracy:          0.7650
Balanced accuracy: 0.7650
F1 score:          0.7689
ROC AUC:           0.8350
Confusion matrix:
[[374 126]
 [109 391]]

All classifiers completed.
Results saved to: /var/lib/condor/execute/slot2/dir_3715188/scratch/classifier_output/ggf_dihiggs_rxc
Creating result archive...
Created: result_classifier_ggf_dihiggs_rxc.tar.gz
-rw-r--r-- 1 kli398 kli398 4.0M Aug 15 11:08 result_classifier_ggf_dihiggs_rxc.tar.gz
Pretrained classifier experiment completed successfully.
