==================================================
Classifier experiment: ggf_ttbar_rsc
Encoder mode: pretrained
Running on: gpu4002
Working directory: /var/lib/condor/execute/slot2/dir_1906339/scratch
CUDA_VISIBLE_DEVICES: GPU-2e13e217-6059-f8d1-c6e6-c4cc399ca285
==================================================
Extracting source code...
Extracting ColliderML data...
Extracting pretrained experiment...
PyTorch: 2.4.1+cu121
CUDA build: 12.1
CUDA available: True
GPU: NVIDIA L40
Reference directory: ggf_ttbar_rsc
Data directory: /var/lib/condor/execute/slot2/dir_1906339/scratch/colliderml-data
Output directory: classifier_output/ggf_ttbar_rsc
Pretraining experiment: ggf_ttbar_rsc
Classification task: ggf vs ttbar
Events per class: 2500
Device: cuda
Feature mean: [-6.63960509e-04 -1.29860120e-04 -5.18871099e+00]
Feature std:  [2.15387035 1.81274047 1.89477007]
Loaded 2500 events from channel ggf.
Loaded 2500 events from channel ttbar.
ggf embeddings: (2500, 64)
ttbar embeddings: (2500, 64)

============================================================
Running classifier: logistic_regression
============================================================
Classifier:        logistic_regression
Training samples:  4000
Testing samples:   1000
Accuracy:          0.8990
Balanced accuracy: 0.8990
F1 score:          0.8995
ROC AUC:           0.9546
Confusion matrix:
[[447  53]
 [ 48 452]]

============================================================
Running classifier: knn
============================================================
Classifier:        knn
Training samples:  4000
Testing samples:   1000
Accuracy:          0.8660
Balanced accuracy: 0.8660
F1 score:          0.8595
ROC AUC:           0.9408
Confusion matrix:
[[456  44]
 [ 90 410]]

============================================================
Running classifier: gradient_boosting
============================================================
Classifier:        gradient_boosting
Training samples:  4000
Testing samples:   1000
Accuracy:          0.8860
Balanced accuracy: 0.8860
F1 score:          0.8869
ROC AUC:           0.9477
Confusion matrix:
[[439  61]
 [ 53 447]]

All classifiers completed.
Results saved to: /var/lib/condor/execute/slot2/dir_1906339/scratch/classifier_output/ggf_ttbar_rsc
Creating result archive...
Created: result_classifier_ggf_ttbar_rsc.tar.gz
-rw-r--r-- 1 kli398 kli398 4.0M Aug 15 11:13 result_classifier_ggf_ttbar_rsc.tar.gz
Pretrained classifier experiment completed successfully.
