==================================================
Classifier experiment: ggf_ttbar_rexs
Encoder mode: pretrained
Running on: gpu4000
Working directory: /var/lib/condor/execute/slot2/dir_2493440/scratch
CUDA_VISIBLE_DEVICES: GPU-8bcf9093-1b8d-d83b-55bb-51bbb57938e2
==================================================
Extracting source code...
Extracting ColliderML data...
Extracting pretrained experiment...
PyTorch: 2.4.1+cu121
CUDA build: 12.1
CUDA available: True
GPU: NVIDIA L40
Reference directory: ggf_ttbar_rexs
Data directory: /var/lib/condor/execute/slot2/dir_2493440/scratch/colliderml-data
Output directory: classifier_output/ggf_ttbar_rexs
Pretraining experiment: ggf_ttbar_rexs
Classification task: ggf vs ttbar
Events per class: 2500
Device: cuda
Feature mean: [-5.45096848e-04 -2.91602615e-04 -5.18876536e+00]
Feature std:  [2.15369941 1.81263772 1.89484879]
Loaded 2500 events from channel ggf.
Loaded 2500 events from channel ttbar.
ggf embeddings: (2500, 64)
ttbar embeddings: (2500, 64)

============================================================
Running classifier: logistic_regression
============================================================
Classifier:        logistic_regression
Training samples:  4000
Testing samples:   1000
Accuracy:          0.8930
Balanced accuracy: 0.8930
F1 score:          0.8954
ROC AUC:           0.9509
Confusion matrix:
[[435  65]
 [ 42 458]]

============================================================
Running classifier: knn
============================================================
Classifier:        knn
Training samples:  4000
Testing samples:   1000
Accuracy:          0.8960
Balanced accuracy: 0.8960
F1 score:          0.8962
ROC AUC:           0.9529
Confusion matrix:
[[447  53]
 [ 51 449]]

============================================================
Running classifier: gradient_boosting
============================================================
Classifier:        gradient_boosting
Training samples:  4000
Testing samples:   1000
Accuracy:          0.8930
Balanced accuracy: 0.8930
F1 score:          0.8948
ROC AUC:           0.9530
Confusion matrix:
[[438  62]
 [ 45 455]]

All classifiers completed.
Results saved to: /var/lib/condor/execute/slot2/dir_2493440/scratch/classifier_output/ggf_ttbar_rexs
Creating result archive...
Created: result_classifier_ggf_ttbar_rexs.tar.gz
-rw-r--r-- 1 kli398 kli398 4.0M Aug 15 11:12 result_classifier_ggf_ttbar_rexs.tar.gz
Pretrained classifier experiment completed successfully.
