==================================================
Classifier experiment: ggf_ttbar_exsc
Encoder mode: pretrained
Running on: gpu2010
Working directory: /var/lib/condor/execute/slot2/dir_671654/scratch
CUDA_VISIBLE_DEVICES: GPU-0cc3c58b-8a0c-06ce-e533-e80af8727bec
==================================================
Extracting source code...
Extracting ColliderML data...
Extracting pretrained experiment...
PyTorch: 2.4.1+cu121
CUDA build: 12.1
CUDA available: True
GPU: NVIDIA A100-SXM4-80GB
Reference directory: ggf_ttbar_exsc
Data directory: /var/lib/condor/execute/slot2/dir_671654/scratch/colliderml-data
Output directory: classifier_output/ggf_ttbar_exsc
Pretraining experiment: ggf_ttbar_exsc
Classification task: ggf vs ttbar
Events per class: 2500
Device: cuda
Feature mean: [-6.63960509e-04 -1.29860120e-04 -5.18871099e+00]
Feature std:  [2.15387035 1.81274047 1.89477007]
Loaded 2500 events from channel ggf.
Loaded 2500 events from channel ttbar.
ggf embeddings: (2500, 64)
ttbar embeddings: (2500, 64)

============================================================
Running classifier: logistic_regression
============================================================
Classifier:        logistic_regression
Training samples:  4000
Testing samples:   1000
Accuracy:          0.8570
Balanced accuracy: 0.8570
F1 score:          0.8566
ROC AUC:           0.9206
Confusion matrix:
[[430  70]
 [ 73 427]]

============================================================
Running classifier: knn
============================================================
Classifier:        knn
Training samples:  4000
Testing samples:   1000
Accuracy:          0.8100
Balanced accuracy: 0.8100
F1 score:          0.7953
ROC AUC:           0.9012
Confusion matrix:
[[441  59]
 [131 369]]

============================================================
Running classifier: gradient_boosting
============================================================
Classifier:        gradient_boosting
Training samples:  4000
Testing samples:   1000
Accuracy:          0.8680
Balanced accuracy: 0.8680
F1 score:          0.8680
ROC AUC:           0.9256
Confusion matrix:
[[434  66]
 [ 66 434]]

All classifiers completed.
Results saved to: /var/lib/condor/execute/slot2/dir_671654/scratch/classifier_output/ggf_ttbar_exsc
Creating result archive...
Created: result_classifier_ggf_ttbar_exsc.tar.gz
-rw-r--r-- 1 kli398 kli398 4.0M Aug 15 11:11 result_classifier_ggf_ttbar_exsc.tar.gz
Pretrained classifier experiment completed successfully.
