==================================================
Classifier experiment: ttbar_dihiggs_exs
Encoder mode: pretrained
Running on: hsharma-chtcgpu4000
Working directory: /var/lib/condor/execute/slot3/dir_400199/scratch
CUDA_VISIBLE_DEVICES: GPU-9181a50d-2b9a-2ddc-21d3-f87c7f1f6e6b
==================================================
Extracting source code...
Extracting ColliderML data...
Extracting pretrained experiment...
PyTorch: 2.4.1+cu121
CUDA build: 12.1
CUDA available: True
GPU: NVIDIA H200
Reference directory: ttbar_dihiggs_exs
Data directory: /var/lib/condor/execute/slot3/dir_400199/scratch/colliderml-data
Output directory: classifier_output/ttbar_dihiggs_exs
Pretraining experiment: ttbar_dihiggs_exs
Classification task: ttbar vs dihiggs
Events per class: 2500
Device: cuda
Feature mean: [-3.81431378e-03  4.11751662e-04 -5.11095060e+00]
Feature std:  [2.12335609 1.81343345 1.91920075]
Loaded 2500 events from channel ttbar.
Loaded 2500 events from channel dihiggs.
ttbar embeddings: (2500, 64)
dihiggs embeddings: (2500, 64)

============================================================
Running classifier: logistic_regression
============================================================
Classifier:        logistic_regression
Training samples:  4000
Testing samples:   1000
Accuracy:          0.7530
Balanced accuracy: 0.7530
F1 score:          0.7508
ROC AUC:           0.8320
Confusion matrix:
[[381 119]
 [128 372]]

============================================================
Running classifier: knn
============================================================
Classifier:        knn
Training samples:  4000
Testing samples:   1000
Accuracy:          0.6960
Balanced accuracy: 0.6960
F1 score:          0.7164
ROC AUC:           0.7746
Confusion matrix:
[[312 188]
 [116 384]]

============================================================
Running classifier: gradient_boosting
============================================================
Classifier:        gradient_boosting
Training samples:  4000
Testing samples:   1000
Accuracy:          0.7420
Balanced accuracy: 0.7420
F1 score:          0.7373
ROC AUC:           0.8035
Confusion matrix:
[[380 120]
 [138 362]]

All classifiers completed.
Results saved to: /var/lib/condor/execute/slot3/dir_400199/scratch/classifier_output/ttbar_dihiggs_exs
Creating result archive...
Created: result_classifier_ttbar_dihiggs_exs.tar.gz
-rw-r--r-- 1 kli398 kli398 4.0M Aug 15 11:16 result_classifier_ttbar_dihiggs_exs.tar.gz
Pretrained classifier experiment completed successfully.
