==================================================
Classifier experiment: ggf_ttbar_exs
Encoder mode: pretrained
Running on: gpu4003
Working directory: /var/lib/condor/execute/slot2/dir_2565175/scratch
CUDA_VISIBLE_DEVICES: GPU-8be5a5aa-de2e-2062-a8ec-c29267f4988e
==================================================
Extracting source code...
Extracting ColliderML data...
Extracting pretrained experiment...
PyTorch: 2.4.1+cu121
CUDA build: 12.1
CUDA available: True
GPU: NVIDIA H100 80GB HBM3
Reference directory: ggf_ttbar_exs
Data directory: /var/lib/condor/execute/slot2/dir_2565175/scratch/colliderml-data
Output directory: classifier_output/ggf_ttbar_exs
Pretraining experiment: ggf_ttbar_exs
Classification task: ggf vs ttbar
Events per class: 2500
Device: cuda
Feature mean: [-6.63960509e-04 -1.29860120e-04 -5.18871099e+00]
Feature std:  [2.15387035 1.81274047 1.89477007]
Loaded 2500 events from channel ggf.
Loaded 2500 events from channel ttbar.
ggf embeddings: (2500, 64)
ttbar embeddings: (2500, 64)

============================================================
Running classifier: logistic_regression
============================================================
Classifier:        logistic_regression
Training samples:  4000
Testing samples:   1000
Accuracy:          0.8710
Balanced accuracy: 0.8710
F1 score:          0.8724
ROC AUC:           0.9394
Confusion matrix:
[[430  70]
 [ 59 441]]

============================================================
Running classifier: knn
============================================================
Classifier:        knn
Training samples:  4000
Testing samples:   1000
Accuracy:          0.8130
Balanced accuracy: 0.8130
F1 score:          0.8030
ROC AUC:           0.8993
Confusion matrix:
[[432  68]
 [119 381]]

============================================================
Running classifier: gradient_boosting
============================================================
Classifier:        gradient_boosting
Training samples:  4000
Testing samples:   1000
Accuracy:          0.8460
Balanced accuracy: 0.8460
F1 score:          0.8493
ROC AUC:           0.9225
Confusion matrix:
[[412  88]
 [ 66 434]]

All classifiers completed.
Results saved to: /var/lib/condor/execute/slot2/dir_2565175/scratch/classifier_output/ggf_ttbar_exs
Creating result archive...
Created: result_classifier_ggf_ttbar_exs.tar.gz
-rw-r--r-- 1 kli398 kli398 4.0M Aug 15 11:10 result_classifier_ggf_ttbar_exs.tar.gz
Pretrained classifier experiment completed successfully.
