000 (6038900.029.000) 2026-08-15 10:50:00 Job submitted from host: <128.105.68.113:9618?addrs=128.105.68.113-9618+[2607-f388-2200-100-eaeb-d3ff-fea7-d05e]-9618&alias=ap2002.chtc.wisc.edu&noUDP&sock=schedd_7808_378f>
    [ JobBatchName = "pairwise_pretrained_classifiers_20260815" ]
...
040 (6038900.029.000) 2026-08-15 11:10:02 Started transferring input files
	Transferring to host: <128.105.69.3:9618?addrs=128.105.69.3-9618+[2607-f388-2200-100-7ec2-55ff-fe46-28f2]-9618&alias=gpu4002.chtc.wisc.edu&noUDP&sock=slot2_3_1962410_1f72_50797>
...
040 (6038900.029.000) 2026-08-15 11:10:26 Finished transferring input files
...
001 (6038900.029.000) 2026-08-15 11:10:26 Job executing on host: <128.105.69.3:9618?addrs=128.105.69.3-9618+[2607-f388-2200-100-7ec2-55ff-fe46-28f2]-9618&alias=gpu4002.chtc.wisc.edu&noUDP&sock=startd_1962346_b6aa>
	SlotName: slot2_3@gpu4002.chtc.wisc.edu
	AvailableGPUs = { GPUs_GPU_2e13e217 }
	CondorScratchDir = "/var/lib/condor/execute/slot2/dir_1906339/scratch"
	Cpus = 2
	Disk = 31457280
	GPUs = 1
	GPUs_GPU_2e13e217 = [ Id = "GPU-2e13e217"; Capability = 8.9; DeviceName = "NVIDIA L40"; DeviceUuid = "2e13e217-6059-f8d1-c6e6-c4cc399ca285"; ECCEnabled = true; NvidiaDriver = "570.195.03"; DriverVersion = 12.8; DevicePciBusId = "0000:53:00.0"; GlobalMemoryMb = 45468; MaxSupportedVersion = 12080 ]
	IoHeavy = 0
	Memory = 65536
...
006 (6038900.029.000) 2026-08-15 11:10:35 Image size of job updated: 22004
	22  -  MemoryUsage of job (MB)
	22004  -  ResidentSetSize of job (KB)
...
006 (6038900.029.000) 2026-08-15 11:13:52 Image size of job updated: 10689360
	22  -  MemoryUsage of job (MB)
	22004  -  ResidentSetSize of job (KB)
...
040 (6038900.029.000) 2026-08-15 11:13:52 Started transferring output files
...
040 (6038900.029.000) 2026-08-15 11:13:52 Finished transferring output files
...
005 (6038900.029.000) 2026-08-15 11:13:54 Job terminated.
	(1) Normal termination (return value 0)
		Usr 0 00:03:40, Sys 0 00:00:17  -  Run Remote Usage
		Usr 0 00:00:00, Sys 0 00:00:00  -  Run Local Usage
		Usr 0 00:03:40, Sys 0 00:00:17  -  Total Remote Usage
		Usr 0 00:00:00, Sys 0 00:00:00  -  Total Local Usage
	4149018  -  Run Bytes Sent By Job
	9726495320  -  Run Bytes Received By Job
	4149018  -  Total Bytes Sent By Job
	9726495320  -  Total Bytes Received By Job
	Partitionable Resources :       Usage  Request Allocated Assigned
	   Cpus                 :        1.00        2         2 
	   Disk (KB)            : 16330092    31457280  31457280 
	   GPUs                 :        0.00        1         1 "GPU-2e13e217"
	   GpusMemory (MB)      :     1285                       
	   IoHeavy              :                              0 
	   Memory (MB)          :       22       65536     65536 
	   TimeExecute (s)      :      206                       
	   TimeSlotBusy (s)     :      230                       
...
