==================================================
Classifier experiment: ggf_dihiggs_xsc
Encoder mode: pretrained
Running on: gpu2006
Working directory: /var/lib/condor/execute/slot2/dir_2252153/scratch
CUDA_VISIBLE_DEVICES: GPU-9eb76222-5c96-17fd-4808-405d5b5b7ce6
==================================================
Extracting source code...
Extracting ColliderML data...
Extracting pretrained experiment...
PyTorch: 2.4.1+cu121
CUDA build: 12.1
CUDA available: True
GPU: NVIDIA A100-SXM4-80GB
Reference directory: ggf_dihiggs_xsc
Data directory: /var/lib/condor/execute/slot2/dir_2252153/scratch/colliderml-data
Output directory: classifier_output/ggf_dihiggs_xsc
Pretraining experiment: ggf_dihiggs_xsc
Classification task: ggf vs dihiggs
Events per class: 2500
Device: cuda
Feature mean: [ 2.82639009e-03  1.77830461e-04 -5.08235498e+00]
Feature std:  [2.15754689 1.81227128 1.83492531]
Loaded 2500 events from channel ggf.
Loaded 2500 events from channel dihiggs.
ggf embeddings: (2500, 64)
dihiggs embeddings: (2500, 64)

============================================================
Running classifier: logistic_regression
============================================================
Classifier:        logistic_regression
Training samples:  4000
Testing samples:   1000
Accuracy:          0.7200
Balanced accuracy: 0.7200
F1 score:          0.7266
ROC AUC:           0.7917
Confusion matrix:
[[348 152]
 [128 372]]

============================================================
Running classifier: knn
============================================================
Classifier:        knn
Training samples:  4000
Testing samples:   1000
Accuracy:          0.7010
Balanced accuracy: 0.7010
F1 score:          0.7025
ROC AUC:           0.7605
Confusion matrix:
[[348 152]
 [147 353]]

============================================================
Running classifier: gradient_boosting
============================================================
Classifier:        gradient_boosting
Training samples:  4000
Testing samples:   1000
Accuracy:          0.7180
Balanced accuracy: 0.7180
F1 score:          0.7241
ROC AUC:           0.7847
Confusion matrix:
[[348 152]
 [130 370]]

All classifiers completed.
Results saved to: /var/lib/condor/execute/slot2/dir_2252153/scratch/classifier_output/ggf_dihiggs_xsc
Creating result archive...
Created: result_classifier_ggf_dihiggs_xsc.tar.gz
-rw-r--r-- 1 kli398 kli398 4.0M Aug 15 11:09 result_classifier_ggf_dihiggs_xsc.tar.gz
Pretrained classifier experiment completed successfully.
