==================================================
Classifier experiment: ttbar_dihiggs_xsc
Encoder mode: pretrained
Running on: gpu4000
Working directory: /var/lib/condor/execute/slot2/dir_2499253/scratch
CUDA_VISIBLE_DEVICES: GPU-5d7c2345-600f-7ffc-d007-4c550ea1a345
==================================================
Extracting source code...
Extracting ColliderML data...
Extracting pretrained experiment...
PyTorch: 2.4.1+cu121
CUDA build: 12.1
CUDA available: True
GPU: NVIDIA L40
Reference directory: ttbar_dihiggs_xsc
Data directory: /var/lib/condor/execute/slot2/dir_2499253/scratch/colliderml-data
Output directory: classifier_output/ttbar_dihiggs_xsc
Pretraining experiment: ttbar_dihiggs_xsc
Classification task: ttbar vs dihiggs
Events per class: 2500
Device: cuda
Feature mean: [-3.81431378e-03  4.11751662e-04 -5.11095060e+00]
Feature std:  [2.12335609 1.81343345 1.91920075]
Loaded 2500 events from channel ttbar.
Loaded 2500 events from channel dihiggs.
ttbar embeddings: (2500, 64)
dihiggs embeddings: (2500, 64)

============================================================
Running classifier: logistic_regression
============================================================
Classifier:        logistic_regression
Training samples:  4000
Testing samples:   1000
Accuracy:          0.7480
Balanced accuracy: 0.7480
F1 score:          0.7475
ROC AUC:           0.8195
Confusion matrix:
[[375 125]
 [127 373]]

============================================================
Running classifier: knn
============================================================
Classifier:        knn
Training samples:  4000
Testing samples:   1000
Accuracy:          0.7100
Balanced accuracy: 0.7100
F1 score:          0.7330
ROC AUC:           0.7992
Confusion matrix:
[[312 188]
 [102 398]]

============================================================
Running classifier: gradient_boosting
============================================================
Classifier:        gradient_boosting
Training samples:  4000
Testing samples:   1000
Accuracy:          0.7390
Balanced accuracy: 0.7390
F1 score:          0.7295
ROC AUC:           0.8223
Confusion matrix:
[[387 113]
 [148 352]]

All classifiers completed.
Results saved to: /var/lib/condor/execute/slot2/dir_2499253/scratch/classifier_output/ttbar_dihiggs_xsc
Creating result archive...
Created: result_classifier_ttbar_dihiggs_xsc.tar.gz
-rw-r--r-- 1 kli398 kli398 4.0M Aug 15 11:20 result_classifier_ttbar_dihiggs_xsc.tar.gz
Pretrained classifier experiment completed successfully.
