==================================================
Classifier experiment: ggf_ttbar_rxs
Encoder mode: pretrained
Running on: gpu2009
Working directory: /var/lib/condor/execute/slot2/dir_2142346/scratch
CUDA_VISIBLE_DEVICES: GPU-07c303b2-26b2-4bc7-fbf1-94800154bb1a
==================================================
Extracting source code...
Extracting ColliderML data...
Extracting pretrained experiment...
PyTorch: 2.4.1+cu121
CUDA build: 12.1
CUDA available: True
GPU: NVIDIA A100-SXM4-80GB
Reference directory: ggf_ttbar_rxs
Data directory: /var/lib/condor/execute/slot2/dir_2142346/scratch/colliderml-data
Output directory: classifier_output/ggf_ttbar_rxs
Pretraining experiment: ggf_ttbar_rxs
Classification task: ggf vs ttbar
Events per class: 2500
Device: cuda
Feature mean: [-5.45096848e-04 -2.91602615e-04 -5.18876536e+00]
Feature std:  [2.15369941 1.81263772 1.89484879]
Loaded 2500 events from channel ggf.
Loaded 2500 events from channel ttbar.
ggf embeddings: (2500, 64)
ttbar embeddings: (2500, 64)

============================================================
Running classifier: logistic_regression
============================================================
Classifier:        logistic_regression
Training samples:  4000
Testing samples:   1000
Accuracy:          0.8860
Balanced accuracy: 0.8860
F1 score:          0.8878
ROC AUC:           0.9491
Confusion matrix:
[[435  65]
 [ 49 451]]

============================================================
Running classifier: knn
============================================================
Classifier:        knn
Training samples:  4000
Testing samples:   1000
Accuracy:          0.8860
Balanced accuracy: 0.8860
F1 score:          0.8848
ROC AUC:           0.9463
Confusion matrix:
[[448  52]
 [ 62 438]]

============================================================
Running classifier: gradient_boosting
============================================================
Classifier:        gradient_boosting
Training samples:  4000
Testing samples:   1000
Accuracy:          0.8890
Balanced accuracy: 0.8890
F1 score:          0.8917
ROC AUC:           0.9501
Confusion matrix:
[[432  68]
 [ 43 457]]

All classifiers completed.
Results saved to: /var/lib/condor/execute/slot2/dir_2142346/scratch/classifier_output/ggf_ttbar_rxs
Creating result archive...
Created: result_classifier_ggf_ttbar_rxs.tar.gz
-rw-r--r-- 1 kli398 kli398 4.0M Aug 15 11:15 result_classifier_ggf_ttbar_rxs.tar.gz
Pretrained classifier experiment completed successfully.
