==================================================
Classifier experiment: ggf_ttbar_rxc
Encoder mode: pretrained
Running on: gpu4003
Working directory: /var/lib/condor/execute/slot2/dir_2571184/scratch
CUDA_VISIBLE_DEVICES: GPU-8be5a5aa-de2e-2062-a8ec-c29267f4988e
==================================================
Extracting source code...
Extracting ColliderML data...
Extracting pretrained experiment...
PyTorch: 2.4.1+cu121
CUDA build: 12.1
CUDA available: True
GPU: NVIDIA H100 80GB HBM3
Reference directory: ggf_ttbar_rxc
Data directory: /var/lib/condor/execute/slot2/dir_2571184/scratch/colliderml-data
Output directory: classifier_output/ggf_ttbar_rxc
Pretraining experiment: ggf_ttbar_rxc
Classification task: ggf vs ttbar
Events per class: 2500
Device: cuda
Feature mean: [-5.45096848e-04 -2.91602615e-04 -5.18876536e+00]
Feature std:  [2.15369941 1.81263772 1.89484879]
Loaded 2500 events from channel ggf.
Loaded 2500 events from channel ttbar.
ggf embeddings: (2500, 64)
ttbar embeddings: (2500, 64)

============================================================
Running classifier: logistic_regression
============================================================
Classifier:        logistic_regression
Training samples:  4000
Testing samples:   1000
Accuracy:          0.8990
Balanced accuracy: 0.8990
F1 score:          0.9003
ROC AUC:           0.9506
Confusion matrix:
[[443  57]
 [ 44 456]]

============================================================
Running classifier: knn
============================================================
Classifier:        knn
Training samples:  4000
Testing samples:   1000
Accuracy:          0.8740
Balanced accuracy: 0.8740
F1 score:          0.8688
ROC AUC:           0.9483
Confusion matrix:
[[457  43]
 [ 83 417]]

============================================================
Running classifier: gradient_boosting
============================================================
Classifier:        gradient_boosting
Training samples:  4000
Testing samples:   1000
Accuracy:          0.8920
Balanced accuracy: 0.8920
F1 score:          0.8922
ROC AUC:           0.9523
Confusion matrix:
[[445  55]
 [ 53 447]]

All classifiers completed.
Results saved to: /var/lib/condor/execute/slot2/dir_2571184/scratch/classifier_output/ggf_ttbar_rxc
Creating result archive...
Created: result_classifier_ggf_ttbar_rxc.tar.gz
-rw-r--r-- 1 kli398 kli398 4.0M Aug 15 11:13 result_classifier_ggf_ttbar_rxc.tar.gz
Pretrained classifier experiment completed successfully.
