==================================================
Classifier experiment: ttbar_dihiggs_none
Encoder mode: pretrained
Running on: gpu4000
Working directory: /var/lib/condor/execute/slot2/dir_2496801/scratch
CUDA_VISIBLE_DEVICES: GPU-5d7c2345-600f-7ffc-d007-4c550ea1a345
==================================================
Extracting source code...
Extracting ColliderML data...
Extracting pretrained experiment...
PyTorch: 2.4.1+cu121
CUDA build: 12.1
CUDA available: True
GPU: NVIDIA L40
Reference directory: ttbar_dihiggs_none
Data directory: /var/lib/condor/execute/slot2/dir_2496801/scratch/colliderml-data
Output directory: classifier_output/ttbar_dihiggs_none
Pretraining experiment: ttbar_dihiggs_none
Classification task: ttbar vs dihiggs
Events per class: 2500
Device: cuda
Feature mean: [-3.69273379e-03  3.10867364e-04 -5.11113616e+00]
Feature std:  [2.12317985 1.81333814 1.91940453]
Loaded 2500 events from channel ttbar.
Loaded 2500 events from channel dihiggs.
ttbar embeddings: (2500, 64)
dihiggs embeddings: (2500, 64)

============================================================
Running classifier: logistic_regression
============================================================
Classifier:        logistic_regression
Training samples:  4000
Testing samples:   1000
Accuracy:          0.7210
Balanced accuracy: 0.7210
F1 score:          0.7190
ROC AUC:           0.7840
Confusion matrix:
[[364 136]
 [143 357]]

============================================================
Running classifier: knn
============================================================
Classifier:        knn
Training samples:  4000
Testing samples:   1000
Accuracy:          0.6750
Balanced accuracy: 0.6750
F1 score:          0.6804
ROC AUC:           0.7482
Confusion matrix:
[[329 171]
 [154 346]]

============================================================
Running classifier: gradient_boosting
============================================================
Classifier:        gradient_boosting
Training samples:  4000
Testing samples:   1000
Accuracy:          0.7050
Balanced accuracy: 0.7050
F1 score:          0.6968
ROC AUC:           0.7713
Confusion matrix:
[[366 134]
 [161 339]]

All classifiers completed.
Results saved to: /var/lib/condor/execute/slot2/dir_2496801/scratch/classifier_output/ttbar_dihiggs_none
Creating result archive...
Created: result_classifier_ttbar_dihiggs_none.tar.gz
-rw-r--r-- 1 kli398 kli398 4.0M Aug 15 11:16 result_classifier_ttbar_dihiggs_none.tar.gz
Pretrained classifier experiment completed successfully.
