000 (6038900.041.000) 2026-08-15 10:50:00 Job submitted from host: <128.105.68.113:9618?addrs=128.105.68.113-9618+[2607-f388-2200-100-eaeb-d3ff-fea7-d05e]-9618&alias=ap2002.chtc.wisc.edu&noUDP&sock=schedd_7808_378f>
    [ JobBatchName = "pairwise_pretrained_classifiers_20260815" ]
...
040 (6038900.041.000) 2026-08-15 11:13:50 Started transferring input files
	Transferring to host: <128.105.69.63:9618?addrs=128.105.69.63-9618+[2607-f388-2200-100-5aa2-e1ff-febe-455e]-9618&alias=gpu4003.chtc.wisc.edu&noUDP&sock=slot2_7_467102_5d6c_13865>
...
040 (6038900.041.000) 2026-08-15 11:14:15 Finished transferring input files
...
001 (6038900.041.000) 2026-08-15 11:14:15 Job executing on host: <128.105.69.63:9618?addrs=128.105.69.63-9618+[2607-f388-2200-100-5aa2-e1ff-febe-455e]-9618&alias=gpu4003.chtc.wisc.edu&noUDP&sock=startd_467038_ccc7>
	SlotName: slot2_7@gpu4003.chtc.wisc.edu
	AvailableGPUs = { GPUs_GPU_8be5a5aa }
	CondorScratchDir = "/var/lib/condor/execute/slot2/dir_2575886/scratch"
	Cpus = 2
	Disk = 31457280
	GPUs = 1
	GPUs_GPU_8be5a5aa = [ Id = "GPU-8be5a5aa"; Capability = 9.0; DeviceName = "NVIDIA H100 80GB HBM3"; DeviceUuid = "8be5a5aa-de2e-2062-a8ec-c29267f4988e"; ECCEnabled = true; NvidiaDriver = "570.195.03"; DriverVersion = 12.8; DevicePciBusId = "0000:BA:00.0"; GlobalMemoryMb = 81089; MaxSupportedVersion = 12080 ]
	IoHeavy = 0
	Memory = 65536
...
006 (6038900.041.000) 2026-08-15 11:14:24 Image size of job updated: 26872
	27  -  MemoryUsage of job (MB)
	26872  -  ResidentSetSize of job (KB)
...
006 (6038900.041.000) 2026-08-15 11:17:47 Image size of job updated: 12448384
	27  -  MemoryUsage of job (MB)
	26872  -  ResidentSetSize of job (KB)
...
040 (6038900.041.000) 2026-08-15 11:17:47 Started transferring output files
...
040 (6038900.041.000) 2026-08-15 11:17:47 Finished transferring output files
...
005 (6038900.041.000) 2026-08-15 11:17:49 Job terminated.
	(1) Normal termination (return value 0)
		Usr 0 00:03:40, Sys 0 00:00:20  -  Run Remote Usage
		Usr 0 00:00:00, Sys 0 00:00:00  -  Run Local Usage
		Usr 0 00:03:40, Sys 0 00:00:20  -  Total Remote Usage
		Usr 0 00:00:00, Sys 0 00:00:00  -  Total Local Usage
	4161622  -  Run Bytes Sent By Job
	9726493842  -  Run Bytes Received By Job
	4161622  -  Total Bytes Sent By Job
	9726493842  -  Total Bytes Received By Job
	Partitionable Resources :    Usage  Request Allocated Assigned
	   Cpus                 :        0        2         2 
	   Disk (KB)            : 16330116 31457280  31457280 
	   GPUs                 :        0        1         1 "GPU-8be5a5aa"
	   IoHeavy              :                           0 
	   Memory (MB)          :       27    65536     65536 
	   TimeExecute (s)      :      212                    
	   TimeSlotBusy (s)     :      237                    
...
