==================================================
Classifier experiment: ttbar_dihiggs_res
Encoder mode: pretrained
Running on: gpu2006
Working directory: /var/lib/condor/execute/slot2/dir_2259325/scratch
CUDA_VISIBLE_DEVICES: GPU-9eb76222-5c96-17fd-4808-405d5b5b7ce6
==================================================
Extracting source code...
Extracting ColliderML data...
Extracting pretrained experiment...
PyTorch: 2.4.1+cu121
CUDA build: 12.1
CUDA available: True
GPU: NVIDIA A100-SXM4-80GB
Reference directory: ttbar_dihiggs_res
Data directory: /var/lib/condor/execute/slot2/dir_2259325/scratch/colliderml-data
Output directory: classifier_output/ttbar_dihiggs_res
Pretraining experiment: ttbar_dihiggs_res
Classification task: ttbar vs dihiggs
Events per class: 2500
Device: cuda
Feature mean: [-3.81431378e-03  4.11751662e-04 -5.11095060e+00]
Feature std:  [2.12335609 1.81343345 1.91920075]
Loaded 2500 events from channel ttbar.
Loaded 2500 events from channel dihiggs.
ttbar embeddings: (2500, 64)
dihiggs embeddings: (2500, 64)

============================================================
Running classifier: logistic_regression
============================================================
Classifier:        logistic_regression
Training samples:  4000
Testing samples:   1000
Accuracy:          0.7750
Balanced accuracy: 0.7750
F1 score:          0.7757
ROC AUC:           0.8623
Confusion matrix:
[[386 114]
 [111 389]]

============================================================
Running classifier: knn
============================================================
Classifier:        knn
Training samples:  4000
Testing samples:   1000
Accuracy:          0.7610
Balanced accuracy: 0.7610
F1 score:          0.7650
ROC AUC:           0.8472
Confusion matrix:
[[372 128]
 [111 389]]

============================================================
Running classifier: gradient_boosting
============================================================
Classifier:        gradient_boosting
Training samples:  4000
Testing samples:   1000
Accuracy:          0.7650
Balanced accuracy: 0.7650
F1 score:          0.7575
ROC AUC:           0.8527
Confusion matrix:
[[398 102]
 [133 367]]

All classifiers completed.
Results saved to: /var/lib/condor/execute/slot2/dir_2259325/scratch/classifier_output/ttbar_dihiggs_res
Creating result archive...
Created: result_classifier_ttbar_dihiggs_res.tar.gz
-rw-r--r-- 1 kli398 kli398 4.0M Aug 15 11:18 result_classifier_ttbar_dihiggs_res.tar.gz
Pretrained classifier experiment completed successfully.
