==================================================
Classifier experiment: ggf_dihiggs_rexc
Encoder mode: pretrained
Running on: gpu4000
Working directory: /var/lib/condor/execute/slot2/dir_2476474/scratch
CUDA_VISIBLE_DEVICES: GPU-5d7c2345-600f-7ffc-d007-4c550ea1a345
==================================================
Extracting source code...
Extracting ColliderML data...
Extracting pretrained experiment...
PyTorch: 2.4.1+cu121
CUDA build: 12.1
CUDA available: True
GPU: NVIDIA L40
Reference directory: ggf_dihiggs_rexc
Data directory: /var/lib/condor/execute/slot2/dir_2476474/scratch/colliderml-data
Output directory: classifier_output/ggf_dihiggs_rexc
Pretraining experiment: ggf_dihiggs_rexc
Classification task: ggf vs dihiggs
Events per class: 2500
Device: cuda
Feature mean: [ 2.82639009e-03  1.77830461e-04 -5.08235498e+00]
Feature std:  [2.15754689 1.81227128 1.83492531]
Loaded 2500 events from channel ggf.
Loaded 2500 events from channel dihiggs.
ggf embeddings: (2500, 64)
dihiggs embeddings: (2500, 64)

============================================================
Running classifier: logistic_regression
============================================================
Classifier:        logistic_regression
Training samples:  4000
Testing samples:   1000
Accuracy:          0.7610
Balanced accuracy: 0.7610
F1 score:          0.7583
ROC AUC:           0.8370
Confusion matrix:
[[386 114]
 [125 375]]

============================================================
Running classifier: knn
============================================================
Classifier:        knn
Training samples:  4000
Testing samples:   1000
Accuracy:          0.7460
Balanced accuracy: 0.7460
F1 score:          0.7392
ROC AUC:           0.8190
Confusion matrix:
[[386 114]
 [140 360]]

============================================================
Running classifier: gradient_boosting
============================================================
Classifier:        gradient_boosting
Training samples:  4000
Testing samples:   1000
Accuracy:          0.7760
Balanced accuracy: 0.7760
F1 score:          0.7791
ROC AUC:           0.8386
Confusion matrix:
[[381 119]
 [105 395]]

All classifiers completed.
Results saved to: /var/lib/condor/execute/slot2/dir_2476474/scratch/classifier_output/ggf_dihiggs_rexc
Creating result archive...
Created: result_classifier_ggf_dihiggs_rexc.tar.gz
-rw-r--r-- 1 kli398 kli398 4.0M Aug 15 11:04 result_classifier_ggf_dihiggs_rexc.tar.gz
Pretrained classifier experiment completed successfully.
