==================================================
Classifier experiment: ggf_ttbar_rxsc
Encoder mode: pretrained
Running on: gpu4005
Working directory: /var/lib/condor/execute/slot2/dir_1649875/scratch
CUDA_VISIBLE_DEVICES: GPU-67fe531f-98a3-ee4e-1cc5-1b79d692c370
==================================================
Extracting source code...
Extracting ColliderML data...
Extracting pretrained experiment...
PyTorch: 2.4.1+cu121
CUDA build: 12.1
CUDA available: True
GPU: NVIDIA L40S
Reference directory: ggf_ttbar_rxsc
Data directory: /var/lib/condor/execute/slot2/dir_1649875/scratch/colliderml-data
Output directory: classifier_output/ggf_ttbar_rxsc
Pretraining experiment: ggf_ttbar_rxsc
Classification task: ggf vs ttbar
Events per class: 2500
Device: cuda
Feature mean: [-6.63960509e-04 -1.29860120e-04 -5.18871099e+00]
Feature std:  [2.15387035 1.81274047 1.89477007]
Loaded 2500 events from channel ggf.
Loaded 2500 events from channel ttbar.
ggf embeddings: (2500, 64)
ttbar embeddings: (2500, 64)

============================================================
Running classifier: logistic_regression
============================================================
Classifier:        logistic_regression
Training samples:  4000
Testing samples:   1000
Accuracy:          0.8960
Balanced accuracy: 0.8960
F1 score:          0.8966
ROC AUC:           0.9549
Confusion matrix:
[[445  55]
 [ 49 451]]

============================================================
Running classifier: knn
============================================================
Classifier:        knn
Training samples:  4000
Testing samples:   1000
Accuracy:          0.8700
Balanced accuracy: 0.8700
F1 score:          0.8665
ROC AUC:           0.9465
Confusion matrix:
[[448  52]
 [ 78 422]]

============================================================
Running classifier: gradient_boosting
============================================================
Classifier:        gradient_boosting
Training samples:  4000
Testing samples:   1000
Accuracy:          0.8850
Balanced accuracy: 0.8850
F1 score:          0.8856
ROC AUC:           0.9504
Confusion matrix:
[[440  60]
 [ 55 445]]

All classifiers completed.
Results saved to: /var/lib/condor/execute/slot2/dir_1649875/scratch/classifier_output/ggf_ttbar_rxsc
Creating result archive...
Created: result_classifier_ggf_ttbar_rxsc.tar.gz
-rw-r--r-- 1 kli398 kli398 4.0M Aug 15 11:15 result_classifier_ggf_ttbar_rxsc.tar.gz
Pretrained classifier experiment completed successfully.
