000 (6038901.002.000) 2026-08-15 10:50:00 Job submitted from host: <128.105.68.113:9618?addrs=128.105.68.113-9618+[2607-f388-2200-100-eaeb-d3ff-fea7-d05e]-9618&alias=ap2002.chtc.wisc.edu&noUDP&sock=schedd_7808_378f>
    [ JobBatchName = "pairwise_random_classifiers_20260815" ]
...
040 (6038901.002.000) 2026-08-15 11:17:49 Started transferring input files
	Transferring to host: <128.105.69.63:9618?addrs=128.105.69.63-9618+[2607-f388-2200-100-5aa2-e1ff-febe-455e]-9618&alias=gpu4003.chtc.wisc.edu&noUDP&sock=slot2_7_467102_5d6c_13866>
...
040 (6038901.002.000) 2026-08-15 11:18:12 Finished transferring input files
...
001 (6038901.002.000) 2026-08-15 11:18:12 Job executing on host: <128.105.69.63:9618?addrs=128.105.69.63-9618+[2607-f388-2200-100-5aa2-e1ff-febe-455e]-9618&alias=gpu4003.chtc.wisc.edu&noUDP&sock=startd_467038_ccc7>
	SlotName: slot2_7@gpu4003.chtc.wisc.edu
	AvailableGPUs = { GPUs_GPU_8be5a5aa }
	CondorScratchDir = "/var/lib/condor/execute/slot2/dir_2580259/scratch"
	Cpus = 2
	Disk = 31457280
	GPUs = 1
	GPUs_GPU_8be5a5aa = [ Id = "GPU-8be5a5aa"; Capability = 9.0; DeviceName = "NVIDIA H100 80GB HBM3"; DeviceUuid = "8be5a5aa-de2e-2062-a8ec-c29267f4988e"; ECCEnabled = true; NvidiaDriver = "570.195.03"; DriverVersion = 12.8; DevicePciBusId = "0000:BA:00.0"; GlobalMemoryMb = 81089; MaxSupportedVersion = 12080 ]
	IoHeavy = 0
	Memory = 65536
...
006 (6038901.002.000) 2026-08-15 11:18:21 Image size of job updated: 26888
	27  -  MemoryUsage of job (MB)
	26888  -  ResidentSetSize of job (KB)
...
006 (6038901.002.000) 2026-08-15 11:21:42 Image size of job updated: 12905712
	27  -  MemoryUsage of job (MB)
	26888  -  ResidentSetSize of job (KB)
...
040 (6038901.002.000) 2026-08-15 11:21:42 Started transferring output files
...
040 (6038901.002.000) 2026-08-15 11:21:42 Finished transferring output files
...
005 (6038901.002.000) 2026-08-15 11:21:44 Job terminated.
	(1) Normal termination (return value 0)
		Usr 0 00:03:39, Sys 0 00:00:20  -  Run Remote Usage
		Usr 0 00:00:00, Sys 0 00:00:00  -  Run Local Usage
		Usr 0 00:03:39, Sys 0 00:00:20  -  Total Remote Usage
		Usr 0 00:00:00, Sys 0 00:00:00  -  Total Local Usage
	4145725  -  Run Bytes Sent By Job
	9726485623  -  Run Bytes Received By Job
	4145725  -  Total Bytes Sent By Job
	9726485623  -  Total Bytes Received By Job
	Partitionable Resources :       Usage  Request Allocated Assigned
	   Cpus                 :        0.58        2         2 
	   Disk (KB)            : 16330084    31457280  31457280 
	   GPUs                 :        0.00        1         1 "GPU-8be5a5aa"
	   GpusMemory (MB)      :     1493                       
	   IoHeavy              :                              0 
	   Memory (MB)          :       27       65536     65536 
	   TimeExecute (s)      :      210                       
	   TimeSlotBusy (s)     :      233                       
...
