000 (6038901.000.000) 2026-08-15 10:50:00 Job submitted from host: <128.105.68.113:9618?addrs=128.105.68.113-9618+[2607-f388-2200-100-eaeb-d3ff-fea7-d05e]-9618&alias=ap2002.chtc.wisc.edu&noUDP&sock=schedd_7808_378f>
    [ JobBatchName = "pairwise_random_classifiers_20260815" ]
...
040 (6038901.000.000) 2026-08-15 11:16:58 Started transferring input files
	Transferring to host: <128.105.68.117:9618?addrs=128.105.68.117-9618+[2607-f388-2200-100-7ec2-55ff-fe9a-b4fa]-9618&alias=gpu4000.chtc.wisc.edu&noUDP&sock=slot2_7_1351128_a798_51888>
...
040 (6038901.000.000) 2026-08-15 11:17:21 Finished transferring input files
...
001 (6038901.000.000) 2026-08-15 11:17:21 Job executing on host: <128.105.68.117:9618?addrs=128.105.68.117-9618+[2607-f388-2200-100-7ec2-55ff-fe9a-b4fa]-9618&alias=gpu4000.chtc.wisc.edu&noUDP&sock=startd_674379_7ae3>
	SlotName: slot2_7@gpu4000.chtc.wisc.edu
	AvailableGPUs = { GPUs_GPU_8bcf9093 }
	CondorScratchDir = "/var/lib/condor/execute/slot2/dir_2499362/scratch"
	Cpus = 2
	Disk = 31457280
	GPUs = 1
	GPUs_GPU_8bcf9093 = [ Id = "GPU-8bcf9093"; Capability = 8.9; DeviceName = "NVIDIA L40"; DeviceUuid = "8bcf9093-1b8d-d83b-55bb-51bbb57938e2"; ECCEnabled = true; NvidiaDriver = "570.195.03"; DriverVersion = 12.8; DevicePciBusId = "0000:57:00.0"; GlobalMemoryMb = 45468; MaxSupportedVersion = 12080 ]
	IoHeavy = 0
	Memory = 65536
...
006 (6038901.000.000) 2026-08-15 11:17:30 Image size of job updated: 22280
	22  -  MemoryUsage of job (MB)
	22280  -  ResidentSetSize of job (KB)
...
006 (6038901.000.000) 2026-08-15 11:20:47 Image size of job updated: 10730400
	22  -  MemoryUsage of job (MB)
	22280  -  ResidentSetSize of job (KB)
...
040 (6038901.000.000) 2026-08-15 11:20:47 Started transferring output files
...
040 (6038901.000.000) 2026-08-15 11:20:47 Finished transferring output files
...
005 (6038901.000.000) 2026-08-15 11:20:49 Job terminated.
	(1) Normal termination (return value 0)
		Usr 0 00:03:43, Sys 0 00:00:16  -  Run Remote Usage
		Usr 0 00:00:00, Sys 0 00:00:00  -  Run Local Usage
		Usr 0 00:03:43, Sys 0 00:00:16  -  Total Remote Usage
		Usr 0 00:00:00, Sys 0 00:00:00  -  Total Local Usage
	4150867  -  Run Bytes Sent By Job
	9726484896  -  Run Bytes Received By Job
	4150867  -  Total Bytes Sent By Job
	9726484896  -  Total Bytes Received By Job
	Partitionable Resources :       Usage  Request Allocated Assigned
	   Cpus                 :        1.00        2         2 
	   Disk (KB)            : 16330092    31457280  31457280 
	   GPUs                 :        0.00        1         1 "GPU-8bcf9093"
	   GpusMemory (MB)      :     1429                       
	   IoHeavy              :                              0 
	   Memory (MB)          :       22       65536     65536 
	   TimeExecute (s)      :      206                       
	   TimeSlotBusy (s)     :      229                       
...
