==================================================
Classifier experiment: ggf_ttbar_random
Encoder mode: random frozen encoder
Reference experiment: ggf_ttbar_none
Random encoder seed: 42
Running on: gpu4000
Working directory: /var/lib/condor/execute/slot2/dir_2499362/scratch
CUDA_VISIBLE_DEVICES: GPU-8bcf9093-1b8d-d83b-55bb-51bbb57938e2
==================================================
Extracting source code...
Extracting ColliderML data...
Extracting reference experiment...
PyTorch: 2.4.1+cu121
CUDA build: 12.1
CUDA available: True
GPU: NVIDIA L40
Reference directory: ggf_ttbar_none
Data directory: /var/lib/condor/execute/slot2/dir_2499362/scratch/colliderml-data
Output directory: classifier_output/ggf_ttbar_random
Using a frozen randomly initialized GravNet encoder with seed 42.
Reference experiment: ggf_ttbar_none
Encoder mode: frozen random initialization
Random encoder seed: 42
Classification task: ggf vs ttbar
Events per class: 2500
Device: cuda
Feature mean: [-5.45096848e-04 -2.91602615e-04 -5.18876536e+00]
Feature std:  [2.15369941 1.81263772 1.89484879]
Loaded 2500 events from channel ggf.
Loaded 2500 events from channel ttbar.
ggf embeddings: (2500, 64)
ttbar embeddings: (2500, 64)

============================================================
Running classifier: logistic_regression
============================================================
Classifier:        logistic_regression
Training samples:  4000
Testing samples:   1000
Accuracy:          0.7920
Balanced accuracy: 0.7920
F1 score:          0.7878
ROC AUC:           0.8710
Confusion matrix:
[[406  94]
 [114 386]]

============================================================
Running classifier: knn
============================================================
Classifier:        knn
Training samples:  4000
Testing samples:   1000
Accuracy:          0.7140
Balanced accuracy: 0.7140
F1 score:          0.6843
ROC AUC:           0.7986
Confusion matrix:
[[404  96]
 [190 310]]

============================================================
Running classifier: gradient_boosting
============================================================
Classifier:        gradient_boosting
Training samples:  4000
Testing samples:   1000
Accuracy:          0.7780
Balanced accuracy: 0.7780
F1 score:          0.7780
ROC AUC:           0.8516
Confusion matrix:
[[389 111]
 [111 389]]

All classifiers completed.
Results saved to: /var/lib/condor/execute/slot2/dir_2499362/scratch/classifier_output/ggf_ttbar_random
Creating result archive...
Created: result_classifier_ggf_ttbar_random.tar.gz
-rw-r--r-- 1 kli398 kli398 4.0M Aug 15 11:20 result_classifier_ggf_ttbar_random.tar.gz
Random classifier experiment completed successfully.
