000 (6038901.001.000) 2026-08-15 10:50:00 Job submitted from host: <128.105.68.113:9618?addrs=128.105.68.113-9618+[2607-f388-2200-100-eaeb-d3ff-fea7-d05e]-9618&alias=ap2002.chtc.wisc.edu&noUDP&sock=schedd_7808_378f>
    [ JobBatchName = "pairwise_random_classifiers_20260815" ]
...
040 (6038901.001.000) 2026-08-15 11:17:16 Started transferring input files
	Transferring to host: <128.105.68.213:9618?addrs=128.105.68.213-9618+[2607-f388-2200-100-e29d-73ff-fe7b-531e]-9618&alias=gpu4004.chtc.wisc.edu&noUDP&sock=slot2_4_1121827_5b4c_41891>
...
040 (6038901.001.000) 2026-08-15 11:18:12 Finished transferring input files
...
001 (6038901.001.000) 2026-08-15 11:18:12 Job executing on host: <128.105.68.213:9618?addrs=128.105.68.213-9618+[2607-f388-2200-100-e29d-73ff-fe7b-531e]-9618&alias=gpu4004.chtc.wisc.edu&noUDP&sock=startd_2998441_b471>
	SlotName: slot2_4@gpu4004.chtc.wisc.edu
	AvailableGPUs = { GPUs_GPU_48e4e4f6 }
	CondorScratchDir = "/var/lib/condor/execute/slot2/dir_1848813/scratch"
	Cpus = 2
	Disk = 31457280
	GPUs = 1
	GPUs_GPU_48e4e4f6 = [ Id = "GPU-48e4e4f6"; Capability = 9.0; DeviceName = "NVIDIA H200"; DeviceUuid = "48e4e4f6-9346-9c73-1b47-31b5f3618752"; ECCEnabled = true; NvidiaDriver = "570.195.03"; DriverVersion = 12.8; DevicePciBusId = "0000:CB:00.0"; GlobalMemoryMb = 143166; MaxSupportedVersion = 12080 ]
	IoHeavy = 0
	Memory = 65536
...
006 (6038901.001.000) 2026-08-15 11:18:21 Image size of job updated: 29088
	29  -  MemoryUsage of job (MB)
	29088  -  ResidentSetSize of job (KB)
...
006 (6038901.001.000) 2026-08-15 11:21:48 Image size of job updated: 10044580
	29  -  MemoryUsage of job (MB)
	29088  -  ResidentSetSize of job (KB)
...
040 (6038901.001.000) 2026-08-15 11:21:48 Started transferring output files
...
040 (6038901.001.000) 2026-08-15 11:21:48 Finished transferring output files
...
005 (6038901.001.000) 2026-08-15 11:21:50 Job terminated.
	(1) Normal termination (return value 0)
		Usr 0 00:03:48, Sys 0 00:00:19  -  Run Remote Usage
		Usr 0 00:00:00, Sys 0 00:00:00  -  Run Local Usage
		Usr 0 00:03:48, Sys 0 00:00:19  -  Total Remote Usage
		Usr 0 00:00:00, Sys 0 00:00:00  -  Total Local Usage
	4142095  -  Run Bytes Sent By Job
	9726488953  -  Run Bytes Received By Job
	4142095  -  Total Bytes Sent By Job
	9726488953  -  Total Bytes Received By Job
	Partitionable Resources :       Usage  Request Allocated Assigned
	   Cpus                 :        0.15        2         2 
	   Disk (KB)            : 16330084    31457280  31457280 
	   GPUs                 :        0.00        1         1 "GPU-48e4e4f6"
	   GpusMemory (MB)      :      608                       
	   IoHeavy              :                              0 
	   Memory (MB)          :       29       65536     65536 
	   TimeExecute (s)      :      216                       
	   TimeSlotBusy (s)     :      272                       
...
