==================================================
Experiment: baseline
Running on: gpu5001.chtc.wisc.edu
Working directory: /var/lib/condor/execute/slot2/dir_691946/scratch
CUDA_VISIBLE_DEVICES: GPU-3f76b988-200e-d250-7cbc-2a4bd611de03
Rotation mode: uniform
Rotation: 0.3926990817
Energy noise: 0.05
XYZ noise: 5.0
Shift std: 0.0
Crop fraction: 0.0
Augmentation order: rotate+energy_noise+xyz_noise
Learning rate: 0.0003
Weight decay: 0.0001
Batch size: 32
Temperature: 0.07
Seed: 42
==================================================
Extracting source code...
Extracting ColliderML data...
Checking GPU...
PyTorch: 2.4.1+cu121
CUDA build: 12.1
CUDA available: True
GPU: NVIDIA H200
Starting formal training...
Experiment configuration:
  arch: gnn
  batch_size: 32
  crop_fraction: 0.0
  data_dir: /var/lib/condor/execute/slot2/dir_691946/scratch/colliderml-data
  dataset_name: colliderml
  disable_cuda: False
  energy_noise: 0.05
  epochs: 18
  experiment_name: baseline
  feat_dim: 4
  fp16_precision: False
  gravnet_k: 8
  hidden_dim: 16
  latent_dim: 64
  log_every_n_steps: 100
  lr: 0.0003
  n_views: 2
  out_dim: 32
  output_dir: /var/lib/condor/execute/slot2/dir_691946/scratch/outputs
  proj_dim: 32
  propagate_dim: 16
  resume: None
  rotation: 0.3926990817
  rotation_mode: uniform
  seed: 42
  shift_std: 0.0
  space_dim: 4
  split: ttbar_ggf_total3000
  temperature: 0.07
  train_augmentation_order: rotate+energy_noise+xyz_noise
  trainevents: 1500
  weight_decay: 0.0001
  workers: 0
  xyz_noise: 5.0
ColliderML data directory: /var/lib/condor/execute/slot2/dir_691946/scratch/colliderml-data
Training augmentation pipeline: rotate -> energy_noise -> xyz_noise
Evaluation augmentation pipeline: rotate -> energy_noise -> xyz_noise
Dataset split: train=2400, val=300, test=300
Data preprocessing working fine.
Trainable parameters: 59020
Training output directory: /var/lib/condor/execute/slot2/dir_691946/scratch/outputs/baseline
Training device: cuda
Saved new best checkpoint: /var/lib/condor/execute/slot2/dir_691946/scratch/outputs/baseline/checkpoints/best.pt
Epoch 1/18 | train_loss=2.274070 | val_loss=1.505304 | best_val_loss=1.505304 | lr=0.00030000
Saved new best checkpoint: /var/lib/condor/execute/slot2/dir_691946/scratch/outputs/baseline/checkpoints/best.pt
Epoch 2/18 | train_loss=1.498247 | val_loss=1.194588 | best_val_loss=1.194588 | lr=0.00029772
Saved new best checkpoint: /var/lib/condor/execute/slot2/dir_691946/scratch/outputs/baseline/checkpoints/best.pt
Epoch 3/18 | train_loss=1.205907 | val_loss=1.130606 | best_val_loss=1.130606 | lr=0.00029095
Saved new best checkpoint: /var/lib/condor/execute/slot2/dir_691946/scratch/outputs/baseline/checkpoints/best.pt
Epoch 4/18 | train_loss=1.034623 | val_loss=0.931167 | best_val_loss=0.931167 | lr=0.00027990
Saved new best checkpoint: /var/lib/condor/execute/slot2/dir_691946/scratch/outputs/baseline/checkpoints/best.pt
Epoch 5/18 | train_loss=0.966808 | val_loss=0.838316 | best_val_loss=0.838316 | lr=0.00026491
Saved new best checkpoint: /var/lib/condor/execute/slot2/dir_691946/scratch/outputs/baseline/checkpoints/best.pt
Epoch 6/18 | train_loss=0.874934 | val_loss=0.726349 | best_val_loss=0.726349 | lr=0.00024642
Saved new best checkpoint: /var/lib/condor/execute/slot2/dir_691946/scratch/outputs/baseline/checkpoints/best.pt
Epoch 7/18 | train_loss=0.801379 | val_loss=0.707556 | best_val_loss=0.707556 | lr=0.00022500
Saved new best checkpoint: /var/lib/condor/execute/slot2/dir_691946/scratch/outputs/baseline/checkpoints/best.pt
Epoch 8/18 | train_loss=0.744460 | val_loss=0.649768 | best_val_loss=0.649768 | lr=0.00020130
Saved new best checkpoint: /var/lib/condor/execute/slot2/dir_691946/scratch/outputs/baseline/checkpoints/best.pt
Epoch 9/18 | train_loss=0.700177 | val_loss=0.626075 | best_val_loss=0.626075 | lr=0.00017605
Saved new best checkpoint: /var/lib/condor/execute/slot2/dir_691946/scratch/outputs/baseline/checkpoints/best.pt
Epoch 10/18 | train_loss=0.669763 | val_loss=0.590605 | best_val_loss=0.590605 | lr=0.00015000
Saved new best checkpoint: /var/lib/condor/execute/slot2/dir_691946/scratch/outputs/baseline/checkpoints/best.pt
Epoch 11/18 | train_loss=0.632236 | val_loss=0.555255 | best_val_loss=0.555255 | lr=0.00012395
Saved new best checkpoint: /var/lib/condor/execute/slot2/dir_691946/scratch/outputs/baseline/checkpoints/best.pt
Epoch 12/18 | train_loss=0.611315 | val_loss=0.540294 | best_val_loss=0.540294 | lr=0.00009870
Saved new best checkpoint: /var/lib/condor/execute/slot2/dir_691946/scratch/outputs/baseline/checkpoints/best.pt
Epoch 13/18 | train_loss=0.577374 | val_loss=0.507064 | best_val_loss=0.507064 | lr=0.00007500
Epoch 14/18 | train_loss=0.549287 | val_loss=0.516016 | best_val_loss=0.507064 | lr=0.00005358
Epoch 15/18 | train_loss=0.552813 | val_loss=0.513834 | best_val_loss=0.507064 | lr=0.00003509
Epoch 16/18 | train_loss=0.543952 | val_loss=0.511321 | best_val_loss=0.507064 | lr=0.00002010
Epoch 17/18 | train_loss=0.541854 | val_loss=0.509165 | best_val_loss=0.507064 | lr=0.00000905
Saved new best checkpoint: /var/lib/condor/execute/slot2/dir_691946/scratch/outputs/baseline/checkpoints/best.pt
Epoch 18/18 | train_loss=0.566269 | val_loss=0.504246 | best_val_loss=0.504246 | lr=0.00000228
Loaded checkpoint: /var/lib/condor/execute/slot2/dir_691946/scratch/outputs/baseline/checkpoints/best.pt
Resume from epoch: 18
Best validation loss: 0.504246
Final test loss: 0.445458
Experiment baseline completed successfully.
