==================================================
Experiment: energy_noise_010
Running on: gpu4006.chtc.wisc.edu
Working directory: /var/lib/condor/execute/slot2/dir_1529573/scratch
CUDA_VISIBLE_DEVICES: GPU-4f6495bb-57f6-02aa-3446-f13a32ec9035
Rotation mode: uniform
Rotation: 0.3926990817
Energy noise: 0.10
XYZ noise: 5.0
Shift std: 0.0
Crop fraction: 0.0
Augmentation order: rotate+energy_noise+xyz_noise
Learning rate: 0.0003
Weight decay: 0.0001
Batch size: 32
Temperature: 0.07
Seed: 42
==================================================
Extracting source code...
Extracting ColliderML data...
Checking GPU...
PyTorch: 2.4.1+cu121
CUDA build: 12.1
CUDA available: True
GPU: NVIDIA L40S
Starting formal training...
Experiment configuration:
  arch: gnn
  batch_size: 32
  crop_fraction: 0.0
  data_dir: /var/lib/condor/execute/slot2/dir_1529573/scratch/colliderml-data
  dataset_name: colliderml
  disable_cuda: False
  energy_noise: 0.1
  epochs: 18
  experiment_name: energy_noise_010
  feat_dim: 4
  fp16_precision: False
  gravnet_k: 8
  hidden_dim: 16
  latent_dim: 64
  log_every_n_steps: 100
  lr: 0.0003
  n_views: 2
  out_dim: 32
  output_dir: /var/lib/condor/execute/slot2/dir_1529573/scratch/outputs
  proj_dim: 32
  propagate_dim: 16
  resume: None
  rotation: 0.3926990817
  rotation_mode: uniform
  seed: 42
  shift_std: 0.0
  space_dim: 4
  split: ttbar_ggf_total3000
  temperature: 0.07
  train_augmentation_order: rotate+energy_noise+xyz_noise
  trainevents: 1500
  weight_decay: 0.0001
  workers: 0
  xyz_noise: 5.0
ColliderML data directory: /var/lib/condor/execute/slot2/dir_1529573/scratch/colliderml-data
Training augmentation pipeline: rotate -> energy_noise -> xyz_noise
Evaluation augmentation pipeline: rotate -> energy_noise -> xyz_noise
Dataset split: train=2400, val=300, test=300
Data preprocessing working fine.
Trainable parameters: 59020
Training output directory: /var/lib/condor/execute/slot2/dir_1529573/scratch/outputs/energy_noise_010
Training device: cuda
Saved new best checkpoint: /var/lib/condor/execute/slot2/dir_1529573/scratch/outputs/energy_noise_010/checkpoints/best.pt
Epoch 1/18 | train_loss=2.464718 | val_loss=1.793717 | best_val_loss=1.793717 | lr=0.00030000
Saved new best checkpoint: /var/lib/condor/execute/slot2/dir_1529573/scratch/outputs/energy_noise_010/checkpoints/best.pt
Epoch 2/18 | train_loss=1.725230 | val_loss=1.583986 | best_val_loss=1.583986 | lr=0.00029772
Saved new best checkpoint: /var/lib/condor/execute/slot2/dir_1529573/scratch/outputs/energy_noise_010/checkpoints/best.pt
Epoch 3/18 | train_loss=1.429826 | val_loss=1.409251 | best_val_loss=1.409251 | lr=0.00029095
Saved new best checkpoint: /var/lib/condor/execute/slot2/dir_1529573/scratch/outputs/energy_noise_010/checkpoints/best.pt
Epoch 4/18 | train_loss=1.199749 | val_loss=1.167130 | best_val_loss=1.167130 | lr=0.00027990
Epoch 5/18 | train_loss=1.112908 | val_loss=1.424449 | best_val_loss=1.167130 | lr=0.00026491
Saved new best checkpoint: /var/lib/condor/execute/slot2/dir_1529573/scratch/outputs/energy_noise_010/checkpoints/best.pt
Epoch 6/18 | train_loss=1.044961 | val_loss=1.107534 | best_val_loss=1.107534 | lr=0.00024642
Epoch 7/18 | train_loss=0.964967 | val_loss=1.115518 | best_val_loss=1.107534 | lr=0.00022500
Saved new best checkpoint: /var/lib/condor/execute/slot2/dir_1529573/scratch/outputs/energy_noise_010/checkpoints/best.pt
Epoch 8/18 | train_loss=0.934359 | val_loss=1.077161 | best_val_loss=1.077161 | lr=0.00020130
Epoch 9/18 | train_loss=0.848602 | val_loss=1.217050 | best_val_loss=1.077161 | lr=0.00017605
Saved new best checkpoint: /var/lib/condor/execute/slot2/dir_1529573/scratch/outputs/energy_noise_010/checkpoints/best.pt
Epoch 10/18 | train_loss=0.821402 | val_loss=1.032075 | best_val_loss=1.032075 | lr=0.00015000
Saved new best checkpoint: /var/lib/condor/execute/slot2/dir_1529573/scratch/outputs/energy_noise_010/checkpoints/best.pt
Epoch 11/18 | train_loss=0.766745 | val_loss=0.929320 | best_val_loss=0.929320 | lr=0.00012395
Epoch 12/18 | train_loss=0.731370 | val_loss=0.982012 | best_val_loss=0.929320 | lr=0.00009870
Epoch 13/18 | train_loss=0.722199 | val_loss=0.934497 | best_val_loss=0.929320 | lr=0.00007500
Saved new best checkpoint: /var/lib/condor/execute/slot2/dir_1529573/scratch/outputs/energy_noise_010/checkpoints/best.pt
Epoch 14/18 | train_loss=0.692502 | val_loss=0.913012 | best_val_loss=0.913012 | lr=0.00005358
Saved new best checkpoint: /var/lib/condor/execute/slot2/dir_1529573/scratch/outputs/energy_noise_010/checkpoints/best.pt
Epoch 15/18 | train_loss=0.685418 | val_loss=0.903931 | best_val_loss=0.903931 | lr=0.00003509
Epoch 16/18 | train_loss=0.665507 | val_loss=0.924912 | best_val_loss=0.903931 | lr=0.00002010
Saved new best checkpoint: /var/lib/condor/execute/slot2/dir_1529573/scratch/outputs/energy_noise_010/checkpoints/best.pt
Epoch 17/18 | train_loss=0.656027 | val_loss=0.876092 | best_val_loss=0.876092 | lr=0.00000905
Epoch 18/18 | train_loss=0.663605 | val_loss=0.880623 | best_val_loss=0.876092 | lr=0.00000228
Loaded checkpoint: /var/lib/condor/execute/slot2/dir_1529573/scratch/outputs/energy_noise_010/checkpoints/best.pt
Resume from epoch: 17
Best validation loss: 0.876092
Final test loss: 0.809594
Experiment energy_noise_010 completed successfully.
