000 (5969386.005.000) 2026-08-03 11:21:58 Job submitted from host: <128.105.68.113:9618?addrs=128.105.68.113-9618+[2607-f388-2200-100-eaeb-d3ff-fea7-d05e]-9618&alias=ap2002.chtc.wisc.edu&noUDP&sock=schedd_7808_378f>
    [ JobBatchName = "gravnet_augmentation_sweep" ]
...
040 (5969386.005.000) 2026-08-03 12:15:43 Started transferring input files
	Transferring to host: <128.105.68.103:9618?addrs=128.105.68.103-9618+[2607-f388-2200-100-1270-fdff-fe74-930]-9618&alias=gpu2011.chtc.wisc.edu&noUDP&sock=slot2_8_181405_fbaa_14591>
...
040 (5969386.005.000) 2026-08-03 12:16:02 Finished transferring input files
...
001 (5969386.005.000) 2026-08-03 12:16:02 Job executing on host: <128.105.68.103:9618?addrs=128.105.68.103-9618+[2607-f388-2200-100-1270-fdff-fe74-930]-9618&alias=gpu2011.chtc.wisc.edu&noUDP&sock=startd_12054_9eaf>
	SlotName: slot2_8@gpu2011.chtc.wisc.edu
	AvailableGPUs = { GPUs_MIG_c5e1d4fb_0f82_5359_95a5_168b9fca8f6e }
	CondorScratchDir = "/var/lib/condor/execute/slot2/dir_1868745/scratch"
	Cpus = 2
	Disk = 31457280
	GPUs = 1
	GPUs_MIG_c5e1d4fb_0f82_5359_95a5_168b9fca8f6e = [ Id = "MIG-c5e1d4fb-0f82-5359-95a5-168b9fca8f6e"; Capability = 8.0; DeviceName = "NVIDIA A100-SXM4-80GB MIG 3g.40gb"; DeviceUuid = "MIG-c5e1d4fb-0f82-5359-95a5-168b9fca8f6e"; ECCEnabled = true; NvidiaDriver = "570.195.03"; DriverVersion = 12.8; DevicePciBusId = "0000:C1:00.0"; GlobalMemoryMb = 40100; MaxSupportedVersion = 12080 ]
	IoHeavy = 0
	Memory = 49152
...
006 (5969386.005.000) 2026-08-03 12:16:11 Image size of job updated: 24464
	24  -  MemoryUsage of job (MB)
	24464  -  ResidentSetSize of job (KB)
...
006 (5969386.005.000) 2026-08-03 12:21:12 Image size of job updated: 21178160
	20678  -  MemoryUsage of job (MB)
	21173880  -  ResidentSetSize of job (KB)
...
006 (5969386.005.000) 2026-08-03 12:26:12 Image size of job updated: 21186064
	20688  -  MemoryUsage of job (MB)
	21183824  -  ResidentSetSize of job (KB)
...
006 (5969386.005.000) 2026-08-03 12:31:13 Image size of job updated: 21188572
	20691  -  MemoryUsage of job (MB)
	21187360  -  ResidentSetSize of job (KB)
...
006 (5969386.005.000) 2026-08-03 12:36:13 Image size of job updated: 21190380
	20691  -  MemoryUsage of job (MB)
	21187360  -  ResidentSetSize of job (KB)
...
006 (5969386.005.000) 2026-08-03 12:41:14 Image size of job updated: 21192304
	20693  -  MemoryUsage of job (MB)
	21188840  -  ResidentSetSize of job (KB)
...
006 (5969386.005.000) 2026-08-03 12:46:15 Image size of job updated: 21193812
	20695  -  MemoryUsage of job (MB)
	21190664  -  ResidentSetSize of job (KB)
...
006 (5969386.005.000) 2026-08-03 12:51:15 Image size of job updated: 21195696
	20697  -  MemoryUsage of job (MB)
	21192940  -  ResidentSetSize of job (KB)
...
006 (5969386.005.000) 2026-08-03 12:56:16 Image size of job updated: 21197252
	20697  -  MemoryUsage of job (MB)
	21192940  -  ResidentSetSize of job (KB)
...
006 (5969386.005.000) 2026-08-03 13:01:16 Image size of job updated: 21590668
	20699  -  MemoryUsage of job (MB)
	21195284  -  ResidentSetSize of job (KB)
...
006 (5969386.005.000) 2026-08-03 13:21:18 Image size of job updated: 22495056
	20701  -  MemoryUsage of job (MB)
	21196864  -  ResidentSetSize of job (KB)
...
006 (5969386.005.000) 2026-08-03 13:26:19 Image size of job updated: 22495056
	20701  -  MemoryUsage of job (MB)
	21197100  -  ResidentSetSize of job (KB)
...
040 (5969386.005.000) 2026-08-03 13:28:24 Started transferring output files
...
040 (5969386.005.000) 2026-08-03 13:28:24 Finished transferring output files
...
005 (5969386.005.000) 2026-08-03 13:28:27 Job terminated.
	(1) Normal termination (return value 0)
		Usr 0 01:18:12, Sys 0 00:02:37  -  Run Remote Usage
		Usr 0 00:00:00, Sys 0 00:00:00  -  Run Local Usage
		Usr 0 01:18:12, Sys 0 00:02:37  -  Total Remote Usage
		Usr 0 00:00:00, Sys 0 00:00:00  -  Total Local Usage
	1538715  -  Run Bytes Sent By Job
	7634787985  -  Run Bytes Received By Job
	1538715  -  Total Bytes Sent By Job
	7634787985  -  Total Bytes Received By Job
	Partitionable Resources :       Usage  Request Allocated Assigned
	   Cpus                 :        1.08        2         2 
	   Disk (KB)            : 12019462    31457280  31457280 
	   GPUs                 :                    1         1 "MIG-c5e1d4fb-0f82-5359-95a5-168b9fca8f6e"
	   IoHeavy              :                              0 
	   Memory (MB)          :    20701       49152     49152 
	   TimeExecute (s)      :     4342                       
	   TimeSlotBusy (s)     :     4361                       
...
