000 (5969386.009.000) 2026-08-03 11:21:58 Job submitted from host: <128.105.68.113:9618?addrs=128.105.68.113-9618+[2607-f388-2200-100-eaeb-d3ff-fea7-d05e]-9618&alias=ap2002.chtc.wisc.edu&noUDP&sock=schedd_7808_378f>
    [ JobBatchName = "gravnet_augmentation_sweep" ]
...
040 (5969386.009.000) 2026-08-03 12:47:32 Started transferring input files
	Transferring to host: <128.105.76.53:9618?addrs=128.105.76.53-9618+[2607-f388-2200-100-b65c-b5ff-fe81-e536]-9618&alias=gpu5000.chtc.wisc.edu&noUDP&sock=slot2_6_1690213_b655_13939>
...
040 (5969386.009.000) 2026-08-03 12:47:58 Finished transferring input files
...
001 (5969386.009.000) 2026-08-03 12:47:58 Job executing on host: <128.105.76.53:9618?addrs=128.105.76.53-9618+[2607-f388-2200-100-b65c-b5ff-fe81-e536]-9618&alias=gpu5000.chtc.wisc.edu&noUDP&sock=startd_14985_0ac5>
	SlotName: slot2_6@gpu5000.chtc.wisc.edu
	AvailableGPUs = { GPUs_GPU_08f96c4f }
	CondorScratchDir = "/var/lib/condor/execute/slot2/dir_2990332/scratch"
	Cpus = 2
	Disk = 31457280
	GPUs = 1
	GPUs_GPU_08f96c4f = [ Id = "GPU-08f96c4f"; Capability = 9.0; DeviceName = "NVIDIA H200"; DeviceUuid = "08f96c4f-e762-71a2-c44a-4bdcc4ada04a"; ECCEnabled = true; NvidiaDriver = "590.48.01"; DriverVersion = 13.1; DevicePciBusId = "0000:5D:00.0"; GlobalMemoryMb = 143158; MaxSupportedVersion = 13010 ]
	IoHeavy = 0
	Memory = 49152
...
006 (5969386.009.000) 2026-08-03 12:48:07 Image size of job updated: 43120
	43  -  MemoryUsage of job (MB)
	43120  -  ResidentSetSize of job (KB)
...
006 (5969386.009.000) 2026-08-03 12:53:07 Image size of job updated: 22986768
	22449  -  MemoryUsage of job (MB)
	22986768  -  ResidentSetSize of job (KB)
...
006 (5969386.009.000) 2026-08-03 12:58:07 Image size of job updated: 22993036
	22450  -  MemoryUsage of job (MB)
	22988080  -  ResidentSetSize of job (KB)
...
006 (5969386.009.000) 2026-08-03 13:08:08 Image size of job updated: 23864392
	22450  -  MemoryUsage of job (MB)
	22988080  -  ResidentSetSize of job (KB)
...
006 (5969386.009.000) 2026-08-03 13:18:10 Image size of job updated: 24483768
	22450  -  MemoryUsage of job (MB)
	22988080  -  ResidentSetSize of job (KB)
...
006 (5969386.009.000) 2026-08-03 13:28:11 Image size of job updated: 24830480
	22450  -  MemoryUsage of job (MB)
	22988080  -  ResidentSetSize of job (KB)
...
040 (5969386.009.000) 2026-08-03 13:56:16 Started transferring output files
...
040 (5969386.009.000) 2026-08-03 13:56:16 Finished transferring output files
...
005 (5969386.009.000) 2026-08-03 13:56:18 Job terminated.
	(1) Normal termination (return value 0)
		Usr 0 01:13:06, Sys 0 00:00:32  -  Run Remote Usage
		Usr 0 00:00:00, Sys 0 00:00:00  -  Run Local Usage
		Usr 0 01:13:06, Sys 0 00:00:32  -  Total Remote Usage
		Usr 0 00:00:00, Sys 0 00:00:00  -  Total Local Usage
	1542627  -  Run Bytes Sent By Job
	7634787985  -  Run Bytes Received By Job
	1542627  -  Total Bytes Sent By Job
	7634787985  -  Total Bytes Received By Job
	Partitionable Resources :       Usage  Request Allocated Assigned
	   Cpus                 :        1.07        2         2 
	   Disk (KB)            : 12019896    31457280  31457280 
	   GPUs                 :        0.00        1         1 "GPU-08f96c4f"
	   GpusMemory (MB)      :     1689                       
	   IoHeavy              :                              0 
	   Memory (MB)          :    22450       49152     49152 
	   TimeExecute (s)      :     4098                       
	   TimeSlotBusy (s)     :     4124                       
...
