==================================================
Experiment: rotate_then_shift
Running on: gpu5000.chtc.wisc.edu
Working directory: /var/lib/condor/execute/slot2/dir_2987925/scratch
CUDA_VISIBLE_DEVICES: GPU-2941f50b-b6f6-a3bf-9e63-6adfbc028325
Rotation mode: uniform
Rotation: 0.3926990817
Energy noise: 0.05
XYZ noise: 5.0
Shift std: 2.0
Crop fraction: 0.0
Augmentation order: rotate+shift+energy_noise+xyz_noise
Learning rate: 0.0003
Weight decay: 0.0001
Batch size: 32
Temperature: 0.07
Seed: 42
==================================================
Extracting source code...
Extracting ColliderML data...
Checking GPU...
PyTorch: 2.4.1+cu121
CUDA build: 12.1
CUDA available: True
GPU: NVIDIA H200
Starting formal training...
Experiment configuration:
  arch: gnn
  batch_size: 32
  crop_fraction: 0.0
  data_dir: /var/lib/condor/execute/slot2/dir_2987925/scratch/colliderml-data
  dataset_name: colliderml
  disable_cuda: False
  energy_noise: 0.05
  epochs: 18
  experiment_name: rotate_then_shift
  feat_dim: 4
  fp16_precision: False
  gravnet_k: 8
  hidden_dim: 16
  latent_dim: 64
  log_every_n_steps: 100
  lr: 0.0003
  n_views: 2
  out_dim: 32
  output_dir: /var/lib/condor/execute/slot2/dir_2987925/scratch/outputs
  proj_dim: 32
  propagate_dim: 16
  resume: None
  rotation: 0.3926990817
  rotation_mode: uniform
  seed: 42
  shift_std: 2.0
  space_dim: 4
  split: ttbar_ggf_total3000
  temperature: 0.07
  train_augmentation_order: rotate+shift+energy_noise+xyz_noise
  trainevents: 1500
  weight_decay: 0.0001
  workers: 0
  xyz_noise: 5.0
ColliderML data directory: /var/lib/condor/execute/slot2/dir_2987925/scratch/colliderml-data
Training augmentation pipeline: rotate -> shift -> energy_noise -> xyz_noise
Evaluation augmentation pipeline: rotate -> energy_noise -> xyz_noise
Dataset split: train=2400, val=300, test=300
Data preprocessing working fine.
Trainable parameters: 59020
Training output directory: /var/lib/condor/execute/slot2/dir_2987925/scratch/outputs/rotate_then_shift
Training device: cuda
Saved new best checkpoint: /var/lib/condor/execute/slot2/dir_2987925/scratch/outputs/rotate_then_shift/checkpoints/best.pt
Epoch 1/18 | train_loss=2.213266 | val_loss=1.563282 | best_val_loss=1.563282 | lr=0.00030000
Saved new best checkpoint: /var/lib/condor/execute/slot2/dir_2987925/scratch/outputs/rotate_then_shift/checkpoints/best.pt
Epoch 2/18 | train_loss=1.547616 | val_loss=1.412887 | best_val_loss=1.412887 | lr=0.00029772
Saved new best checkpoint: /var/lib/condor/execute/slot2/dir_2987925/scratch/outputs/rotate_then_shift/checkpoints/best.pt
Epoch 3/18 | train_loss=1.264352 | val_loss=1.044877 | best_val_loss=1.044877 | lr=0.00029095
Saved new best checkpoint: /var/lib/condor/execute/slot2/dir_2987925/scratch/outputs/rotate_then_shift/checkpoints/best.pt
Epoch 4/18 | train_loss=1.032826 | val_loss=0.901949 | best_val_loss=0.901949 | lr=0.00027990
Saved new best checkpoint: /var/lib/condor/execute/slot2/dir_2987925/scratch/outputs/rotate_then_shift/checkpoints/best.pt
Epoch 5/18 | train_loss=0.983279 | val_loss=0.827599 | best_val_loss=0.827599 | lr=0.00026491
Saved new best checkpoint: /var/lib/condor/execute/slot2/dir_2987925/scratch/outputs/rotate_then_shift/checkpoints/best.pt
Epoch 6/18 | train_loss=0.891339 | val_loss=0.758330 | best_val_loss=0.758330 | lr=0.00024642
Saved new best checkpoint: /var/lib/condor/execute/slot2/dir_2987925/scratch/outputs/rotate_then_shift/checkpoints/best.pt
Epoch 7/18 | train_loss=0.836437 | val_loss=0.651248 | best_val_loss=0.651248 | lr=0.00022500
Saved new best checkpoint: /var/lib/condor/execute/slot2/dir_2987925/scratch/outputs/rotate_then_shift/checkpoints/best.pt
Epoch 8/18 | train_loss=0.770002 | val_loss=0.645769 | best_val_loss=0.645769 | lr=0.00020130
Saved new best checkpoint: /var/lib/condor/execute/slot2/dir_2987925/scratch/outputs/rotate_then_shift/checkpoints/best.pt
Epoch 9/18 | train_loss=0.730126 | val_loss=0.645323 | best_val_loss=0.645323 | lr=0.00017605
Saved new best checkpoint: /var/lib/condor/execute/slot2/dir_2987925/scratch/outputs/rotate_then_shift/checkpoints/best.pt
Epoch 10/18 | train_loss=0.698757 | val_loss=0.596415 | best_val_loss=0.596415 | lr=0.00015000
Saved new best checkpoint: /var/lib/condor/execute/slot2/dir_2987925/scratch/outputs/rotate_then_shift/checkpoints/best.pt
Epoch 11/18 | train_loss=0.635048 | val_loss=0.569028 | best_val_loss=0.569028 | lr=0.00012395
Epoch 12/18 | train_loss=0.613402 | val_loss=0.579710 | best_val_loss=0.569028 | lr=0.00009870
Saved new best checkpoint: /var/lib/condor/execute/slot2/dir_2987925/scratch/outputs/rotate_then_shift/checkpoints/best.pt
Epoch 13/18 | train_loss=0.581603 | val_loss=0.518920 | best_val_loss=0.518920 | lr=0.00007500
Epoch 14/18 | train_loss=0.557060 | val_loss=0.525611 | best_val_loss=0.518920 | lr=0.00005358
Saved new best checkpoint: /var/lib/condor/execute/slot2/dir_2987925/scratch/outputs/rotate_then_shift/checkpoints/best.pt
Epoch 15/18 | train_loss=0.567128 | val_loss=0.489001 | best_val_loss=0.489001 | lr=0.00003509
Saved new best checkpoint: /var/lib/condor/execute/slot2/dir_2987925/scratch/outputs/rotate_then_shift/checkpoints/best.pt
Epoch 16/18 | train_loss=0.538497 | val_loss=0.481688 | best_val_loss=0.481688 | lr=0.00002010
Saved new best checkpoint: /var/lib/condor/execute/slot2/dir_2987925/scratch/outputs/rotate_then_shift/checkpoints/best.pt
Epoch 17/18 | train_loss=0.579877 | val_loss=0.472542 | best_val_loss=0.472542 | lr=0.00000905
Saved new best checkpoint: /var/lib/condor/execute/slot2/dir_2987925/scratch/outputs/rotate_then_shift/checkpoints/best.pt
Epoch 18/18 | train_loss=0.524463 | val_loss=0.470053 | best_val_loss=0.470053 | lr=0.00000228
Loaded checkpoint: /var/lib/condor/execute/slot2/dir_2987925/scratch/outputs/rotate_then_shift/checkpoints/best.pt
Resume from epoch: 18
Best validation loss: 0.470053
Final test loss: 0.481296
Experiment rotate_then_shift completed successfully.
