==================================================
Experiment: no_energy_noise
Running on: gpu5000.chtc.wisc.edu
Working directory: /var/lib/condor/execute/slot2/dir_2974075/scratch
CUDA_VISIBLE_DEVICES: GPU-08f96c4f-e762-71a2-c44a-4bdcc4ada04a
Rotation mode: uniform
Rotation: 0.3926990817
Energy noise: 0.0
XYZ noise: 5.0
Shift std: 0.0
Crop fraction: 0.0
Augmentation order: rotate+xyz_noise
Learning rate: 0.0003
Weight decay: 0.0001
Batch size: 32
Temperature: 0.07
Seed: 42
==================================================
Extracting source code...
Extracting ColliderML data...
Checking GPU...
PyTorch: 2.4.1+cu121
CUDA build: 12.1
CUDA available: True
GPU: NVIDIA H200
Starting formal training...
Experiment configuration:
  arch: gnn
  batch_size: 32
  crop_fraction: 0.0
  data_dir: /var/lib/condor/execute/slot2/dir_2974075/scratch/colliderml-data
  dataset_name: colliderml
  disable_cuda: False
  energy_noise: 0.0
  epochs: 18
  experiment_name: no_energy_noise
  feat_dim: 4
  fp16_precision: False
  gravnet_k: 8
  hidden_dim: 16
  latent_dim: 64
  log_every_n_steps: 100
  lr: 0.0003
  n_views: 2
  out_dim: 32
  output_dir: /var/lib/condor/execute/slot2/dir_2974075/scratch/outputs
  proj_dim: 32
  propagate_dim: 16
  resume: None
  rotation: 0.3926990817
  rotation_mode: uniform
  seed: 42
  shift_std: 0.0
  space_dim: 4
  split: ttbar_ggf_total3000
  temperature: 0.07
  train_augmentation_order: rotate+xyz_noise
  trainevents: 1500
  weight_decay: 0.0001
  workers: 0
  xyz_noise: 5.0
ColliderML data directory: /var/lib/condor/execute/slot2/dir_2974075/scratch/colliderml-data
Training augmentation pipeline: rotate -> xyz_noise
Evaluation augmentation pipeline: rotate -> energy_noise -> xyz_noise
Dataset split: train=2400, val=300, test=300
Data preprocessing working fine.
Trainable parameters: 59020
Training output directory: /var/lib/condor/execute/slot2/dir_2974075/scratch/outputs/no_energy_noise
Training device: cuda
Saved new best checkpoint: /var/lib/condor/execute/slot2/dir_2974075/scratch/outputs/no_energy_noise/checkpoints/best.pt
Epoch 1/18 | train_loss=1.030613 | val_loss=2.840356 | best_val_loss=2.840356 | lr=0.00030000
Saved new best checkpoint: /var/lib/condor/execute/slot2/dir_2974075/scratch/outputs/no_energy_noise/checkpoints/best.pt
Epoch 2/18 | train_loss=0.369573 | val_loss=2.747049 | best_val_loss=2.747049 | lr=0.00029772
Saved new best checkpoint: /var/lib/condor/execute/slot2/dir_2974075/scratch/outputs/no_energy_noise/checkpoints/best.pt
Epoch 3/18 | train_loss=0.264953 | val_loss=2.654478 | best_val_loss=2.654478 | lr=0.00029095
Saved new best checkpoint: /var/lib/condor/execute/slot2/dir_2974075/scratch/outputs/no_energy_noise/checkpoints/best.pt
Epoch 4/18 | train_loss=0.230797 | val_loss=2.503822 | best_val_loss=2.503822 | lr=0.00027990
Epoch 5/18 | train_loss=0.161397 | val_loss=2.535835 | best_val_loss=2.503822 | lr=0.00026491
Saved new best checkpoint: /var/lib/condor/execute/slot2/dir_2974075/scratch/outputs/no_energy_noise/checkpoints/best.pt
Epoch 6/18 | train_loss=0.150470 | val_loss=2.475353 | best_val_loss=2.475353 | lr=0.00024642
Epoch 7/18 | train_loss=0.128336 | val_loss=2.566284 | best_val_loss=2.475353 | lr=0.00022500
Saved new best checkpoint: /var/lib/condor/execute/slot2/dir_2974075/scratch/outputs/no_energy_noise/checkpoints/best.pt
Epoch 8/18 | train_loss=0.100836 | val_loss=2.443248 | best_val_loss=2.443248 | lr=0.00020130
Saved new best checkpoint: /var/lib/condor/execute/slot2/dir_2974075/scratch/outputs/no_energy_noise/checkpoints/best.pt
Epoch 9/18 | train_loss=0.093229 | val_loss=2.357321 | best_val_loss=2.357321 | lr=0.00017605
Epoch 10/18 | train_loss=0.089392 | val_loss=2.413230 | best_val_loss=2.357321 | lr=0.00015000
Epoch 11/18 | train_loss=0.083025 | val_loss=2.608346 | best_val_loss=2.357321 | lr=0.00012395
Epoch 12/18 | train_loss=0.076571 | val_loss=2.511489 | best_val_loss=2.357321 | lr=0.00009870
Epoch 13/18 | train_loss=0.070202 | val_loss=2.571119 | best_val_loss=2.357321 | lr=0.00007500
Epoch 14/18 | train_loss=0.061982 | val_loss=2.560890 | best_val_loss=2.357321 | lr=0.00005358
Epoch 15/18 | train_loss=0.060937 | val_loss=2.605287 | best_val_loss=2.357321 | lr=0.00003509
Epoch 16/18 | train_loss=0.060900 | val_loss=2.552428 | best_val_loss=2.357321 | lr=0.00002010
Epoch 17/18 | train_loss=0.053891 | val_loss=2.588852 | best_val_loss=2.357321 | lr=0.00000905
Epoch 18/18 | train_loss=0.062330 | val_loss=2.582347 | best_val_loss=2.357321 | lr=0.00000228
Loaded checkpoint: /var/lib/condor/execute/slot2/dir_2974075/scratch/outputs/no_energy_noise/checkpoints/best.pt
Resume from epoch: 9
Best validation loss: 2.357321
Final test loss: 2.366648
Experiment no_energy_noise completed successfully.
