000 (6001695.008.000) 2026-08-06 11:25:27 Job submitted from host: <128.105.68.113:9618?addrs=128.105.68.113-9618+[2607-f388-2200-100-eaeb-d3ff-fea7-d05e]-9618&alias=ap2002.chtc.wisc.edu&noUDP&sock=schedd_7808_378f>
...
040 (6001695.008.000) 2026-08-06 11:33:51 Started transferring input files
	Transferring to host: <128.105.68.23:9618?addrs=128.105.68.23-9618+[2607-f388-2200-100-3eec-efff-fe0c-50a0]-9618&alias=gpulab2004.chtc.wisc.edu&noUDP&sock=slot2_3_1165934_ba6d_17115>
...
040 (6001695.008.000) 2026-08-06 11:34:16 Finished transferring input files
...
001 (6001695.008.000) 2026-08-06 11:34:16 Job executing on host: <128.105.68.23:9618?addrs=128.105.68.23-9618+[2607-f388-2200-100-3eec-efff-fe0c-50a0]-9618&alias=gpulab2004.chtc.wisc.edu&noUDP&sock=startd_2444796_48fa>
	SlotName: slot2_3@gpulab2004.chtc.wisc.edu
	AvailableGPUs = { GPUs_GPU_8f9c2d75 }
	CondorScratchDir = "/var/lib/condor/execute/slot2/dir_926904/scratch"
	Cpus = 2
	Disk = 31457280
	GPUs = 1
	GPUs_GPU_8f9c2d75 = [ Id = "GPU-8f9c2d75"; Capability = 8.0; DeviceName = "NVIDIA A100-SXM4-40GB"; DeviceUuid = "8f9c2d75-1b7d-5026-b177-283d13ddbb90"; ECCEnabled = true; NvidiaDriver = "570.195.03"; DriverVersion = 12.8; DevicePciBusId = "0000:81:00.0"; GlobalMemoryMb = 40442; MaxSupportedVersion = 12080 ]
	IoHeavy = 0
	Memory = 65536
...
006 (6001695.008.000) 2026-08-06 11:34:25 Image size of job updated: 22028
	22  -  MemoryUsage of job (MB)
	22028  -  ResidentSetSize of job (KB)
...
006 (6001695.008.000) 2026-08-06 11:37:03 Image size of job updated: 12387308
	22  -  MemoryUsage of job (MB)
	22028  -  ResidentSetSize of job (KB)
...
040 (6001695.008.000) 2026-08-06 11:37:03 Started transferring output files
...
040 (6001695.008.000) 2026-08-06 11:37:03 Finished transferring output files
...
005 (6001695.008.000) 2026-08-06 11:37:07 Job terminated.
	(1) Normal termination (return value 0)
		Usr 0 00:02:46, Sys 0 00:00:26  -  Run Remote Usage
		Usr 0 00:00:00, Sys 0 00:00:00  -  Run Local Usage
		Usr 0 00:02:46, Sys 0 00:00:26  -  Total Remote Usage
		Usr 0 00:00:00, Sys 0 00:00:00  -  Total Local Usage
	731425  -  Run Bytes Sent By Job
	7636254860  -  Run Bytes Received By Job
	731425  -  Total Bytes Sent By Job
	7636254860  -  Total Bytes Received By Job
	Partitionable Resources :    Usage  Request Allocated Assigned
	   Cpus                 :        0        2         2 
	   Disk (KB)            : 12021380 31457280  31457280 
	   GPUs                 :        0        1         1 "GPU-8f9c2d75"
	   IoHeavy              :                           0 
	   Memory (MB)          :       22    65536     65536 
	   TimeExecute (s)      :      167                    
	   TimeSlotBusy (s)     :      192                    
...
