Running linear probe for: energy_noise_010
Experiment: energy_noise_010
Checkpoint: ./energy_noise_010/checkpoints/best.pt
Data directory: ./colliderml-data
Output directory: classifier_output/energy_noise_010
Epoch 001 | train_loss=0.677902 | val_loss=0.679537 | train_acc=0.6092 | val_acc=0.6467
Epoch 002 | train_loss=0.666538 | val_loss=0.668059 | train_acc=0.6183 | val_acc=0.6667
Epoch 003 | train_loss=0.655444 | val_loss=0.656876 | train_acc=0.6271 | val_acc=0.6667
Epoch 004 | train_loss=0.644624 | val_loss=0.645990 | train_acc=0.6396 | val_acc=0.6767
Epoch 005 | train_loss=0.634081 | val_loss=0.635405 | train_acc=0.6538 | val_acc=0.6833
Epoch 006 | train_loss=0.623818 | val_loss=0.625122 | train_acc=0.6621 | val_acc=0.6867
Epoch 007 | train_loss=0.613838 | val_loss=0.615142 | train_acc=0.6783 | val_acc=0.6967
Epoch 008 | train_loss=0.604142 | val_loss=0.605467 | train_acc=0.6875 | val_acc=0.7000
Epoch 009 | train_loss=0.594731 | val_loss=0.596095 | train_acc=0.6988 | val_acc=0.7033
Epoch 010 | train_loss=0.585605 | val_loss=0.587025 | train_acc=0.7067 | val_acc=0.7133
Epoch 011 | train_loss=0.576764 | val_loss=0.578257 | train_acc=0.7154 | val_acc=0.7233
Epoch 012 | train_loss=0.568205 | val_loss=0.569787 | train_acc=0.7200 | val_acc=0.7267
Epoch 013 | train_loss=0.559928 | val_loss=0.561613 | train_acc=0.7267 | val_acc=0.7367
Epoch 014 | train_loss=0.551929 | val_loss=0.553732 | train_acc=0.7312 | val_acc=0.7400
Epoch 015 | train_loss=0.544206 | val_loss=0.546138 | train_acc=0.7371 | val_acc=0.7400
Epoch 016 | train_loss=0.536754 | val_loss=0.538829 | train_acc=0.7425 | val_acc=0.7433
Epoch 017 | train_loss=0.529569 | val_loss=0.531798 | train_acc=0.7479 | val_acc=0.7533
Epoch 018 | train_loss=0.522647 | val_loss=0.525041 | train_acc=0.7533 | val_acc=0.7633
Epoch 019 | train_loss=0.515983 | val_loss=0.518551 | train_acc=0.7583 | val_acc=0.7767
Epoch 020 | train_loss=0.509571 | val_loss=0.512322 | train_acc=0.7650 | val_acc=0.7800
Epoch 021 | train_loss=0.503405 | val_loss=0.506348 | train_acc=0.7700 | val_acc=0.7867
Epoch 022 | train_loss=0.497479 | val_loss=0.500620 | train_acc=0.7771 | val_acc=0.7933
Epoch 023 | train_loss=0.491787 | val_loss=0.495132 | train_acc=0.7808 | val_acc=0.7933
Epoch 024 | train_loss=0.486320 | val_loss=0.489876 | train_acc=0.7854 | val_acc=0.7967
Epoch 025 | train_loss=0.481074 | val_loss=0.484844 | train_acc=0.7921 | val_acc=0.7967
Epoch 026 | train_loss=0.476040 | val_loss=0.480027 | train_acc=0.7967 | val_acc=0.8033
Epoch 027 | train_loss=0.471211 | val_loss=0.475418 | train_acc=0.7992 | val_acc=0.8067
Epoch 028 | train_loss=0.466579 | val_loss=0.471009 | train_acc=0.8021 | val_acc=0.8100
Epoch 029 | train_loss=0.462138 | val_loss=0.466791 | train_acc=0.8062 | val_acc=0.8100
Epoch 030 | train_loss=0.457880 | val_loss=0.462755 | train_acc=0.8079 | val_acc=0.8167
Epoch 031 | train_loss=0.453798 | val_loss=0.458895 | train_acc=0.8083 | val_acc=0.8200
Epoch 032 | train_loss=0.449885 | val_loss=0.455202 | train_acc=0.8125 | val_acc=0.8300
Epoch 033 | train_loss=0.446133 | val_loss=0.451668 | train_acc=0.8154 | val_acc=0.8367
Epoch 034 | train_loss=0.442537 | val_loss=0.448286 | train_acc=0.8179 | val_acc=0.8367
Epoch 035 | train_loss=0.439088 | val_loss=0.445049 | train_acc=0.8200 | val_acc=0.8367
Epoch 036 | train_loss=0.435781 | val_loss=0.441950 | train_acc=0.8208 | val_acc=0.8367
Epoch 037 | train_loss=0.432610 | val_loss=0.438982 | train_acc=0.8238 | val_acc=0.8367
Epoch 038 | train_loss=0.429568 | val_loss=0.436139 | train_acc=0.8254 | val_acc=0.8400
Epoch 039 | train_loss=0.426649 | val_loss=0.433414 | train_acc=0.8288 | val_acc=0.8433
Epoch 040 | train_loss=0.423849 | val_loss=0.430803 | train_acc=0.8300 | val_acc=0.8433
Epoch 041 | train_loss=0.421161 | val_loss=0.428299 | train_acc=0.8304 | val_acc=0.8467
Epoch 042 | train_loss=0.418581 | val_loss=0.425898 | train_acc=0.8321 | val_acc=0.8467
Epoch 043 | train_loss=0.416103 | val_loss=0.423594 | train_acc=0.8354 | val_acc=0.8500
Epoch 044 | train_loss=0.413723 | val_loss=0.421382 | train_acc=0.8354 | val_acc=0.8567
Epoch 045 | train_loss=0.411437 | val_loss=0.419259 | train_acc=0.8367 | val_acc=0.8567
Epoch 046 | train_loss=0.409239 | val_loss=0.417219 | train_acc=0.8388 | val_acc=0.8533
Epoch 047 | train_loss=0.407127 | val_loss=0.415259 | train_acc=0.8392 | val_acc=0.8500
Epoch 048 | train_loss=0.405096 | val_loss=0.413375 | train_acc=0.8442 | val_acc=0.8500
Epoch 049 | train_loss=0.403142 | val_loss=0.411563 | train_acc=0.8462 | val_acc=0.8467
Epoch 050 | train_loss=0.401262 | val_loss=0.409820 | train_acc=0.8471 | val_acc=0.8500
Epoch 051 | train_loss=0.399452 | val_loss=0.408143 | train_acc=0.8479 | val_acc=0.8500
Epoch 052 | train_loss=0.397710 | val_loss=0.406528 | train_acc=0.8475 | val_acc=0.8500
Epoch 053 | train_loss=0.396032 | val_loss=0.404973 | train_acc=0.8483 | val_acc=0.8500
Epoch 054 | train_loss=0.394415 | val_loss=0.403474 | train_acc=0.8496 | val_acc=0.8500
Epoch 055 | train_loss=0.392857 | val_loss=0.402029 | train_acc=0.8496 | val_acc=0.8500
Epoch 056 | train_loss=0.391355 | val_loss=0.400635 | train_acc=0.8512 | val_acc=0.8533
Epoch 057 | train_loss=0.389906 | val_loss=0.399290 | train_acc=0.8517 | val_acc=0.8533
Epoch 058 | train_loss=0.388509 | val_loss=0.397992 | train_acc=0.8525 | val_acc=0.8533
Epoch 059 | train_loss=0.387160 | val_loss=0.396739 | train_acc=0.8542 | val_acc=0.8533
Epoch 060 | train_loss=0.385858 | val_loss=0.395528 | train_acc=0.8537 | val_acc=0.8533
Epoch 061 | train_loss=0.384601 | val_loss=0.394357 | train_acc=0.8542 | val_acc=0.8533
Epoch 062 | train_loss=0.383387 | val_loss=0.393226 | train_acc=0.8546 | val_acc=0.8533
Epoch 063 | train_loss=0.382214 | val_loss=0.392131 | train_acc=0.8558 | val_acc=0.8533
Epoch 064 | train_loss=0.381080 | val_loss=0.391072 | train_acc=0.8562 | val_acc=0.8533
Epoch 065 | train_loss=0.379983 | val_loss=0.390047 | train_acc=0.8558 | val_acc=0.8533
Epoch 066 | train_loss=0.378923 | val_loss=0.389053 | train_acc=0.8558 | val_acc=0.8533
Epoch 067 | train_loss=0.377897 | val_loss=0.388091 | train_acc=0.8562 | val_acc=0.8533
Epoch 068 | train_loss=0.376904 | val_loss=0.387159 | train_acc=0.8562 | val_acc=0.8533
Epoch 069 | train_loss=0.375943 | val_loss=0.386255 | train_acc=0.8562 | val_acc=0.8567
Epoch 070 | train_loss=0.375012 | val_loss=0.385378 | train_acc=0.8571 | val_acc=0.8600
Epoch 071 | train_loss=0.374111 | val_loss=0.384528 | train_acc=0.8575 | val_acc=0.8600
Epoch 072 | train_loss=0.373237 | val_loss=0.383702 | train_acc=0.8575 | val_acc=0.8600
Epoch 073 | train_loss=0.372391 | val_loss=0.382900 | train_acc=0.8579 | val_acc=0.8600
Epoch 074 | train_loss=0.371570 | val_loss=0.382122 | train_acc=0.8587 | val_acc=0.8600
Epoch 075 | train_loss=0.370774 | val_loss=0.381366 | train_acc=0.8587 | val_acc=0.8600
Epoch 076 | train_loss=0.370002 | val_loss=0.380631 | train_acc=0.8596 | val_acc=0.8600
Epoch 077 | train_loss=0.369253 | val_loss=0.379916 | train_acc=0.8592 | val_acc=0.8600
Epoch 078 | train_loss=0.368526 | val_loss=0.379221 | train_acc=0.8600 | val_acc=0.8600
Epoch 079 | train_loss=0.367820 | val_loss=0.378545 | train_acc=0.8608 | val_acc=0.8600
Epoch 080 | train_loss=0.367135 | val_loss=0.377887 | train_acc=0.8617 | val_acc=0.8600
Epoch 081 | train_loss=0.366469 | val_loss=0.377246 | train_acc=0.8612 | val_acc=0.8600
Epoch 082 | train_loss=0.365822 | val_loss=0.376622 | train_acc=0.8612 | val_acc=0.8600
Epoch 083 | train_loss=0.365193 | val_loss=0.376015 | train_acc=0.8617 | val_acc=0.8600
Epoch 084 | train_loss=0.364582 | val_loss=0.375422 | train_acc=0.8617 | val_acc=0.8600
Epoch 085 | train_loss=0.363988 | val_loss=0.374845 | train_acc=0.8621 | val_acc=0.8600
Epoch 086 | train_loss=0.363410 | val_loss=0.374283 | train_acc=0.8629 | val_acc=0.8600
Epoch 087 | train_loss=0.362848 | val_loss=0.373734 | train_acc=0.8637 | val_acc=0.8600
Epoch 088 | train_loss=0.362301 | val_loss=0.373198 | train_acc=0.8637 | val_acc=0.8600
Epoch 089 | train_loss=0.361769 | val_loss=0.372676 | train_acc=0.8642 | val_acc=0.8600
Epoch 090 | train_loss=0.361251 | val_loss=0.372166 | train_acc=0.8646 | val_acc=0.8600
Epoch 091 | train_loss=0.360746 | val_loss=0.371668 | train_acc=0.8642 | val_acc=0.8567
Epoch 092 | train_loss=0.360255 | val_loss=0.371181 | train_acc=0.8650 | val_acc=0.8567
Epoch 093 | train_loss=0.359776 | val_loss=0.370706 | train_acc=0.8658 | val_acc=0.8567
Epoch 094 | train_loss=0.359310 | val_loss=0.370242 | train_acc=0.8658 | val_acc=0.8567
Epoch 095 | train_loss=0.358855 | val_loss=0.369789 | train_acc=0.8658 | val_acc=0.8567
Epoch 096 | train_loss=0.358412 | val_loss=0.369346 | train_acc=0.8658 | val_acc=0.8567
Epoch 097 | train_loss=0.357980 | val_loss=0.368912 | train_acc=0.8662 | val_acc=0.8567
Epoch 098 | train_loss=0.357558 | val_loss=0.368488 | train_acc=0.8662 | val_acc=0.8567
Epoch 099 | train_loss=0.357147 | val_loss=0.368074 | train_acc=0.8667 | val_acc=0.8567
Epoch 100 | train_loss=0.356746 | val_loss=0.367668 | train_acc=0.8671 | val_acc=0.8533

Classifier results
Best epoch: 100
Test accuracy: 0.8133
Test ROC-AUC: 0.9347
Completed: energy_noise_010
