000 (6001695.005.000) 2026-08-06 11:25:27 Job submitted from host: <128.105.68.113:9618?addrs=128.105.68.113-9618+[2607-f388-2200-100-eaeb-d3ff-fea7-d05e]-9618&alias=ap2002.chtc.wisc.edu&noUDP&sock=schedd_7808_378f>
...
040 (6001695.005.000) 2026-08-06 11:31:04 Started transferring input files
	Transferring to host: <128.105.68.103:9618?addrs=128.105.68.103-9618+[2607-f388-2200-100-1270-fdff-fe74-930]-9618&alias=gpu2011.chtc.wisc.edu&noUDP&sock=slot2_2_181405_fbaa_22584>
...
040 (6001695.005.000) 2026-08-06 11:32:01 Finished transferring input files
...
001 (6001695.005.000) 2026-08-06 11:32:06 Job executing on host: <128.105.68.103:9618?addrs=128.105.68.103-9618+[2607-f388-2200-100-1270-fdff-fe74-930]-9618&alias=gpu2011.chtc.wisc.edu&noUDP&sock=startd_12054_9eaf>
	SlotName: slot2_2@gpu2011.chtc.wisc.edu
	AvailableGPUs = { GPUs_MIG_25b92ee8_5c00_5bbc_a674_ac7ab456da1e }
	CondorScratchDir = "/var/lib/condor/execute/slot2/dir_2691476/scratch"
	Cpus = 2
	Disk = 31457280
	GPUs = 1
	GPUs_MIG_25b92ee8_5c00_5bbc_a674_ac7ab456da1e = [ Id = "MIG-25b92ee8-5c00-5bbc-a674-ac7ab456da1e"; Capability = 8.0; DeviceName = "NVIDIA A100-SXM4-80GB MIG 3g.40gb"; DeviceUuid = "MIG-25b92ee8-5c00-5bbc-a674-ac7ab456da1e"; ECCEnabled = true; NvidiaDriver = "570.195.03"; DriverVersion = 12.8; DevicePciBusId = "0000:81:00.0"; GlobalMemoryMb = 40100; MaxSupportedVersion = 12080 ]
	IoHeavy = 0
	Memory = 65536
...
006 (6001695.005.000) 2026-08-06 11:32:15 Image size of job updated: 21972
	22  -  MemoryUsage of job (MB)
	21972  -  ResidentSetSize of job (KB)
...
006 (6001695.005.000) 2026-08-06 11:34:21 Image size of job updated: 12330720
	22  -  MemoryUsage of job (MB)
	21972  -  ResidentSetSize of job (KB)
...
040 (6001695.005.000) 2026-08-06 11:34:21 Started transferring output files
...
040 (6001695.005.000) 2026-08-06 11:34:21 Finished transferring output files
...
005 (6001695.005.000) 2026-08-06 11:34:24 Job terminated.
	(1) Normal termination (return value 0)
		Usr 0 00:02:20, Sys 0 00:00:23  -  Run Remote Usage
		Usr 0 00:00:00, Sys 0 00:00:00  -  Run Local Usage
		Usr 0 00:02:20, Sys 0 00:00:23  -  Total Remote Usage
		Usr 0 00:00:00, Sys 0 00:00:00  -  Total Local Usage
	731487  -  Run Bytes Sent By Job
	7636253210  -  Run Bytes Received By Job
	731487  -  Total Bytes Sent By Job
	7636253210  -  Total Bytes Received By Job
	Partitionable Resources :       Usage  Request Allocated Assigned
	   Cpus                 :        0.89        2         2 
	   Disk (KB)            : 12020915    31457280  31457280 
	   GPUs                 :                    1         1 "MIG-25b92ee8-5c00-5bbc-a674-ac7ab456da1e"
	   IoHeavy              :                              0 
	   Memory (MB)          :       22       65536     65536 
	   TimeExecute (s)      :      135                       
	   TimeSlotBusy (s)     :      197                       
...
