000 (6028200.014.000) 2026-08-13 14:54:32 Job submitted from host: <128.105.68.113:9618?addrs=128.105.68.113-9618+[2607-f388-2200-100-eaeb-d3ff-fea7-d05e]-9618&alias=ap2002.chtc.wisc.edu&noUDP&sock=schedd_7808_378f>
    [ JobBatchName = "gravnet_pairwise_augmentation_sweep_20260812" ]
...
040 (6028200.014.000) 2026-08-13 15:24:53 Started transferring input files
	Transferring to host: <128.105.76.47:9618?addrs=128.105.76.47-9618+[2607-f388-2200-100-527c-6fff-fe82-826a]-9618&alias=gpu4006.chtc.wisc.edu&noUDP&sock=slot2_5_43217_0936_45982>
...
040 (6028200.014.000) 2026-08-13 15:25:13 Finished transferring input files
...
001 (6028200.014.000) 2026-08-13 15:25:13 Job executing on host: <128.105.76.47:9618?addrs=128.105.76.47-9618+[2607-f388-2200-100-527c-6fff-fe82-826a]-9618&alias=gpu4006.chtc.wisc.edu&noUDP&sock=startd_4136466_32af>
	SlotName: slot2_5@gpu4006.chtc.wisc.edu
	AvailableGPUs = { GPUs_GPU_1cd9ff5a }
	CondorScratchDir = "/var/lib/condor/execute/slot2/dir_2757792/scratch"
	Cpus = 2
	Disk = 31457280
	GPUs = 1
	GPUs_GPU_1cd9ff5a = [ Id = "GPU-1cd9ff5a"; Capability = 8.9; DeviceName = "NVIDIA L40S"; DeviceUuid = "1cd9ff5a-a59d-e99d-595f-90985613bdb6"; ECCEnabled = true; NvidiaDriver = "590.48.01"; DriverVersion = 13.1; DevicePciBusId = "0000:81:00.0"; GlobalMemoryMb = 45460; MaxSupportedVersion = 13010 ]
	IoHeavy = 0
	Memory = 65536
...
006 (6028200.014.000) 2026-08-13 15:25:22 Image size of job updated: 40620
	40  -  MemoryUsage of job (MB)
	40620  -  ResidentSetSize of job (KB)
...
006 (6028200.014.000) 2026-08-13 15:30:22 Image size of job updated: 26623292
	25997  -  MemoryUsage of job (MB)
	26620288  -  ResidentSetSize of job (KB)
...
006 (6028200.014.000) 2026-08-13 15:35:22 Image size of job updated: 26630352
	26000  -  MemoryUsage of job (MB)
	26623500  -  ResidentSetSize of job (KB)
...
006 (6028200.014.000) 2026-08-13 15:40:23 Image size of job updated: 26637056
	26005  -  MemoryUsage of job (MB)
	26628104  -  ResidentSetSize of job (KB)
...
006 (6028200.014.000) 2026-08-13 15:50:24 Image size of job updated: 26637056
	26005  -  MemoryUsage of job (MB)
	26628428  -  ResidentSetSize of job (KB)
...
006 (6028200.014.000) 2026-08-13 15:55:25 Image size of job updated: 26637056
	26010  -  MemoryUsage of job (MB)
	26633684  -  ResidentSetSize of job (KB)
...
006 (6028200.014.000) 2026-08-13 16:00:25 Image size of job updated: 26638732
	26010  -  MemoryUsage of job (MB)
	26633684  -  ResidentSetSize of job (KB)
...
006 (6028200.014.000) 2026-08-13 16:05:26 Image size of job updated: 26638732
	26012  -  MemoryUsage of job (MB)
	26635692  -  ResidentSetSize of job (KB)
...
006 (6028200.014.000) 2026-08-13 16:10:26 Image size of job updated: 27622024
	26012  -  MemoryUsage of job (MB)
	26635920  -  ResidentSetSize of job (KB)
...
040 (6028200.014.000) 2026-08-13 17:00:02 Started transferring output files
...
040 (6028200.014.000) 2026-08-13 17:00:02 Finished transferring output files
...
005 (6028200.014.000) 2026-08-13 17:00:05 Job terminated.
	(1) Normal termination (return value 0)
		Usr 0 01:47:07, Sys 0 00:00:54  -  Run Remote Usage
		Usr 0 00:00:00, Sys 0 00:00:00  -  Run Local Usage
		Usr 0 01:47:07, Sys 0 00:00:54  -  Total Remote Usage
		Usr 0 00:00:00, Sys 0 00:00:00  -  Total Local Usage
	1596278  -  Run Bytes Sent By Job
	9725079282  -  Run Bytes Received By Job
	1596278  -  Total Bytes Sent By Job
	9725079282  -  Total Bytes Received By Job
	Partitionable Resources :       Usage  Request Allocated Assigned
	   Cpus                 :        1.13        2         2 
	   Disk (KB)            : 16321760    31457280  31457280 
	   GPUs                 :        0.00        1         1 "GPU-1cd9ff5a"
	   GpusMemory (MB)      :     1587                       
	   IoHeavy              :                              0 
	   Memory (MB)          :    26012       65536     65536 
	   TimeExecute (s)      :     5689                       
	   TimeSlotBusy (s)     :     5710                       
...
