==================================================
Experiment: ggf_ttbar_rxsc
Processes: ggf vs ttbar
Events per channel: 2500
Running on: gpu4000
Working directory: /var/lib/condor/execute/slot2/dir_3138065/scratch
CUDA_VISIBLE_DEVICES: GPU-5d7c2345-600f-7ffc-d007-4c550ea1a345
Rotation mode: uniform
Rotation: 0.3926990817
Energy noise: 0.0 GeV
XYZ noise: 5.0 mm
Shift std: 2.0 mm
Crop fraction: 0.5
Augmentation order: rotate+xyz_noise+shift+crop
Learning rate: 0.0003
Weight decay: 0.0001
Batch size: 32
Temperature: 0.07
Seed: 42
==================================================
Extracting source code...
Extracting ColliderML data...
Training script: src/train_colliderml_planar_pairwise.py
ColliderML data directory: /var/lib/condor/execute/slot2/dir_3138065/scratch/colliderml-data
PyTorch: 2.4.1+cu121
CUDA build: 12.1
CUDA available: True
GPU: NVIDIA L40
Starting pretraining...
Experiment configuration:
  arch: gnn
  batch_size: 32
  channel_a: ggf
  channel_b: ttbar
  crop_fraction: 0.5
  data_dir: /var/lib/condor/execute/slot2/dir_3138065/scratch/colliderml-data
  dataset_name: colliderml
  disable_cuda: False
  energy_noise: 0.0
  epochs: 18
  events_per_channel: 2500
  experiment_name: ggf_ttbar_rxsc
  feat_dim: 4
  fp16_precision: False
  gravnet_k: 8
  hidden_dim: 16
  latent_dim: 64
  log_every_n_steps: 100
  lr: 0.0003
  n_views: 2
  out_dim: 32
  output_dir: /var/lib/condor/execute/slot2/dir_3138065/scratch/outputs
  proj_dim: 32
  propagate_dim: 16
  resume: None
  rotation: 0.3926990817
  rotation_mode: uniform
  seed: 42
  shift_std: 2.0
  space_dim: 4
  split: ggf_vs_ttbar_total5000
  temperature: 0.07
  train_augmentation_order: rotate+xyz_noise+shift+crop
  weight_decay: 0.0001
  workers: 0
  xyz_noise: 5.0
ColliderML data directory: /var/lib/condor/execute/slot2/dir_3138065/scratch/colliderml-data
Loaded 2500 events from channel ggf.
Loaded 2500 events from channel ttbar.
Training augmentation pipeline: rotate -> xyz_noise -> shift -> crop
Evaluation augmentation pipeline: rotate -> xyz_noise -> shift -> crop
Evaluation augmentation pipeline: rotate -> energy_noise -> xyz_noise
Dataset split: train=3000, val=1000, test=1000
Data preprocessing working fine.
Trainable parameters: 59020
Training output directory: /var/lib/condor/execute/slot2/dir_3138065/scratch/outputs/ggf_ttbar_rxsc
Training device: cuda
Saved new best checkpoint: /var/lib/condor/execute/slot2/dir_3138065/scratch/outputs/ggf_ttbar_rxsc/checkpoints/best.pt
Epoch 1/18 | train_loss=1.874481 | val_loss=1.091852 | best_val_loss=1.091852 | lr=0.00030000
Saved new best checkpoint: /var/lib/condor/execute/slot2/dir_3138065/scratch/outputs/ggf_ttbar_rxsc/checkpoints/best.pt
Epoch 2/18 | train_loss=0.940648 | val_loss=0.762883 | best_val_loss=0.762883 | lr=0.00029772
Saved new best checkpoint: /var/lib/condor/execute/slot2/dir_3138065/scratch/outputs/ggf_ttbar_rxsc/checkpoints/best.pt
Epoch 3/18 | train_loss=0.640823 | val_loss=0.504467 | best_val_loss=0.504467 | lr=0.00029095
Saved new best checkpoint: /var/lib/condor/execute/slot2/dir_3138065/scratch/outputs/ggf_ttbar_rxsc/checkpoints/best.pt
Epoch 4/18 | train_loss=0.499356 | val_loss=0.482770 | best_val_loss=0.482770 | lr=0.00027990
Saved new best checkpoint: /var/lib/condor/execute/slot2/dir_3138065/scratch/outputs/ggf_ttbar_rxsc/checkpoints/best.pt
Epoch 5/18 | train_loss=0.388138 | val_loss=0.321550 | best_val_loss=0.321550 | lr=0.00026491
Saved new best checkpoint: /var/lib/condor/execute/slot2/dir_3138065/scratch/outputs/ggf_ttbar_rxsc/checkpoints/best.pt
Epoch 6/18 | train_loss=0.343031 | val_loss=0.286193 | best_val_loss=0.286193 | lr=0.00024642
Saved new best checkpoint: /var/lib/condor/execute/slot2/dir_3138065/scratch/outputs/ggf_ttbar_rxsc/checkpoints/best.pt
Epoch 7/18 | train_loss=0.273900 | val_loss=0.246344 | best_val_loss=0.246344 | lr=0.00022500
Epoch 8/18 | train_loss=0.253507 | val_loss=0.276230 | best_val_loss=0.246344 | lr=0.00020130
Saved new best checkpoint: /var/lib/condor/execute/slot2/dir_3138065/scratch/outputs/ggf_ttbar_rxsc/checkpoints/best.pt
Epoch 9/18 | train_loss=0.198810 | val_loss=0.206156 | best_val_loss=0.206156 | lr=0.00017605
Saved new best checkpoint: /var/lib/condor/execute/slot2/dir_3138065/scratch/outputs/ggf_ttbar_rxsc/checkpoints/best.pt
Epoch 10/18 | train_loss=0.176352 | val_loss=0.188493 | best_val_loss=0.188493 | lr=0.00015000
Epoch 11/18 | train_loss=0.163125 | val_loss=0.225980 | best_val_loss=0.188493 | lr=0.00012395
Saved new best checkpoint: /var/lib/condor/execute/slot2/dir_3138065/scratch/outputs/ggf_ttbar_rxsc/checkpoints/best.pt
Epoch 12/18 | train_loss=0.162150 | val_loss=0.176453 | best_val_loss=0.176453 | lr=0.00009870
Saved new best checkpoint: /var/lib/condor/execute/slot2/dir_3138065/scratch/outputs/ggf_ttbar_rxsc/checkpoints/best.pt
Epoch 13/18 | train_loss=0.137697 | val_loss=0.158420 | best_val_loss=0.158420 | lr=0.00007500
Saved new best checkpoint: /var/lib/condor/execute/slot2/dir_3138065/scratch/outputs/ggf_ttbar_rxsc/checkpoints/best.pt
Epoch 14/18 | train_loss=0.138437 | val_loss=0.148298 | best_val_loss=0.148298 | lr=0.00005358
Saved new best checkpoint: /var/lib/condor/execute/slot2/dir_3138065/scratch/outputs/ggf_ttbar_rxsc/checkpoints/best.pt
Epoch 15/18 | train_loss=0.123945 | val_loss=0.141894 | best_val_loss=0.141894 | lr=0.00003509
Saved new best checkpoint: /var/lib/condor/execute/slot2/dir_3138065/scratch/outputs/ggf_ttbar_rxsc/checkpoints/best.pt
Epoch 16/18 | train_loss=0.110829 | val_loss=0.138911 | best_val_loss=0.138911 | lr=0.00002010
Epoch 17/18 | train_loss=0.118163 | val_loss=0.142235 | best_val_loss=0.138911 | lr=0.00000905
Saved new best checkpoint: /var/lib/condor/execute/slot2/dir_3138065/scratch/outputs/ggf_ttbar_rxsc/checkpoints/best.pt
Epoch 18/18 | train_loss=0.117303 | val_loss=0.137862 | best_val_loss=0.137862 | lr=0.00000228
Loaded checkpoint: /var/lib/condor/execute/slot2/dir_3138065/scratch/outputs/ggf_ttbar_rxsc/checkpoints/best.pt
Resume from epoch: 18
Best validation loss: 0.137862
Final test loss: 0.109868
Experiment ggf_ttbar_rxsc completed successfully.
