000 (6028200.005.000) 2026-08-13 14:54:32 Job submitted from host: <128.105.68.113:9618?addrs=128.105.68.113-9618+[2607-f388-2200-100-eaeb-d3ff-fea7-d05e]-9618&alias=ap2002.chtc.wisc.edu&noUDP&sock=schedd_7808_378f>
    [ JobBatchName = "gravnet_pairwise_augmentation_sweep_20260812" ]
...
040 (6028200.005.000) 2026-08-13 14:57:49 Started transferring input files
	Transferring to host: <128.105.76.48:9618?addrs=128.105.76.48-9618+[2607-f388-2200-100-527c-6fff-fe82-82ea]-9618&alias=gpu4005.chtc.wisc.edu&noUDP&sock=slot2_1_831856_8e1c_43648>
...
040 (6028200.005.000) 2026-08-13 14:58:19 Finished transferring input files
...
001 (6028200.005.000) 2026-08-13 14:58:19 Job executing on host: <128.105.76.48:9618?addrs=128.105.76.48-9618+[2607-f388-2200-100-527c-6fff-fe82-82ea]-9618&alias=gpu4005.chtc.wisc.edu&noUDP&sock=startd_627882_67ce>
	SlotName: slot2_1@gpu4005.chtc.wisc.edu
	AvailableGPUs = { GPUs_GPU_ba983db7 }
	CondorScratchDir = "/var/lib/condor/execute/slot2/dir_1742107/scratch"
	Cpus = 2
	Disk = 31457280
	GPUs = 1
	GPUs_GPU_ba983db7 = [ Id = "GPU-ba983db7"; Capability = 8.9; DeviceName = "NVIDIA L40S"; DeviceUuid = "ba983db7-b550-a051-da61-ef2716ac1e29"; ECCEnabled = true; NvidiaDriver = "570.195.03"; DriverVersion = 12.8; DevicePciBusId = "0000:01:00.0"; GlobalMemoryMb = 45468; MaxSupportedVersion = 12080 ]
	IoHeavy = 0
	Memory = 65536
...
006 (6028200.005.000) 2026-08-13 14:58:27 Image size of job updated: 29240
	29  -  MemoryUsage of job (MB)
	29240  -  ResidentSetSize of job (KB)
...
006 (6028200.005.000) 2026-08-13 15:03:27 Image size of job updated: 24972036
	24383  -  MemoryUsage of job (MB)
	24967256  -  ResidentSetSize of job (KB)
...
006 (6028200.005.000) 2026-08-13 15:08:28 Image size of job updated: 24979336
	24392  -  MemoryUsage of job (MB)
	24976624  -  ResidentSetSize of job (KB)
...
006 (6028200.005.000) 2026-08-13 15:13:28 Image size of job updated: 25662964
	24392  -  MemoryUsage of job (MB)
	24976624  -  ResidentSetSize of job (KB)
...
006 (6028200.005.000) 2026-08-13 15:18:28 Image size of job updated: 25662964
	24395  -  MemoryUsage of job (MB)
	24980480  -  ResidentSetSize of job (KB)
...
006 (6028200.005.000) 2026-08-13 15:23:29 Image size of job updated: 26599808
	24395  -  MemoryUsage of job (MB)
	24980480  -  ResidentSetSize of job (KB)
...
006 (6028200.005.000) 2026-08-13 15:28:29 Image size of job updated: 26599808
	24398  -  MemoryUsage of job (MB)
	24982628  -  ResidentSetSize of job (KB)
...
006 (6028200.005.000) 2026-08-13 15:38:31 Image size of job updated: 26599808
	24403  -  MemoryUsage of job (MB)
	24988044  -  ResidentSetSize of job (KB)
...
006 (6028200.005.000) 2026-08-13 15:43:31 Image size of job updated: 26599808
	24403  -  MemoryUsage of job (MB)
	24988524  -  ResidentSetSize of job (KB)
...
006 (6028200.005.000) 2026-08-13 15:53:32 Image size of job updated: 26599808
	24413  -  MemoryUsage of job (MB)
	24998808  -  ResidentSetSize of job (KB)
...
040 (6028200.005.000) 2026-08-13 16:35:36 Started transferring output files
...
040 (6028200.005.000) 2026-08-13 16:35:36 Finished transferring output files
...
005 (6028200.005.000) 2026-08-13 16:35:39 Job terminated.
	(1) Normal termination (return value 0)
		Usr 0 01:48:59, Sys 0 00:03:23  -  Run Remote Usage
		Usr 0 00:00:00, Sys 0 00:00:00  -  Run Local Usage
		Usr 0 01:48:59, Sys 0 00:03:23  -  Total Remote Usage
		Usr 0 00:00:00, Sys 0 00:00:00  -  Total Local Usage
	1594285  -  Run Bytes Sent By Job
	9725079282  -  Run Bytes Received By Job
	1594285  -  Total Bytes Sent By Job
	9725079282  -  Total Bytes Received By Job
	Partitionable Resources :       Usage  Request Allocated Assigned
	   Cpus                 :        1.13        2         2 
	   Disk (KB)            : 16321760    31457280  31457280 
	   GPUs                 :        0.00        1         1 "GPU-ba983db7"
	   GpusMemory (MB)      :     1577                       
	   IoHeavy              :                              0 
	   Memory (MB)          :    24413       65536     65536 
	   TimeExecute (s)      :     5837                       
	   TimeSlotBusy (s)     :     5868                       
...
