==================================================
Experiment: ttbar_dihiggs_rexc
Processes: ttbar vs dihiggs
Events per channel: 2500
Running on: gpu4000
Working directory: /var/lib/condor/execute/slot2/dir_3104474/scratch
CUDA_VISIBLE_DEVICES: GPU-8bcf9093-1b8d-d83b-55bb-51bbb57938e2
Rotation mode: uniform
Rotation: 0.3926990817
Energy noise: 0.0001 GeV
XYZ noise: 5.0 mm
Shift std: 0.0 mm
Crop fraction: 0.5
Augmentation order: rotate+energy_noise+xyz_noise+crop
Learning rate: 0.0003
Weight decay: 0.0001
Batch size: 32
Temperature: 0.07
Seed: 42
==================================================
Extracting source code...
Extracting ColliderML data...
Training script: src/train_colliderml_planar_pairwise.py
ColliderML data directory: /var/lib/condor/execute/slot2/dir_3104474/scratch/colliderml-data
PyTorch: 2.4.1+cu121
CUDA build: 12.1
CUDA available: True
GPU: NVIDIA L40
Starting pretraining...
Experiment configuration:
  arch: gnn
  batch_size: 32
  channel_a: ttbar
  channel_b: dihiggs
  crop_fraction: 0.5
  data_dir: /var/lib/condor/execute/slot2/dir_3104474/scratch/colliderml-data
  dataset_name: colliderml
  disable_cuda: False
  energy_noise: 0.0001
  epochs: 18
  events_per_channel: 2500
  experiment_name: ttbar_dihiggs_rexc
  feat_dim: 4
  fp16_precision: False
  gravnet_k: 8
  hidden_dim: 16
  latent_dim: 64
  log_every_n_steps: 100
  lr: 0.0003
  n_views: 2
  out_dim: 32
  output_dir: /var/lib/condor/execute/slot2/dir_3104474/scratch/outputs
  proj_dim: 32
  propagate_dim: 16
  resume: None
  rotation: 0.3926990817
  rotation_mode: uniform
  seed: 42
  shift_std: 0.0
  space_dim: 4
  split: ttbar_vs_dihiggs_total5000
  temperature: 0.07
  train_augmentation_order: rotate+energy_noise+xyz_noise+crop
  weight_decay: 0.0001
  workers: 0
  xyz_noise: 5.0
ColliderML data directory: /var/lib/condor/execute/slot2/dir_3104474/scratch/colliderml-data
Loaded 2500 events from channel ttbar.
Loaded 2500 events from channel dihiggs.
Training augmentation pipeline: rotate -> energy_noise -> xyz_noise -> crop
Evaluation augmentation pipeline: rotate -> energy_noise -> xyz_noise -> crop
Evaluation augmentation pipeline: rotate -> energy_noise -> xyz_noise
Dataset split: train=3000, val=1000, test=1000
Data preprocessing working fine.
Trainable parameters: 59020
Training output directory: /var/lib/condor/execute/slot2/dir_3104474/scratch/outputs/ttbar_dihiggs_rexc
Training device: cuda
Saved new best checkpoint: /var/lib/condor/execute/slot2/dir_3104474/scratch/outputs/ttbar_dihiggs_rexc/checkpoints/best.pt
Epoch 1/18 | train_loss=1.861837 | val_loss=1.089197 | best_val_loss=1.089197 | lr=0.00030000
Saved new best checkpoint: /var/lib/condor/execute/slot2/dir_3104474/scratch/outputs/ttbar_dihiggs_rexc/checkpoints/best.pt
Epoch 2/18 | train_loss=0.956890 | val_loss=0.839708 | best_val_loss=0.839708 | lr=0.00029772
Saved new best checkpoint: /var/lib/condor/execute/slot2/dir_3104474/scratch/outputs/ttbar_dihiggs_rexc/checkpoints/best.pt
Epoch 3/18 | train_loss=0.680665 | val_loss=0.529773 | best_val_loss=0.529773 | lr=0.00029095
Saved new best checkpoint: /var/lib/condor/execute/slot2/dir_3104474/scratch/outputs/ttbar_dihiggs_rexc/checkpoints/best.pt
Epoch 4/18 | train_loss=0.516553 | val_loss=0.440510 | best_val_loss=0.440510 | lr=0.00027990
Epoch 5/18 | train_loss=0.461319 | val_loss=0.449231 | best_val_loss=0.440510 | lr=0.00026491
Saved new best checkpoint: /var/lib/condor/execute/slot2/dir_3104474/scratch/outputs/ttbar_dihiggs_rexc/checkpoints/best.pt
Epoch 6/18 | train_loss=0.333315 | val_loss=0.256656 | best_val_loss=0.256656 | lr=0.00024642
Saved new best checkpoint: /var/lib/condor/execute/slot2/dir_3104474/scratch/outputs/ttbar_dihiggs_rexc/checkpoints/best.pt
Epoch 7/18 | train_loss=0.290942 | val_loss=0.251258 | best_val_loss=0.251258 | lr=0.00022500
Saved new best checkpoint: /var/lib/condor/execute/slot2/dir_3104474/scratch/outputs/ttbar_dihiggs_rexc/checkpoints/best.pt
Epoch 8/18 | train_loss=0.257514 | val_loss=0.217386 | best_val_loss=0.217386 | lr=0.00020130
Saved new best checkpoint: /var/lib/condor/execute/slot2/dir_3104474/scratch/outputs/ttbar_dihiggs_rexc/checkpoints/best.pt
Epoch 9/18 | train_loss=0.226938 | val_loss=0.184865 | best_val_loss=0.184865 | lr=0.00017605
Epoch 10/18 | train_loss=0.203351 | val_loss=0.223873 | best_val_loss=0.184865 | lr=0.00015000
Saved new best checkpoint: /var/lib/condor/execute/slot2/dir_3104474/scratch/outputs/ttbar_dihiggs_rexc/checkpoints/best.pt
Epoch 11/18 | train_loss=0.191842 | val_loss=0.165794 | best_val_loss=0.165794 | lr=0.00012395
Saved new best checkpoint: /var/lib/condor/execute/slot2/dir_3104474/scratch/outputs/ttbar_dihiggs_rexc/checkpoints/best.pt
Epoch 12/18 | train_loss=0.162509 | val_loss=0.145970 | best_val_loss=0.145970 | lr=0.00009870
Saved new best checkpoint: /var/lib/condor/execute/slot2/dir_3104474/scratch/outputs/ttbar_dihiggs_rexc/checkpoints/best.pt
Epoch 13/18 | train_loss=0.151289 | val_loss=0.132900 | best_val_loss=0.132900 | lr=0.00007500
Saved new best checkpoint: /var/lib/condor/execute/slot2/dir_3104474/scratch/outputs/ttbar_dihiggs_rexc/checkpoints/best.pt
Epoch 14/18 | train_loss=0.147499 | val_loss=0.126021 | best_val_loss=0.126021 | lr=0.00005358
Epoch 15/18 | train_loss=0.151306 | val_loss=0.127455 | best_val_loss=0.126021 | lr=0.00003509
Saved new best checkpoint: /var/lib/condor/execute/slot2/dir_3104474/scratch/outputs/ttbar_dihiggs_rexc/checkpoints/best.pt
Epoch 16/18 | train_loss=0.131483 | val_loss=0.117953 | best_val_loss=0.117953 | lr=0.00002010
Epoch 17/18 | train_loss=0.127562 | val_loss=0.119907 | best_val_loss=0.117953 | lr=0.00000905
Saved new best checkpoint: /var/lib/condor/execute/slot2/dir_3104474/scratch/outputs/ttbar_dihiggs_rexc/checkpoints/best.pt
Epoch 18/18 | train_loss=0.142541 | val_loss=0.117382 | best_val_loss=0.117382 | lr=0.00000228
Loaded checkpoint: /var/lib/condor/execute/slot2/dir_3104474/scratch/outputs/ttbar_dihiggs_rexc/checkpoints/best.pt
Resume from epoch: 18
Best validation loss: 0.117382
Final test loss: 0.133024
Experiment ttbar_dihiggs_rexc completed successfully.
