000 (6028200.034.000) 2026-08-13 14:54:32 Job submitted from host: <128.105.68.113:9618?addrs=128.105.68.113-9618+[2607-f388-2200-100-eaeb-d3ff-fea7-d05e]-9618&alias=ap2002.chtc.wisc.edu&noUDP&sock=schedd_7808_378f>
    [ JobBatchName = "gravnet_pairwise_augmentation_sweep_20260812" ]
...
040 (6028200.034.000) 2026-08-13 16:49:15 Started transferring input files
	Transferring to host: <128.105.68.117:9618?addrs=128.105.68.117-9618+[2607-f388-2200-100-7ec2-55ff-fe9a-b4fa]-9618&alias=gpu4000.chtc.wisc.edu&noUDP&sock=slot2_10_1351128_a798_45578>
...
040 (6028200.034.000) 2026-08-13 16:49:37 Finished transferring input files
...
001 (6028200.034.000) 2026-08-13 16:49:37 Job executing on host: <128.105.68.117:9618?addrs=128.105.68.117-9618+[2607-f388-2200-100-7ec2-55ff-fe9a-b4fa]-9618&alias=gpu4000.chtc.wisc.edu&noUDP&sock=startd_674379_7ae3>
	SlotName: slot2_10@gpu4000.chtc.wisc.edu
	AvailableGPUs = { GPUs_GPU_8bcf9093 }
	CondorScratchDir = "/var/lib/condor/execute/slot2/dir_3104474/scratch"
	Cpus = 2
	Disk = 31457280
	GPUs = 1
	GPUs_GPU_8bcf9093 = [ Id = "GPU-8bcf9093"; Capability = 8.9; DeviceName = "NVIDIA L40"; DeviceUuid = "8bcf9093-1b8d-d83b-55bb-51bbb57938e2"; ECCEnabled = true; NvidiaDriver = "570.195.03"; DriverVersion = 12.8; DevicePciBusId = "0000:57:00.0"; GlobalMemoryMb = 45468; MaxSupportedVersion = 12080 ]
	IoHeavy = 0
	Memory = 65536
...
006 (6028200.034.000) 2026-08-13 16:49:46 Image size of job updated: 22532
	23  -  MemoryUsage of job (MB)
	22532  -  ResidentSetSize of job (KB)
...
006 (6028200.034.000) 2026-08-13 16:54:46 Image size of job updated: 29287876
	28597  -  MemoryUsage of job (MB)
	29282508  -  ResidentSetSize of job (KB)
...
006 (6028200.034.000) 2026-08-13 16:59:46 Image size of job updated: 29300032
	28614  -  MemoryUsage of job (MB)
	29300032  -  ResidentSetSize of job (KB)
...
006 (6028200.034.000) 2026-08-13 17:04:47 Image size of job updated: 29300708
	28614  -  MemoryUsage of job (MB)
	29300032  -  ResidentSetSize of job (KB)
...
006 (6028200.034.000) 2026-08-13 17:09:47 Image size of job updated: 29302180
	28615  -  MemoryUsage of job (MB)
	29301684  -  ResidentSetSize of job (KB)
...
006 (6028200.034.000) 2026-08-13 17:14:48 Image size of job updated: 30705176
	28616  -  MemoryUsage of job (MB)
	29302328  -  ResidentSetSize of job (KB)
...
006 (6028200.034.000) 2026-08-13 17:29:53 Image size of job updated: 30705176
	28617  -  MemoryUsage of job (MB)
	29303800  -  ResidentSetSize of job (KB)
...
006 (6028200.034.000) 2026-08-13 17:34:53 Image size of job updated: 30705176
	28619  -  MemoryUsage of job (MB)
	29305456  -  ResidentSetSize of job (KB)
...
006 (6028200.034.000) 2026-08-13 17:49:54 Image size of job updated: 31598592
	28621  -  MemoryUsage of job (MB)
	29307548  -  ResidentSetSize of job (KB)
...
006 (6028200.034.000) 2026-08-13 18:14:57 Image size of job updated: 31598592
	28621  -  MemoryUsage of job (MB)
	29307568  -  ResidentSetSize of job (KB)
...
006 (6028200.034.000) 2026-08-13 18:24:58 Image size of job updated: 31598592
	28622  -  MemoryUsage of job (MB)
	29308012  -  ResidentSetSize of job (KB)
...
006 (6028200.034.000) 2026-08-13 18:40:00 Image size of job updated: 31598592
	28622  -  MemoryUsage of job (MB)
	29308460  -  ResidentSetSize of job (KB)
...
006 (6028200.034.000) 2026-08-13 18:45:00 Image size of job updated: 31598592
	28623  -  MemoryUsage of job (MB)
	29309392  -  ResidentSetSize of job (KB)
...
040 (6028200.034.000) 2026-08-13 18:58:11 Started transferring output files
...
040 (6028200.034.000) 2026-08-13 18:58:11 Finished transferring output files
...
005 (6028200.034.000) 2026-08-13 18:58:14 Job terminated.
	(1) Normal termination (return value 0)
		Usr 0 02:21:08, Sys 0 00:03:26  -  Run Remote Usage
		Usr 0 00:00:00, Sys 0 00:00:00  -  Run Local Usage
		Usr 0 02:21:08, Sys 0 00:03:26  -  Total Remote Usage
		Usr 0 00:00:00, Sys 0 00:00:00  -  Total Local Usage
	1594331  -  Run Bytes Sent By Job
	9725079282  -  Run Bytes Received By Job
	1594331  -  Total Bytes Sent By Job
	9725079282  -  Total Bytes Received By Job
	Partitionable Resources :       Usage  Request Allocated Assigned
	   Cpus                 :        1.10        2         2 
	   Disk (KB)            : 16321764    31457280  31457280 
	   GPUs                 :        0.00        1         1 "GPU-8bcf9093"
	   GpusMemory (MB)      :     1591                       
	   IoHeavy              :                              0 
	   Memory (MB)          :    28623       65536     65536 
	   TimeExecute (s)      :     7714                       
	   TimeSlotBusy (s)     :     7736                       
...
