==================================================
Experiment: ggf_ttbar_rsc
Processes: ggf vs ttbar
Events per channel: 2500
Running on: gpu4006.chtc.wisc.edu
Working directory: /var/lib/condor/execute/slot2/dir_2757792/scratch
CUDA_VISIBLE_DEVICES: GPU-1cd9ff5a-a59d-e99d-595f-90985613bdb6
Rotation mode: uniform
Rotation: 0.3926990817
Energy noise: 0.0 GeV
XYZ noise: 0.0 mm
Shift std: 2.0 mm
Crop fraction: 0.5
Augmentation order: rotate+shift+crop
Learning rate: 0.0003
Weight decay: 0.0001
Batch size: 32
Temperature: 0.07
Seed: 42
==================================================
Extracting source code...
Extracting ColliderML data...
Training script: src/train_colliderml_planar_pairwise.py
ColliderML data directory: /var/lib/condor/execute/slot2/dir_2757792/scratch/colliderml-data
PyTorch: 2.4.1+cu121
CUDA build: 12.1
CUDA available: True
GPU: NVIDIA L40S
Starting pretraining...
Experiment configuration:
  arch: gnn
  batch_size: 32
  channel_a: ggf
  channel_b: ttbar
  crop_fraction: 0.5
  data_dir: /var/lib/condor/execute/slot2/dir_2757792/scratch/colliderml-data
  dataset_name: colliderml
  disable_cuda: False
  energy_noise: 0.0
  epochs: 18
  events_per_channel: 2500
  experiment_name: ggf_ttbar_rsc
  feat_dim: 4
  fp16_precision: False
  gravnet_k: 8
  hidden_dim: 16
  latent_dim: 64
  log_every_n_steps: 100
  lr: 0.0003
  n_views: 2
  out_dim: 32
  output_dir: /var/lib/condor/execute/slot2/dir_2757792/scratch/outputs
  proj_dim: 32
  propagate_dim: 16
  resume: None
  rotation: 0.3926990817
  rotation_mode: uniform
  seed: 42
  shift_std: 2.0
  space_dim: 4
  split: ggf_vs_ttbar_total5000
  temperature: 0.07
  train_augmentation_order: rotate+shift+crop
  weight_decay: 0.0001
  workers: 0
  xyz_noise: 0.0
ColliderML data directory: /var/lib/condor/execute/slot2/dir_2757792/scratch/colliderml-data
Loaded 2500 events from channel ggf.
Loaded 2500 events from channel ttbar.
Training augmentation pipeline: rotate -> shift -> crop
Evaluation augmentation pipeline: rotate -> shift -> crop
Evaluation augmentation pipeline: rotate -> energy_noise -> xyz_noise
Dataset split: train=3000, val=1000, test=1000
Data preprocessing working fine.
Trainable parameters: 59020
Training output directory: /var/lib/condor/execute/slot2/dir_2757792/scratch/outputs/ggf_ttbar_rsc
Training device: cuda
Saved new best checkpoint: /var/lib/condor/execute/slot2/dir_2757792/scratch/outputs/ggf_ttbar_rsc/checkpoints/best.pt
Epoch 1/18 | train_loss=1.805749 | val_loss=1.048315 | best_val_loss=1.048315 | lr=0.00030000
Saved new best checkpoint: /var/lib/condor/execute/slot2/dir_2757792/scratch/outputs/ggf_ttbar_rsc/checkpoints/best.pt
Epoch 2/18 | train_loss=0.943543 | val_loss=0.819922 | best_val_loss=0.819922 | lr=0.00029772
Saved new best checkpoint: /var/lib/condor/execute/slot2/dir_2757792/scratch/outputs/ggf_ttbar_rsc/checkpoints/best.pt
Epoch 3/18 | train_loss=0.673024 | val_loss=0.536884 | best_val_loss=0.536884 | lr=0.00029095
Saved new best checkpoint: /var/lib/condor/execute/slot2/dir_2757792/scratch/outputs/ggf_ttbar_rsc/checkpoints/best.pt
Epoch 4/18 | train_loss=0.502607 | val_loss=0.454879 | best_val_loss=0.454879 | lr=0.00027990
Saved new best checkpoint: /var/lib/condor/execute/slot2/dir_2757792/scratch/outputs/ggf_ttbar_rsc/checkpoints/best.pt
Epoch 5/18 | train_loss=0.433081 | val_loss=0.337289 | best_val_loss=0.337289 | lr=0.00026491
Saved new best checkpoint: /var/lib/condor/execute/slot2/dir_2757792/scratch/outputs/ggf_ttbar_rsc/checkpoints/best.pt
Epoch 6/18 | train_loss=0.322276 | val_loss=0.333048 | best_val_loss=0.333048 | lr=0.00024642
Saved new best checkpoint: /var/lib/condor/execute/slot2/dir_2757792/scratch/outputs/ggf_ttbar_rsc/checkpoints/best.pt
Epoch 7/18 | train_loss=0.270035 | val_loss=0.254002 | best_val_loss=0.254002 | lr=0.00022500
Saved new best checkpoint: /var/lib/condor/execute/slot2/dir_2757792/scratch/outputs/ggf_ttbar_rsc/checkpoints/best.pt
Epoch 8/18 | train_loss=0.213152 | val_loss=0.213521 | best_val_loss=0.213521 | lr=0.00020130
Saved new best checkpoint: /var/lib/condor/execute/slot2/dir_2757792/scratch/outputs/ggf_ttbar_rsc/checkpoints/best.pt
Epoch 9/18 | train_loss=0.210216 | val_loss=0.205639 | best_val_loss=0.205639 | lr=0.00017605
Saved new best checkpoint: /var/lib/condor/execute/slot2/dir_2757792/scratch/outputs/ggf_ttbar_rsc/checkpoints/best.pt
Epoch 10/18 | train_loss=0.160113 | val_loss=0.187149 | best_val_loss=0.187149 | lr=0.00015000
Saved new best checkpoint: /var/lib/condor/execute/slot2/dir_2757792/scratch/outputs/ggf_ttbar_rsc/checkpoints/best.pt
Epoch 11/18 | train_loss=0.142625 | val_loss=0.185095 | best_val_loss=0.185095 | lr=0.00012395
Saved new best checkpoint: /var/lib/condor/execute/slot2/dir_2757792/scratch/outputs/ggf_ttbar_rsc/checkpoints/best.pt
Epoch 12/18 | train_loss=0.133313 | val_loss=0.151424 | best_val_loss=0.151424 | lr=0.00009870
Saved new best checkpoint: /var/lib/condor/execute/slot2/dir_2757792/scratch/outputs/ggf_ttbar_rsc/checkpoints/best.pt
Epoch 13/18 | train_loss=0.116737 | val_loss=0.123714 | best_val_loss=0.123714 | lr=0.00007500
Epoch 14/18 | train_loss=0.119311 | val_loss=0.131791 | best_val_loss=0.123714 | lr=0.00005358
Saved new best checkpoint: /var/lib/condor/execute/slot2/dir_2757792/scratch/outputs/ggf_ttbar_rsc/checkpoints/best.pt
Epoch 15/18 | train_loss=0.118272 | val_loss=0.118645 | best_val_loss=0.118645 | lr=0.00003509
Saved new best checkpoint: /var/lib/condor/execute/slot2/dir_2757792/scratch/outputs/ggf_ttbar_rsc/checkpoints/best.pt
Epoch 16/18 | train_loss=0.099780 | val_loss=0.117951 | best_val_loss=0.117951 | lr=0.00002010
Saved new best checkpoint: /var/lib/condor/execute/slot2/dir_2757792/scratch/outputs/ggf_ttbar_rsc/checkpoints/best.pt
Epoch 17/18 | train_loss=0.112664 | val_loss=0.116610 | best_val_loss=0.116610 | lr=0.00000905
Saved new best checkpoint: /var/lib/condor/execute/slot2/dir_2757792/scratch/outputs/ggf_ttbar_rsc/checkpoints/best.pt
Epoch 18/18 | train_loss=0.108504 | val_loss=0.113246 | best_val_loss=0.113246 | lr=0.00000228
Loaded checkpoint: /var/lib/condor/execute/slot2/dir_2757792/scratch/outputs/ggf_ttbar_rsc/checkpoints/best.pt
Resume from epoch: 18
Best validation loss: 0.113246
Final test loss: 0.108377
Experiment ggf_ttbar_rsc completed successfully.
