==================================================
Experiment: ttbar_dihiggs_xsc
Processes: ttbar vs dihiggs
Events per channel: 2500
Running on: gpu4003
Working directory: /var/lib/condor/execute/slot2/dir_2210298/scratch
CUDA_VISIBLE_DEVICES: GPU-8be5a5aa-de2e-2062-a8ec-c29267f4988e
Rotation mode: uniform
Rotation: 0.0
Energy noise: 0.0 GeV
XYZ noise: 5.0 mm
Shift std: 2.0 mm
Crop fraction: 0.5
Augmentation order: xyz_noise+shift+crop
Learning rate: 0.0003
Weight decay: 0.0001
Batch size: 32
Temperature: 0.07
Seed: 42
==================================================
Extracting source code...
Extracting ColliderML data...
Training script: src/train_colliderml_planar_pairwise.py
ColliderML data directory: /var/lib/condor/execute/slot2/dir_2210298/scratch/colliderml-data
PyTorch: 2.4.1+cu121
CUDA build: 12.1
CUDA available: True
GPU: NVIDIA H100 80GB HBM3
Starting pretraining...
Experiment configuration:
  arch: gnn
  batch_size: 32
  channel_a: ttbar
  channel_b: dihiggs
  crop_fraction: 0.5
  data_dir: /var/lib/condor/execute/slot2/dir_2210298/scratch/colliderml-data
  dataset_name: colliderml
  disable_cuda: False
  energy_noise: 0.0
  epochs: 18
  events_per_channel: 2500
  experiment_name: ttbar_dihiggs_xsc
  feat_dim: 4
  fp16_precision: False
  gravnet_k: 8
  hidden_dim: 16
  latent_dim: 64
  log_every_n_steps: 100
  lr: 0.0003
  n_views: 2
  out_dim: 32
  output_dir: /var/lib/condor/execute/slot2/dir_2210298/scratch/outputs
  proj_dim: 32
  propagate_dim: 16
  resume: None
  rotation: 0.0
  rotation_mode: uniform
  seed: 42
  shift_std: 2.0
  space_dim: 4
  split: ttbar_vs_dihiggs_total5000
  temperature: 0.07
  train_augmentation_order: xyz_noise+shift+crop
  weight_decay: 0.0001
  workers: 0
  xyz_noise: 5.0
ColliderML data directory: /var/lib/condor/execute/slot2/dir_2210298/scratch/colliderml-data
Loaded 2500 events from channel ttbar.
Loaded 2500 events from channel dihiggs.
Training augmentation pipeline: xyz_noise -> shift -> crop
Evaluation augmentation pipeline: xyz_noise -> shift -> crop
Evaluation augmentation pipeline: rotate -> energy_noise -> xyz_noise
Dataset split: train=3000, val=1000, test=1000
Data preprocessing working fine.
Trainable parameters: 59020
Training output directory: /var/lib/condor/execute/slot2/dir_2210298/scratch/outputs/ttbar_dihiggs_xsc
Training device: cuda
Saved new best checkpoint: /var/lib/condor/execute/slot2/dir_2210298/scratch/outputs/ttbar_dihiggs_xsc/checkpoints/best.pt
Epoch 1/18 | train_loss=1.320104 | val_loss=0.602951 | best_val_loss=0.602951 | lr=0.00030000
Saved new best checkpoint: /var/lib/condor/execute/slot2/dir_2210298/scratch/outputs/ttbar_dihiggs_xsc/checkpoints/best.pt
Epoch 2/18 | train_loss=0.523899 | val_loss=0.395940 | best_val_loss=0.395940 | lr=0.00029772
Saved new best checkpoint: /var/lib/condor/execute/slot2/dir_2210298/scratch/outputs/ttbar_dihiggs_xsc/checkpoints/best.pt
Epoch 3/18 | train_loss=0.306569 | val_loss=0.228519 | best_val_loss=0.228519 | lr=0.00029095
Epoch 4/18 | train_loss=0.233403 | val_loss=0.253691 | best_val_loss=0.228519 | lr=0.00027990
Saved new best checkpoint: /var/lib/condor/execute/slot2/dir_2210298/scratch/outputs/ttbar_dihiggs_xsc/checkpoints/best.pt
Epoch 5/18 | train_loss=0.190455 | val_loss=0.139604 | best_val_loss=0.139604 | lr=0.00026491
Epoch 6/18 | train_loss=0.137300 | val_loss=0.147769 | best_val_loss=0.139604 | lr=0.00024642
Saved new best checkpoint: /var/lib/condor/execute/slot2/dir_2210298/scratch/outputs/ttbar_dihiggs_xsc/checkpoints/best.pt
Epoch 7/18 | train_loss=0.123110 | val_loss=0.079540 | best_val_loss=0.079540 | lr=0.00022500
Saved new best checkpoint: /var/lib/condor/execute/slot2/dir_2210298/scratch/outputs/ttbar_dihiggs_xsc/checkpoints/best.pt
Epoch 8/18 | train_loss=0.087989 | val_loss=0.069691 | best_val_loss=0.069691 | lr=0.00020130
Saved new best checkpoint: /var/lib/condor/execute/slot2/dir_2210298/scratch/outputs/ttbar_dihiggs_xsc/checkpoints/best.pt
Epoch 9/18 | train_loss=0.072994 | val_loss=0.056338 | best_val_loss=0.056338 | lr=0.00017605
Saved new best checkpoint: /var/lib/condor/execute/slot2/dir_2210298/scratch/outputs/ttbar_dihiggs_xsc/checkpoints/best.pt
Epoch 10/18 | train_loss=0.066488 | val_loss=0.052764 | best_val_loss=0.052764 | lr=0.00015000
Saved new best checkpoint: /var/lib/condor/execute/slot2/dir_2210298/scratch/outputs/ttbar_dihiggs_xsc/checkpoints/best.pt
Epoch 11/18 | train_loss=0.053568 | val_loss=0.050982 | best_val_loss=0.050982 | lr=0.00012395
Saved new best checkpoint: /var/lib/condor/execute/slot2/dir_2210298/scratch/outputs/ttbar_dihiggs_xsc/checkpoints/best.pt
Epoch 12/18 | train_loss=0.056854 | val_loss=0.043399 | best_val_loss=0.043399 | lr=0.00009870
Saved new best checkpoint: /var/lib/condor/execute/slot2/dir_2210298/scratch/outputs/ttbar_dihiggs_xsc/checkpoints/best.pt
Epoch 13/18 | train_loss=0.042922 | val_loss=0.040013 | best_val_loss=0.040013 | lr=0.00007500
Epoch 14/18 | train_loss=0.040672 | val_loss=0.041998 | best_val_loss=0.040013 | lr=0.00005358
Saved new best checkpoint: /var/lib/condor/execute/slot2/dir_2210298/scratch/outputs/ttbar_dihiggs_xsc/checkpoints/best.pt
Epoch 15/18 | train_loss=0.041890 | val_loss=0.035058 | best_val_loss=0.035058 | lr=0.00003509
Saved new best checkpoint: /var/lib/condor/execute/slot2/dir_2210298/scratch/outputs/ttbar_dihiggs_xsc/checkpoints/best.pt
Epoch 16/18 | train_loss=0.040465 | val_loss=0.034601 | best_val_loss=0.034601 | lr=0.00002010
Saved new best checkpoint: /var/lib/condor/execute/slot2/dir_2210298/scratch/outputs/ttbar_dihiggs_xsc/checkpoints/best.pt
Epoch 17/18 | train_loss=0.040349 | val_loss=0.033577 | best_val_loss=0.033577 | lr=0.00000905
Saved new best checkpoint: /var/lib/condor/execute/slot2/dir_2210298/scratch/outputs/ttbar_dihiggs_xsc/checkpoints/best.pt
Epoch 18/18 | train_loss=0.038211 | val_loss=0.033434 | best_val_loss=0.033434 | lr=0.00000228
Loaded checkpoint: /var/lib/condor/execute/slot2/dir_2210298/scratch/outputs/ttbar_dihiggs_xsc/checkpoints/best.pt
Resume from epoch: 18
Best validation loss: 0.033434
Final test loss: 0.039293
Experiment ttbar_dihiggs_xsc completed successfully.
