==================================================
Experiment: ggf_dihiggs_rxsc
Processes: ggf vs dihiggs
Events per channel: 2500
Running on: gpu2006
Working directory: /var/lib/condor/execute/slot2/dir_1431020/scratch
CUDA_VISIBLE_DEVICES: GPU-a0068c3b-d8df-951c-6d71-ab791a34e2d6
Rotation mode: uniform
Rotation: 0.3926990817
Energy noise: 0.0 GeV
XYZ noise: 5.0 mm
Shift std: 2.0 mm
Crop fraction: 0.5
Augmentation order: rotate+xyz_noise+shift+crop
Learning rate: 0.0003
Weight decay: 0.0001
Batch size: 32
Temperature: 0.07
Seed: 42
==================================================
Extracting source code...
Extracting ColliderML data...
Training script: src/train_colliderml_planar_pairwise.py
ColliderML data directory: /var/lib/condor/execute/slot2/dir_1431020/scratch/colliderml-data
PyTorch: 2.4.1+cu121
CUDA build: 12.1
CUDA available: True
GPU: NVIDIA A100-SXM4-80GB
Starting pretraining...
Experiment configuration:
  arch: gnn
  batch_size: 32
  channel_a: ggf
  channel_b: dihiggs
  crop_fraction: 0.5
  data_dir: /var/lib/condor/execute/slot2/dir_1431020/scratch/colliderml-data
  dataset_name: colliderml
  disable_cuda: False
  energy_noise: 0.0
  epochs: 18
  events_per_channel: 2500
  experiment_name: ggf_dihiggs_rxsc
  feat_dim: 4
  fp16_precision: False
  gravnet_k: 8
  hidden_dim: 16
  latent_dim: 64
  log_every_n_steps: 100
  lr: 0.0003
  n_views: 2
  out_dim: 32
  output_dir: /var/lib/condor/execute/slot2/dir_1431020/scratch/outputs
  proj_dim: 32
  propagate_dim: 16
  resume: None
  rotation: 0.3926990817
  rotation_mode: uniform
  seed: 42
  shift_std: 2.0
  space_dim: 4
  split: ggf_vs_dihiggs_total5000
  temperature: 0.07
  train_augmentation_order: rotate+xyz_noise+shift+crop
  weight_decay: 0.0001
  workers: 0
  xyz_noise: 5.0
ColliderML data directory: /var/lib/condor/execute/slot2/dir_1431020/scratch/colliderml-data
Loaded 2500 events from channel ggf.
Loaded 2500 events from channel dihiggs.
Training augmentation pipeline: rotate -> xyz_noise -> shift -> crop
Evaluation augmentation pipeline: rotate -> xyz_noise -> shift -> crop
Evaluation augmentation pipeline: rotate -> energy_noise -> xyz_noise
Dataset split: train=3000, val=1000, test=1000
Data preprocessing working fine.
Trainable parameters: 59020
Training output directory: /var/lib/condor/execute/slot2/dir_1431020/scratch/outputs/ggf_dihiggs_rxsc
Training device: cuda
Saved new best checkpoint: /var/lib/condor/execute/slot2/dir_1431020/scratch/outputs/ggf_dihiggs_rxsc/checkpoints/best.pt
Epoch 1/18 | train_loss=2.086395 | val_loss=1.411467 | best_val_loss=1.411467 | lr=0.00030000
Saved new best checkpoint: /var/lib/condor/execute/slot2/dir_1431020/scratch/outputs/ggf_dihiggs_rxsc/checkpoints/best.pt
Epoch 2/18 | train_loss=1.258312 | val_loss=0.996987 | best_val_loss=0.996987 | lr=0.00029772
Saved new best checkpoint: /var/lib/condor/execute/slot2/dir_1431020/scratch/outputs/ggf_dihiggs_rxsc/checkpoints/best.pt
Epoch 3/18 | train_loss=0.779268 | val_loss=0.634849 | best_val_loss=0.634849 | lr=0.00029095
Saved new best checkpoint: /var/lib/condor/execute/slot2/dir_1431020/scratch/outputs/ggf_dihiggs_rxsc/checkpoints/best.pt
Epoch 4/18 | train_loss=0.569024 | val_loss=0.451550 | best_val_loss=0.451550 | lr=0.00027990
Saved new best checkpoint: /var/lib/condor/execute/slot2/dir_1431020/scratch/outputs/ggf_dihiggs_rxsc/checkpoints/best.pt
Epoch 5/18 | train_loss=0.466169 | val_loss=0.367867 | best_val_loss=0.367867 | lr=0.00026491
Saved new best checkpoint: /var/lib/condor/execute/slot2/dir_1431020/scratch/outputs/ggf_dihiggs_rxsc/checkpoints/best.pt
Epoch 6/18 | train_loss=0.352240 | val_loss=0.327778 | best_val_loss=0.327778 | lr=0.00024642
Saved new best checkpoint: /var/lib/condor/execute/slot2/dir_1431020/scratch/outputs/ggf_dihiggs_rxsc/checkpoints/best.pt
Epoch 7/18 | train_loss=0.297444 | val_loss=0.268294 | best_val_loss=0.268294 | lr=0.00022500
Epoch 8/18 | train_loss=0.234705 | val_loss=0.278110 | best_val_loss=0.268294 | lr=0.00020130
Saved new best checkpoint: /var/lib/condor/execute/slot2/dir_1431020/scratch/outputs/ggf_dihiggs_rxsc/checkpoints/best.pt
Epoch 9/18 | train_loss=0.213305 | val_loss=0.206908 | best_val_loss=0.206908 | lr=0.00017605
Saved new best checkpoint: /var/lib/condor/execute/slot2/dir_1431020/scratch/outputs/ggf_dihiggs_rxsc/checkpoints/best.pt
Epoch 10/18 | train_loss=0.176311 | val_loss=0.179439 | best_val_loss=0.179439 | lr=0.00015000
Epoch 11/18 | train_loss=0.182009 | val_loss=0.195900 | best_val_loss=0.179439 | lr=0.00012395
Saved new best checkpoint: /var/lib/condor/execute/slot2/dir_1431020/scratch/outputs/ggf_dihiggs_rxsc/checkpoints/best.pt
Epoch 12/18 | train_loss=0.153222 | val_loss=0.165629 | best_val_loss=0.165629 | lr=0.00009870
Saved new best checkpoint: /var/lib/condor/execute/slot2/dir_1431020/scratch/outputs/ggf_dihiggs_rxsc/checkpoints/best.pt
Epoch 13/18 | train_loss=0.142650 | val_loss=0.156271 | best_val_loss=0.156271 | lr=0.00007500
Saved new best checkpoint: /var/lib/condor/execute/slot2/dir_1431020/scratch/outputs/ggf_dihiggs_rxsc/checkpoints/best.pt
Epoch 14/18 | train_loss=0.136619 | val_loss=0.154607 | best_val_loss=0.154607 | lr=0.00005358
Saved new best checkpoint: /var/lib/condor/execute/slot2/dir_1431020/scratch/outputs/ggf_dihiggs_rxsc/checkpoints/best.pt
Epoch 15/18 | train_loss=0.118596 | val_loss=0.137194 | best_val_loss=0.137194 | lr=0.00003509
Saved new best checkpoint: /var/lib/condor/execute/slot2/dir_1431020/scratch/outputs/ggf_dihiggs_rxsc/checkpoints/best.pt
Epoch 16/18 | train_loss=0.114472 | val_loss=0.133479 | best_val_loss=0.133479 | lr=0.00002010
Saved new best checkpoint: /var/lib/condor/execute/slot2/dir_1431020/scratch/outputs/ggf_dihiggs_rxsc/checkpoints/best.pt
Epoch 17/18 | train_loss=0.123493 | val_loss=0.130867 | best_val_loss=0.130867 | lr=0.00000905
Saved new best checkpoint: /var/lib/condor/execute/slot2/dir_1431020/scratch/outputs/ggf_dihiggs_rxsc/checkpoints/best.pt
Epoch 18/18 | train_loss=0.112913 | val_loss=0.128529 | best_val_loss=0.128529 | lr=0.00000228
Loaded checkpoint: /var/lib/condor/execute/slot2/dir_1431020/scratch/outputs/ggf_dihiggs_rxsc/checkpoints/best.pt
Resume from epoch: 18
Best validation loss: 0.128529
Final test loss: 0.118213
Experiment ggf_dihiggs_rxsc completed successfully.
