==================================================
Experiment: ggf_ttbar_xsc
Processes: ggf vs ttbar
Events per channel: 2500
Running on: gpu4003
Working directory: /var/lib/condor/execute/slot2/dir_2210222/scratch
CUDA_VISIBLE_DEVICES: GPU-c82e3d6c-1ae9-c800-d093-51fd9d172771
Rotation mode: uniform
Rotation: 0.0
Energy noise: 0.0 GeV
XYZ noise: 5.0 mm
Shift std: 2.0 mm
Crop fraction: 0.5
Augmentation order: xyz_noise+shift+crop
Learning rate: 0.0003
Weight decay: 0.0001
Batch size: 32
Temperature: 0.07
Seed: 42
==================================================
Extracting source code...
Extracting ColliderML data...
Training script: src/train_colliderml_planar_pairwise.py
ColliderML data directory: /var/lib/condor/execute/slot2/dir_2210222/scratch/colliderml-data
PyTorch: 2.4.1+cu121
CUDA build: 12.1
CUDA available: True
GPU: NVIDIA H100 80GB HBM3
Starting pretraining...
Experiment configuration:
  arch: gnn
  batch_size: 32
  channel_a: ggf
  channel_b: ttbar
  crop_fraction: 0.5
  data_dir: /var/lib/condor/execute/slot2/dir_2210222/scratch/colliderml-data
  dataset_name: colliderml
  disable_cuda: False
  energy_noise: 0.0
  epochs: 18
  events_per_channel: 2500
  experiment_name: ggf_ttbar_xsc
  feat_dim: 4
  fp16_precision: False
  gravnet_k: 8
  hidden_dim: 16
  latent_dim: 64
  log_every_n_steps: 100
  lr: 0.0003
  n_views: 2
  out_dim: 32
  output_dir: /var/lib/condor/execute/slot2/dir_2210222/scratch/outputs
  proj_dim: 32
  propagate_dim: 16
  resume: None
  rotation: 0.0
  rotation_mode: uniform
  seed: 42
  shift_std: 2.0
  space_dim: 4
  split: ggf_vs_ttbar_total5000
  temperature: 0.07
  train_augmentation_order: xyz_noise+shift+crop
  weight_decay: 0.0001
  workers: 0
  xyz_noise: 5.0
ColliderML data directory: /var/lib/condor/execute/slot2/dir_2210222/scratch/colliderml-data
Loaded 2500 events from channel ggf.
Loaded 2500 events from channel ttbar.
Training augmentation pipeline: xyz_noise -> shift -> crop
Evaluation augmentation pipeline: xyz_noise -> shift -> crop
Evaluation augmentation pipeline: rotate -> energy_noise -> xyz_noise
Dataset split: train=3000, val=1000, test=1000
Data preprocessing working fine.
Trainable parameters: 59020
Training output directory: /var/lib/condor/execute/slot2/dir_2210222/scratch/outputs/ggf_ttbar_xsc
Training device: cuda
Saved new best checkpoint: /var/lib/condor/execute/slot2/dir_2210222/scratch/outputs/ggf_ttbar_xsc/checkpoints/best.pt
Epoch 1/18 | train_loss=1.298694 | val_loss=0.497184 | best_val_loss=0.497184 | lr=0.00030000
Saved new best checkpoint: /var/lib/condor/execute/slot2/dir_2210222/scratch/outputs/ggf_ttbar_xsc/checkpoints/best.pt
Epoch 2/18 | train_loss=0.469180 | val_loss=0.318620 | best_val_loss=0.318620 | lr=0.00029772
Saved new best checkpoint: /var/lib/condor/execute/slot2/dir_2210222/scratch/outputs/ggf_ttbar_xsc/checkpoints/best.pt
Epoch 3/18 | train_loss=0.257016 | val_loss=0.200154 | best_val_loss=0.200154 | lr=0.00029095
Saved new best checkpoint: /var/lib/condor/execute/slot2/dir_2210222/scratch/outputs/ggf_ttbar_xsc/checkpoints/best.pt
Epoch 4/18 | train_loss=0.196663 | val_loss=0.167064 | best_val_loss=0.167064 | lr=0.00027990
Saved new best checkpoint: /var/lib/condor/execute/slot2/dir_2210222/scratch/outputs/ggf_ttbar_xsc/checkpoints/best.pt
Epoch 5/18 | train_loss=0.145542 | val_loss=0.122684 | best_val_loss=0.122684 | lr=0.00026491
Saved new best checkpoint: /var/lib/condor/execute/slot2/dir_2210222/scratch/outputs/ggf_ttbar_xsc/checkpoints/best.pt
Epoch 6/18 | train_loss=0.118481 | val_loss=0.110653 | best_val_loss=0.110653 | lr=0.00024642
Saved new best checkpoint: /var/lib/condor/execute/slot2/dir_2210222/scratch/outputs/ggf_ttbar_xsc/checkpoints/best.pt
Epoch 7/18 | train_loss=0.088691 | val_loss=0.110515 | best_val_loss=0.110515 | lr=0.00022500
Saved new best checkpoint: /var/lib/condor/execute/slot2/dir_2210222/scratch/outputs/ggf_ttbar_xsc/checkpoints/best.pt
Epoch 8/18 | train_loss=0.094954 | val_loss=0.072199 | best_val_loss=0.072199 | lr=0.00020130
Epoch 9/18 | train_loss=0.072132 | val_loss=0.076963 | best_val_loss=0.072199 | lr=0.00017605
Saved new best checkpoint: /var/lib/condor/execute/slot2/dir_2210222/scratch/outputs/ggf_ttbar_xsc/checkpoints/best.pt
Epoch 10/18 | train_loss=0.066355 | val_loss=0.059528 | best_val_loss=0.059528 | lr=0.00015000
Saved new best checkpoint: /var/lib/condor/execute/slot2/dir_2210222/scratch/outputs/ggf_ttbar_xsc/checkpoints/best.pt
Epoch 11/18 | train_loss=0.052113 | val_loss=0.051165 | best_val_loss=0.051165 | lr=0.00012395
Saved new best checkpoint: /var/lib/condor/execute/slot2/dir_2210222/scratch/outputs/ggf_ttbar_xsc/checkpoints/best.pt
Epoch 12/18 | train_loss=0.052881 | val_loss=0.050934 | best_val_loss=0.050934 | lr=0.00009870
Saved new best checkpoint: /var/lib/condor/execute/slot2/dir_2210222/scratch/outputs/ggf_ttbar_xsc/checkpoints/best.pt
Epoch 13/18 | train_loss=0.050900 | val_loss=0.044771 | best_val_loss=0.044771 | lr=0.00007500
Saved new best checkpoint: /var/lib/condor/execute/slot2/dir_2210222/scratch/outputs/ggf_ttbar_xsc/checkpoints/best.pt
Epoch 14/18 | train_loss=0.041102 | val_loss=0.042159 | best_val_loss=0.042159 | lr=0.00005358
Epoch 15/18 | train_loss=0.035782 | val_loss=0.042776 | best_val_loss=0.042159 | lr=0.00003509
Saved new best checkpoint: /var/lib/condor/execute/slot2/dir_2210222/scratch/outputs/ggf_ttbar_xsc/checkpoints/best.pt
Epoch 16/18 | train_loss=0.040582 | val_loss=0.041197 | best_val_loss=0.041197 | lr=0.00002010
Epoch 17/18 | train_loss=0.037967 | val_loss=0.042018 | best_val_loss=0.041197 | lr=0.00000905
Epoch 18/18 | train_loss=0.039902 | val_loss=0.041336 | best_val_loss=0.041197 | lr=0.00000228
Loaded checkpoint: /var/lib/condor/execute/slot2/dir_2210222/scratch/outputs/ggf_ttbar_xsc/checkpoints/best.pt
Resume from epoch: 16
Best validation loss: 0.041197
Final test loss: 0.042910
Experiment ggf_ttbar_xsc completed successfully.
