==================================================
Experiment: ggf_dihiggs_exs
Processes: ggf vs dihiggs
Events per channel: 2500
Running on: gpu4002
Working directory: /var/lib/condor/execute/slot2/dir_2159578/scratch
CUDA_VISIBLE_DEVICES: GPU-3cc0e7db-321f-14ff-eb36-26e6784d2898
Rotation mode: uniform
Rotation: 0.0
Energy noise: 0.0001 GeV
XYZ noise: 5.0 mm
Shift std: 2.0 mm
Crop fraction: 0.0
Augmentation order: energy_noise+xyz_noise+shift
Learning rate: 0.0003
Weight decay: 0.0001
Batch size: 32
Temperature: 0.07
Seed: 42
==================================================
Extracting source code...
Extracting ColliderML data...
Training script: src/train_colliderml_planar_pairwise.py
ColliderML data directory: /var/lib/condor/execute/slot2/dir_2159578/scratch/colliderml-data
PyTorch: 2.4.1+cu121
CUDA build: 12.1
CUDA available: True
GPU: NVIDIA L40
Starting pretraining...
Experiment configuration:
  arch: gnn
  batch_size: 32
  channel_a: ggf
  channel_b: dihiggs
  crop_fraction: 0.0
  data_dir: /var/lib/condor/execute/slot2/dir_2159578/scratch/colliderml-data
  dataset_name: colliderml
  disable_cuda: False
  energy_noise: 0.0001
  epochs: 18
  events_per_channel: 2500
  experiment_name: ggf_dihiggs_exs
  feat_dim: 4
  fp16_precision: False
  gravnet_k: 8
  hidden_dim: 16
  latent_dim: 64
  log_every_n_steps: 100
  lr: 0.0003
  n_views: 2
  out_dim: 32
  output_dir: /var/lib/condor/execute/slot2/dir_2159578/scratch/outputs
  proj_dim: 32
  propagate_dim: 16
  resume: None
  rotation: 0.0
  rotation_mode: uniform
  seed: 42
  shift_std: 2.0
  space_dim: 4
  split: ggf_vs_dihiggs_total5000
  temperature: 0.07
  train_augmentation_order: energy_noise+xyz_noise+shift
  weight_decay: 0.0001
  workers: 0
  xyz_noise: 5.0
ColliderML data directory: /var/lib/condor/execute/slot2/dir_2159578/scratch/colliderml-data
Loaded 2500 events from channel ggf.
Loaded 2500 events from channel dihiggs.
Training augmentation pipeline: energy_noise -> xyz_noise -> shift
Evaluation augmentation pipeline: energy_noise -> xyz_noise -> shift
Evaluation augmentation pipeline: rotate -> energy_noise -> xyz_noise
Dataset split: train=3000, val=1000, test=1000
Data preprocessing working fine.
Trainable parameters: 59020
Training output directory: /var/lib/condor/execute/slot2/dir_2159578/scratch/outputs/ggf_dihiggs_exs
Training device: cuda
Saved new best checkpoint: /var/lib/condor/execute/slot2/dir_2159578/scratch/outputs/ggf_dihiggs_exs/checkpoints/best.pt
Epoch 1/18 | train_loss=1.028775 | val_loss=0.255108 | best_val_loss=0.255108 | lr=0.00030000
Saved new best checkpoint: /var/lib/condor/execute/slot2/dir_2159578/scratch/outputs/ggf_dihiggs_exs/checkpoints/best.pt
Epoch 2/18 | train_loss=0.183210 | val_loss=0.126680 | best_val_loss=0.126680 | lr=0.00029772
Saved new best checkpoint: /var/lib/condor/execute/slot2/dir_2159578/scratch/outputs/ggf_dihiggs_exs/checkpoints/best.pt
Epoch 3/18 | train_loss=0.095324 | val_loss=0.061023 | best_val_loss=0.061023 | lr=0.00029095
Saved new best checkpoint: /var/lib/condor/execute/slot2/dir_2159578/scratch/outputs/ggf_dihiggs_exs/checkpoints/best.pt
Epoch 4/18 | train_loss=0.067087 | val_loss=0.055989 | best_val_loss=0.055989 | lr=0.00027990
Saved new best checkpoint: /var/lib/condor/execute/slot2/dir_2159578/scratch/outputs/ggf_dihiggs_exs/checkpoints/best.pt
Epoch 5/18 | train_loss=0.047165 | val_loss=0.038931 | best_val_loss=0.038931 | lr=0.00026491
Saved new best checkpoint: /var/lib/condor/execute/slot2/dir_2159578/scratch/outputs/ggf_dihiggs_exs/checkpoints/best.pt
Epoch 6/18 | train_loss=0.036824 | val_loss=0.027113 | best_val_loss=0.027113 | lr=0.00024642
Saved new best checkpoint: /var/lib/condor/execute/slot2/dir_2159578/scratch/outputs/ggf_dihiggs_exs/checkpoints/best.pt
Epoch 7/18 | train_loss=0.031728 | val_loss=0.025905 | best_val_loss=0.025905 | lr=0.00022500
Epoch 8/18 | train_loss=0.030418 | val_loss=0.029415 | best_val_loss=0.025905 | lr=0.00020130
Saved new best checkpoint: /var/lib/condor/execute/slot2/dir_2159578/scratch/outputs/ggf_dihiggs_exs/checkpoints/best.pt
Epoch 9/18 | train_loss=0.022564 | val_loss=0.020053 | best_val_loss=0.020053 | lr=0.00017605
Epoch 10/18 | train_loss=0.019102 | val_loss=0.020425 | best_val_loss=0.020053 | lr=0.00015000
Saved new best checkpoint: /var/lib/condor/execute/slot2/dir_2159578/scratch/outputs/ggf_dihiggs_exs/checkpoints/best.pt
Epoch 11/18 | train_loss=0.015992 | val_loss=0.018782 | best_val_loss=0.018782 | lr=0.00012395
Saved new best checkpoint: /var/lib/condor/execute/slot2/dir_2159578/scratch/outputs/ggf_dihiggs_exs/checkpoints/best.pt
Epoch 12/18 | train_loss=0.015607 | val_loss=0.017019 | best_val_loss=0.017019 | lr=0.00009870
Saved new best checkpoint: /var/lib/condor/execute/slot2/dir_2159578/scratch/outputs/ggf_dihiggs_exs/checkpoints/best.pt
Epoch 13/18 | train_loss=0.013396 | val_loss=0.014450 | best_val_loss=0.014450 | lr=0.00007500
Saved new best checkpoint: /var/lib/condor/execute/slot2/dir_2159578/scratch/outputs/ggf_dihiggs_exs/checkpoints/best.pt
Epoch 14/18 | train_loss=0.012531 | val_loss=0.013580 | best_val_loss=0.013580 | lr=0.00005358
Epoch 15/18 | train_loss=0.012332 | val_loss=0.014446 | best_val_loss=0.013580 | lr=0.00003509
Saved new best checkpoint: /var/lib/condor/execute/slot2/dir_2159578/scratch/outputs/ggf_dihiggs_exs/checkpoints/best.pt
Epoch 16/18 | train_loss=0.013296 | val_loss=0.013395 | best_val_loss=0.013395 | lr=0.00002010
Saved new best checkpoint: /var/lib/condor/execute/slot2/dir_2159578/scratch/outputs/ggf_dihiggs_exs/checkpoints/best.pt
Epoch 17/18 | train_loss=0.012467 | val_loss=0.013131 | best_val_loss=0.013131 | lr=0.00000905
Saved new best checkpoint: /var/lib/condor/execute/slot2/dir_2159578/scratch/outputs/ggf_dihiggs_exs/checkpoints/best.pt
Epoch 18/18 | train_loss=0.013502 | val_loss=0.013092 | best_val_loss=0.013092 | lr=0.00000228
Loaded checkpoint: /var/lib/condor/execute/slot2/dir_2159578/scratch/outputs/ggf_dihiggs_exs/checkpoints/best.pt
Resume from epoch: 18
Best validation loss: 0.013092
Final test loss: 0.013055
Experiment ggf_dihiggs_exs completed successfully.
