000 (6028200.004.000) 2026-08-13 14:54:32 Job submitted from host: <128.105.68.113:9618?addrs=128.105.68.113-9618+[2607-f388-2200-100-eaeb-d3ff-fea7-d05e]-9618&alias=ap2002.chtc.wisc.edu&noUDP&sock=schedd_7808_378f>
    [ JobBatchName = "gravnet_pairwise_augmentation_sweep_20260812" ]
...
040 (6028200.004.000) 2026-08-13 14:56:35 Started transferring input files
	Transferring to host: <128.105.76.51:9618?addrs=128.105.76.51-9618+[2607-f388-2200-100-925a-8ff-fe34-15b6]-9618&alias=zliu-chtcgpu5000.chtc.wisc.edu&noUDP&sock=slot3_4_716887_7e79_43197>
...
040 (6028200.004.000) 2026-08-13 14:57:09 Finished transferring input files
...
001 (6028200.004.000) 2026-08-13 14:57:09 Job executing on host: <128.105.76.51:9618?addrs=128.105.76.51-9618+[2607-f388-2200-100-925a-8ff-fe34-15b6]-9618&alias=zliu-chtcgpu5000.chtc.wisc.edu&noUDP&sock=startd_11367_651f>
	SlotName: slot3_4@zliu-chtcgpu5000.chtc.wisc.edu
	AvailableGPUs = { GPUs_GPU_57c0fd58 }
	CondorScratchDir = "/var/lib/condor/execute/slot3/dir_924187/scratch"
	Cpus = 2
	Disk = 31457280
	GPUs = 1
	GPUs_GPU_57c0fd58 = [ Id = "GPU-57c0fd58"; Capability = 8.9; DeviceName = "NVIDIA L40S"; DeviceUuid = "57c0fd58-86d9-a141-37fb-b93c6ea11f34"; ECCEnabled = true; NvidiaDriver = "590.48.01"; DriverVersion = 13.1; DevicePciBusId = "0000:A1:00.0"; GlobalMemoryMb = 45460; MaxSupportedVersion = 13010 ]
	IoHeavy = 0
	Memory = 65536
...
006 (6028200.004.000) 2026-08-13 14:57:18 Image size of job updated: 42920
	42  -  MemoryUsage of job (MB)
	42920  -  ResidentSetSize of job (KB)
...
006 (6028200.004.000) 2026-08-13 15:02:18 Image size of job updated: 31016072
	30283  -  MemoryUsage of job (MB)
	31009732  -  ResidentSetSize of job (KB)
...
006 (6028200.004.000) 2026-08-13 15:07:18 Image size of job updated: 31025956
	30298  -  MemoryUsage of job (MB)
	31024184  -  ResidentSetSize of job (KB)
...
006 (6028200.004.000) 2026-08-13 15:12:19 Image size of job updated: 31031620
	30298  -  MemoryUsage of job (MB)
	31024184  -  ResidentSetSize of job (KB)
...
006 (6028200.004.000) 2026-08-13 15:17:19 Image size of job updated: 32161860
	30298  -  MemoryUsage of job (MB)
	31024184  -  ResidentSetSize of job (KB)
...
006 (6028200.004.000) 2026-08-13 15:42:22 Image size of job updated: 33051844
	30298  -  MemoryUsage of job (MB)
	31024184  -  ResidentSetSize of job (KB)
...
006 (6028200.004.000) 2026-08-13 16:22:25 Image size of job updated: 33685636
	30298  -  MemoryUsage of job (MB)
	31024184  -  ResidentSetSize of job (KB)
...
040 (6028200.004.000) 2026-08-13 16:45:34 Started transferring output files
...
040 (6028200.004.000) 2026-08-13 16:45:34 Finished transferring output files
...
005 (6028200.004.000) 2026-08-13 16:45:37 Job terminated.
	(1) Normal termination (return value 0)
		Usr 0 02:01:24, Sys 0 00:01:07  -  Run Remote Usage
		Usr 0 00:00:00, Sys 0 00:00:00  -  Run Local Usage
		Usr 0 02:01:24, Sys 0 00:01:07  -  Total Remote Usage
		Usr 0 00:00:00, Sys 0 00:00:00  -  Total Local Usage
	1592070  -  Run Bytes Sent By Job
	9725079282  -  Run Bytes Received By Job
	1592070  -  Total Bytes Sent By Job
	9725079282  -  Total Bytes Received By Job
	Partitionable Resources :       Usage  Request Allocated Assigned
	   Cpus                 :        1.12        2         2 
	   Disk (KB)            : 16321756    31457280  31457280 
	   GPUs                 :                    1         1 "GPU-57c0fd58"
	   GpusMemory (MB)      :     1627                       
	   IoHeavy              :                              0 
	   Memory (MB)          :    30298       65536     65536 
	   TimeExecute (s)      :     6505                       
	   TimeSlotBusy (s)     :     6539                       
...
