000 (6028200.029.000) 2026-08-13 14:54:32 Job submitted from host: <128.105.68.113:9618?addrs=128.105.68.113-9618+[2607-f388-2200-100-eaeb-d3ff-fea7-d05e]-9618&alias=ap2002.chtc.wisc.edu&noUDP&sock=schedd_7808_378f>
    [ JobBatchName = "gravnet_pairwise_augmentation_sweep_20260812" ]
...
040 (6028200.029.000) 2026-08-13 16:16:41 Started transferring input files
	Transferring to host: <128.105.68.101:9618?addrs=128.105.68.101-9618+[2607-f388-2200-100-1270-fdff-fe73-97d6]-9618&alias=gpu2009.chtc.wisc.edu&noUDP&sock=slot2_2_1217555_6481_35209>
...
040 (6028200.029.000) 2026-08-13 16:17:17 Finished transferring input files
...
001 (6028200.029.000) 2026-08-13 16:17:17 Job executing on host: <128.105.68.101:9618?addrs=128.105.68.101-9618+[2607-f388-2200-100-1270-fdff-fe73-97d6]-9618&alias=gpu2009.chtc.wisc.edu&noUDP&sock=startd_12432_e57c>
	SlotName: slot2_2@gpu2009.chtc.wisc.edu
	AvailableGPUs = { GPUs_GPU_07c303b2 }
	CondorScratchDir = "/var/lib/condor/execute/slot2/dir_1723037/scratch"
	Cpus = 2
	Disk = 31457280
	GPUs = 1
	GPUs_GPU_07c303b2 = [ Id = "GPU-07c303b2"; Capability = 8.0; DeviceName = "NVIDIA A100-SXM4-80GB"; DeviceUuid = "07c303b2-26b2-4bc7-fbf1-94800154bb1a"; ECCEnabled = true; NvidiaDriver = "570.195.03"; DriverVersion = 12.8; DevicePciBusId = "0000:41:00.0"; GlobalMemoryMb = 81154; MaxSupportedVersion = 12080 ]
	IoHeavy = 0
	Memory = 65536
...
006 (6028200.029.000) 2026-08-13 16:17:25 Image size of job updated: 22104
	22  -  MemoryUsage of job (MB)
	22104  -  ResidentSetSize of job (KB)
...
006 (6028200.029.000) 2026-08-13 16:22:25 Image size of job updated: 24962272
	24364  -  MemoryUsage of job (MB)
	24948160  -  ResidentSetSize of job (KB)
...
006 (6028200.029.000) 2026-08-13 16:27:26 Image size of job updated: 24976456
	24391  -  MemoryUsage of job (MB)
	24976148  -  ResidentSetSize of job (KB)
...
006 (6028200.029.000) 2026-08-13 16:32:26 Image size of job updated: 24976456
	24392  -  MemoryUsage of job (MB)
	24976456  -  ResidentSetSize of job (KB)
...
006 (6028200.029.000) 2026-08-13 16:37:27 Image size of job updated: 24976896
	24392  -  MemoryUsage of job (MB)
	24976456  -  ResidentSetSize of job (KB)
...
006 (6028200.029.000) 2026-08-13 16:42:27 Image size of job updated: 24978116
	24393  -  MemoryUsage of job (MB)
	24977488  -  ResidentSetSize of job (KB)
...
006 (6028200.029.000) 2026-08-13 16:47:27 Image size of job updated: 26612840
	24394  -  MemoryUsage of job (MB)
	24978504  -  ResidentSetSize of job (KB)
...
006 (6028200.029.000) 2026-08-13 16:57:28 Image size of job updated: 26612840
	24398  -  MemoryUsage of job (MB)
	24983440  -  ResidentSetSize of job (KB)
...
006 (6028200.029.000) 2026-08-13 17:12:29 Image size of job updated: 26612840
	24402  -  MemoryUsage of job (MB)
	24986680  -  ResidentSetSize of job (KB)
...
006 (6028200.029.000) 2026-08-13 17:32:31 Image size of job updated: 27095800
	24402  -  MemoryUsage of job (MB)
	24986680  -  ResidentSetSize of job (KB)
...
040 (6028200.029.000) 2026-08-13 18:13:13 Started transferring output files
...
040 (6028200.029.000) 2026-08-13 18:13:13 Finished transferring output files
...
005 (6028200.029.000) 2026-08-13 18:13:17 Job terminated.
	(1) Normal termination (return value 0)
		Usr 0 02:09:52, Sys 0 00:04:12  -  Run Remote Usage
		Usr 0 00:00:00, Sys 0 00:00:00  -  Run Local Usage
		Usr 0 02:09:52, Sys 0 00:04:12  -  Total Remote Usage
		Usr 0 00:00:00, Sys 0 00:00:00  -  Total Local Usage
	1592993  -  Run Bytes Sent By Job
	9725079282  -  Run Bytes Received By Job
	1592993  -  Total Bytes Sent By Job
	9725079282  -  Total Bytes Received By Job
	Partitionable Resources :       Usage  Request Allocated Assigned
	   Cpus                 :        1.13        2         2 
	   Disk (KB)            : 16321320    31457280  31457280 
	   GPUs                 :        0.01        1         1 "GPU-07c303b2"
	   GpusMemory (MB)      :     1739                       
	   IoHeavy              :                              0 
	   Memory (MB)          :    24402       65536     65536 
	   TimeExecute (s)      :     6942                       
	   TimeSlotBusy (s)     :     6992                       
...
