000 (6028200.039.000) 2026-08-13 14:54:32 Job submitted from host: <128.105.68.113:9618?addrs=128.105.68.113-9618+[2607-f388-2200-100-eaeb-d3ff-fea7-d05e]-9618&alias=ap2002.chtc.wisc.edu&noUDP&sock=schedd_7808_378f>
    [ JobBatchName = "gravnet_pairwise_augmentation_sweep_20260812" ]
...
040 (6028200.039.000) 2026-08-13 17:13:36 Started transferring input files
	Transferring to host: <128.105.68.98:9618?addrs=128.105.68.98-9618+[2607-f388-2200-100-1270-fdff-fe74-900]-9618&alias=gpu2006.chtc.wisc.edu&noUDP&sock=slot2_3_291285_621e_42233>
...
040 (6028200.039.000) 2026-08-13 17:14:04 Finished transferring input files
...
001 (6028200.039.000) 2026-08-13 17:14:04 Job executing on host: <128.105.68.98:9618?addrs=128.105.68.98-9618+[2607-f388-2200-100-1270-fdff-fe74-900]-9618&alias=gpu2006.chtc.wisc.edu&noUDP&sock=startd_12308_d7bd>
	SlotName: slot2_3@gpu2006.chtc.wisc.edu
	AvailableGPUs = { GPUs_GPU_a0068c3b }
	CondorScratchDir = "/var/lib/condor/execute/slot2/dir_1431020/scratch"
	Cpus = 2
	Disk = 31457280
	GPUs = 1
	GPUs_GPU_a0068c3b = [ Id = "GPU-a0068c3b"; Capability = 8.0; DeviceName = "NVIDIA A100-SXM4-80GB"; DeviceUuid = "a0068c3b-d8df-951c-6d71-ab791a34e2d6"; ECCEnabled = true; NvidiaDriver = "570.195.03"; DriverVersion = 12.8; DevicePciBusId = "0000:81:00.0"; GlobalMemoryMb = 81154; MaxSupportedVersion = 12080 ]
	IoHeavy = 0
	Memory = 65536
...
006 (6028200.039.000) 2026-08-13 17:14:13 Image size of job updated: 22296
	22  -  MemoryUsage of job (MB)
	22296  -  ResidentSetSize of job (KB)
...
006 (6028200.039.000) 2026-08-13 17:19:14 Image size of job updated: 25100004
	23923  -  MemoryUsage of job (MB)
	24497072  -  ResidentSetSize of job (KB)
...
006 (6028200.039.000) 2026-08-13 17:24:14 Image size of job updated: 25100004
	23933  -  MemoryUsage of job (MB)
	24506668  -  ResidentSetSize of job (KB)
...
006 (6028200.039.000) 2026-08-13 17:29:15 Image size of job updated: 25100004
	23940  -  MemoryUsage of job (MB)
	24513800  -  ResidentSetSize of job (KB)
...
006 (6028200.039.000) 2026-08-13 17:39:16 Image size of job updated: 25100004
	23942  -  MemoryUsage of job (MB)
	24516208  -  ResidentSetSize of job (KB)
...
006 (6028200.039.000) 2026-08-13 17:49:17 Image size of job updated: 25100004
	23946  -  MemoryUsage of job (MB)
	24519744  -  ResidentSetSize of job (KB)
...
006 (6028200.039.000) 2026-08-13 18:09:19 Image size of job updated: 25485548
	23949  -  MemoryUsage of job (MB)
	24523384  -  ResidentSetSize of job (KB)
...
006 (6028200.039.000) 2026-08-13 18:14:20 Image size of job updated: 25485548
	23953  -  MemoryUsage of job (MB)
	24526876  -  ResidentSetSize of job (KB)
...
006 (6028200.039.000) 2026-08-13 18:24:20 Image size of job updated: 25485548
	23954  -  MemoryUsage of job (MB)
	24528080  -  ResidentSetSize of job (KB)
...
006 (6028200.039.000) 2026-08-13 18:59:23 Image size of job updated: 25485548
	23954  -  MemoryUsage of job (MB)
	24528632  -  ResidentSetSize of job (KB)
...
006 (6028200.039.000) 2026-08-13 19:19:25 Image size of job updated: 25918572
	23957  -  MemoryUsage of job (MB)
	24531456  -  ResidentSetSize of job (KB)
...
040 (6028200.039.000) 2026-08-13 19:27:22 Started transferring output files
...
040 (6028200.039.000) 2026-08-13 19:27:22 Finished transferring output files
...
005 (6028200.039.000) 2026-08-13 19:27:26 Job terminated.
	(1) Normal termination (return value 0)
		Usr 0 02:28:26, Sys 0 00:04:22  -  Run Remote Usage
		Usr 0 00:00:00, Sys 0 00:00:00  -  Run Local Usage
		Usr 0 02:28:26, Sys 0 00:04:22  -  Total Remote Usage
		Usr 0 00:00:00, Sys 0 00:00:00  -  Total Local Usage
	1598037  -  Run Bytes Sent By Job
	9725079282  -  Run Bytes Received By Job
	1598037  -  Total Bytes Sent By Job
	9725079282  -  Total Bytes Received By Job
	Partitionable Resources :       Usage  Request Allocated Assigned
	   Cpus                 :        1.12        2         2 
	   Disk (KB)            : 16321330    31457280  31457280 
	   GPUs                 :        0.01        1         1 "GPU-a0068c3b"
	   GpusMemory (MB)      :     1787                       
	   IoHeavy              :                              0 
	   Memory (MB)          :    23957       65536     65536 
	   TimeExecute (s)      :     7998                       
	   TimeSlotBusy (s)     :     8026                       
...
