==================================================
Experiment: ttbar_dihiggs_exs
Processes: ttbar vs dihiggs
Events per channel: 2500
Running on: gpu4002
Working directory: /var/lib/condor/execute/slot2/dir_2160351/scratch
CUDA_VISIBLE_DEVICES: GPU-2e13e217-6059-f8d1-c6e6-c4cc399ca285
Rotation mode: uniform
Rotation: 0.0
Energy noise: 0.0001 GeV
XYZ noise: 5.0 mm
Shift std: 2.0 mm
Crop fraction: 0.0
Augmentation order: energy_noise+xyz_noise+shift
Learning rate: 0.0003
Weight decay: 0.0001
Batch size: 32
Temperature: 0.07
Seed: 42
==================================================
Extracting source code...
Extracting ColliderML data...
Training script: src/train_colliderml_planar_pairwise.py
ColliderML data directory: /var/lib/condor/execute/slot2/dir_2160351/scratch/colliderml-data
PyTorch: 2.4.1+cu121
CUDA build: 12.1
CUDA available: True
GPU: NVIDIA L40
Starting pretraining...
Experiment configuration:
  arch: gnn
  batch_size: 32
  channel_a: ttbar
  channel_b: dihiggs
  crop_fraction: 0.0
  data_dir: /var/lib/condor/execute/slot2/dir_2160351/scratch/colliderml-data
  dataset_name: colliderml
  disable_cuda: False
  energy_noise: 0.0001
  epochs: 18
  events_per_channel: 2500
  experiment_name: ttbar_dihiggs_exs
  feat_dim: 4
  fp16_precision: False
  gravnet_k: 8
  hidden_dim: 16
  latent_dim: 64
  log_every_n_steps: 100
  lr: 0.0003
  n_views: 2
  out_dim: 32
  output_dir: /var/lib/condor/execute/slot2/dir_2160351/scratch/outputs
  proj_dim: 32
  propagate_dim: 16
  resume: None
  rotation: 0.0
  rotation_mode: uniform
  seed: 42
  shift_std: 2.0
  space_dim: 4
  split: ttbar_vs_dihiggs_total5000
  temperature: 0.07
  train_augmentation_order: energy_noise+xyz_noise+shift
  weight_decay: 0.0001
  workers: 0
  xyz_noise: 5.0
ColliderML data directory: /var/lib/condor/execute/slot2/dir_2160351/scratch/colliderml-data
Loaded 2500 events from channel ttbar.
Loaded 2500 events from channel dihiggs.
Training augmentation pipeline: energy_noise -> xyz_noise -> shift
Evaluation augmentation pipeline: energy_noise -> xyz_noise -> shift
Evaluation augmentation pipeline: rotate -> energy_noise -> xyz_noise
Dataset split: train=3000, val=1000, test=1000
Data preprocessing working fine.
Trainable parameters: 59020
Training output directory: /var/lib/condor/execute/slot2/dir_2160351/scratch/outputs/ttbar_dihiggs_exs
Training device: cuda
Saved new best checkpoint: /var/lib/condor/execute/slot2/dir_2160351/scratch/outputs/ttbar_dihiggs_exs/checkpoints/best.pt
Epoch 1/18 | train_loss=0.966201 | val_loss=0.190316 | best_val_loss=0.190316 | lr=0.00030000
Saved new best checkpoint: /var/lib/condor/execute/slot2/dir_2160351/scratch/outputs/ttbar_dihiggs_exs/checkpoints/best.pt
Epoch 2/18 | train_loss=0.158898 | val_loss=0.087751 | best_val_loss=0.087751 | lr=0.00029772
Saved new best checkpoint: /var/lib/condor/execute/slot2/dir_2160351/scratch/outputs/ttbar_dihiggs_exs/checkpoints/best.pt
Epoch 3/18 | train_loss=0.091317 | val_loss=0.085123 | best_val_loss=0.085123 | lr=0.00029095
Saved new best checkpoint: /var/lib/condor/execute/slot2/dir_2160351/scratch/outputs/ttbar_dihiggs_exs/checkpoints/best.pt
Epoch 4/18 | train_loss=0.062192 | val_loss=0.040417 | best_val_loss=0.040417 | lr=0.00027990
Saved new best checkpoint: /var/lib/condor/execute/slot2/dir_2160351/scratch/outputs/ttbar_dihiggs_exs/checkpoints/best.pt
Epoch 5/18 | train_loss=0.033945 | val_loss=0.028942 | best_val_loss=0.028942 | lr=0.00026491
Epoch 6/18 | train_loss=0.032822 | val_loss=0.029770 | best_val_loss=0.028942 | lr=0.00024642
Saved new best checkpoint: /var/lib/condor/execute/slot2/dir_2160351/scratch/outputs/ttbar_dihiggs_exs/checkpoints/best.pt
Epoch 7/18 | train_loss=0.025236 | val_loss=0.022208 | best_val_loss=0.022208 | lr=0.00022500
Epoch 8/18 | train_loss=0.023307 | val_loss=0.027105 | best_val_loss=0.022208 | lr=0.00020130
Saved new best checkpoint: /var/lib/condor/execute/slot2/dir_2160351/scratch/outputs/ttbar_dihiggs_exs/checkpoints/best.pt
Epoch 9/18 | train_loss=0.017896 | val_loss=0.017367 | best_val_loss=0.017367 | lr=0.00017605
Saved new best checkpoint: /var/lib/condor/execute/slot2/dir_2160351/scratch/outputs/ttbar_dihiggs_exs/checkpoints/best.pt
Epoch 10/18 | train_loss=0.015105 | val_loss=0.014295 | best_val_loss=0.014295 | lr=0.00015000
Saved new best checkpoint: /var/lib/condor/execute/slot2/dir_2160351/scratch/outputs/ttbar_dihiggs_exs/checkpoints/best.pt
Epoch 11/18 | train_loss=0.013696 | val_loss=0.013610 | best_val_loss=0.013610 | lr=0.00012395
Epoch 12/18 | train_loss=0.013874 | val_loss=0.014444 | best_val_loss=0.013610 | lr=0.00009870
Saved new best checkpoint: /var/lib/condor/execute/slot2/dir_2160351/scratch/outputs/ttbar_dihiggs_exs/checkpoints/best.pt
Epoch 13/18 | train_loss=0.011000 | val_loss=0.012461 | best_val_loss=0.012461 | lr=0.00007500
Saved new best checkpoint: /var/lib/condor/execute/slot2/dir_2160351/scratch/outputs/ttbar_dihiggs_exs/checkpoints/best.pt
Epoch 14/18 | train_loss=0.010946 | val_loss=0.011561 | best_val_loss=0.011561 | lr=0.00005358
Saved new best checkpoint: /var/lib/condor/execute/slot2/dir_2160351/scratch/outputs/ttbar_dihiggs_exs/checkpoints/best.pt
Epoch 15/18 | train_loss=0.010556 | val_loss=0.010657 | best_val_loss=0.010657 | lr=0.00003509
Saved new best checkpoint: /var/lib/condor/execute/slot2/dir_2160351/scratch/outputs/ttbar_dihiggs_exs/checkpoints/best.pt
Epoch 16/18 | train_loss=0.010461 | val_loss=0.010016 | best_val_loss=0.010016 | lr=0.00002010
Epoch 17/18 | train_loss=0.010649 | val_loss=0.010246 | best_val_loss=0.010016 | lr=0.00000905
Epoch 18/18 | train_loss=0.010960 | val_loss=0.010069 | best_val_loss=0.010016 | lr=0.00000228
Loaded checkpoint: /var/lib/condor/execute/slot2/dir_2160351/scratch/outputs/ttbar_dihiggs_exs/checkpoints/best.pt
Resume from epoch: 16
Best validation loss: 0.010016
Final test loss: 0.011623
Experiment ttbar_dihiggs_exs completed successfully.
