==================================================
Experiment: ggf_ttbar_exs
Processes: ggf vs ttbar
Events per channel: 2500
Running on: gpu4000
Working directory: /var/lib/condor/execute/slot2/dir_2976883/scratch
CUDA_VISIBLE_DEVICES: GPU-72ec1e89-a9fe-478a-f1e6-b8bb1a4b8f5a
Rotation mode: uniform
Rotation: 0.0
Energy noise: 0.0001 GeV
XYZ noise: 5.0 mm
Shift std: 2.0 mm
Crop fraction: 0.0
Augmentation order: energy_noise+xyz_noise+shift
Learning rate: 0.0003
Weight decay: 0.0001
Batch size: 32
Temperature: 0.07
Seed: 42
==================================================
Extracting source code...
Extracting ColliderML data...
Training script: src/train_colliderml_planar_pairwise.py
ColliderML data directory: /var/lib/condor/execute/slot2/dir_2976883/scratch/colliderml-data
PyTorch: 2.4.1+cu121
CUDA build: 12.1
CUDA available: True
GPU: NVIDIA L40
Starting pretraining...
Experiment configuration:
  arch: gnn
  batch_size: 32
  channel_a: ggf
  channel_b: ttbar
  crop_fraction: 0.0
  data_dir: /var/lib/condor/execute/slot2/dir_2976883/scratch/colliderml-data
  dataset_name: colliderml
  disable_cuda: False
  energy_noise: 0.0001
  epochs: 18
  events_per_channel: 2500
  experiment_name: ggf_ttbar_exs
  feat_dim: 4
  fp16_precision: False
  gravnet_k: 8
  hidden_dim: 16
  latent_dim: 64
  log_every_n_steps: 100
  lr: 0.0003
  n_views: 2
  out_dim: 32
  output_dir: /var/lib/condor/execute/slot2/dir_2976883/scratch/outputs
  proj_dim: 32
  propagate_dim: 16
  resume: None
  rotation: 0.0
  rotation_mode: uniform
  seed: 42
  shift_std: 2.0
  space_dim: 4
  split: ggf_vs_ttbar_total5000
  temperature: 0.07
  train_augmentation_order: energy_noise+xyz_noise+shift
  weight_decay: 0.0001
  workers: 0
  xyz_noise: 5.0
ColliderML data directory: /var/lib/condor/execute/slot2/dir_2976883/scratch/colliderml-data
Loaded 2500 events from channel ggf.
Loaded 2500 events from channel ttbar.
Training augmentation pipeline: energy_noise -> xyz_noise -> shift
Evaluation augmentation pipeline: energy_noise -> xyz_noise -> shift
Evaluation augmentation pipeline: rotate -> energy_noise -> xyz_noise
Dataset split: train=3000, val=1000, test=1000
Data preprocessing working fine.
Trainable parameters: 59020
Training output directory: /var/lib/condor/execute/slot2/dir_2976883/scratch/outputs/ggf_ttbar_exs
Training device: cuda
Saved new best checkpoint: /var/lib/condor/execute/slot2/dir_2976883/scratch/outputs/ggf_ttbar_exs/checkpoints/best.pt
Epoch 1/18 | train_loss=0.877740 | val_loss=0.228852 | best_val_loss=0.228852 | lr=0.00030000
Saved new best checkpoint: /var/lib/condor/execute/slot2/dir_2976883/scratch/outputs/ggf_ttbar_exs/checkpoints/best.pt
Epoch 2/18 | train_loss=0.157625 | val_loss=0.102914 | best_val_loss=0.102914 | lr=0.00029772
Saved new best checkpoint: /var/lib/condor/execute/slot2/dir_2976883/scratch/outputs/ggf_ttbar_exs/checkpoints/best.pt
Epoch 3/18 | train_loss=0.080147 | val_loss=0.048223 | best_val_loss=0.048223 | lr=0.00029095
Saved new best checkpoint: /var/lib/condor/execute/slot2/dir_2976883/scratch/outputs/ggf_ttbar_exs/checkpoints/best.pt
Epoch 4/18 | train_loss=0.051452 | val_loss=0.044884 | best_val_loss=0.044884 | lr=0.00027990
Saved new best checkpoint: /var/lib/condor/execute/slot2/dir_2976883/scratch/outputs/ggf_ttbar_exs/checkpoints/best.pt
Epoch 5/18 | train_loss=0.040715 | val_loss=0.030496 | best_val_loss=0.030496 | lr=0.00026491
Saved new best checkpoint: /var/lib/condor/execute/slot2/dir_2976883/scratch/outputs/ggf_ttbar_exs/checkpoints/best.pt
Epoch 6/18 | train_loss=0.030574 | val_loss=0.029383 | best_val_loss=0.029383 | lr=0.00024642
Saved new best checkpoint: /var/lib/condor/execute/slot2/dir_2976883/scratch/outputs/ggf_ttbar_exs/checkpoints/best.pt
Epoch 7/18 | train_loss=0.029491 | val_loss=0.022213 | best_val_loss=0.022213 | lr=0.00022500
Saved new best checkpoint: /var/lib/condor/execute/slot2/dir_2976883/scratch/outputs/ggf_ttbar_exs/checkpoints/best.pt
Epoch 8/18 | train_loss=0.020196 | val_loss=0.021955 | best_val_loss=0.021955 | lr=0.00020130
Saved new best checkpoint: /var/lib/condor/execute/slot2/dir_2976883/scratch/outputs/ggf_ttbar_exs/checkpoints/best.pt
Epoch 9/18 | train_loss=0.019124 | val_loss=0.020536 | best_val_loss=0.020536 | lr=0.00017605
Saved new best checkpoint: /var/lib/condor/execute/slot2/dir_2976883/scratch/outputs/ggf_ttbar_exs/checkpoints/best.pt
Epoch 10/18 | train_loss=0.017635 | val_loss=0.019357 | best_val_loss=0.019357 | lr=0.00015000
Saved new best checkpoint: /var/lib/condor/execute/slot2/dir_2976883/scratch/outputs/ggf_ttbar_exs/checkpoints/best.pt
Epoch 11/18 | train_loss=0.015026 | val_loss=0.014940 | best_val_loss=0.014940 | lr=0.00012395
Saved new best checkpoint: /var/lib/condor/execute/slot2/dir_2976883/scratch/outputs/ggf_ttbar_exs/checkpoints/best.pt
Epoch 12/18 | train_loss=0.011040 | val_loss=0.012646 | best_val_loss=0.012646 | lr=0.00009870
Epoch 13/18 | train_loss=0.011635 | val_loss=0.012676 | best_val_loss=0.012646 | lr=0.00007500
Epoch 14/18 | train_loss=0.011978 | val_loss=0.012653 | best_val_loss=0.012646 | lr=0.00005358
Saved new best checkpoint: /var/lib/condor/execute/slot2/dir_2976883/scratch/outputs/ggf_ttbar_exs/checkpoints/best.pt
Epoch 15/18 | train_loss=0.009659 | val_loss=0.011167 | best_val_loss=0.011167 | lr=0.00003509
Saved new best checkpoint: /var/lib/condor/execute/slot2/dir_2976883/scratch/outputs/ggf_ttbar_exs/checkpoints/best.pt
Epoch 16/18 | train_loss=0.010099 | val_loss=0.010755 | best_val_loss=0.010755 | lr=0.00002010
Saved new best checkpoint: /var/lib/condor/execute/slot2/dir_2976883/scratch/outputs/ggf_ttbar_exs/checkpoints/best.pt
Epoch 17/18 | train_loss=0.009302 | val_loss=0.010168 | best_val_loss=0.010168 | lr=0.00000905
Epoch 18/18 | train_loss=0.009839 | val_loss=0.010190 | best_val_loss=0.010168 | lr=0.00000228
Loaded checkpoint: /var/lib/condor/execute/slot2/dir_2976883/scratch/outputs/ggf_ttbar_exs/checkpoints/best.pt
Resume from epoch: 17
Best validation loss: 0.010168
Final test loss: 0.010231
Experiment ggf_ttbar_exs completed successfully.
