==================================================
Experiment: ggf_dihiggs_exc
Processes: ggf vs dihiggs
Events per channel: 2500
Running on: gpu2011
Working directory: /var/lib/condor/execute/slot2/dir_3438641/scratch
CUDA_VISIBLE_DEVICES: MIG-c58b4aaa-d2d3-5975-907f-a7815302cfd5
Rotation mode: uniform
Rotation: 0.0
Energy noise: 0.0001 GeV
XYZ noise: 5.0 mm
Shift std: 0.0 mm
Crop fraction: 0.5
Augmentation order: energy_noise+xyz_noise+crop
Learning rate: 0.0003
Weight decay: 0.0001
Batch size: 32
Temperature: 0.07
Seed: 42
==================================================
Extracting source code...
Extracting ColliderML data...
Training script: src/train_colliderml_planar_pairwise.py
ColliderML data directory: /var/lib/condor/execute/slot2/dir_3438641/scratch/colliderml-data
PyTorch: 2.4.1+cu121
CUDA build: 12.1
CUDA available: True
GPU: NVIDIA A100-SXM4-80GB MIG 3g.40gb
Starting pretraining...
Experiment configuration:
  arch: gnn
  batch_size: 32
  channel_a: ggf
  channel_b: dihiggs
  crop_fraction: 0.5
  data_dir: /var/lib/condor/execute/slot2/dir_3438641/scratch/colliderml-data
  dataset_name: colliderml
  disable_cuda: False
  energy_noise: 0.0001
  epochs: 18
  events_per_channel: 2500
  experiment_name: ggf_dihiggs_exc
  feat_dim: 4
  fp16_precision: False
  gravnet_k: 8
  hidden_dim: 16
  latent_dim: 64
  log_every_n_steps: 100
  lr: 0.0003
  n_views: 2
  out_dim: 32
  output_dir: /var/lib/condor/execute/slot2/dir_3438641/scratch/outputs
  proj_dim: 32
  propagate_dim: 16
  resume: None
  rotation: 0.0
  rotation_mode: uniform
  seed: 42
  shift_std: 0.0
  space_dim: 4
  split: ggf_vs_dihiggs_total5000
  temperature: 0.07
  train_augmentation_order: energy_noise+xyz_noise+crop
  weight_decay: 0.0001
  workers: 0
  xyz_noise: 5.0
ColliderML data directory: /var/lib/condor/execute/slot2/dir_3438641/scratch/colliderml-data
Loaded 2500 events from channel ggf.
Loaded 2500 events from channel dihiggs.
Training augmentation pipeline: energy_noise -> xyz_noise -> crop
Evaluation augmentation pipeline: energy_noise -> xyz_noise -> crop
Evaluation augmentation pipeline: rotate -> energy_noise -> xyz_noise
Dataset split: train=3000, val=1000, test=1000
Data preprocessing working fine.
Trainable parameters: 59020
Training output directory: /var/lib/condor/execute/slot2/dir_3438641/scratch/outputs/ggf_dihiggs_exc
Training device: cuda
Saved new best checkpoint: /var/lib/condor/execute/slot2/dir_3438641/scratch/outputs/ggf_dihiggs_exc/checkpoints/best.pt
Epoch 1/18 | train_loss=1.540266 | val_loss=0.656902 | best_val_loss=0.656902 | lr=0.00030000
Saved new best checkpoint: /var/lib/condor/execute/slot2/dir_3438641/scratch/outputs/ggf_dihiggs_exc/checkpoints/best.pt
Epoch 2/18 | train_loss=0.507828 | val_loss=0.327937 | best_val_loss=0.327937 | lr=0.00029772
Saved new best checkpoint: /var/lib/condor/execute/slot2/dir_3438641/scratch/outputs/ggf_dihiggs_exc/checkpoints/best.pt
Epoch 3/18 | train_loss=0.272992 | val_loss=0.195482 | best_val_loss=0.195482 | lr=0.00029095
Saved new best checkpoint: /var/lib/condor/execute/slot2/dir_3438641/scratch/outputs/ggf_dihiggs_exc/checkpoints/best.pt
Epoch 4/18 | train_loss=0.186651 | val_loss=0.165457 | best_val_loss=0.165457 | lr=0.00027990
Saved new best checkpoint: /var/lib/condor/execute/slot2/dir_3438641/scratch/outputs/ggf_dihiggs_exc/checkpoints/best.pt
Epoch 5/18 | train_loss=0.142936 | val_loss=0.103676 | best_val_loss=0.103676 | lr=0.00026491
Epoch 6/18 | train_loss=0.110316 | val_loss=0.112968 | best_val_loss=0.103676 | lr=0.00024642
Saved new best checkpoint: /var/lib/condor/execute/slot2/dir_3438641/scratch/outputs/ggf_dihiggs_exc/checkpoints/best.pt
Epoch 7/18 | train_loss=0.092781 | val_loss=0.074350 | best_val_loss=0.074350 | lr=0.00022500
Saved new best checkpoint: /var/lib/condor/execute/slot2/dir_3438641/scratch/outputs/ggf_dihiggs_exc/checkpoints/best.pt
Epoch 8/18 | train_loss=0.078073 | val_loss=0.063640 | best_val_loss=0.063640 | lr=0.00020130
Saved new best checkpoint: /var/lib/condor/execute/slot2/dir_3438641/scratch/outputs/ggf_dihiggs_exc/checkpoints/best.pt
Epoch 9/18 | train_loss=0.062834 | val_loss=0.058772 | best_val_loss=0.058772 | lr=0.00017605
Saved new best checkpoint: /var/lib/condor/execute/slot2/dir_3438641/scratch/outputs/ggf_dihiggs_exc/checkpoints/best.pt
Epoch 10/18 | train_loss=0.066935 | val_loss=0.054795 | best_val_loss=0.054795 | lr=0.00015000
Saved new best checkpoint: /var/lib/condor/execute/slot2/dir_3438641/scratch/outputs/ggf_dihiggs_exc/checkpoints/best.pt
Epoch 11/18 | train_loss=0.053825 | val_loss=0.050472 | best_val_loss=0.050472 | lr=0.00012395
Saved new best checkpoint: /var/lib/condor/execute/slot2/dir_3438641/scratch/outputs/ggf_dihiggs_exc/checkpoints/best.pt
Epoch 12/18 | train_loss=0.049980 | val_loss=0.044981 | best_val_loss=0.044981 | lr=0.00009870
Saved new best checkpoint: /var/lib/condor/execute/slot2/dir_3438641/scratch/outputs/ggf_dihiggs_exc/checkpoints/best.pt
Epoch 13/18 | train_loss=0.040757 | val_loss=0.040887 | best_val_loss=0.040887 | lr=0.00007500
Saved new best checkpoint: /var/lib/condor/execute/slot2/dir_3438641/scratch/outputs/ggf_dihiggs_exc/checkpoints/best.pt
Epoch 14/18 | train_loss=0.045166 | val_loss=0.037796 | best_val_loss=0.037796 | lr=0.00005358
Saved new best checkpoint: /var/lib/condor/execute/slot2/dir_3438641/scratch/outputs/ggf_dihiggs_exc/checkpoints/best.pt
Epoch 15/18 | train_loss=0.035094 | val_loss=0.034925 | best_val_loss=0.034925 | lr=0.00003509
Saved new best checkpoint: /var/lib/condor/execute/slot2/dir_3438641/scratch/outputs/ggf_dihiggs_exc/checkpoints/best.pt
Epoch 16/18 | train_loss=0.039291 | val_loss=0.034401 | best_val_loss=0.034401 | lr=0.00002010
Saved new best checkpoint: /var/lib/condor/execute/slot2/dir_3438641/scratch/outputs/ggf_dihiggs_exc/checkpoints/best.pt
Epoch 17/18 | train_loss=0.032931 | val_loss=0.033330 | best_val_loss=0.033330 | lr=0.00000905
Saved new best checkpoint: /var/lib/condor/execute/slot2/dir_3438641/scratch/outputs/ggf_dihiggs_exc/checkpoints/best.pt
Epoch 18/18 | train_loss=0.034762 | val_loss=0.033306 | best_val_loss=0.033306 | lr=0.00000228
Loaded checkpoint: /var/lib/condor/execute/slot2/dir_3438641/scratch/outputs/ggf_dihiggs_exc/checkpoints/best.pt
Resume from epoch: 18
Best validation loss: 0.033306
Final test loss: 0.039159
Experiment ggf_dihiggs_exc completed successfully.
