000 (6028200.045.000) 2026-08-13 14:54:32 Job submitted from host: <128.105.68.113:9618?addrs=128.105.68.113-9618+[2607-f388-2200-100-eaeb-d3ff-fea7-d05e]-9618&alias=ap2002.chtc.wisc.edu&noUDP&sock=schedd_7808_378f>
    [ JobBatchName = "gravnet_pairwise_augmentation_sweep_20260812" ]
...
040 (6028200.045.000) 2026-08-13 17:34:08 Started transferring input files
	Transferring to host: <128.105.69.3:9618?addrs=128.105.69.3-9618+[2607-f388-2200-100-7ec2-55ff-fe46-28f2]-9618&alias=gpu4002.chtc.wisc.edu&noUDP&sock=slot2_9_1962410_1f72_44422>
...
040 (6028200.045.000) 2026-08-13 17:34:42 Finished transferring input files
...
001 (6028200.045.000) 2026-08-13 17:34:42 Job executing on host: <128.105.69.3:9618?addrs=128.105.69.3-9618+[2607-f388-2200-100-7ec2-55ff-fe46-28f2]-9618&alias=gpu4002.chtc.wisc.edu&noUDP&sock=startd_1962346_b6aa>
	SlotName: slot2_9@gpu4002.chtc.wisc.edu
	AvailableGPUs = { GPUs_GPU_2e13e217 }
	CondorScratchDir = "/var/lib/condor/execute/slot2/dir_2351218/scratch"
	Cpus = 2
	Disk = 31457280
	GPUs = 1
	GPUs_GPU_2e13e217 = [ Id = "GPU-2e13e217"; Capability = 8.9; DeviceName = "NVIDIA L40"; DeviceUuid = "2e13e217-6059-f8d1-c6e6-c4cc399ca285"; ECCEnabled = true; NvidiaDriver = "570.195.03"; DriverVersion = 12.8; DevicePciBusId = "0000:53:00.0"; GlobalMemoryMb = 45468; MaxSupportedVersion = 12080 ]
	IoHeavy = 0
	Memory = 65536
...
006 (6028200.045.000) 2026-08-13 17:34:51 Image size of job updated: 23248
	23  -  MemoryUsage of job (MB)
	23248  -  ResidentSetSize of job (KB)
...
006 (6028200.045.000) 2026-08-13 17:39:52 Image size of job updated: 24451748
	23874  -  MemoryUsage of job (MB)
	24446604  -  ResidentSetSize of job (KB)
...
006 (6028200.045.000) 2026-08-13 17:44:53 Image size of job updated: 24461536
	23876  -  MemoryUsage of job (MB)
	24448312  -  ResidentSetSize of job (KB)
...
006 (6028200.045.000) 2026-08-13 17:49:53 Image size of job updated: 26189392
	23877  -  MemoryUsage of job (MB)
	24450036  -  ResidentSetSize of job (KB)
...
006 (6028200.045.000) 2026-08-13 17:59:55 Image size of job updated: 26189392
	23891  -  MemoryUsage of job (MB)
	24464248  -  ResidentSetSize of job (KB)
...
006 (6028200.045.000) 2026-08-13 18:14:56 Image size of job updated: 26189392
	23903  -  MemoryUsage of job (MB)
	24476232  -  ResidentSetSize of job (KB)
...
006 (6028200.045.000) 2026-08-13 18:39:59 Image size of job updated: 26196380
	23903  -  MemoryUsage of job (MB)
	24476232  -  ResidentSetSize of job (KB)
...
006 (6028200.045.000) 2026-08-13 19:05:01 Image size of job updated: 26268504
	23903  -  MemoryUsage of job (MB)
	24476232  -  ResidentSetSize of job (KB)
...
006 (6028200.045.000) 2026-08-13 19:25:02 Image size of job updated: 26453916
	23903  -  MemoryUsage of job (MB)
	24476232  -  ResidentSetSize of job (KB)
...
040 (6028200.045.000) 2026-08-13 19:30:46 Started transferring output files
...
040 (6028200.045.000) 2026-08-13 19:30:46 Finished transferring output files
...
005 (6028200.045.000) 2026-08-13 19:30:48 Job terminated.
	(1) Normal termination (return value 0)
		Usr 0 02:09:29, Sys 0 00:02:59  -  Run Remote Usage
		Usr 0 00:00:00, Sys 0 00:00:00  -  Run Local Usage
		Usr 0 02:09:29, Sys 0 00:02:59  -  Total Remote Usage
		Usr 0 00:00:00, Sys 0 00:00:00  -  Total Local Usage
	1590882  -  Run Bytes Sent By Job
	9725079282  -  Run Bytes Received By Job
	1590882  -  Total Bytes Sent By Job
	9725079282  -  Total Bytes Received By Job
	Partitionable Resources :       Usage  Request Allocated Assigned
	   Cpus                 :        1.12        2         2 
	   Disk (KB)            : 16321752    31457280  31457280 
	   GPUs                 :        0.00        1         1 "GPU-2e13e217"
	   GpusMemory (MB)      :     1705                       
	   IoHeavy              :                              0 
	   Memory (MB)          :    23903       65536     65536 
	   TimeExecute (s)      :     6964                       
	   TimeSlotBusy (s)     :     6998                       
...
