==================================================
Experiment: ggf_dihiggs_rsc
Processes: ggf vs dihiggs
Events per channel: 2500
Running on: gpu2004
Working directory: /var/lib/condor/execute/slot2/dir_4053934/scratch
CUDA_VISIBLE_DEVICES: GPU-6488910f-5a8d-18ff-63c6-681edf533dbe
Rotation mode: uniform
Rotation: 0.3926990817
Energy noise: 0.0 GeV
XYZ noise: 0.0 mm
Shift std: 2.0 mm
Crop fraction: 0.5
Augmentation order: rotate+shift+crop
Learning rate: 0.0003
Weight decay: 0.0001
Batch size: 32
Temperature: 0.07
Seed: 42
==================================================
Extracting source code...
Extracting ColliderML data...
Training script: src/train_colliderml_planar_pairwise.py
ColliderML data directory: /var/lib/condor/execute/slot2/dir_4053934/scratch/colliderml-data
PyTorch: 2.4.1+cu121
CUDA build: 12.1
CUDA available: True
GPU: NVIDIA A100-SXM4-80GB
Starting pretraining...
Experiment configuration:
  arch: gnn
  batch_size: 32
  channel_a: ggf
  channel_b: dihiggs
  crop_fraction: 0.5
  data_dir: /var/lib/condor/execute/slot2/dir_4053934/scratch/colliderml-data
  dataset_name: colliderml
  disable_cuda: False
  energy_noise: 0.0
  epochs: 18
  events_per_channel: 2500
  experiment_name: ggf_dihiggs_rsc
  feat_dim: 4
  fp16_precision: False
  gravnet_k: 8
  hidden_dim: 16
  latent_dim: 64
  log_every_n_steps: 100
  lr: 0.0003
  n_views: 2
  out_dim: 32
  output_dir: /var/lib/condor/execute/slot2/dir_4053934/scratch/outputs
  proj_dim: 32
  propagate_dim: 16
  resume: None
  rotation: 0.3926990817
  rotation_mode: uniform
  seed: 42
  shift_std: 2.0
  space_dim: 4
  split: ggf_vs_dihiggs_total5000
  temperature: 0.07
  train_augmentation_order: rotate+shift+crop
  weight_decay: 0.0001
  workers: 0
  xyz_noise: 0.0
ColliderML data directory: /var/lib/condor/execute/slot2/dir_4053934/scratch/colliderml-data
Loaded 2500 events from channel ggf.
Loaded 2500 events from channel dihiggs.
Training augmentation pipeline: rotate -> shift -> crop
Evaluation augmentation pipeline: rotate -> shift -> crop
Evaluation augmentation pipeline: rotate -> energy_noise -> xyz_noise
Dataset split: train=3000, val=1000, test=1000
Data preprocessing working fine.
Trainable parameters: 59020
Training output directory: /var/lib/condor/execute/slot2/dir_4053934/scratch/outputs/ggf_dihiggs_rsc
Training device: cuda
Saved new best checkpoint: /var/lib/condor/execute/slot2/dir_4053934/scratch/outputs/ggf_dihiggs_rsc/checkpoints/best.pt
Epoch 1/18 | train_loss=2.092288 | val_loss=1.357851 | best_val_loss=1.357851 | lr=0.00030000
Saved new best checkpoint: /var/lib/condor/execute/slot2/dir_4053934/scratch/outputs/ggf_dihiggs_rsc/checkpoints/best.pt
Epoch 2/18 | train_loss=1.150735 | val_loss=0.812862 | best_val_loss=0.812862 | lr=0.00029772
Saved new best checkpoint: /var/lib/condor/execute/slot2/dir_4053934/scratch/outputs/ggf_dihiggs_rsc/checkpoints/best.pt
Epoch 3/18 | train_loss=0.769288 | val_loss=0.607287 | best_val_loss=0.607287 | lr=0.00029095
Saved new best checkpoint: /var/lib/condor/execute/slot2/dir_4053934/scratch/outputs/ggf_dihiggs_rsc/checkpoints/best.pt
Epoch 4/18 | train_loss=0.581496 | val_loss=0.525046 | best_val_loss=0.525046 | lr=0.00027990
Saved new best checkpoint: /var/lib/condor/execute/slot2/dir_4053934/scratch/outputs/ggf_dihiggs_rsc/checkpoints/best.pt
Epoch 5/18 | train_loss=0.493092 | val_loss=0.412731 | best_val_loss=0.412731 | lr=0.00026491
Saved new best checkpoint: /var/lib/condor/execute/slot2/dir_4053934/scratch/outputs/ggf_dihiggs_rsc/checkpoints/best.pt
Epoch 6/18 | train_loss=0.368960 | val_loss=0.372655 | best_val_loss=0.372655 | lr=0.00024642
Saved new best checkpoint: /var/lib/condor/execute/slot2/dir_4053934/scratch/outputs/ggf_dihiggs_rsc/checkpoints/best.pt
Epoch 7/18 | train_loss=0.319793 | val_loss=0.291012 | best_val_loss=0.291012 | lr=0.00022500
Saved new best checkpoint: /var/lib/condor/execute/slot2/dir_4053934/scratch/outputs/ggf_dihiggs_rsc/checkpoints/best.pt
Epoch 8/18 | train_loss=0.288372 | val_loss=0.246723 | best_val_loss=0.246723 | lr=0.00020130
Saved new best checkpoint: /var/lib/condor/execute/slot2/dir_4053934/scratch/outputs/ggf_dihiggs_rsc/checkpoints/best.pt
Epoch 9/18 | train_loss=0.262220 | val_loss=0.246575 | best_val_loss=0.246575 | lr=0.00017605
Saved new best checkpoint: /var/lib/condor/execute/slot2/dir_4053934/scratch/outputs/ggf_dihiggs_rsc/checkpoints/best.pt
Epoch 10/18 | train_loss=0.199806 | val_loss=0.208610 | best_val_loss=0.208610 | lr=0.00015000
Saved new best checkpoint: /var/lib/condor/execute/slot2/dir_4053934/scratch/outputs/ggf_dihiggs_rsc/checkpoints/best.pt
Epoch 11/18 | train_loss=0.205930 | val_loss=0.192861 | best_val_loss=0.192861 | lr=0.00012395
Saved new best checkpoint: /var/lib/condor/execute/slot2/dir_4053934/scratch/outputs/ggf_dihiggs_rsc/checkpoints/best.pt
Epoch 12/18 | train_loss=0.171922 | val_loss=0.174416 | best_val_loss=0.174416 | lr=0.00009870
Saved new best checkpoint: /var/lib/condor/execute/slot2/dir_4053934/scratch/outputs/ggf_dihiggs_rsc/checkpoints/best.pt
Epoch 13/18 | train_loss=0.150184 | val_loss=0.174007 | best_val_loss=0.174007 | lr=0.00007500
Saved new best checkpoint: /var/lib/condor/execute/slot2/dir_4053934/scratch/outputs/ggf_dihiggs_rsc/checkpoints/best.pt
Epoch 14/18 | train_loss=0.163308 | val_loss=0.164831 | best_val_loss=0.164831 | lr=0.00005358
Saved new best checkpoint: /var/lib/condor/execute/slot2/dir_4053934/scratch/outputs/ggf_dihiggs_rsc/checkpoints/best.pt
Epoch 15/18 | train_loss=0.138515 | val_loss=0.155308 | best_val_loss=0.155308 | lr=0.00003509
Saved new best checkpoint: /var/lib/condor/execute/slot2/dir_4053934/scratch/outputs/ggf_dihiggs_rsc/checkpoints/best.pt
Epoch 16/18 | train_loss=0.132338 | val_loss=0.149771 | best_val_loss=0.149771 | lr=0.00002010
Saved new best checkpoint: /var/lib/condor/execute/slot2/dir_4053934/scratch/outputs/ggf_dihiggs_rsc/checkpoints/best.pt
Epoch 17/18 | train_loss=0.136888 | val_loss=0.147462 | best_val_loss=0.147462 | lr=0.00000905
Saved new best checkpoint: /var/lib/condor/execute/slot2/dir_4053934/scratch/outputs/ggf_dihiggs_rsc/checkpoints/best.pt
Epoch 18/18 | train_loss=0.138187 | val_loss=0.147227 | best_val_loss=0.147227 | lr=0.00000228
Loaded checkpoint: /var/lib/condor/execute/slot2/dir_4053934/scratch/outputs/ggf_dihiggs_rsc/checkpoints/best.pt
Resume from epoch: 18
Best validation loss: 0.147227
Final test loss: 0.133550
Experiment ggf_dihiggs_rsc completed successfully.
