000 (6028200.006.000) 2026-08-13 14:54:32 Job submitted from host: <128.105.68.113:9618?addrs=128.105.68.113-9618+[2607-f388-2200-100-eaeb-d3ff-fea7-d05e]-9618&alias=ap2002.chtc.wisc.edu&noUDP&sock=schedd_7808_378f>
    [ JobBatchName = "gravnet_pairwise_augmentation_sweep_20260812" ]
...
040 (6028200.006.000) 2026-08-13 14:58:35 Started transferring input files
	Transferring to host: <128.105.68.117:9618?addrs=128.105.68.117-9618+[2607-f388-2200-100-7ec2-55ff-fe9a-b4fa]-9618&alias=gpu4000.chtc.wisc.edu&noUDP&sock=slot2_10_1351128_a798_45279>
...
040 (6028200.006.000) 2026-08-13 14:58:58 Finished transferring input files
...
001 (6028200.006.000) 2026-08-13 14:58:58 Job executing on host: <128.105.68.117:9618?addrs=128.105.68.117-9618+[2607-f388-2200-100-7ec2-55ff-fe9a-b4fa]-9618&alias=gpu4000.chtc.wisc.edu&noUDP&sock=startd_674379_7ae3>
	SlotName: slot2_10@gpu4000.chtc.wisc.edu
	AvailableGPUs = { GPUs_GPU_8bcf9093 }
	CondorScratchDir = "/var/lib/condor/execute/slot2/dir_2932887/scratch"
	Cpus = 2
	Disk = 31457280
	GPUs = 1
	GPUs_GPU_8bcf9093 = [ Id = "GPU-8bcf9093"; Capability = 8.9; DeviceName = "NVIDIA L40"; DeviceUuid = "8bcf9093-1b8d-d83b-55bb-51bbb57938e2"; ECCEnabled = true; NvidiaDriver = "570.195.03"; DriverVersion = 12.8; DevicePciBusId = "0000:57:00.0"; GlobalMemoryMb = 45468; MaxSupportedVersion = 12080 ]
	IoHeavy = 0
	Memory = 65536
...
006 (6028200.006.000) 2026-08-13 14:59:07 Image size of job updated: 21792
	22  -  MemoryUsage of job (MB)
	21792  -  ResidentSetSize of job (KB)
...
006 (6028200.006.000) 2026-08-13 15:04:08 Image size of job updated: 24502912
	23916  -  MemoryUsage of job (MB)
	24489432  -  ResidentSetSize of job (KB)
...
006 (6028200.006.000) 2026-08-13 15:09:08 Image size of job updated: 24514980
	23936  -  MemoryUsage of job (MB)
	24510000  -  ResidentSetSize of job (KB)
...
006 (6028200.006.000) 2026-08-13 15:19:09 Image size of job updated: 25860480
	25255  -  MemoryUsage of job (MB)
	25860480  -  ResidentSetSize of job (KB)
...
006 (6028200.006.000) 2026-08-13 15:24:09 Image size of job updated: 25899448
	25293  -  MemoryUsage of job (MB)
	25899448  -  ResidentSetSize of job (KB)
...
006 (6028200.006.000) 2026-08-13 15:49:12 Image size of job updated: 26044256
	25293  -  MemoryUsage of job (MB)
	25899448  -  ResidentSetSize of job (KB)
...
006 (6028200.006.000) 2026-08-13 16:04:13 Image size of job updated: 26221948
	25293  -  MemoryUsage of job (MB)
	25899448  -  ResidentSetSize of job (KB)
...
040 (6028200.006.000) 2026-08-13 16:49:13 Started transferring output files
...
040 (6028200.006.000) 2026-08-13 16:49:13 Finished transferring output files
...
005 (6028200.006.000) 2026-08-13 16:49:15 Job terminated.
	(1) Normal termination (return value 0)
		Usr 0 02:03:38, Sys 0 00:03:06  -  Run Remote Usage
		Usr 0 00:00:00, Sys 0 00:00:00  -  Run Local Usage
		Usr 0 02:03:38, Sys 0 00:03:06  -  Total Remote Usage
		Usr 0 00:00:00, Sys 0 00:00:00  -  Total Local Usage
	1596188  -  Run Bytes Sent By Job
	9725079282  -  Run Bytes Received By Job
	1596188  -  Total Bytes Sent By Job
	9725079282  -  Total Bytes Received By Job
	Partitionable Resources :       Usage  Request Allocated Assigned
	   Cpus                 :        1.12        2         2 
	   Disk (KB)            : 16321764    31457280  31457280 
	   GPUs                 :        0.00        1         1 "GPU-8bcf9093"
	   GpusMemory (MB)      :     1617                       
	   IoHeavy              :                              0 
	   Memory (MB)          :    25293       65536     65536 
	   TimeExecute (s)      :     6615                       
	   TimeSlotBusy (s)     :     6638                       
...
