==================================================
Experiment: ggf_dihiggs_resc
Processes: ggf vs dihiggs
Events per channel: 2500
Running on: dbrundage-chtcgpu5000.chtc.wisc.edu
Working directory: /var/lib/condor/execute/slot3/dir_1386395/scratch
CUDA_VISIBLE_DEVICES: GPU-9e89182b-1441-30ac-d288-312c06ffa4ea
Rotation mode: uniform
Rotation: 0.3926990817
Energy noise: 0.0001 GeV
XYZ noise: 0.0 mm
Shift std: 2.0 mm
Crop fraction: 0.5
Augmentation order: rotate+energy_noise+shift+crop
Learning rate: 0.0003
Weight decay: 0.0001
Batch size: 32
Temperature: 0.07
Seed: 42
==================================================
Extracting source code...
Extracting ColliderML data...
Training script: src/train_colliderml_planar_pairwise.py
ColliderML data directory: /var/lib/condor/execute/slot3/dir_1386395/scratch/colliderml-data
PyTorch: 2.4.1+cu121
CUDA build: 12.1
CUDA available: True
GPU: NVIDIA H200
Starting pretraining...
Experiment configuration:
  arch: gnn
  batch_size: 32
  channel_a: ggf
  channel_b: dihiggs
  crop_fraction: 0.5
  data_dir: /var/lib/condor/execute/slot3/dir_1386395/scratch/colliderml-data
  dataset_name: colliderml
  disable_cuda: False
  energy_noise: 0.0001
  epochs: 18
  events_per_channel: 2500
  experiment_name: ggf_dihiggs_resc
  feat_dim: 4
  fp16_precision: False
  gravnet_k: 8
  hidden_dim: 16
  latent_dim: 64
  log_every_n_steps: 100
  lr: 0.0003
  n_views: 2
  out_dim: 32
  output_dir: /var/lib/condor/execute/slot3/dir_1386395/scratch/outputs
  proj_dim: 32
  propagate_dim: 16
  resume: None
  rotation: 0.3926990817
  rotation_mode: uniform
  seed: 42
  shift_std: 2.0
  space_dim: 4
  split: ggf_vs_dihiggs_total5000
  temperature: 0.07
  train_augmentation_order: rotate+energy_noise+shift+crop
  weight_decay: 0.0001
  workers: 0
  xyz_noise: 0.0
ColliderML data directory: /var/lib/condor/execute/slot3/dir_1386395/scratch/colliderml-data
Loaded 2500 events from channel ggf.
Loaded 2500 events from channel dihiggs.
Training augmentation pipeline: rotate -> energy_noise -> shift -> crop
Evaluation augmentation pipeline: rotate -> energy_noise -> shift -> crop
Evaluation augmentation pipeline: rotate -> energy_noise -> xyz_noise
Dataset split: train=3000, val=1000, test=1000
Data preprocessing working fine.
Trainable parameters: 59020
Training output directory: /var/lib/condor/execute/slot3/dir_1386395/scratch/outputs/ggf_dihiggs_resc
Training device: cuda
Saved new best checkpoint: /var/lib/condor/execute/slot3/dir_1386395/scratch/outputs/ggf_dihiggs_resc/checkpoints/best.pt
Epoch 1/18 | train_loss=2.111919 | val_loss=1.295867 | best_val_loss=1.295867 | lr=0.00030000
Saved new best checkpoint: /var/lib/condor/execute/slot3/dir_1386395/scratch/outputs/ggf_dihiggs_resc/checkpoints/best.pt
Epoch 2/18 | train_loss=1.213215 | val_loss=0.934546 | best_val_loss=0.934546 | lr=0.00029772
Saved new best checkpoint: /var/lib/condor/execute/slot3/dir_1386395/scratch/outputs/ggf_dihiggs_resc/checkpoints/best.pt
Epoch 3/18 | train_loss=0.795073 | val_loss=0.559137 | best_val_loss=0.559137 | lr=0.00029095
Saved new best checkpoint: /var/lib/condor/execute/slot3/dir_1386395/scratch/outputs/ggf_dihiggs_resc/checkpoints/best.pt
Epoch 4/18 | train_loss=0.569675 | val_loss=0.496363 | best_val_loss=0.496363 | lr=0.00027990
Saved new best checkpoint: /var/lib/condor/execute/slot3/dir_1386395/scratch/outputs/ggf_dihiggs_resc/checkpoints/best.pt
Epoch 5/18 | train_loss=0.480775 | val_loss=0.348728 | best_val_loss=0.348728 | lr=0.00026491
Saved new best checkpoint: /var/lib/condor/execute/slot3/dir_1386395/scratch/outputs/ggf_dihiggs_resc/checkpoints/best.pt
Epoch 6/18 | train_loss=0.351076 | val_loss=0.321030 | best_val_loss=0.321030 | lr=0.00024642
Saved new best checkpoint: /var/lib/condor/execute/slot3/dir_1386395/scratch/outputs/ggf_dihiggs_resc/checkpoints/best.pt
Epoch 7/18 | train_loss=0.285114 | val_loss=0.264839 | best_val_loss=0.264839 | lr=0.00022500
Saved new best checkpoint: /var/lib/condor/execute/slot3/dir_1386395/scratch/outputs/ggf_dihiggs_resc/checkpoints/best.pt
Epoch 8/18 | train_loss=0.229922 | val_loss=0.198353 | best_val_loss=0.198353 | lr=0.00020130
Epoch 9/18 | train_loss=0.201409 | val_loss=0.204113 | best_val_loss=0.198353 | lr=0.00017605
Saved new best checkpoint: /var/lib/condor/execute/slot3/dir_1386395/scratch/outputs/ggf_dihiggs_resc/checkpoints/best.pt
Epoch 10/18 | train_loss=0.165861 | val_loss=0.169936 | best_val_loss=0.169936 | lr=0.00015000
Saved new best checkpoint: /var/lib/condor/execute/slot3/dir_1386395/scratch/outputs/ggf_dihiggs_resc/checkpoints/best.pt
Epoch 11/18 | train_loss=0.152887 | val_loss=0.155337 | best_val_loss=0.155337 | lr=0.00012395
Epoch 12/18 | train_loss=0.147721 | val_loss=0.157372 | best_val_loss=0.155337 | lr=0.00009870
Saved new best checkpoint: /var/lib/condor/execute/slot3/dir_1386395/scratch/outputs/ggf_dihiggs_resc/checkpoints/best.pt
Epoch 13/18 | train_loss=0.143727 | val_loss=0.136111 | best_val_loss=0.136111 | lr=0.00007500
Saved new best checkpoint: /var/lib/condor/execute/slot3/dir_1386395/scratch/outputs/ggf_dihiggs_resc/checkpoints/best.pt
Epoch 14/18 | train_loss=0.138787 | val_loss=0.127786 | best_val_loss=0.127786 | lr=0.00005358
Saved new best checkpoint: /var/lib/condor/execute/slot3/dir_1386395/scratch/outputs/ggf_dihiggs_resc/checkpoints/best.pt
Epoch 15/18 | train_loss=0.133307 | val_loss=0.123564 | best_val_loss=0.123564 | lr=0.00003509
Epoch 16/18 | train_loss=0.119392 | val_loss=0.125357 | best_val_loss=0.123564 | lr=0.00002010
Saved new best checkpoint: /var/lib/condor/execute/slot3/dir_1386395/scratch/outputs/ggf_dihiggs_resc/checkpoints/best.pt
Epoch 17/18 | train_loss=0.121632 | val_loss=0.122501 | best_val_loss=0.122501 | lr=0.00000905
Saved new best checkpoint: /var/lib/condor/execute/slot3/dir_1386395/scratch/outputs/ggf_dihiggs_resc/checkpoints/best.pt
Epoch 18/18 | train_loss=0.127357 | val_loss=0.121476 | best_val_loss=0.121476 | lr=0.00000228
Loaded checkpoint: /var/lib/condor/execute/slot3/dir_1386395/scratch/outputs/ggf_dihiggs_resc/checkpoints/best.pt
Resume from epoch: 18
Best validation loss: 0.121476
Final test loss: 0.119110
Experiment ggf_dihiggs_resc completed successfully.
