==================================================
Experiment: ggf_ttbar_esc
Processes: ggf vs ttbar
Events per channel: 2500
Running on: gpu4004
Working directory: /var/lib/condor/execute/slot2/dir_3620971/scratch
CUDA_VISIBLE_DEVICES: GPU-7990e801-6c88-6ea8-2ec6-5114a6ea249f
Rotation mode: uniform
Rotation: 0.0
Energy noise: 0.0001 GeV
XYZ noise: 0.0 mm
Shift std: 2.0 mm
Crop fraction: 0.5
Augmentation order: energy_noise+shift+crop
Learning rate: 0.0003
Weight decay: 0.0001
Batch size: 32
Temperature: 0.07
Seed: 42
==================================================
Extracting source code...
Extracting ColliderML data...
Training script: src/train_colliderml_planar_pairwise.py
ColliderML data directory: /var/lib/condor/execute/slot2/dir_3620971/scratch/colliderml-data
PyTorch: 2.4.1+cu121
CUDA build: 12.1
CUDA available: True
GPU: NVIDIA H200
Starting pretraining...
Experiment configuration:
  arch: gnn
  batch_size: 32
  channel_a: ggf
  channel_b: ttbar
  crop_fraction: 0.5
  data_dir: /var/lib/condor/execute/slot2/dir_3620971/scratch/colliderml-data
  dataset_name: colliderml
  disable_cuda: False
  energy_noise: 0.0001
  epochs: 18
  events_per_channel: 2500
  experiment_name: ggf_ttbar_esc
  feat_dim: 4
  fp16_precision: False
  gravnet_k: 8
  hidden_dim: 16
  latent_dim: 64
  log_every_n_steps: 100
  lr: 0.0003
  n_views: 2
  out_dim: 32
  output_dir: /var/lib/condor/execute/slot2/dir_3620971/scratch/outputs
  proj_dim: 32
  propagate_dim: 16
  resume: None
  rotation: 0.0
  rotation_mode: uniform
  seed: 42
  shift_std: 2.0
  space_dim: 4
  split: ggf_vs_ttbar_total5000
  temperature: 0.07
  train_augmentation_order: energy_noise+shift+crop
  weight_decay: 0.0001
  workers: 0
  xyz_noise: 0.0
ColliderML data directory: /var/lib/condor/execute/slot2/dir_3620971/scratch/colliderml-data
Loaded 2500 events from channel ggf.
Loaded 2500 events from channel ttbar.
Training augmentation pipeline: energy_noise -> shift -> crop
Evaluation augmentation pipeline: energy_noise -> shift -> crop
Evaluation augmentation pipeline: rotate -> energy_noise -> xyz_noise
Dataset split: train=3000, val=1000, test=1000
Data preprocessing working fine.
Trainable parameters: 59020
Training output directory: /var/lib/condor/execute/slot2/dir_3620971/scratch/outputs/ggf_ttbar_esc
Training device: cuda
Saved new best checkpoint: /var/lib/condor/execute/slot2/dir_3620971/scratch/outputs/ggf_ttbar_esc/checkpoints/best.pt
Epoch 1/18 | train_loss=1.279013 | val_loss=0.641297 | best_val_loss=0.641297 | lr=0.00030000
Saved new best checkpoint: /var/lib/condor/execute/slot2/dir_3620971/scratch/outputs/ggf_ttbar_esc/checkpoints/best.pt
Epoch 2/18 | train_loss=0.474964 | val_loss=0.407311 | best_val_loss=0.407311 | lr=0.00029772
Saved new best checkpoint: /var/lib/condor/execute/slot2/dir_3620971/scratch/outputs/ggf_ttbar_esc/checkpoints/best.pt
Epoch 3/18 | train_loss=0.286409 | val_loss=0.241689 | best_val_loss=0.241689 | lr=0.00029095
Saved new best checkpoint: /var/lib/condor/execute/slot2/dir_3620971/scratch/outputs/ggf_ttbar_esc/checkpoints/best.pt
Epoch 4/18 | train_loss=0.207210 | val_loss=0.156497 | best_val_loss=0.156497 | lr=0.00027990
Epoch 5/18 | train_loss=0.154439 | val_loss=0.162010 | best_val_loss=0.156497 | lr=0.00026491
Saved new best checkpoint: /var/lib/condor/execute/slot2/dir_3620971/scratch/outputs/ggf_ttbar_esc/checkpoints/best.pt
Epoch 6/18 | train_loss=0.127044 | val_loss=0.113295 | best_val_loss=0.113295 | lr=0.00024642
Saved new best checkpoint: /var/lib/condor/execute/slot2/dir_3620971/scratch/outputs/ggf_ttbar_esc/checkpoints/best.pt
Epoch 7/18 | train_loss=0.093975 | val_loss=0.099360 | best_val_loss=0.099360 | lr=0.00022500
Saved new best checkpoint: /var/lib/condor/execute/slot2/dir_3620971/scratch/outputs/ggf_ttbar_esc/checkpoints/best.pt
Epoch 8/18 | train_loss=0.091138 | val_loss=0.097094 | best_val_loss=0.097094 | lr=0.00020130
Epoch 9/18 | train_loss=0.073494 | val_loss=0.097732 | best_val_loss=0.097094 | lr=0.00017605
Saved new best checkpoint: /var/lib/condor/execute/slot2/dir_3620971/scratch/outputs/ggf_ttbar_esc/checkpoints/best.pt
Epoch 10/18 | train_loss=0.058399 | val_loss=0.075613 | best_val_loss=0.075613 | lr=0.00015000
Saved new best checkpoint: /var/lib/condor/execute/slot2/dir_3620971/scratch/outputs/ggf_ttbar_esc/checkpoints/best.pt
Epoch 11/18 | train_loss=0.060224 | val_loss=0.061266 | best_val_loss=0.061266 | lr=0.00012395
Epoch 12/18 | train_loss=0.048588 | val_loss=0.062646 | best_val_loss=0.061266 | lr=0.00009870
Saved new best checkpoint: /var/lib/condor/execute/slot2/dir_3620971/scratch/outputs/ggf_ttbar_esc/checkpoints/best.pt
Epoch 13/18 | train_loss=0.046642 | val_loss=0.051356 | best_val_loss=0.051356 | lr=0.00007500
Saved new best checkpoint: /var/lib/condor/execute/slot2/dir_3620971/scratch/outputs/ggf_ttbar_esc/checkpoints/best.pt
Epoch 14/18 | train_loss=0.046099 | val_loss=0.048992 | best_val_loss=0.048992 | lr=0.00005358
Saved new best checkpoint: /var/lib/condor/execute/slot2/dir_3620971/scratch/outputs/ggf_ttbar_esc/checkpoints/best.pt
Epoch 15/18 | train_loss=0.039109 | val_loss=0.044351 | best_val_loss=0.044351 | lr=0.00003509
Epoch 16/18 | train_loss=0.035920 | val_loss=0.044974 | best_val_loss=0.044351 | lr=0.00002010
Saved new best checkpoint: /var/lib/condor/execute/slot2/dir_3620971/scratch/outputs/ggf_ttbar_esc/checkpoints/best.pt
Epoch 17/18 | train_loss=0.039913 | val_loss=0.044326 | best_val_loss=0.044326 | lr=0.00000905
Saved new best checkpoint: /var/lib/condor/execute/slot2/dir_3620971/scratch/outputs/ggf_ttbar_esc/checkpoints/best.pt
Epoch 18/18 | train_loss=0.039273 | val_loss=0.043966 | best_val_loss=0.043966 | lr=0.00000228
Loaded checkpoint: /var/lib/condor/execute/slot2/dir_3620971/scratch/outputs/ggf_ttbar_esc/checkpoints/best.pt
Resume from epoch: 18
Best validation loss: 0.043966
Final test loss: 0.039289
Experiment ggf_ttbar_esc completed successfully.
