000 (6028200.049.000) 2026-08-13 14:54:32 Job submitted from host: <128.105.68.113:9618?addrs=128.105.68.113-9618+[2607-f388-2200-100-eaeb-d3ff-fea7-d05e]-9618&alias=ap2002.chtc.wisc.edu&noUDP&sock=schedd_7808_378f>
    [ JobBatchName = "gravnet_pairwise_augmentation_sweep_20260812" ]
...
040 (6028200.049.000) 2026-08-13 17:47:31 Started transferring input files
	Transferring to host: <128.105.68.103:9618?addrs=128.105.68.103-9618+[2607-f388-2200-100-1270-fdff-fe74-930]-9618&alias=gpu2011.chtc.wisc.edu&noUDP&sock=slot2_1_181405_fbaa_42286>
...
040 (6028200.049.000) 2026-08-13 17:48:01 Finished transferring input files
...
001 (6028200.049.000) 2026-08-13 17:48:01 Job executing on host: <128.105.68.103:9618?addrs=128.105.68.103-9618+[2607-f388-2200-100-1270-fdff-fe74-930]-9618&alias=gpu2011.chtc.wisc.edu&noUDP&sock=startd_12054_9eaf>
	SlotName: slot2_1@gpu2011.chtc.wisc.edu
	AvailableGPUs = { GPUs_MIG_00b83ffb_e443_56b0_81ae_fca0e86cdba2 }
	CondorScratchDir = "/var/lib/condor/execute/slot2/dir_3516462/scratch"
	Cpus = 2
	Disk = 31457280
	GPUs = 1
	GPUs_MIG_00b83ffb_e443_56b0_81ae_fca0e86cdba2 = [ Id = "MIG-00b83ffb-e443-56b0-81ae-fca0e86cdba2"; Capability = 8.0; DeviceName = "NVIDIA A100-SXM4-80GB MIG 3g.40gb"; DeviceUuid = "MIG-00b83ffb-e443-56b0-81ae-fca0e86cdba2"; ECCEnabled = true; NvidiaDriver = "570.195.03"; DriverVersion = 12.8; DevicePciBusId = "0000:81:00.0"; GlobalMemoryMb = 40100; MaxSupportedVersion = 12080 ]
	IoHeavy = 0
	Memory = 65536
...
006 (6028200.049.000) 2026-08-13 17:48:10 Image size of job updated: 22036
	22  -  MemoryUsage of job (MB)
	22036  -  ResidentSetSize of job (KB)
...
006 (6028200.049.000) 2026-08-13 17:53:11 Image size of job updated: 29297852
	28607  -  MemoryUsage of job (MB)
	29292680  -  ResidentSetSize of job (KB)
...
006 (6028200.049.000) 2026-08-13 17:58:11 Image size of job updated: 29673040
	28615  -  MemoryUsage of job (MB)
	29301488  -  ResidentSetSize of job (KB)
...
006 (6028200.049.000) 2026-08-13 18:03:12 Image size of job updated: 29673040
	28616  -  MemoryUsage of job (MB)
	29302492  -  ResidentSetSize of job (KB)
...
006 (6028200.049.000) 2026-08-13 18:13:12 Image size of job updated: 31761764
	28623  -  MemoryUsage of job (MB)
	29309756  -  ResidentSetSize of job (KB)
...
006 (6028200.049.000) 2026-08-13 18:28:14 Image size of job updated: 31761764
	28629  -  MemoryUsage of job (MB)
	29315480  -  ResidentSetSize of job (KB)
...
006 (6028200.049.000) 2026-08-13 18:43:15 Image size of job updated: 31761764
	28631  -  MemoryUsage of job (MB)
	29317128  -  ResidentSetSize of job (KB)
...
006 (6028200.049.000) 2026-08-13 18:48:15 Image size of job updated: 31761764
	28632  -  MemoryUsage of job (MB)
	29318308  -  ResidentSetSize of job (KB)
...
006 (6028200.049.000) 2026-08-13 18:58:16 Image size of job updated: 31761764
	28633  -  MemoryUsage of job (MB)
	29319536  -  ResidentSetSize of job (KB)
...
006 (6028200.049.000) 2026-08-13 19:23:18 Image size of job updated: 31761764
	28633  -  MemoryUsage of job (MB)
	29319808  -  ResidentSetSize of job (KB)
...
006 (6028200.049.000) 2026-08-13 19:33:19 Image size of job updated: 31761764
	28633  -  MemoryUsage of job (MB)
	29320064  -  ResidentSetSize of job (KB)
...
040 (6028200.049.000) 2026-08-13 19:59:54 Started transferring output files
...
040 (6028200.049.000) 2026-08-13 19:59:54 Finished transferring output files
...
005 (6028200.049.000) 2026-08-13 19:59:58 Job terminated.
	(1) Normal termination (return value 0)
		Usr 0 02:25:40, Sys 0 00:05:08  -  Run Remote Usage
		Usr 0 00:00:00, Sys 0 00:00:00  -  Run Local Usage
		Usr 0 02:25:40, Sys 0 00:05:08  -  Total Remote Usage
		Usr 0 00:00:00, Sys 0 00:00:00  -  Total Local Usage
	1585423  -  Run Bytes Sent By Job
	9725079282  -  Run Bytes Received By Job
	1585423  -  Total Bytes Sent By Job
	9725079282  -  Total Bytes Received By Job
	Partitionable Resources :       Usage  Request Allocated Assigned
	   Cpus                 :        1.11        2         2 
	   Disk (KB)            : 16321308    31457280  31457280 
	   GPUs                 :                    1         1 "MIG-00b83ffb-e443-56b0-81ae-fca0e86cdba2"
	   IoHeavy              :                              0 
	   Memory (MB)          :    28633       65536     65536 
	   TimeExecute (s)      :     7913                       
	   TimeSlotBusy (s)     :     7943                       
...
