==================================================
Experiment: ggf_ttbar_rexs
Processes: ggf vs ttbar
Events per channel: 2500
Running on: gpu2009
Working directory: /var/lib/condor/execute/slot2/dir_1723037/scratch
CUDA_VISIBLE_DEVICES: GPU-07c303b2-26b2-4bc7-fbf1-94800154bb1a
Rotation mode: uniform
Rotation: 0.3926990817
Energy noise: 0.0001 GeV
XYZ noise: 5.0 mm
Shift std: 2.0 mm
Crop fraction: 0.0
Augmentation order: rotate+energy_noise+xyz_noise+shift
Learning rate: 0.0003
Weight decay: 0.0001
Batch size: 32
Temperature: 0.07
Seed: 42
==================================================
Extracting source code...
Extracting ColliderML data...
Training script: src/train_colliderml_planar_pairwise.py
ColliderML data directory: /var/lib/condor/execute/slot2/dir_1723037/scratch/colliderml-data
PyTorch: 2.4.1+cu121
CUDA build: 12.1
CUDA available: True
GPU: NVIDIA A100-SXM4-80GB
Starting pretraining...
Experiment configuration:
  arch: gnn
  batch_size: 32
  channel_a: ggf
  channel_b: ttbar
  crop_fraction: 0.0
  data_dir: /var/lib/condor/execute/slot2/dir_1723037/scratch/colliderml-data
  dataset_name: colliderml
  disable_cuda: False
  energy_noise: 0.0001
  epochs: 18
  events_per_channel: 2500
  experiment_name: ggf_ttbar_rexs
  feat_dim: 4
  fp16_precision: False
  gravnet_k: 8
  hidden_dim: 16
  latent_dim: 64
  log_every_n_steps: 100
  lr: 0.0003
  n_views: 2
  out_dim: 32
  output_dir: /var/lib/condor/execute/slot2/dir_1723037/scratch/outputs
  proj_dim: 32
  propagate_dim: 16
  resume: None
  rotation: 0.3926990817
  rotation_mode: uniform
  seed: 42
  shift_std: 2.0
  space_dim: 4
  split: ggf_vs_ttbar_total5000
  temperature: 0.07
  train_augmentation_order: rotate+energy_noise+xyz_noise+shift
  weight_decay: 0.0001
  workers: 0
  xyz_noise: 5.0
ColliderML data directory: /var/lib/condor/execute/slot2/dir_1723037/scratch/colliderml-data
Loaded 2500 events from channel ggf.
Loaded 2500 events from channel ttbar.
Training augmentation pipeline: rotate -> energy_noise -> xyz_noise -> shift
Evaluation augmentation pipeline: rotate -> energy_noise -> xyz_noise -> shift
Evaluation augmentation pipeline: rotate -> energy_noise -> xyz_noise
Dataset split: train=3000, val=1000, test=1000
Data preprocessing working fine.
Trainable parameters: 59020
Training output directory: /var/lib/condor/execute/slot2/dir_1723037/scratch/outputs/ggf_ttbar_rexs
Training device: cuda
Saved new best checkpoint: /var/lib/condor/execute/slot2/dir_1723037/scratch/outputs/ggf_ttbar_rexs/checkpoints/best.pt
Epoch 1/18 | train_loss=1.466017 | val_loss=0.690465 | best_val_loss=0.690465 | lr=0.00030000
Saved new best checkpoint: /var/lib/condor/execute/slot2/dir_1723037/scratch/outputs/ggf_ttbar_rexs/checkpoints/best.pt
Epoch 2/18 | train_loss=0.562830 | val_loss=0.446725 | best_val_loss=0.446725 | lr=0.00029772
Saved new best checkpoint: /var/lib/condor/execute/slot2/dir_1723037/scratch/outputs/ggf_ttbar_rexs/checkpoints/best.pt
Epoch 3/18 | train_loss=0.364909 | val_loss=0.309741 | best_val_loss=0.309741 | lr=0.00029095
Saved new best checkpoint: /var/lib/condor/execute/slot2/dir_1723037/scratch/outputs/ggf_ttbar_rexs/checkpoints/best.pt
Epoch 4/18 | train_loss=0.281104 | val_loss=0.214038 | best_val_loss=0.214038 | lr=0.00027990
Saved new best checkpoint: /var/lib/condor/execute/slot2/dir_1723037/scratch/outputs/ggf_ttbar_rexs/checkpoints/best.pt
Epoch 5/18 | train_loss=0.223910 | val_loss=0.189358 | best_val_loss=0.189358 | lr=0.00026491
Epoch 6/18 | train_loss=0.200765 | val_loss=0.210519 | best_val_loss=0.189358 | lr=0.00024642
Saved new best checkpoint: /var/lib/condor/execute/slot2/dir_1723037/scratch/outputs/ggf_ttbar_rexs/checkpoints/best.pt
Epoch 7/18 | train_loss=0.156196 | val_loss=0.158397 | best_val_loss=0.158397 | lr=0.00022500
Saved new best checkpoint: /var/lib/condor/execute/slot2/dir_1723037/scratch/outputs/ggf_ttbar_rexs/checkpoints/best.pt
Epoch 8/18 | train_loss=0.137726 | val_loss=0.134066 | best_val_loss=0.134066 | lr=0.00020130
Saved new best checkpoint: /var/lib/condor/execute/slot2/dir_1723037/scratch/outputs/ggf_ttbar_rexs/checkpoints/best.pt
Epoch 9/18 | train_loss=0.112165 | val_loss=0.122023 | best_val_loss=0.122023 | lr=0.00017605
Saved new best checkpoint: /var/lib/condor/execute/slot2/dir_1723037/scratch/outputs/ggf_ttbar_rexs/checkpoints/best.pt
Epoch 10/18 | train_loss=0.098834 | val_loss=0.101198 | best_val_loss=0.101198 | lr=0.00015000
Epoch 11/18 | train_loss=0.086854 | val_loss=0.108602 | best_val_loss=0.101198 | lr=0.00012395
Saved new best checkpoint: /var/lib/condor/execute/slot2/dir_1723037/scratch/outputs/ggf_ttbar_rexs/checkpoints/best.pt
Epoch 12/18 | train_loss=0.082835 | val_loss=0.089912 | best_val_loss=0.089912 | lr=0.00009870
Saved new best checkpoint: /var/lib/condor/execute/slot2/dir_1723037/scratch/outputs/ggf_ttbar_rexs/checkpoints/best.pt
Epoch 13/18 | train_loss=0.072212 | val_loss=0.079571 | best_val_loss=0.079571 | lr=0.00007500
Saved new best checkpoint: /var/lib/condor/execute/slot2/dir_1723037/scratch/outputs/ggf_ttbar_rexs/checkpoints/best.pt
Epoch 14/18 | train_loss=0.069425 | val_loss=0.078740 | best_val_loss=0.078740 | lr=0.00005358
Saved new best checkpoint: /var/lib/condor/execute/slot2/dir_1723037/scratch/outputs/ggf_ttbar_rexs/checkpoints/best.pt
Epoch 15/18 | train_loss=0.059224 | val_loss=0.076448 | best_val_loss=0.076448 | lr=0.00003509
Saved new best checkpoint: /var/lib/condor/execute/slot2/dir_1723037/scratch/outputs/ggf_ttbar_rexs/checkpoints/best.pt
Epoch 16/18 | train_loss=0.059722 | val_loss=0.074326 | best_val_loss=0.074326 | lr=0.00002010
Saved new best checkpoint: /var/lib/condor/execute/slot2/dir_1723037/scratch/outputs/ggf_ttbar_rexs/checkpoints/best.pt
Epoch 17/18 | train_loss=0.056679 | val_loss=0.070912 | best_val_loss=0.070912 | lr=0.00000905
Saved new best checkpoint: /var/lib/condor/execute/slot2/dir_1723037/scratch/outputs/ggf_ttbar_rexs/checkpoints/best.pt
Epoch 18/18 | train_loss=0.060488 | val_loss=0.070117 | best_val_loss=0.070117 | lr=0.00000228
Loaded checkpoint: /var/lib/condor/execute/slot2/dir_1723037/scratch/outputs/ggf_ttbar_rexs/checkpoints/best.pt
Resume from epoch: 18
Best validation loss: 0.070117
Final test loss: 0.065617
Experiment ggf_ttbar_rexs completed successfully.
