000 (6028200.019.000) 2026-08-13 14:54:32 Job submitted from host: <128.105.68.113:9618?addrs=128.105.68.113-9618+[2607-f388-2200-100-eaeb-d3ff-fea7-d05e]-9618&alias=ap2002.chtc.wisc.edu&noUDP&sock=schedd_7808_378f>
    [ JobBatchName = "gravnet_pairwise_augmentation_sweep_20260812" ]
...
040 (6028200.019.000) 2026-08-13 15:31:31 Started transferring input files
	Transferring to host: <128.105.69.3:9618?addrs=128.105.69.3-9618+[2607-f388-2200-100-7ec2-55ff-fe46-28f2]-9618&alias=gpu4002.chtc.wisc.edu&noUDP&sock=slot2_9_1962410_1f72_44130>
...
040 (6028200.019.000) 2026-08-13 15:31:52 Finished transferring input files
...
001 (6028200.019.000) 2026-08-13 15:31:52 Job executing on host: <128.105.69.3:9618?addrs=128.105.69.3-9618+[2607-f388-2200-100-7ec2-55ff-fe46-28f2]-9618&alias=gpu4002.chtc.wisc.edu&noUDP&sock=startd_1962346_b6aa>
	SlotName: slot2_9@gpu4002.chtc.wisc.edu
	AvailableGPUs = { GPUs_GPU_2e13e217 }
	CondorScratchDir = "/var/lib/condor/execute/slot2/dir_2160351/scratch"
	Cpus = 2
	Disk = 31457280
	GPUs = 1
	GPUs_GPU_2e13e217 = [ Id = "GPU-2e13e217"; Capability = 8.9; DeviceName = "NVIDIA L40"; DeviceUuid = "2e13e217-6059-f8d1-c6e6-c4cc399ca285"; ECCEnabled = true; NvidiaDriver = "570.195.03"; DriverVersion = 12.8; DevicePciBusId = "0000:53:00.0"; GlobalMemoryMb = 45468; MaxSupportedVersion = 12080 ]
	IoHeavy = 0
	Memory = 65536
...
006 (6028200.019.000) 2026-08-13 15:32:01 Image size of job updated: 22680
	23  -  MemoryUsage of job (MB)
	22680  -  ResidentSetSize of job (KB)
...
006 (6028200.019.000) 2026-08-13 15:37:02 Image size of job updated: 29258704
	28552  -  MemoryUsage of job (MB)
	29236552  -  ResidentSetSize of job (KB)
...
006 (6028200.019.000) 2026-08-13 15:42:03 Image size of job updated: 29261848
	28574  -  MemoryUsage of job (MB)
	29259644  -  ResidentSetSize of job (KB)
...
006 (6028200.019.000) 2026-08-13 15:47:03 Image size of job updated: 29270728
	28574  -  MemoryUsage of job (MB)
	29259644  -  ResidentSetSize of job (KB)
...
006 (6028200.019.000) 2026-08-13 15:52:04 Image size of job updated: 29276264
	28584  -  MemoryUsage of job (MB)
	29269164  -  ResidentSetSize of job (KB)
...
006 (6028200.019.000) 2026-08-13 15:57:04 Image size of job updated: 29278680
	28591  -  MemoryUsage of job (MB)
	29276252  -  ResidentSetSize of job (KB)
...
006 (6028200.019.000) 2026-08-13 16:02:04 Image size of job updated: 29624248
	28591  -  MemoryUsage of job (MB)
	29276252  -  ResidentSetSize of job (KB)
...
006 (6028200.019.000) 2026-08-13 16:27:07 Image size of job updated: 29624248
	28592  -  MemoryUsage of job (MB)
	29277804  -  ResidentSetSize of job (KB)
...
006 (6028200.019.000) 2026-08-13 16:37:08 Image size of job updated: 30853808
	28592  -  MemoryUsage of job (MB)
	29277804  -  ResidentSetSize of job (KB)
...
006 (6028200.019.000) 2026-08-13 17:17:12 Image size of job updated: 30853808
	28592  -  MemoryUsage of job (MB)
	29278116  -  ResidentSetSize of job (KB)
...
040 (6028200.019.000) 2026-08-13 17:34:06 Started transferring output files
...
040 (6028200.019.000) 2026-08-13 17:34:06 Finished transferring output files
...
005 (6028200.019.000) 2026-08-13 17:34:08 Job terminated.
	(1) Normal termination (return value 0)
		Usr 0 02:14:51, Sys 0 00:03:19  -  Run Remote Usage
		Usr 0 00:00:00, Sys 0 00:00:00  -  Run Local Usage
		Usr 0 02:14:51, Sys 0 00:03:19  -  Total Remote Usage
		Usr 0 00:00:00, Sys 0 00:00:00  -  Total Local Usage
	1585834  -  Run Bytes Sent By Job
	9725079282  -  Run Bytes Received By Job
	1585834  -  Total Bytes Sent By Job
	9725079282  -  Total Bytes Received By Job
	Partitionable Resources :       Usage  Request Allocated Assigned
	   Cpus                 :        1.10        2         2 
	   Disk (KB)            : 16321744    31457280  31457280 
	   GPUs                 :        0           1         1 "GPU-2e13e217"
	   GpusMemory (MB)      :     1695                       
	   IoHeavy              :                              0 
	   Memory (MB)          :    28592       65536     65536 
	   TimeExecute (s)      :     7334                       
	   TimeSlotBusy (s)     :     7356                       
...
