000 (6028200.001.000) 2026-08-13 14:54:32 Job submitted from host: <128.105.68.113:9618?addrs=128.105.68.113-9618+[2607-f388-2200-100-eaeb-d3ff-fea7-d05e]-9618&alias=ap2002.chtc.wisc.edu&noUDP&sock=schedd_7808_378f>
    [ JobBatchName = "gravnet_pairwise_augmentation_sweep_20260812" ]
...
040 (6028200.001.000) 2026-08-13 14:56:13 Started transferring input files
	Transferring to host: <128.105.76.52:9618?addrs=128.105.76.52-9618+[2607-f388-2200-100-b65c-b5ff-fe81-e53e]-9618&alias=dbrundage-chtcgpu5000.chtc.wisc.edu&noUDP&sock=slot3_4_2294095_3602_45883>
...
040 (6028200.001.000) 2026-08-13 14:56:45 Finished transferring input files
...
001 (6028200.001.000) 2026-08-13 14:56:45 Job executing on host: <128.105.76.52:9618?addrs=128.105.76.52-9618+[2607-f388-2200-100-b65c-b5ff-fe81-e53e]-9618&alias=dbrundage-chtcgpu5000.chtc.wisc.edu&noUDP&sock=startd_15680_c117>
	SlotName: slot3_4@dbrundage-chtcgpu5000.chtc.wisc.edu
	AvailableGPUs = { GPUs_GPU_9e89182b }
	CondorScratchDir = "/var/lib/condor/execute/slot3/dir_1361652/scratch"
	Cpus = 2
	Disk = 31457280
	GPUs = 1
	GPUs_GPU_9e89182b = [ Id = "GPU-9e89182b"; Capability = 9.0; DeviceName = "NVIDIA H200"; DeviceUuid = "9e89182b-1441-30ac-d288-312c06ffa4ea"; ECCEnabled = true; NvidiaDriver = "590.48.01"; DriverVersion = 13.1; DevicePciBusId = "0000:DB:00.0"; GlobalMemoryMb = 143158; MaxSupportedVersion = 13010 ]
	IoHeavy = 0
	Memory = 65536
...
006 (6028200.001.000) 2026-08-13 14:56:54 Image size of job updated: 46828
	46  -  MemoryUsage of job (MB)
	46828  -  ResidentSetSize of job (KB)
...
006 (6028200.001.000) 2026-08-13 15:01:56 Image size of job updated: 31063812
	30336  -  MemoryUsage of job (MB)
	31063812  -  ResidentSetSize of job (KB)
...
006 (6028200.001.000) 2026-08-13 15:06:56 Image size of job updated: 31067864
	30336  -  MemoryUsage of job (MB)
	31063812  -  ResidentSetSize of job (KB)
...
006 (6028200.001.000) 2026-08-13 15:26:57 Image size of job updated: 31067864
	30336  -  MemoryUsage of job (MB)
	31063824  -  ResidentSetSize of job (KB)
...
006 (6028200.001.000) 2026-08-13 16:02:01 Image size of job updated: 33467472
	30336  -  MemoryUsage of job (MB)
	31063824  -  ResidentSetSize of job (KB)
...
040 (6028200.001.000) 2026-08-13 17:03:25 Started transferring output files
...
040 (6028200.001.000) 2026-08-13 17:03:25 Finished transferring output files
...
005 (6028200.001.000) 2026-08-13 17:03:27 Job terminated.
	(1) Normal termination (return value 0)
		Usr 0 02:18:19, Sys 0 00:00:57  -  Run Remote Usage
		Usr 0 00:00:00, Sys 0 00:00:00  -  Run Local Usage
		Usr 0 02:18:19, Sys 0 00:00:57  -  Total Remote Usage
		Usr 0 00:00:00, Sys 0 00:00:00  -  Total Local Usage
	1594608  -  Run Bytes Sent By Job
	9725079282  -  Run Bytes Received By Job
	1594608  -  Total Bytes Sent By Job
	9725079282  -  Total Bytes Received By Job
	Partitionable Resources :       Usage  Request Allocated Assigned
	   Cpus                 :        1.09        2         2 
	   Disk (KB)            : 16321760    31457280  31457280 
	   GPUs                 :        0.00        1         1 "GPU-9e89182b"
	   GpusMemory (MB)      :     1917                       
	   IoHeavy              :                              0 
	   Memory (MB)          :    30336       65536     65536 
	   TimeExecute (s)      :     7600                       
	   TimeSlotBusy (s)     :     7632                       
...
