==================================================
Experiment: ggf_dihiggs_rexc
Processes: ggf vs dihiggs
Events per channel: 2500
Running on: zliu-chtcgpu5000.chtc.wisc.edu
Working directory: /var/lib/condor/execute/slot3/dir_1032600/scratch
CUDA_VISIBLE_DEVICES: GPU-57c0fd58-86d9-a141-37fb-b93c6ea11f34
Rotation mode: uniform
Rotation: 0.3926990817
Energy noise: 0.0001 GeV
XYZ noise: 5.0 mm
Shift std: 0.0 mm
Crop fraction: 0.5
Augmentation order: rotate+energy_noise+xyz_noise+crop
Learning rate: 0.0003
Weight decay: 0.0001
Batch size: 32
Temperature: 0.07
Seed: 42
==================================================
Extracting source code...
Extracting ColliderML data...
Training script: src/train_colliderml_planar_pairwise.py
ColliderML data directory: /var/lib/condor/execute/slot3/dir_1032600/scratch/colliderml-data
PyTorch: 2.4.1+cu121
CUDA build: 12.1
CUDA available: True
GPU: NVIDIA L40S
Starting pretraining...
Experiment configuration:
  arch: gnn
  batch_size: 32
  channel_a: ggf
  channel_b: dihiggs
  crop_fraction: 0.5
  data_dir: /var/lib/condor/execute/slot3/dir_1032600/scratch/colliderml-data
  dataset_name: colliderml
  disable_cuda: False
  energy_noise: 0.0001
  epochs: 18
  events_per_channel: 2500
  experiment_name: ggf_dihiggs_rexc
  feat_dim: 4
  fp16_precision: False
  gravnet_k: 8
  hidden_dim: 16
  latent_dim: 64
  log_every_n_steps: 100
  lr: 0.0003
  n_views: 2
  out_dim: 32
  output_dir: /var/lib/condor/execute/slot3/dir_1032600/scratch/outputs
  proj_dim: 32
  propagate_dim: 16
  resume: None
  rotation: 0.3926990817
  rotation_mode: uniform
  seed: 42
  shift_std: 0.0
  space_dim: 4
  split: ggf_vs_dihiggs_total5000
  temperature: 0.07
  train_augmentation_order: rotate+energy_noise+xyz_noise+crop
  weight_decay: 0.0001
  workers: 0
  xyz_noise: 5.0
ColliderML data directory: /var/lib/condor/execute/slot3/dir_1032600/scratch/colliderml-data
Loaded 2500 events from channel ggf.
Loaded 2500 events from channel dihiggs.
Training augmentation pipeline: rotate -> energy_noise -> xyz_noise -> crop
Evaluation augmentation pipeline: rotate -> energy_noise -> xyz_noise -> crop
Evaluation augmentation pipeline: rotate -> energy_noise -> xyz_noise
Dataset split: train=3000, val=1000, test=1000
Data preprocessing working fine.
Trainable parameters: 59020
Training output directory: /var/lib/condor/execute/slot3/dir_1032600/scratch/outputs/ggf_dihiggs_rexc
Training device: cuda
Saved new best checkpoint: /var/lib/condor/execute/slot3/dir_1032600/scratch/outputs/ggf_dihiggs_rexc/checkpoints/best.pt
Epoch 1/18 | train_loss=2.073902 | val_loss=1.376888 | best_val_loss=1.376888 | lr=0.00030000
Saved new best checkpoint: /var/lib/condor/execute/slot3/dir_1032600/scratch/outputs/ggf_dihiggs_rexc/checkpoints/best.pt
Epoch 2/18 | train_loss=1.171023 | val_loss=0.919034 | best_val_loss=0.919034 | lr=0.00029772
Saved new best checkpoint: /var/lib/condor/execute/slot3/dir_1032600/scratch/outputs/ggf_dihiggs_rexc/checkpoints/best.pt
Epoch 3/18 | train_loss=0.777632 | val_loss=0.603129 | best_val_loss=0.603129 | lr=0.00029095
Saved new best checkpoint: /var/lib/condor/execute/slot3/dir_1032600/scratch/outputs/ggf_dihiggs_rexc/checkpoints/best.pt
Epoch 4/18 | train_loss=0.589758 | val_loss=0.454105 | best_val_loss=0.454105 | lr=0.00027990
Epoch 5/18 | train_loss=0.437382 | val_loss=0.475382 | best_val_loss=0.454105 | lr=0.00026491
Saved new best checkpoint: /var/lib/condor/execute/slot3/dir_1032600/scratch/outputs/ggf_dihiggs_rexc/checkpoints/best.pt
Epoch 6/18 | train_loss=0.357264 | val_loss=0.347911 | best_val_loss=0.347911 | lr=0.00024642
Saved new best checkpoint: /var/lib/condor/execute/slot3/dir_1032600/scratch/outputs/ggf_dihiggs_rexc/checkpoints/best.pt
Epoch 7/18 | train_loss=0.316377 | val_loss=0.335334 | best_val_loss=0.335334 | lr=0.00022500
Saved new best checkpoint: /var/lib/condor/execute/slot3/dir_1032600/scratch/outputs/ggf_dihiggs_rexc/checkpoints/best.pt
Epoch 8/18 | train_loss=0.301120 | val_loss=0.280760 | best_val_loss=0.280760 | lr=0.00020130
Saved new best checkpoint: /var/lib/condor/execute/slot3/dir_1032600/scratch/outputs/ggf_dihiggs_rexc/checkpoints/best.pt
Epoch 9/18 | train_loss=0.230248 | val_loss=0.227133 | best_val_loss=0.227133 | lr=0.00017605
Epoch 10/18 | train_loss=0.181434 | val_loss=0.238396 | best_val_loss=0.227133 | lr=0.00015000
Saved new best checkpoint: /var/lib/condor/execute/slot3/dir_1032600/scratch/outputs/ggf_dihiggs_rexc/checkpoints/best.pt
Epoch 11/18 | train_loss=0.193156 | val_loss=0.188184 | best_val_loss=0.188184 | lr=0.00012395
Saved new best checkpoint: /var/lib/condor/execute/slot3/dir_1032600/scratch/outputs/ggf_dihiggs_rexc/checkpoints/best.pt
Epoch 12/18 | train_loss=0.180194 | val_loss=0.182961 | best_val_loss=0.182961 | lr=0.00009870
Saved new best checkpoint: /var/lib/condor/execute/slot3/dir_1032600/scratch/outputs/ggf_dihiggs_rexc/checkpoints/best.pt
Epoch 13/18 | train_loss=0.146752 | val_loss=0.165013 | best_val_loss=0.165013 | lr=0.00007500
Saved new best checkpoint: /var/lib/condor/execute/slot3/dir_1032600/scratch/outputs/ggf_dihiggs_rexc/checkpoints/best.pt
Epoch 14/18 | train_loss=0.149802 | val_loss=0.162060 | best_val_loss=0.162060 | lr=0.00005358
Saved new best checkpoint: /var/lib/condor/execute/slot3/dir_1032600/scratch/outputs/ggf_dihiggs_rexc/checkpoints/best.pt
Epoch 15/18 | train_loss=0.142807 | val_loss=0.156492 | best_val_loss=0.156492 | lr=0.00003509
Saved new best checkpoint: /var/lib/condor/execute/slot3/dir_1032600/scratch/outputs/ggf_dihiggs_rexc/checkpoints/best.pt
Epoch 16/18 | train_loss=0.132485 | val_loss=0.146504 | best_val_loss=0.146504 | lr=0.00002010
Saved new best checkpoint: /var/lib/condor/execute/slot3/dir_1032600/scratch/outputs/ggf_dihiggs_rexc/checkpoints/best.pt
Epoch 17/18 | train_loss=0.140146 | val_loss=0.145360 | best_val_loss=0.145360 | lr=0.00000905
Saved new best checkpoint: /var/lib/condor/execute/slot3/dir_1032600/scratch/outputs/ggf_dihiggs_rexc/checkpoints/best.pt
Epoch 18/18 | train_loss=0.135243 | val_loss=0.140371 | best_val_loss=0.140371 | lr=0.00000228
Loaded checkpoint: /var/lib/condor/execute/slot3/dir_1032600/scratch/outputs/ggf_dihiggs_rexc/checkpoints/best.pt
Resume from epoch: 18
Best validation loss: 0.140371
Final test loss: 0.114671
Experiment ggf_dihiggs_rexc completed successfully.
