000 (6028200.007.000) 2026-08-13 14:54:32 Job submitted from host: <128.105.68.113:9618?addrs=128.105.68.113-9618+[2607-f388-2200-100-eaeb-d3ff-fea7-d05e]-9618&alias=ap2002.chtc.wisc.edu&noUDP&sock=schedd_7808_378f>
    [ JobBatchName = "gravnet_pairwise_augmentation_sweep_20260812" ]
...
040 (6028200.007.000) 2026-08-13 15:05:53 Started transferring input files
	Transferring to host: <128.105.68.117:9618?addrs=128.105.68.117-9618+[2607-f388-2200-100-7ec2-55ff-fe9a-b4fa]-9618&alias=gpu4000.chtc.wisc.edu&noUDP&sock=slot2_7_1351128_a798_45305>
...
040 (6028200.007.000) 2026-08-13 15:06:14 Finished transferring input files
...
001 (6028200.007.000) 2026-08-13 15:06:14 Job executing on host: <128.105.68.117:9618?addrs=128.105.68.117-9618+[2607-f388-2200-100-7ec2-55ff-fe9a-b4fa]-9618&alias=gpu4000.chtc.wisc.edu&noUDP&sock=startd_674379_7ae3>
	SlotName: slot2_7@gpu4000.chtc.wisc.edu
	AvailableGPUs = { GPUs_GPU_5d7c2345 }
	CondorScratchDir = "/var/lib/condor/execute/slot2/dir_2945795/scratch"
	Cpus = 2
	Disk = 31457280
	GPUs = 1
	GPUs_GPU_5d7c2345 = [ Id = "GPU-5d7c2345"; Capability = 8.9; DeviceName = "NVIDIA L40"; DeviceUuid = "5d7c2345-600f-7ffc-d007-4c550ea1a345"; ECCEnabled = true; NvidiaDriver = "570.195.03"; DriverVersion = 12.8; DevicePciBusId = "0000:D5:00.0"; GlobalMemoryMb = 45468; MaxSupportedVersion = 12080 ]
	IoHeavy = 0
	Memory = 65536
...
006 (6028200.007.000) 2026-08-13 15:06:23 Image size of job updated: 23012
	23  -  MemoryUsage of job (MB)
	23012  -  ResidentSetSize of job (KB)
...
006 (6028200.007.000) 2026-08-13 15:11:24 Image size of job updated: 29248472
	28545  -  MemoryUsage of job (MB)
	29229960  -  ResidentSetSize of job (KB)
...
006 (6028200.007.000) 2026-08-13 15:16:25 Image size of job updated: 31176588
	28569  -  MemoryUsage of job (MB)
	29253852  -  ResidentSetSize of job (KB)
...
006 (6028200.007.000) 2026-08-13 15:31:26 Image size of job updated: 31176588
	28571  -  MemoryUsage of job (MB)
	29256084  -  ResidentSetSize of job (KB)
...
006 (6028200.007.000) 2026-08-13 15:36:26 Image size of job updated: 31176588
	28573  -  MemoryUsage of job (MB)
	29258456  -  ResidentSetSize of job (KB)
...
006 (6028200.007.000) 2026-08-13 15:46:27 Image size of job updated: 31176588
	28573  -  MemoryUsage of job (MB)
	29258656  -  ResidentSetSize of job (KB)
...
006 (6028200.007.000) 2026-08-13 15:51:28 Image size of job updated: 31183888
	28584  -  MemoryUsage of job (MB)
	29269736  -  ResidentSetSize of job (KB)
...
006 (6028200.007.000) 2026-08-13 16:01:29 Image size of job updated: 31183888
	28586  -  MemoryUsage of job (MB)
	29271892  -  ResidentSetSize of job (KB)
...
006 (6028200.007.000) 2026-08-13 16:11:30 Image size of job updated: 31183888
	28591  -  MemoryUsage of job (MB)
	29276488  -  ResidentSetSize of job (KB)
...
006 (6028200.007.000) 2026-08-13 16:16:30 Image size of job updated: 31183888
	28592  -  MemoryUsage of job (MB)
	29277596  -  ResidentSetSize of job (KB)
...
006 (6028200.007.000) 2026-08-13 16:21:31 Image size of job updated: 31183888
	28592  -  MemoryUsage of job (MB)
	29277980  -  ResidentSetSize of job (KB)
...
006 (6028200.007.000) 2026-08-13 16:31:32 Image size of job updated: 31183888
	28592  -  MemoryUsage of job (MB)
	29278028  -  ResidentSetSize of job (KB)
...
006 (6028200.007.000) 2026-08-13 16:36:32 Image size of job updated: 31183888
	28593  -  MemoryUsage of job (MB)
	29278480  -  ResidentSetSize of job (KB)
...
006 (6028200.007.000) 2026-08-13 16:41:32 Image size of job updated: 31183888
	28593  -  MemoryUsage of job (MB)
	29278604  -  ResidentSetSize of job (KB)
...
006 (6028200.007.000) 2026-08-13 16:56:33 Image size of job updated: 31183888
	28593  -  MemoryUsage of job (MB)
	29279120  -  ResidentSetSize of job (KB)
...
040 (6028200.007.000) 2026-08-13 17:08:55 Started transferring output files
...
040 (6028200.007.000) 2026-08-13 17:08:55 Finished transferring output files
...
005 (6028200.007.000) 2026-08-13 17:08:58 Job terminated.
	(1) Normal termination (return value 0)
		Usr 0 02:15:13, Sys 0 00:03:18  -  Run Remote Usage
		Usr 0 00:00:00, Sys 0 00:00:00  -  Run Local Usage
		Usr 0 02:15:13, Sys 0 00:03:18  -  Total Remote Usage
		Usr 0 00:00:00, Sys 0 00:00:00  -  Total Local Usage
	1594503  -  Run Bytes Sent By Job
	9725079282  -  Run Bytes Received By Job
	1594503  -  Total Bytes Sent By Job
	9725079282  -  Total Bytes Received By Job
	Partitionable Resources :       Usage  Request Allocated Assigned
	   Cpus                 :        1.10        2         2 
	   Disk (KB)            : 16321760    31457280  31457280 
	   GPUs                 :        0.00        1         1 "GPU-5d7c2345"
	   GpusMemory (MB)      :     1591                       
	   IoHeavy              :                              0 
	   Memory (MB)          :    28593       65536     65536 
	   TimeExecute (s)      :     7361                       
	   TimeSlotBusy (s)     :     7383                       
...
