==================================================
Experiment: ggf_ttbar_rex
Processes: ggf vs ttbar
Events per channel: 2500
Running on: gpu2009
Working directory: /var/lib/condor/execute/slot2/dir_1628965/scratch
CUDA_VISIBLE_DEVICES: GPU-07c303b2-26b2-4bc7-fbf1-94800154bb1a
Rotation mode: uniform
Rotation: 0.3926990817
Energy noise: 0.0001 GeV
XYZ noise: 5.0 mm
Shift std: 0.0 mm
Crop fraction: 0.0
Augmentation order: rotate+energy_noise+xyz_noise
Learning rate: 0.0003
Weight decay: 0.0001
Batch size: 32
Temperature: 0.07
Seed: 42
==================================================
Extracting source code...
Extracting ColliderML data...
Training script: src/train_colliderml_planar_pairwise.py
ColliderML data directory: /var/lib/condor/execute/slot2/dir_1628965/scratch/colliderml-data
PyTorch: 2.4.1+cu121
CUDA build: 12.1
CUDA available: True
GPU: NVIDIA A100-SXM4-80GB
Starting pretraining...
Experiment configuration:
  arch: gnn
  batch_size: 32
  channel_a: ggf
  channel_b: ttbar
  crop_fraction: 0.0
  data_dir: /var/lib/condor/execute/slot2/dir_1628965/scratch/colliderml-data
  dataset_name: colliderml
  disable_cuda: False
  energy_noise: 0.0001
  epochs: 18
  events_per_channel: 2500
  experiment_name: ggf_ttbar_rex
  feat_dim: 4
  fp16_precision: False
  gravnet_k: 8
  hidden_dim: 16
  latent_dim: 64
  log_every_n_steps: 100
  lr: 0.0003
  n_views: 2
  out_dim: 32
  output_dir: /var/lib/condor/execute/slot2/dir_1628965/scratch/outputs
  proj_dim: 32
  propagate_dim: 16
  resume: None
  rotation: 0.3926990817
  rotation_mode: uniform
  seed: 42
  shift_std: 0.0
  space_dim: 4
  split: ggf_vs_ttbar_total5000
  temperature: 0.07
  train_augmentation_order: rotate+energy_noise+xyz_noise
  weight_decay: 0.0001
  workers: 0
  xyz_noise: 5.0
ColliderML data directory: /var/lib/condor/execute/slot2/dir_1628965/scratch/colliderml-data
Loaded 2500 events from channel ggf.
Loaded 2500 events from channel ttbar.
Training augmentation pipeline: rotate -> energy_noise -> xyz_noise
Evaluation augmentation pipeline: rotate -> energy_noise -> xyz_noise
Evaluation augmentation pipeline: rotate -> energy_noise -> xyz_noise
Dataset split: train=3000, val=1000, test=1000
Data preprocessing working fine.
Trainable parameters: 59020
Training output directory: /var/lib/condor/execute/slot2/dir_1628965/scratch/outputs/ggf_ttbar_rex
Training device: cuda
Saved new best checkpoint: /var/lib/condor/execute/slot2/dir_1628965/scratch/outputs/ggf_ttbar_rex/checkpoints/best.pt
Epoch 1/18 | train_loss=1.413349 | val_loss=0.705527 | best_val_loss=0.705527 | lr=0.00030000
Saved new best checkpoint: /var/lib/condor/execute/slot2/dir_1628965/scratch/outputs/ggf_ttbar_rex/checkpoints/best.pt
Epoch 2/18 | train_loss=0.611256 | val_loss=0.446669 | best_val_loss=0.446669 | lr=0.00029772
Saved new best checkpoint: /var/lib/condor/execute/slot2/dir_1628965/scratch/outputs/ggf_ttbar_rex/checkpoints/best.pt
Epoch 3/18 | train_loss=0.362922 | val_loss=0.309700 | best_val_loss=0.309700 | lr=0.00029095
Saved new best checkpoint: /var/lib/condor/execute/slot2/dir_1628965/scratch/outputs/ggf_ttbar_rex/checkpoints/best.pt
Epoch 4/18 | train_loss=0.268073 | val_loss=0.224398 | best_val_loss=0.224398 | lr=0.00027990
Saved new best checkpoint: /var/lib/condor/execute/slot2/dir_1628965/scratch/outputs/ggf_ttbar_rex/checkpoints/best.pt
Epoch 5/18 | train_loss=0.230272 | val_loss=0.188564 | best_val_loss=0.188564 | lr=0.00026491
Saved new best checkpoint: /var/lib/condor/execute/slot2/dir_1628965/scratch/outputs/ggf_ttbar_rex/checkpoints/best.pt
Epoch 6/18 | train_loss=0.177719 | val_loss=0.156838 | best_val_loss=0.156838 | lr=0.00024642
Saved new best checkpoint: /var/lib/condor/execute/slot2/dir_1628965/scratch/outputs/ggf_ttbar_rex/checkpoints/best.pt
Epoch 7/18 | train_loss=0.156899 | val_loss=0.146644 | best_val_loss=0.146644 | lr=0.00022500
Saved new best checkpoint: /var/lib/condor/execute/slot2/dir_1628965/scratch/outputs/ggf_ttbar_rex/checkpoints/best.pt
Epoch 8/18 | train_loss=0.137048 | val_loss=0.125467 | best_val_loss=0.125467 | lr=0.00020130
Saved new best checkpoint: /var/lib/condor/execute/slot2/dir_1628965/scratch/outputs/ggf_ttbar_rex/checkpoints/best.pt
Epoch 9/18 | train_loss=0.104248 | val_loss=0.096656 | best_val_loss=0.096656 | lr=0.00017605
Saved new best checkpoint: /var/lib/condor/execute/slot2/dir_1628965/scratch/outputs/ggf_ttbar_rex/checkpoints/best.pt
Epoch 10/18 | train_loss=0.101121 | val_loss=0.091734 | best_val_loss=0.091734 | lr=0.00015000
Epoch 11/18 | train_loss=0.092544 | val_loss=0.100793 | best_val_loss=0.091734 | lr=0.00012395
Saved new best checkpoint: /var/lib/condor/execute/slot2/dir_1628965/scratch/outputs/ggf_ttbar_rex/checkpoints/best.pt
Epoch 12/18 | train_loss=0.091382 | val_loss=0.090110 | best_val_loss=0.090110 | lr=0.00009870
Saved new best checkpoint: /var/lib/condor/execute/slot2/dir_1628965/scratch/outputs/ggf_ttbar_rex/checkpoints/best.pt
Epoch 13/18 | train_loss=0.077773 | val_loss=0.074924 | best_val_loss=0.074924 | lr=0.00007500
Saved new best checkpoint: /var/lib/condor/execute/slot2/dir_1628965/scratch/outputs/ggf_ttbar_rex/checkpoints/best.pt
Epoch 14/18 | train_loss=0.070875 | val_loss=0.067655 | best_val_loss=0.067655 | lr=0.00005358
Saved new best checkpoint: /var/lib/condor/execute/slot2/dir_1628965/scratch/outputs/ggf_ttbar_rex/checkpoints/best.pt
Epoch 15/18 | train_loss=0.062632 | val_loss=0.065300 | best_val_loss=0.065300 | lr=0.00003509
Saved new best checkpoint: /var/lib/condor/execute/slot2/dir_1628965/scratch/outputs/ggf_ttbar_rex/checkpoints/best.pt
Epoch 16/18 | train_loss=0.060067 | val_loss=0.061182 | best_val_loss=0.061182 | lr=0.00002010
Saved new best checkpoint: /var/lib/condor/execute/slot2/dir_1628965/scratch/outputs/ggf_ttbar_rex/checkpoints/best.pt
Epoch 17/18 | train_loss=0.058225 | val_loss=0.060746 | best_val_loss=0.060746 | lr=0.00000905
Saved new best checkpoint: /var/lib/condor/execute/slot2/dir_1628965/scratch/outputs/ggf_ttbar_rex/checkpoints/best.pt
Epoch 18/18 | train_loss=0.062794 | val_loss=0.059896 | best_val_loss=0.059896 | lr=0.00000228
Loaded checkpoint: /var/lib/condor/execute/slot2/dir_1628965/scratch/outputs/ggf_ttbar_rex/checkpoints/best.pt
Resume from epoch: 18
Best validation loss: 0.059896
Final test loss: 0.061421
Experiment ggf_ttbar_rex completed successfully.
