==================================================
Experiment: ggf_dihiggs_res
Processes: ggf vs dihiggs
Events per channel: 2500
Running on: zliu-chtcgpu5000.chtc.wisc.edu
Working directory: /var/lib/condor/execute/slot3/dir_924003/scratch
CUDA_VISIBLE_DEVICES: GPU-ad6fd700-031e-f4f7-18cc-4d9383583651
Rotation mode: uniform
Rotation: 0.3926990817
Energy noise: 0.0001 GeV
XYZ noise: 0.0 mm
Shift std: 2.0 mm
Crop fraction: 0.0
Augmentation order: rotate+energy_noise+shift
Learning rate: 0.0003
Weight decay: 0.0001
Batch size: 32
Temperature: 0.07
Seed: 42
==================================================
Extracting source code...
Extracting ColliderML data...
Training script: src/train_colliderml_planar_pairwise.py
ColliderML data directory: /var/lib/condor/execute/slot3/dir_924003/scratch/colliderml-data
PyTorch: 2.4.1+cu121
CUDA build: 12.1
CUDA available: True
GPU: NVIDIA L40S
Starting pretraining...
Experiment configuration:
  arch: gnn
  batch_size: 32
  channel_a: ggf
  channel_b: dihiggs
  crop_fraction: 0.0
  data_dir: /var/lib/condor/execute/slot3/dir_924003/scratch/colliderml-data
  dataset_name: colliderml
  disable_cuda: False
  energy_noise: 0.0001
  epochs: 18
  events_per_channel: 2500
  experiment_name: ggf_dihiggs_res
  feat_dim: 4
  fp16_precision: False
  gravnet_k: 8
  hidden_dim: 16
  latent_dim: 64
  log_every_n_steps: 100
  lr: 0.0003
  n_views: 2
  out_dim: 32
  output_dir: /var/lib/condor/execute/slot3/dir_924003/scratch/outputs
  proj_dim: 32
  propagate_dim: 16
  resume: None
  rotation: 0.3926990817
  rotation_mode: uniform
  seed: 42
  shift_std: 2.0
  space_dim: 4
  split: ggf_vs_dihiggs_total5000
  temperature: 0.07
  train_augmentation_order: rotate+energy_noise+shift
  weight_decay: 0.0001
  workers: 0
  xyz_noise: 0.0
ColliderML data directory: /var/lib/condor/execute/slot3/dir_924003/scratch/colliderml-data
Loaded 2500 events from channel ggf.
Loaded 2500 events from channel dihiggs.
Training augmentation pipeline: rotate -> energy_noise -> shift
Evaluation augmentation pipeline: rotate -> energy_noise -> shift
Evaluation augmentation pipeline: rotate -> energy_noise -> xyz_noise
Dataset split: train=3000, val=1000, test=1000
Data preprocessing working fine.
Trainable parameters: 59020
Training output directory: /var/lib/condor/execute/slot3/dir_924003/scratch/outputs/ggf_dihiggs_res
Training device: cuda
Saved new best checkpoint: /var/lib/condor/execute/slot3/dir_924003/scratch/outputs/ggf_dihiggs_res/checkpoints/best.pt
Epoch 1/18 | train_loss=1.764921 | val_loss=1.031543 | best_val_loss=1.031543 | lr=0.00030000
Saved new best checkpoint: /var/lib/condor/execute/slot3/dir_924003/scratch/outputs/ggf_dihiggs_res/checkpoints/best.pt
Epoch 2/18 | train_loss=0.725124 | val_loss=0.570210 | best_val_loss=0.570210 | lr=0.00029772
Saved new best checkpoint: /var/lib/condor/execute/slot3/dir_924003/scratch/outputs/ggf_dihiggs_res/checkpoints/best.pt
Epoch 3/18 | train_loss=0.471983 | val_loss=0.388928 | best_val_loss=0.388928 | lr=0.00029095
Saved new best checkpoint: /var/lib/condor/execute/slot3/dir_924003/scratch/outputs/ggf_dihiggs_res/checkpoints/best.pt
Epoch 4/18 | train_loss=0.334776 | val_loss=0.351159 | best_val_loss=0.351159 | lr=0.00027990
Saved new best checkpoint: /var/lib/condor/execute/slot3/dir_924003/scratch/outputs/ggf_dihiggs_res/checkpoints/best.pt
Epoch 5/18 | train_loss=0.272961 | val_loss=0.234601 | best_val_loss=0.234601 | lr=0.00026491
Saved new best checkpoint: /var/lib/condor/execute/slot3/dir_924003/scratch/outputs/ggf_dihiggs_res/checkpoints/best.pt
Epoch 6/18 | train_loss=0.202753 | val_loss=0.182459 | best_val_loss=0.182459 | lr=0.00024642
Saved new best checkpoint: /var/lib/condor/execute/slot3/dir_924003/scratch/outputs/ggf_dihiggs_res/checkpoints/best.pt
Epoch 7/18 | train_loss=0.170591 | val_loss=0.157659 | best_val_loss=0.157659 | lr=0.00022500
Saved new best checkpoint: /var/lib/condor/execute/slot3/dir_924003/scratch/outputs/ggf_dihiggs_res/checkpoints/best.pt
Epoch 8/18 | train_loss=0.149197 | val_loss=0.114673 | best_val_loss=0.114673 | lr=0.00020130
Epoch 9/18 | train_loss=0.127981 | val_loss=0.127247 | best_val_loss=0.114673 | lr=0.00017605
Saved new best checkpoint: /var/lib/condor/execute/slot3/dir_924003/scratch/outputs/ggf_dihiggs_res/checkpoints/best.pt
Epoch 10/18 | train_loss=0.117680 | val_loss=0.110650 | best_val_loss=0.110650 | lr=0.00015000
Saved new best checkpoint: /var/lib/condor/execute/slot3/dir_924003/scratch/outputs/ggf_dihiggs_res/checkpoints/best.pt
Epoch 11/18 | train_loss=0.094713 | val_loss=0.085954 | best_val_loss=0.085954 | lr=0.00012395
Saved new best checkpoint: /var/lib/condor/execute/slot3/dir_924003/scratch/outputs/ggf_dihiggs_res/checkpoints/best.pt
Epoch 12/18 | train_loss=0.095869 | val_loss=0.085674 | best_val_loss=0.085674 | lr=0.00009870
Saved new best checkpoint: /var/lib/condor/execute/slot3/dir_924003/scratch/outputs/ggf_dihiggs_res/checkpoints/best.pt
Epoch 13/18 | train_loss=0.084346 | val_loss=0.082778 | best_val_loss=0.082778 | lr=0.00007500
Saved new best checkpoint: /var/lib/condor/execute/slot3/dir_924003/scratch/outputs/ggf_dihiggs_res/checkpoints/best.pt
Epoch 14/18 | train_loss=0.082873 | val_loss=0.069521 | best_val_loss=0.069521 | lr=0.00005358
Epoch 15/18 | train_loss=0.071561 | val_loss=0.072691 | best_val_loss=0.069521 | lr=0.00003509
Epoch 16/18 | train_loss=0.078715 | val_loss=0.069769 | best_val_loss=0.069521 | lr=0.00002010
Saved new best checkpoint: /var/lib/condor/execute/slot3/dir_924003/scratch/outputs/ggf_dihiggs_res/checkpoints/best.pt
Epoch 17/18 | train_loss=0.077550 | val_loss=0.067883 | best_val_loss=0.067883 | lr=0.00000905
Saved new best checkpoint: /var/lib/condor/execute/slot3/dir_924003/scratch/outputs/ggf_dihiggs_res/checkpoints/best.pt
Epoch 18/18 | train_loss=0.070571 | val_loss=0.067105 | best_val_loss=0.067105 | lr=0.00000228
Loaded checkpoint: /var/lib/condor/execute/slot3/dir_924003/scratch/outputs/ggf_dihiggs_res/checkpoints/best.pt
Resume from epoch: 18
Best validation loss: 0.067105
Final test loss: 0.071778
Experiment ggf_dihiggs_res completed successfully.
