==================================================
Experiment: ggf_ttbar_res
Processes: ggf vs ttbar
Events per channel: 2500
Running on: zliu-chtcgpu5000.chtc.wisc.edu
Working directory: /var/lib/condor/execute/slot3/dir_923907/scratch
CUDA_VISIBLE_DEVICES: GPU-83640fe1-a45a-82c3-bd44-f2d045e9521d
Rotation mode: uniform
Rotation: 0.3926990817
Energy noise: 0.0001 GeV
XYZ noise: 0.0 mm
Shift std: 2.0 mm
Crop fraction: 0.0
Augmentation order: rotate+energy_noise+shift
Learning rate: 0.0003
Weight decay: 0.0001
Batch size: 32
Temperature: 0.07
Seed: 42
==================================================
Extracting source code...
Extracting ColliderML data...
Training script: src/train_colliderml_planar_pairwise.py
ColliderML data directory: /var/lib/condor/execute/slot3/dir_923907/scratch/colliderml-data
PyTorch: 2.4.1+cu121
CUDA build: 12.1
CUDA available: True
GPU: NVIDIA L40S
Starting pretraining...
Experiment configuration:
  arch: gnn
  batch_size: 32
  channel_a: ggf
  channel_b: ttbar
  crop_fraction: 0.0
  data_dir: /var/lib/condor/execute/slot3/dir_923907/scratch/colliderml-data
  dataset_name: colliderml
  disable_cuda: False
  energy_noise: 0.0001
  epochs: 18
  events_per_channel: 2500
  experiment_name: ggf_ttbar_res
  feat_dim: 4
  fp16_precision: False
  gravnet_k: 8
  hidden_dim: 16
  latent_dim: 64
  log_every_n_steps: 100
  lr: 0.0003
  n_views: 2
  out_dim: 32
  output_dir: /var/lib/condor/execute/slot3/dir_923907/scratch/outputs
  proj_dim: 32
  propagate_dim: 16
  resume: None
  rotation: 0.3926990817
  rotation_mode: uniform
  seed: 42
  shift_std: 2.0
  space_dim: 4
  split: ggf_vs_ttbar_total5000
  temperature: 0.07
  train_augmentation_order: rotate+energy_noise+shift
  weight_decay: 0.0001
  workers: 0
  xyz_noise: 0.0
ColliderML data directory: /var/lib/condor/execute/slot3/dir_923907/scratch/colliderml-data
Loaded 2500 events from channel ggf.
Loaded 2500 events from channel ttbar.
Training augmentation pipeline: rotate -> energy_noise -> shift
Evaluation augmentation pipeline: rotate -> energy_noise -> shift
Evaluation augmentation pipeline: rotate -> energy_noise -> xyz_noise
Dataset split: train=3000, val=1000, test=1000
Data preprocessing working fine.
Trainable parameters: 59020
Training output directory: /var/lib/condor/execute/slot3/dir_923907/scratch/outputs/ggf_ttbar_res
Training device: cuda
Saved new best checkpoint: /var/lib/condor/execute/slot3/dir_923907/scratch/outputs/ggf_ttbar_res/checkpoints/best.pt
Epoch 1/18 | train_loss=1.576731 | val_loss=0.726587 | best_val_loss=0.726587 | lr=0.00030000
Saved new best checkpoint: /var/lib/condor/execute/slot3/dir_923907/scratch/outputs/ggf_ttbar_res/checkpoints/best.pt
Epoch 2/18 | train_loss=0.637525 | val_loss=0.503402 | best_val_loss=0.503402 | lr=0.00029772
Saved new best checkpoint: /var/lib/condor/execute/slot3/dir_923907/scratch/outputs/ggf_ttbar_res/checkpoints/best.pt
Epoch 3/18 | train_loss=0.345869 | val_loss=0.328540 | best_val_loss=0.328540 | lr=0.00029095
Saved new best checkpoint: /var/lib/condor/execute/slot3/dir_923907/scratch/outputs/ggf_ttbar_res/checkpoints/best.pt
Epoch 4/18 | train_loss=0.262426 | val_loss=0.256856 | best_val_loss=0.256856 | lr=0.00027990
Saved new best checkpoint: /var/lib/condor/execute/slot3/dir_923907/scratch/outputs/ggf_ttbar_res/checkpoints/best.pt
Epoch 5/18 | train_loss=0.218251 | val_loss=0.197244 | best_val_loss=0.197244 | lr=0.00026491
Saved new best checkpoint: /var/lib/condor/execute/slot3/dir_923907/scratch/outputs/ggf_ttbar_res/checkpoints/best.pt
Epoch 6/18 | train_loss=0.164204 | val_loss=0.137382 | best_val_loss=0.137382 | lr=0.00024642
Saved new best checkpoint: /var/lib/condor/execute/slot3/dir_923907/scratch/outputs/ggf_ttbar_res/checkpoints/best.pt
Epoch 7/18 | train_loss=0.146749 | val_loss=0.133776 | best_val_loss=0.133776 | lr=0.00022500
Saved new best checkpoint: /var/lib/condor/execute/slot3/dir_923907/scratch/outputs/ggf_ttbar_res/checkpoints/best.pt
Epoch 8/18 | train_loss=0.135342 | val_loss=0.124208 | best_val_loss=0.124208 | lr=0.00020130
Saved new best checkpoint: /var/lib/condor/execute/slot3/dir_923907/scratch/outputs/ggf_ttbar_res/checkpoints/best.pt
Epoch 9/18 | train_loss=0.106709 | val_loss=0.095821 | best_val_loss=0.095821 | lr=0.00017605
Saved new best checkpoint: /var/lib/condor/execute/slot3/dir_923907/scratch/outputs/ggf_ttbar_res/checkpoints/best.pt
Epoch 10/18 | train_loss=0.103919 | val_loss=0.089090 | best_val_loss=0.089090 | lr=0.00015000
Epoch 11/18 | train_loss=0.088271 | val_loss=0.093644 | best_val_loss=0.089090 | lr=0.00012395
Saved new best checkpoint: /var/lib/condor/execute/slot3/dir_923907/scratch/outputs/ggf_ttbar_res/checkpoints/best.pt
Epoch 12/18 | train_loss=0.088633 | val_loss=0.084946 | best_val_loss=0.084946 | lr=0.00009870
Saved new best checkpoint: /var/lib/condor/execute/slot3/dir_923907/scratch/outputs/ggf_ttbar_res/checkpoints/best.pt
Epoch 13/18 | train_loss=0.086613 | val_loss=0.064953 | best_val_loss=0.064953 | lr=0.00007500
Epoch 14/18 | train_loss=0.077612 | val_loss=0.068515 | best_val_loss=0.064953 | lr=0.00005358
Saved new best checkpoint: /var/lib/condor/execute/slot3/dir_923907/scratch/outputs/ggf_ttbar_res/checkpoints/best.pt
Epoch 15/18 | train_loss=0.068738 | val_loss=0.059965 | best_val_loss=0.059965 | lr=0.00003509
Saved new best checkpoint: /var/lib/condor/execute/slot3/dir_923907/scratch/outputs/ggf_ttbar_res/checkpoints/best.pt
Epoch 16/18 | train_loss=0.062834 | val_loss=0.057729 | best_val_loss=0.057729 | lr=0.00002010
Saved new best checkpoint: /var/lib/condor/execute/slot3/dir_923907/scratch/outputs/ggf_ttbar_res/checkpoints/best.pt
Epoch 17/18 | train_loss=0.062720 | val_loss=0.056364 | best_val_loss=0.056364 | lr=0.00000905
Saved new best checkpoint: /var/lib/condor/execute/slot3/dir_923907/scratch/outputs/ggf_ttbar_res/checkpoints/best.pt
Epoch 18/18 | train_loss=0.067901 | val_loss=0.055775 | best_val_loss=0.055775 | lr=0.00000228
Loaded checkpoint: /var/lib/condor/execute/slot3/dir_923907/scratch/outputs/ggf_ttbar_res/checkpoints/best.pt
Resume from epoch: 18
Best validation loss: 0.055775
Final test loss: 0.077009
Experiment ggf_ttbar_res completed successfully.
