000 (6028200.026.000) 2026-08-13 14:54:32 Job submitted from host: <128.105.68.113:9618?addrs=128.105.68.113-9618+[2607-f388-2200-100-eaeb-d3ff-fea7-d05e]-9618&alias=ap2002.chtc.wisc.edu&noUDP&sock=schedd_7808_378f>
    [ JobBatchName = "gravnet_pairwise_augmentation_sweep_20260812" ]
...
040 (6028200.026.000) 2026-08-13 16:02:27 Started transferring input files
	Transferring to host: <128.105.69.63:9618?addrs=128.105.69.63-9618+[2607-f388-2200-100-5aa2-e1ff-febe-455e]-9618&alias=gpu4003.chtc.wisc.edu&noUDP&sock=slot2_2_467102_5d6c_8910>
...
040 (6028200.026.000) 2026-08-13 16:02:55 Finished transferring input files
...
001 (6028200.026.000) 2026-08-13 16:02:55 Job executing on host: <128.105.69.63:9618?addrs=128.105.69.63-9618+[2607-f388-2200-100-5aa2-e1ff-febe-455e]-9618&alias=gpu4003.chtc.wisc.edu&noUDP&sock=startd_467038_ccc7>
	SlotName: slot2_2@gpu4003.chtc.wisc.edu
	AvailableGPUs = { GPUs_GPU_c82e3d6c }
	CondorScratchDir = "/var/lib/condor/execute/slot2/dir_2210222/scratch"
	Cpus = 2
	Disk = 31457280
	GPUs = 1
	GPUs_GPU_c82e3d6c = [ Id = "GPU-c82e3d6c"; Capability = 9.0; DeviceName = "NVIDIA H100 80GB HBM3"; DeviceUuid = "c82e3d6c-1ae9-c800-d093-51fd9d172771"; ECCEnabled = true; NvidiaDriver = "570.195.03"; DriverVersion = 12.8; DevicePciBusId = "0000:2A:00.0"; GlobalMemoryMb = 81089; MaxSupportedVersion = 12080 ]
	IoHeavy = 0
	Memory = 65536
...
006 (6028200.026.000) 2026-08-13 16:03:04 Image size of job updated: 26824
	27  -  MemoryUsage of job (MB)
	26824  -  ResidentSetSize of job (KB)
...
006 (6028200.026.000) 2026-08-13 16:08:05 Image size of job updated: 25049768
	24462  -  MemoryUsage of job (MB)
	25048544  -  ResidentSetSize of job (KB)
...
006 (6028200.026.000) 2026-08-13 16:13:05 Image size of job updated: 26435544
	24469  -  MemoryUsage of job (MB)
	25055368  -  ResidentSetSize of job (KB)
...
006 (6028200.026.000) 2026-08-13 16:18:06 Image size of job updated: 26435544
	24472  -  MemoryUsage of job (MB)
	25059236  -  ResidentSetSize of job (KB)
...
006 (6028200.026.000) 2026-08-13 16:23:07 Image size of job updated: 26783728
	24472  -  MemoryUsage of job (MB)
	25059236  -  ResidentSetSize of job (KB)
...
006 (6028200.026.000) 2026-08-13 16:33:08 Image size of job updated: 26783728
	24475  -  MemoryUsage of job (MB)
	25061520  -  ResidentSetSize of job (KB)
...
006 (6028200.026.000) 2026-08-13 16:43:08 Image size of job updated: 26783728
	24478  -  MemoryUsage of job (MB)
	25064988  -  ResidentSetSize of job (KB)
...
006 (6028200.026.000) 2026-08-13 16:48:09 Image size of job updated: 26783728
	24484  -  MemoryUsage of job (MB)
	25071396  -  ResidentSetSize of job (KB)
...
006 (6028200.026.000) 2026-08-13 16:53:09 Image size of job updated: 26783728
	24484  -  MemoryUsage of job (MB)
	25071480  -  ResidentSetSize of job (KB)
...
006 (6028200.026.000) 2026-08-13 17:23:12 Image size of job updated: 26783728
	24489  -  MemoryUsage of job (MB)
	25076280  -  ResidentSetSize of job (KB)
...
006 (6028200.026.000) 2026-08-13 17:28:13 Image size of job updated: 26783728
	24491  -  MemoryUsage of job (MB)
	25077856  -  ResidentSetSize of job (KB)
...
006 (6028200.026.000) 2026-08-13 17:33:13 Image size of job updated: 26783728
	24494  -  MemoryUsage of job (MB)
	25081400  -  ResidentSetSize of job (KB)
...
040 (6028200.026.000) 2026-08-13 17:38:47 Started transferring output files
...
040 (6028200.026.000) 2026-08-13 17:38:47 Finished transferring output files
...
005 (6028200.026.000) 2026-08-13 17:38:49 Job terminated.
	(1) Normal termination (return value 0)
		Usr 0 01:45:46, Sys 0 00:02:44  -  Run Remote Usage
		Usr 0 00:00:00, Sys 0 00:00:00  -  Run Local Usage
		Usr 0 01:45:46, Sys 0 00:02:44  -  Total Remote Usage
		Usr 0 00:00:00, Sys 0 00:00:00  -  Total Local Usage
	1589782  -  Run Bytes Sent By Job
	9725079282  -  Run Bytes Received By Job
	1589782  -  Total Bytes Sent By Job
	9725079282  -  Total Bytes Received By Job
	Partitionable Resources :       Usage  Request Allocated Assigned
	   Cpus                 :        1.11        2         2 
	   Disk (KB)            : 16321752    31457280  31457280 
	   GPUs                 :                    1         1 "GPU-c82e3d6c"
	   GpusMemory (MB)      :     1725                       
	   IoHeavy              :                              0 
	   Memory (MB)          :    24494       65536     65536 
	   TimeExecute (s)      :     5752                       
	   TimeSlotBusy (s)     :     5780                       
...
