==================================================
Experiment: ggf_dihiggs_rex
Processes: ggf vs dihiggs
Events per channel: 2500
Running on: vetsigian0001
Working directory: /var/lib/condor/execute/slot2/dir_3936822/scratch
CUDA_VISIBLE_DEVICES: GPU-0c640e20-b6ea-dd63-b391-be95cfa04742
Rotation mode: uniform
Rotation: 0.3926990817
Energy noise: 0.0001 GeV
XYZ noise: 5.0 mm
Shift std: 0.0 mm
Crop fraction: 0.0
Augmentation order: rotate+energy_noise+xyz_noise
Learning rate: 0.0003
Weight decay: 0.0001
Batch size: 32
Temperature: 0.07
Seed: 42
==================================================
Extracting source code...
Extracting ColliderML data...
Training script: src/train_colliderml_planar_pairwise.py
ColliderML data directory: /var/lib/condor/execute/slot2/dir_3936822/scratch/colliderml-data
PyTorch: 2.4.1+cu121
CUDA build: 12.1
CUDA available: True
GPU: NVIDIA GeForce RTX 2080 Ti
Starting pretraining...
Experiment configuration:
  arch: gnn
  batch_size: 32
  channel_a: ggf
  channel_b: dihiggs
  crop_fraction: 0.0
  data_dir: /var/lib/condor/execute/slot2/dir_3936822/scratch/colliderml-data
  dataset_name: colliderml
  disable_cuda: False
  energy_noise: 0.0001
  epochs: 18
  events_per_channel: 2500
  experiment_name: ggf_dihiggs_rex
  feat_dim: 4
  fp16_precision: False
  gravnet_k: 8
  hidden_dim: 16
  latent_dim: 64
  log_every_n_steps: 100
  lr: 0.0003
  n_views: 2
  out_dim: 32
  output_dir: /var/lib/condor/execute/slot2/dir_3936822/scratch/outputs
  proj_dim: 32
  propagate_dim: 16
  resume: None
  rotation: 0.3926990817
  rotation_mode: uniform
  seed: 42
  shift_std: 0.0
  space_dim: 4
  split: ggf_vs_dihiggs_total5000
  temperature: 0.07
  train_augmentation_order: rotate+energy_noise+xyz_noise
  weight_decay: 0.0001
  workers: 0
  xyz_noise: 5.0
ColliderML data directory: /var/lib/condor/execute/slot2/dir_3936822/scratch/colliderml-data
Loaded 2500 events from channel ggf.
Loaded 2500 events from channel dihiggs.
Training augmentation pipeline: rotate -> energy_noise -> xyz_noise
Evaluation augmentation pipeline: rotate -> energy_noise -> xyz_noise
Evaluation augmentation pipeline: rotate -> energy_noise -> xyz_noise
Dataset split: train=3000, val=1000, test=1000
Data preprocessing working fine.
Trainable parameters: 59020
Training output directory: /var/lib/condor/execute/slot2/dir_3936822/scratch/outputs/ggf_dihiggs_rex
Training device: cuda
Saved new best checkpoint: /var/lib/condor/execute/slot2/dir_3936822/scratch/outputs/ggf_dihiggs_rex/checkpoints/best.pt
Epoch 1/18 | train_loss=1.751031 | val_loss=0.963452 | best_val_loss=0.963452 | lr=0.00030000
Saved new best checkpoint: /var/lib/condor/execute/slot2/dir_3936822/scratch/outputs/ggf_dihiggs_rex/checkpoints/best.pt
Epoch 2/18 | train_loss=0.774753 | val_loss=0.535624 | best_val_loss=0.535624 | lr=0.00029772
Saved new best checkpoint: /var/lib/condor/execute/slot2/dir_3936822/scratch/outputs/ggf_dihiggs_rex/checkpoints/best.pt
Epoch 3/18 | train_loss=0.442170 | val_loss=0.350150 | best_val_loss=0.350150 | lr=0.00029095
Saved new best checkpoint: /var/lib/condor/execute/slot2/dir_3936822/scratch/outputs/ggf_dihiggs_rex/checkpoints/best.pt
Epoch 4/18 | train_loss=0.322647 | val_loss=0.272829 | best_val_loss=0.272829 | lr=0.00027990
Saved new best checkpoint: /var/lib/condor/execute/slot2/dir_3936822/scratch/outputs/ggf_dihiggs_rex/checkpoints/best.pt
Epoch 5/18 | train_loss=0.257427 | val_loss=0.220880 | best_val_loss=0.220880 | lr=0.00026491
Saved new best checkpoint: /var/lib/condor/execute/slot2/dir_3936822/scratch/outputs/ggf_dihiggs_rex/checkpoints/best.pt
Epoch 6/18 | train_loss=0.223770 | val_loss=0.209510 | best_val_loss=0.209510 | lr=0.00024642
Saved new best checkpoint: /var/lib/condor/execute/slot2/dir_3936822/scratch/outputs/ggf_dihiggs_rex/checkpoints/best.pt
Epoch 7/18 | train_loss=0.178967 | val_loss=0.152565 | best_val_loss=0.152565 | lr=0.00022500
Saved new best checkpoint: /var/lib/condor/execute/slot2/dir_3936822/scratch/outputs/ggf_dihiggs_rex/checkpoints/best.pt
Epoch 8/18 | train_loss=0.143324 | val_loss=0.125516 | best_val_loss=0.125516 | lr=0.00020130
Epoch 9/18 | train_loss=0.135239 | val_loss=0.142415 | best_val_loss=0.125516 | lr=0.00017605
Saved new best checkpoint: /var/lib/condor/execute/slot2/dir_3936822/scratch/outputs/ggf_dihiggs_rex/checkpoints/best.pt
Epoch 10/18 | train_loss=0.119928 | val_loss=0.104257 | best_val_loss=0.104257 | lr=0.00015000
Saved new best checkpoint: /var/lib/condor/execute/slot2/dir_3936822/scratch/outputs/ggf_dihiggs_rex/checkpoints/best.pt
Epoch 11/18 | train_loss=0.094562 | val_loss=0.102920 | best_val_loss=0.102920 | lr=0.00012395
Saved new best checkpoint: /var/lib/condor/execute/slot2/dir_3936822/scratch/outputs/ggf_dihiggs_rex/checkpoints/best.pt
Epoch 12/18 | train_loss=0.094352 | val_loss=0.101967 | best_val_loss=0.101967 | lr=0.00009870
Saved new best checkpoint: /var/lib/condor/execute/slot2/dir_3936822/scratch/outputs/ggf_dihiggs_rex/checkpoints/best.pt
Epoch 13/18 | train_loss=0.086182 | val_loss=0.092712 | best_val_loss=0.092712 | lr=0.00007500
Saved new best checkpoint: /var/lib/condor/execute/slot2/dir_3936822/scratch/outputs/ggf_dihiggs_rex/checkpoints/best.pt
Epoch 14/18 | train_loss=0.081190 | val_loss=0.081546 | best_val_loss=0.081546 | lr=0.00005358
Epoch 15/18 | train_loss=0.071179 | val_loss=0.085502 | best_val_loss=0.081546 | lr=0.00003509
Epoch 16/18 | train_loss=0.074833 | val_loss=0.082406 | best_val_loss=0.081546 | lr=0.00002010
Saved new best checkpoint: /var/lib/condor/execute/slot2/dir_3936822/scratch/outputs/ggf_dihiggs_rex/checkpoints/best.pt
Epoch 17/18 | train_loss=0.074158 | val_loss=0.077850 | best_val_loss=0.077850 | lr=0.00000905
Saved new best checkpoint: /var/lib/condor/execute/slot2/dir_3936822/scratch/outputs/ggf_dihiggs_rex/checkpoints/best.pt
Epoch 18/18 | train_loss=0.075974 | val_loss=0.076519 | best_val_loss=0.076519 | lr=0.00000228
Loaded checkpoint: /var/lib/condor/execute/slot2/dir_3936822/scratch/outputs/ggf_dihiggs_rex/checkpoints/best.pt
Resume from epoch: 18
Best validation loss: 0.076519
Final test loss: 0.073459
Experiment ggf_dihiggs_rex completed successfully.
