==================================================
Experiment: ttbar_dihiggs_resc
Processes: ttbar vs dihiggs
Events per channel: 2500
Running on: gpu2005
Working directory: /var/lib/condor/execute/slot2/dir_2907173/scratch
CUDA_VISIBLE_DEVICES: GPU-516b29b8-8650-46a3-00d3-227be0325a4f
Rotation mode: uniform
Rotation: 0.3926990817
Energy noise: 0.0001 GeV
XYZ noise: 0.0 mm
Shift std: 2.0 mm
Crop fraction: 0.5
Augmentation order: rotate+energy_noise+shift+crop
Learning rate: 0.0003
Weight decay: 0.0001
Batch size: 32
Temperature: 0.07
Seed: 42
==================================================
Extracting source code...
Extracting ColliderML data...
Training script: src/train_colliderml_planar_pairwise.py
ColliderML data directory: /var/lib/condor/execute/slot2/dir_2907173/scratch/colliderml-data
PyTorch: 2.4.1+cu121
CUDA build: 12.1
CUDA available: True
GPU: NVIDIA A100-SXM4-80GB
Starting pretraining...
Experiment configuration:
  arch: gnn
  batch_size: 32
  channel_a: ttbar
  channel_b: dihiggs
  crop_fraction: 0.5
  data_dir: /var/lib/condor/execute/slot2/dir_2907173/scratch/colliderml-data
  dataset_name: colliderml
  disable_cuda: False
  energy_noise: 0.0001
  epochs: 18
  events_per_channel: 2500
  experiment_name: ttbar_dihiggs_resc
  feat_dim: 4
  fp16_precision: False
  gravnet_k: 8
  hidden_dim: 16
  latent_dim: 64
  log_every_n_steps: 100
  lr: 0.0003
  n_views: 2
  out_dim: 32
  output_dir: /var/lib/condor/execute/slot2/dir_2907173/scratch/outputs
  proj_dim: 32
  propagate_dim: 16
  resume: None
  rotation: 0.3926990817
  rotation_mode: uniform
  seed: 42
  shift_std: 2.0
  space_dim: 4
  split: ttbar_vs_dihiggs_total5000
  temperature: 0.07
  train_augmentation_order: rotate+energy_noise+shift+crop
  weight_decay: 0.0001
  workers: 0
  xyz_noise: 0.0
ColliderML data directory: /var/lib/condor/execute/slot2/dir_2907173/scratch/colliderml-data
Loaded 2500 events from channel ttbar.
Loaded 2500 events from channel dihiggs.
Training augmentation pipeline: rotate -> energy_noise -> shift -> crop
Evaluation augmentation pipeline: rotate -> energy_noise -> shift -> crop
Evaluation augmentation pipeline: rotate -> energy_noise -> xyz_noise
Dataset split: train=3000, val=1000, test=1000
Data preprocessing working fine.
Trainable parameters: 59020
Training output directory: /var/lib/condor/execute/slot2/dir_2907173/scratch/outputs/ttbar_dihiggs_resc
Training device: cuda
Saved new best checkpoint: /var/lib/condor/execute/slot2/dir_2907173/scratch/outputs/ttbar_dihiggs_resc/checkpoints/best.pt
Epoch 1/18 | train_loss=1.991073 | val_loss=1.213916 | best_val_loss=1.213916 | lr=0.00030000
Saved new best checkpoint: /var/lib/condor/execute/slot2/dir_2907173/scratch/outputs/ttbar_dihiggs_resc/checkpoints/best.pt
Epoch 2/18 | train_loss=1.006728 | val_loss=0.850742 | best_val_loss=0.850742 | lr=0.00029772
Saved new best checkpoint: /var/lib/condor/execute/slot2/dir_2907173/scratch/outputs/ttbar_dihiggs_resc/checkpoints/best.pt
Epoch 3/18 | train_loss=0.700423 | val_loss=0.568502 | best_val_loss=0.568502 | lr=0.00029095
Saved new best checkpoint: /var/lib/condor/execute/slot2/dir_2907173/scratch/outputs/ttbar_dihiggs_resc/checkpoints/best.pt
Epoch 4/18 | train_loss=0.479965 | val_loss=0.419403 | best_val_loss=0.419403 | lr=0.00027990
Saved new best checkpoint: /var/lib/condor/execute/slot2/dir_2907173/scratch/outputs/ttbar_dihiggs_resc/checkpoints/best.pt
Epoch 5/18 | train_loss=0.398447 | val_loss=0.340638 | best_val_loss=0.340638 | lr=0.00026491
Saved new best checkpoint: /var/lib/condor/execute/slot2/dir_2907173/scratch/outputs/ttbar_dihiggs_resc/checkpoints/best.pt
Epoch 6/18 | train_loss=0.325768 | val_loss=0.259171 | best_val_loss=0.259171 | lr=0.00024642
Saved new best checkpoint: /var/lib/condor/execute/slot2/dir_2907173/scratch/outputs/ttbar_dihiggs_resc/checkpoints/best.pt
Epoch 7/18 | train_loss=0.256772 | val_loss=0.250759 | best_val_loss=0.250759 | lr=0.00022500
Saved new best checkpoint: /var/lib/condor/execute/slot2/dir_2907173/scratch/outputs/ttbar_dihiggs_resc/checkpoints/best.pt
Epoch 8/18 | train_loss=0.226733 | val_loss=0.200705 | best_val_loss=0.200705 | lr=0.00020130
Saved new best checkpoint: /var/lib/condor/execute/slot2/dir_2907173/scratch/outputs/ttbar_dihiggs_resc/checkpoints/best.pt
Epoch 9/18 | train_loss=0.194796 | val_loss=0.171819 | best_val_loss=0.171819 | lr=0.00017605
Saved new best checkpoint: /var/lib/condor/execute/slot2/dir_2907173/scratch/outputs/ttbar_dihiggs_resc/checkpoints/best.pt
Epoch 10/18 | train_loss=0.172193 | val_loss=0.153648 | best_val_loss=0.153648 | lr=0.00015000
Saved new best checkpoint: /var/lib/condor/execute/slot2/dir_2907173/scratch/outputs/ttbar_dihiggs_resc/checkpoints/best.pt
Epoch 11/18 | train_loss=0.157976 | val_loss=0.148127 | best_val_loss=0.148127 | lr=0.00012395
Saved new best checkpoint: /var/lib/condor/execute/slot2/dir_2907173/scratch/outputs/ttbar_dihiggs_resc/checkpoints/best.pt
Epoch 12/18 | train_loss=0.139374 | val_loss=0.127011 | best_val_loss=0.127011 | lr=0.00009870
Saved new best checkpoint: /var/lib/condor/execute/slot2/dir_2907173/scratch/outputs/ttbar_dihiggs_resc/checkpoints/best.pt
Epoch 13/18 | train_loss=0.127558 | val_loss=0.119520 | best_val_loss=0.119520 | lr=0.00007500
Saved new best checkpoint: /var/lib/condor/execute/slot2/dir_2907173/scratch/outputs/ttbar_dihiggs_resc/checkpoints/best.pt
Epoch 14/18 | train_loss=0.130203 | val_loss=0.116120 | best_val_loss=0.116120 | lr=0.00005358
Saved new best checkpoint: /var/lib/condor/execute/slot2/dir_2907173/scratch/outputs/ttbar_dihiggs_resc/checkpoints/best.pt
Epoch 15/18 | train_loss=0.123761 | val_loss=0.109794 | best_val_loss=0.109794 | lr=0.00003509
Epoch 16/18 | train_loss=0.111331 | val_loss=0.110032 | best_val_loss=0.109794 | lr=0.00002010
Saved new best checkpoint: /var/lib/condor/execute/slot2/dir_2907173/scratch/outputs/ttbar_dihiggs_resc/checkpoints/best.pt
Epoch 17/18 | train_loss=0.118782 | val_loss=0.105307 | best_val_loss=0.105307 | lr=0.00000905
Saved new best checkpoint: /var/lib/condor/execute/slot2/dir_2907173/scratch/outputs/ttbar_dihiggs_resc/checkpoints/best.pt
Epoch 18/18 | train_loss=0.121663 | val_loss=0.104318 | best_val_loss=0.104318 | lr=0.00000228
Loaded checkpoint: /var/lib/condor/execute/slot2/dir_2907173/scratch/outputs/ttbar_dihiggs_resc/checkpoints/best.pt
Resume from epoch: 18
Best validation loss: 0.104318
Final test loss: 0.124464
Experiment ttbar_dihiggs_resc completed successfully.
