000 (6028200.047.000) 2026-08-13 14:54:32 Job submitted from host: <128.105.68.113:9618?addrs=128.105.68.113-9618+[2607-f388-2200-100-eaeb-d3ff-fea7-d05e]-9618&alias=ap2002.chtc.wisc.edu&noUDP&sock=schedd_7808_378f>
    [ JobBatchName = "gravnet_pairwise_augmentation_sweep_20260812" ]
...
040 (6028200.047.000) 2026-08-13 17:46:19 Started transferring input files
	Transferring to host: <128.105.68.23:9618?addrs=128.105.68.23-9618+[2607-f388-2200-100-3eec-efff-fe0c-50a0]-9618&alias=gpulab2004.chtc.wisc.edu&noUDP&sock=slot2_3_1165934_ba6d_36403>
...
040 (6028200.047.000) 2026-08-13 17:46:49 Finished transferring input files
...
001 (6028200.047.000) 2026-08-13 17:46:49 Job executing on host: <128.105.68.23:9618?addrs=128.105.68.23-9618+[2607-f388-2200-100-3eec-efff-fe0c-50a0]-9618&alias=gpulab2004.chtc.wisc.edu&noUDP&sock=startd_2444796_48fa>
	SlotName: slot2_3@gpulab2004.chtc.wisc.edu
	AvailableGPUs = { GPUs_GPU_8f9c2d75 }
	CondorScratchDir = "/var/lib/condor/execute/slot2/dir_2187301/scratch"
	Cpus = 2
	Disk = 31457280
	GPUs = 1
	GPUs_GPU_8f9c2d75 = [ Id = "GPU-8f9c2d75"; Capability = 8.0; DeviceName = "NVIDIA A100-SXM4-40GB"; DeviceUuid = "8f9c2d75-1b7d-5026-b177-283d13ddbb90"; ECCEnabled = true; NvidiaDriver = "570.195.03"; DriverVersion = 12.8; DevicePciBusId = "0000:81:00.0"; GlobalMemoryMb = 40442; MaxSupportedVersion = 12080 ]
	IoHeavy = 0
	Memory = 65536
...
006 (6028200.047.000) 2026-08-13 17:46:58 Image size of job updated: 22152
	22  -  MemoryUsage of job (MB)
	22152  -  ResidentSetSize of job (KB)
...
006 (6028200.047.000) 2026-08-13 17:51:59 Image size of job updated: 24898452
	24304  -  MemoryUsage of job (MB)
	24886432  -  ResidentSetSize of job (KB)
...
006 (6028200.047.000) 2026-08-13 17:56:59 Image size of job updated: 24901208
	24304  -  MemoryUsage of job (MB)
	24886432  -  ResidentSetSize of job (KB)
...
006 (6028200.047.000) 2026-08-13 18:02:00 Image size of job updated: 24907744
	24320  -  MemoryUsage of job (MB)
	24902896  -  ResidentSetSize of job (KB)
...
006 (6028200.047.000) 2026-08-13 18:07:00 Image size of job updated: 25944584
	24321  -  MemoryUsage of job (MB)
	24904120  -  ResidentSetSize of job (KB)
...
006 (6028200.047.000) 2026-08-13 18:17:01 Image size of job updated: 25944584
	24326  -  MemoryUsage of job (MB)
	24909224  -  ResidentSetSize of job (KB)
...
006 (6028200.047.000) 2026-08-13 18:22:01 Image size of job updated: 25944584
	24333  -  MemoryUsage of job (MB)
	24916324  -  ResidentSetSize of job (KB)
...
006 (6028200.047.000) 2026-08-13 18:27:02 Image size of job updated: 25944584
	24333  -  MemoryUsage of job (MB)
	24916388  -  ResidentSetSize of job (KB)
...
006 (6028200.047.000) 2026-08-13 18:32:02 Image size of job updated: 25944584
	24335  -  MemoryUsage of job (MB)
	24918444  -  ResidentSetSize of job (KB)
...
006 (6028200.047.000) 2026-08-13 18:47:03 Image size of job updated: 25944584
	24336  -  MemoryUsage of job (MB)
	24919068  -  ResidentSetSize of job (KB)
...
006 (6028200.047.000) 2026-08-13 18:57:05 Image size of job updated: 26697148
	24340  -  MemoryUsage of job (MB)
	24924040  -  ResidentSetSize of job (KB)
...
006 (6028200.047.000) 2026-08-13 19:37:08 Image size of job updated: 26697148
	24345  -  MemoryUsage of job (MB)
	24928880  -  ResidentSetSize of job (KB)
...
040 (6028200.047.000) 2026-08-13 20:14:36 Started transferring output files
...
040 (6028200.047.000) 2026-08-13 20:14:36 Finished transferring output files
...
005 (6028200.047.000) 2026-08-13 20:14:40 Job terminated.
	(1) Normal termination (return value 0)
		Usr 0 02:41:45, Sys 0 00:05:19  -  Run Remote Usage
		Usr 0 00:00:00, Sys 0 00:00:00  -  Run Local Usage
		Usr 0 02:41:45, Sys 0 00:05:19  -  Total Remote Usage
		Usr 0 00:00:00, Sys 0 00:00:00  -  Total Local Usage
	1585224  -  Run Bytes Sent By Job
	9725079282  -  Run Bytes Received By Job
	1585224  -  Total Bytes Sent By Job
	9725079282  -  Total Bytes Received By Job
	Partitionable Resources :       Usage  Request Allocated Assigned
	   Cpus                 :        1.11        2         2 
	   Disk (KB)            : 16321744    31457280  31457280 
	   GPUs                 :        0.01        1         1 "GPU-8f9c2d75"
	   GpusMemory (MB)      :     1490                       
	   IoHeavy              :                              0 
	   Memory (MB)          :    24345       65536     65536 
	   TimeExecute (s)      :     8867                       
	   TimeSlotBusy (s)     :     8898                       
...
