==================================================
Experiment: ttbar_dihiggs_rex
Processes: ttbar vs dihiggs
Events per channel: 2500
Running on: dbrundage-chtcgpu5000.chtc.wisc.edu
Working directory: /var/lib/condor/execute/slot3/dir_1361652/scratch
CUDA_VISIBLE_DEVICES: GPU-9e89182b-1441-30ac-d288-312c06ffa4ea
Rotation mode: uniform
Rotation: 0.3926990817
Energy noise: 0.0001 GeV
XYZ noise: 5.0 mm
Shift std: 0.0 mm
Crop fraction: 0.0
Augmentation order: rotate+energy_noise+xyz_noise
Learning rate: 0.0003
Weight decay: 0.0001
Batch size: 32
Temperature: 0.07
Seed: 42
==================================================
Extracting source code...
Extracting ColliderML data...
Training script: src/train_colliderml_planar_pairwise.py
ColliderML data directory: /var/lib/condor/execute/slot3/dir_1361652/scratch/colliderml-data
PyTorch: 2.4.1+cu121
CUDA build: 12.1
CUDA available: True
GPU: NVIDIA H200
Starting pretraining...
Experiment configuration:
  arch: gnn
  batch_size: 32
  channel_a: ttbar
  channel_b: dihiggs
  crop_fraction: 0.0
  data_dir: /var/lib/condor/execute/slot3/dir_1361652/scratch/colliderml-data
  dataset_name: colliderml
  disable_cuda: False
  energy_noise: 0.0001
  epochs: 18
  events_per_channel: 2500
  experiment_name: ttbar_dihiggs_rex
  feat_dim: 4
  fp16_precision: False
  gravnet_k: 8
  hidden_dim: 16
  latent_dim: 64
  log_every_n_steps: 100
  lr: 0.0003
  n_views: 2
  out_dim: 32
  output_dir: /var/lib/condor/execute/slot3/dir_1361652/scratch/outputs
  proj_dim: 32
  propagate_dim: 16
  resume: None
  rotation: 0.3926990817
  rotation_mode: uniform
  seed: 42
  shift_std: 0.0
  space_dim: 4
  split: ttbar_vs_dihiggs_total5000
  temperature: 0.07
  train_augmentation_order: rotate+energy_noise+xyz_noise
  weight_decay: 0.0001
  workers: 0
  xyz_noise: 5.0
ColliderML data directory: /var/lib/condor/execute/slot3/dir_1361652/scratch/colliderml-data
Loaded 2500 events from channel ttbar.
Loaded 2500 events from channel dihiggs.
Training augmentation pipeline: rotate -> energy_noise -> xyz_noise
Evaluation augmentation pipeline: rotate -> energy_noise -> xyz_noise
Evaluation augmentation pipeline: rotate -> energy_noise -> xyz_noise
Dataset split: train=3000, val=1000, test=1000
Data preprocessing working fine.
Trainable parameters: 59020
Training output directory: /var/lib/condor/execute/slot3/dir_1361652/scratch/outputs/ttbar_dihiggs_rex
Training device: cuda
Saved new best checkpoint: /var/lib/condor/execute/slot3/dir_1361652/scratch/outputs/ttbar_dihiggs_rex/checkpoints/best.pt
Epoch 1/18 | train_loss=1.569114 | val_loss=0.810527 | best_val_loss=0.810527 | lr=0.00030000
Saved new best checkpoint: /var/lib/condor/execute/slot3/dir_1361652/scratch/outputs/ttbar_dihiggs_rex/checkpoints/best.pt
Epoch 2/18 | train_loss=0.639885 | val_loss=0.461780 | best_val_loss=0.461780 | lr=0.00029772
Saved new best checkpoint: /var/lib/condor/execute/slot3/dir_1361652/scratch/outputs/ttbar_dihiggs_rex/checkpoints/best.pt
Epoch 3/18 | train_loss=0.393743 | val_loss=0.331649 | best_val_loss=0.331649 | lr=0.00029095
Saved new best checkpoint: /var/lib/condor/execute/slot3/dir_1361652/scratch/outputs/ttbar_dihiggs_rex/checkpoints/best.pt
Epoch 4/18 | train_loss=0.288757 | val_loss=0.246114 | best_val_loss=0.246114 | lr=0.00027990
Saved new best checkpoint: /var/lib/condor/execute/slot3/dir_1361652/scratch/outputs/ttbar_dihiggs_rex/checkpoints/best.pt
Epoch 5/18 | train_loss=0.204192 | val_loss=0.188087 | best_val_loss=0.188087 | lr=0.00026491
Saved new best checkpoint: /var/lib/condor/execute/slot3/dir_1361652/scratch/outputs/ttbar_dihiggs_rex/checkpoints/best.pt
Epoch 6/18 | train_loss=0.168637 | val_loss=0.178728 | best_val_loss=0.178728 | lr=0.00024642
Saved new best checkpoint: /var/lib/condor/execute/slot3/dir_1361652/scratch/outputs/ttbar_dihiggs_rex/checkpoints/best.pt
Epoch 7/18 | train_loss=0.130945 | val_loss=0.169961 | best_val_loss=0.169961 | lr=0.00022500
Saved new best checkpoint: /var/lib/condor/execute/slot3/dir_1361652/scratch/outputs/ttbar_dihiggs_rex/checkpoints/best.pt
Epoch 8/18 | train_loss=0.130580 | val_loss=0.126023 | best_val_loss=0.126023 | lr=0.00020130
Saved new best checkpoint: /var/lib/condor/execute/slot3/dir_1361652/scratch/outputs/ttbar_dihiggs_rex/checkpoints/best.pt
Epoch 9/18 | train_loss=0.106204 | val_loss=0.114357 | best_val_loss=0.114357 | lr=0.00017605
Saved new best checkpoint: /var/lib/condor/execute/slot3/dir_1361652/scratch/outputs/ttbar_dihiggs_rex/checkpoints/best.pt
Epoch 10/18 | train_loss=0.097947 | val_loss=0.112740 | best_val_loss=0.112740 | lr=0.00015000
Epoch 11/18 | train_loss=0.090596 | val_loss=0.119024 | best_val_loss=0.112740 | lr=0.00012395
Saved new best checkpoint: /var/lib/condor/execute/slot3/dir_1361652/scratch/outputs/ttbar_dihiggs_rex/checkpoints/best.pt
Epoch 12/18 | train_loss=0.080735 | val_loss=0.098283 | best_val_loss=0.098283 | lr=0.00009870
Saved new best checkpoint: /var/lib/condor/execute/slot3/dir_1361652/scratch/outputs/ttbar_dihiggs_rex/checkpoints/best.pt
Epoch 13/18 | train_loss=0.075002 | val_loss=0.087197 | best_val_loss=0.087197 | lr=0.00007500
Epoch 14/18 | train_loss=0.074836 | val_loss=0.091344 | best_val_loss=0.087197 | lr=0.00005358
Saved new best checkpoint: /var/lib/condor/execute/slot3/dir_1361652/scratch/outputs/ttbar_dihiggs_rex/checkpoints/best.pt
Epoch 15/18 | train_loss=0.068810 | val_loss=0.078581 | best_val_loss=0.078581 | lr=0.00003509
Epoch 16/18 | train_loss=0.063696 | val_loss=0.079059 | best_val_loss=0.078581 | lr=0.00002010
Saved new best checkpoint: /var/lib/condor/execute/slot3/dir_1361652/scratch/outputs/ttbar_dihiggs_rex/checkpoints/best.pt
Epoch 17/18 | train_loss=0.068616 | val_loss=0.078036 | best_val_loss=0.078036 | lr=0.00000905
Saved new best checkpoint: /var/lib/condor/execute/slot3/dir_1361652/scratch/outputs/ttbar_dihiggs_rex/checkpoints/best.pt
Epoch 18/18 | train_loss=0.064387 | val_loss=0.076792 | best_val_loss=0.076792 | lr=0.00000228
Loaded checkpoint: /var/lib/condor/execute/slot3/dir_1361652/scratch/outputs/ttbar_dihiggs_rex/checkpoints/best.pt
Resume from epoch: 18
Best validation loss: 0.076792
Final test loss: 0.084913
Experiment ttbar_dihiggs_rex completed successfully.
