000 (6028200.038.000) 2026-08-13 14:54:32 Job submitted from host: <128.105.68.113:9618?addrs=128.105.68.113-9618+[2607-f388-2200-100-eaeb-d3ff-fea7-d05e]-9618&alias=ap2002.chtc.wisc.edu&noUDP&sock=schedd_7808_378f>
    [ JobBatchName = "gravnet_pairwise_augmentation_sweep_20260812" ]
...
040 (6028200.038.000) 2026-08-13 17:08:58 Started transferring input files
	Transferring to host: <128.105.68.117:9618?addrs=128.105.68.117-9618+[2607-f388-2200-100-7ec2-55ff-fe9a-b4fa]-9618&alias=gpu4000.chtc.wisc.edu&noUDP&sock=slot2_7_1351128_a798_45634>
...
040 (6028200.038.000) 2026-08-13 17:09:31 Finished transferring input files
...
001 (6028200.038.000) 2026-08-13 17:09:31 Job executing on host: <128.105.68.117:9618?addrs=128.105.68.117-9618+[2607-f388-2200-100-7ec2-55ff-fe9a-b4fa]-9618&alias=gpu4000.chtc.wisc.edu&noUDP&sock=startd_674379_7ae3>
	SlotName: slot2_7@gpu4000.chtc.wisc.edu
	AvailableGPUs = { GPUs_GPU_5d7c2345 }
	CondorScratchDir = "/var/lib/condor/execute/slot2/dir_3138065/scratch"
	Cpus = 2
	Disk = 31457280
	GPUs = 1
	GPUs_GPU_5d7c2345 = [ Id = "GPU-5d7c2345"; Capability = 8.9; DeviceName = "NVIDIA L40"; DeviceUuid = "5d7c2345-600f-7ffc-d007-4c550ea1a345"; ECCEnabled = true; NvidiaDriver = "570.195.03"; DriverVersion = 12.8; DevicePciBusId = "0000:D5:00.0"; GlobalMemoryMb = 45468; MaxSupportedVersion = 12080 ]
	IoHeavy = 0
	Memory = 65536
...
006 (6028200.038.000) 2026-08-13 17:09:40 Image size of job updated: 21804
	22  -  MemoryUsage of job (MB)
	21804  -  ResidentSetSize of job (KB)
...
006 (6028200.038.000) 2026-08-13 17:14:41 Image size of job updated: 25056152
	24321  -  MemoryUsage of job (MB)
	24904156  -  ResidentSetSize of job (KB)
...
006 (6028200.038.000) 2026-08-13 17:19:41 Image size of job updated: 25056152
	24330  -  MemoryUsage of job (MB)
	24913552  -  ResidentSetSize of job (KB)
...
006 (6028200.038.000) 2026-08-13 17:29:42 Image size of job updated: 25056152
	24337  -  MemoryUsage of job (MB)
	24920640  -  ResidentSetSize of job (KB)
...
006 (6028200.038.000) 2026-08-13 17:44:43 Image size of job updated: 25056152
	24343  -  MemoryUsage of job (MB)
	24926688  -  ResidentSetSize of job (KB)
...
006 (6028200.038.000) 2026-08-13 17:54:45 Image size of job updated: 26561156
	24349  -  MemoryUsage of job (MB)
	24933324  -  ResidentSetSize of job (KB)
...
006 (6028200.038.000) 2026-08-13 18:19:47 Image size of job updated: 26771508
	24349  -  MemoryUsage of job (MB)
	24933324  -  ResidentSetSize of job (KB)
...
006 (6028200.038.000) 2026-08-13 18:54:50 Image size of job updated: 26771508
	24350  -  MemoryUsage of job (MB)
	24934248  -  ResidentSetSize of job (KB)
...
040 (6028200.038.000) 2026-08-13 18:57:49 Started transferring output files
...
040 (6028200.038.000) 2026-08-13 18:57:49 Finished transferring output files
...
005 (6028200.038.000) 2026-08-13 18:57:51 Job terminated.
	(1) Normal termination (return value 0)
		Usr 0 02:00:26, Sys 0 00:02:51  -  Run Remote Usage
		Usr 0 00:00:00, Sys 0 00:00:00  -  Run Local Usage
		Usr 0 02:00:26, Sys 0 00:02:51  -  Total Remote Usage
		Usr 0 00:00:00, Sys 0 00:00:00  -  Total Local Usage
	1595598  -  Run Bytes Sent By Job
	9725079282  -  Run Bytes Received By Job
	1595598  -  Total Bytes Sent By Job
	9725079282  -  Total Bytes Received By Job
	Partitionable Resources :       Usage  Request Allocated Assigned
	   Cpus                 :        1.11        2         2 
	   Disk (KB)            : 16321760    31457280  31457280 
	   GPUs                 :        0.00        1         1 "GPU-5d7c2345"
	   GpusMemory (MB)      :     1587                       
	   IoHeavy              :                              0 
	   Memory (MB)          :    24350       65536     65536 
	   TimeExecute (s)      :     6498                       
	   TimeSlotBusy (s)     :     6531                       
...
