==================================================
Experiment: ttbar_dihiggs_rxc
Processes: ttbar vs dihiggs
Events per channel: 2500
Running on: gpu2011
Working directory: /var/lib/condor/execute/slot2/dir_3425213/scratch
CUDA_VISIBLE_DEVICES: MIG-00b83ffb-e443-56b0-81ae-fca0e86cdba2
Rotation mode: uniform
Rotation: 0.3926990817
Energy noise: 0.0 GeV
XYZ noise: 5.0 mm
Shift std: 0.0 mm
Crop fraction: 0.5
Augmentation order: rotate+xyz_noise+crop
Learning rate: 0.0003
Weight decay: 0.0001
Batch size: 32
Temperature: 0.07
Seed: 42
==================================================
Extracting source code...
Extracting ColliderML data...
Training script: src/train_colliderml_planar_pairwise.py
ColliderML data directory: /var/lib/condor/execute/slot2/dir_3425213/scratch/colliderml-data
PyTorch: 2.4.1+cu121
CUDA build: 12.1
CUDA available: True
GPU: NVIDIA A100-SXM4-80GB MIG 3g.40gb
Starting pretraining...
Experiment configuration:
  arch: gnn
  batch_size: 32
  channel_a: ttbar
  channel_b: dihiggs
  crop_fraction: 0.5
  data_dir: /var/lib/condor/execute/slot2/dir_3425213/scratch/colliderml-data
  dataset_name: colliderml
  disable_cuda: False
  energy_noise: 0.0
  epochs: 18
  events_per_channel: 2500
  experiment_name: ttbar_dihiggs_rxc
  feat_dim: 4
  fp16_precision: False
  gravnet_k: 8
  hidden_dim: 16
  latent_dim: 64
  log_every_n_steps: 100
  lr: 0.0003
  n_views: 2
  out_dim: 32
  output_dir: /var/lib/condor/execute/slot2/dir_3425213/scratch/outputs
  proj_dim: 32
  propagate_dim: 16
  resume: None
  rotation: 0.3926990817
  rotation_mode: uniform
  seed: 42
  shift_std: 0.0
  space_dim: 4
  split: ttbar_vs_dihiggs_total5000
  temperature: 0.07
  train_augmentation_order: rotate+xyz_noise+crop
  weight_decay: 0.0001
  workers: 0
  xyz_noise: 5.0
ColliderML data directory: /var/lib/condor/execute/slot2/dir_3425213/scratch/colliderml-data
Loaded 2500 events from channel ttbar.
Loaded 2500 events from channel dihiggs.
Training augmentation pipeline: rotate -> xyz_noise -> crop
Evaluation augmentation pipeline: rotate -> xyz_noise -> crop
Evaluation augmentation pipeline: rotate -> energy_noise -> xyz_noise
Dataset split: train=3000, val=1000, test=1000
Data preprocessing working fine.
Trainable parameters: 59020
Training output directory: /var/lib/condor/execute/slot2/dir_3425213/scratch/outputs/ttbar_dihiggs_rxc
Training device: cuda
Saved new best checkpoint: /var/lib/condor/execute/slot2/dir_3425213/scratch/outputs/ttbar_dihiggs_rxc/checkpoints/best.pt
Epoch 1/18 | train_loss=1.855186 | val_loss=0.994725 | best_val_loss=0.994725 | lr=0.00030000
Saved new best checkpoint: /var/lib/condor/execute/slot2/dir_3425213/scratch/outputs/ttbar_dihiggs_rxc/checkpoints/best.pt
Epoch 2/18 | train_loss=0.919501 | val_loss=0.662791 | best_val_loss=0.662791 | lr=0.00029772
Saved new best checkpoint: /var/lib/condor/execute/slot2/dir_3425213/scratch/outputs/ttbar_dihiggs_rxc/checkpoints/best.pt
Epoch 3/18 | train_loss=0.672983 | val_loss=0.558376 | best_val_loss=0.558376 | lr=0.00029095
Saved new best checkpoint: /var/lib/condor/execute/slot2/dir_3425213/scratch/outputs/ttbar_dihiggs_rxc/checkpoints/best.pt
Epoch 4/18 | train_loss=0.471693 | val_loss=0.401777 | best_val_loss=0.401777 | lr=0.00027990
Saved new best checkpoint: /var/lib/condor/execute/slot2/dir_3425213/scratch/outputs/ttbar_dihiggs_rxc/checkpoints/best.pt
Epoch 5/18 | train_loss=0.357469 | val_loss=0.351340 | best_val_loss=0.351340 | lr=0.00026491
Saved new best checkpoint: /var/lib/condor/execute/slot2/dir_3425213/scratch/outputs/ttbar_dihiggs_rxc/checkpoints/best.pt
Epoch 6/18 | train_loss=0.305741 | val_loss=0.269575 | best_val_loss=0.269575 | lr=0.00024642
Saved new best checkpoint: /var/lib/condor/execute/slot2/dir_3425213/scratch/outputs/ttbar_dihiggs_rxc/checkpoints/best.pt
Epoch 7/18 | train_loss=0.266718 | val_loss=0.253418 | best_val_loss=0.253418 | lr=0.00022500
Saved new best checkpoint: /var/lib/condor/execute/slot2/dir_3425213/scratch/outputs/ttbar_dihiggs_rxc/checkpoints/best.pt
Epoch 8/18 | train_loss=0.257835 | val_loss=0.230363 | best_val_loss=0.230363 | lr=0.00020130
Saved new best checkpoint: /var/lib/condor/execute/slot2/dir_3425213/scratch/outputs/ttbar_dihiggs_rxc/checkpoints/best.pt
Epoch 9/18 | train_loss=0.206309 | val_loss=0.174425 | best_val_loss=0.174425 | lr=0.00017605
Saved new best checkpoint: /var/lib/condor/execute/slot2/dir_3425213/scratch/outputs/ttbar_dihiggs_rxc/checkpoints/best.pt
Epoch 10/18 | train_loss=0.182978 | val_loss=0.153078 | best_val_loss=0.153078 | lr=0.00015000
Epoch 11/18 | train_loss=0.167028 | val_loss=0.159326 | best_val_loss=0.153078 | lr=0.00012395
Saved new best checkpoint: /var/lib/condor/execute/slot2/dir_3425213/scratch/outputs/ttbar_dihiggs_rxc/checkpoints/best.pt
Epoch 12/18 | train_loss=0.153482 | val_loss=0.137660 | best_val_loss=0.137660 | lr=0.00009870
Saved new best checkpoint: /var/lib/condor/execute/slot2/dir_3425213/scratch/outputs/ttbar_dihiggs_rxc/checkpoints/best.pt
Epoch 13/18 | train_loss=0.133002 | val_loss=0.133555 | best_val_loss=0.133555 | lr=0.00007500
Epoch 14/18 | train_loss=0.131512 | val_loss=0.135066 | best_val_loss=0.133555 | lr=0.00005358
Saved new best checkpoint: /var/lib/condor/execute/slot2/dir_3425213/scratch/outputs/ttbar_dihiggs_rxc/checkpoints/best.pt
Epoch 15/18 | train_loss=0.121977 | val_loss=0.128885 | best_val_loss=0.128885 | lr=0.00003509
Saved new best checkpoint: /var/lib/condor/execute/slot2/dir_3425213/scratch/outputs/ttbar_dihiggs_rxc/checkpoints/best.pt
Epoch 16/18 | train_loss=0.129223 | val_loss=0.121477 | best_val_loss=0.121477 | lr=0.00002010
Saved new best checkpoint: /var/lib/condor/execute/slot2/dir_3425213/scratch/outputs/ttbar_dihiggs_rxc/checkpoints/best.pt
Epoch 17/18 | train_loss=0.131537 | val_loss=0.120423 | best_val_loss=0.120423 | lr=0.00000905
Saved new best checkpoint: /var/lib/condor/execute/slot2/dir_3425213/scratch/outputs/ttbar_dihiggs_rxc/checkpoints/best.pt
Epoch 18/18 | train_loss=0.125518 | val_loss=0.117995 | best_val_loss=0.117995 | lr=0.00000228
Loaded checkpoint: /var/lib/condor/execute/slot2/dir_3425213/scratch/outputs/ttbar_dihiggs_rxc/checkpoints/best.pt
Resume from epoch: 18
Best validation loss: 0.117995
Final test loss: 0.121284
Experiment ttbar_dihiggs_rxc completed successfully.
