==================================================
Experiment: ttbar_dihiggs_rexsc
Processes: ttbar vs dihiggs
Events per channel: 2500
Running on: gpu4003
Working directory: /var/lib/condor/execute/slot2/dir_2344628/scratch
CUDA_VISIBLE_DEVICES: GPU-c82e3d6c-1ae9-c800-d093-51fd9d172771
Rotation mode: uniform
Rotation: 0.3926990817
Energy noise: 0.0001 GeV
XYZ noise: 5.0 mm
Shift std: 2.0 mm
Crop fraction: 0.5
Augmentation order: rotate+energy_noise+xyz_noise+shift+crop
Learning rate: 0.0003
Weight decay: 0.0001
Batch size: 32
Temperature: 0.07
Seed: 42
==================================================
Extracting source code...
Extracting ColliderML data...
Training script: src/train_colliderml_planar_pairwise.py
ColliderML data directory: /var/lib/condor/execute/slot2/dir_2344628/scratch/colliderml-data
PyTorch: 2.4.1+cu121
CUDA build: 12.1
CUDA available: True
GPU: NVIDIA H100 80GB HBM3
Starting pretraining...
Experiment configuration:
  arch: gnn
  batch_size: 32
  channel_a: ttbar
  channel_b: dihiggs
  crop_fraction: 0.5
  data_dir: /var/lib/condor/execute/slot2/dir_2344628/scratch/colliderml-data
  dataset_name: colliderml
  disable_cuda: False
  energy_noise: 0.0001
  epochs: 18
  events_per_channel: 2500
  experiment_name: ttbar_dihiggs_rexsc
  feat_dim: 4
  fp16_precision: False
  gravnet_k: 8
  hidden_dim: 16
  latent_dim: 64
  log_every_n_steps: 100
  lr: 0.0003
  n_views: 2
  out_dim: 32
  output_dir: /var/lib/condor/execute/slot2/dir_2344628/scratch/outputs
  proj_dim: 32
  propagate_dim: 16
  resume: None
  rotation: 0.3926990817
  rotation_mode: uniform
  seed: 42
  shift_std: 2.0
  space_dim: 4
  split: ttbar_vs_dihiggs_total5000
  temperature: 0.07
  train_augmentation_order: rotate+energy_noise+xyz_noise+shift+crop
  weight_decay: 0.0001
  workers: 0
  xyz_noise: 5.0
ColliderML data directory: /var/lib/condor/execute/slot2/dir_2344628/scratch/colliderml-data
Loaded 2500 events from channel ttbar.
Loaded 2500 events from channel dihiggs.
Training augmentation pipeline: rotate -> energy_noise -> xyz_noise -> shift -> crop
Evaluation augmentation pipeline: rotate -> energy_noise -> xyz_noise -> shift -> crop
Evaluation augmentation pipeline: rotate -> energy_noise -> xyz_noise
Dataset split: train=3000, val=1000, test=1000
Data preprocessing working fine.
Trainable parameters: 59020
Training output directory: /var/lib/condor/execute/slot2/dir_2344628/scratch/outputs/ttbar_dihiggs_rexsc
Training device: cuda
Saved new best checkpoint: /var/lib/condor/execute/slot2/dir_2344628/scratch/outputs/ttbar_dihiggs_rexsc/checkpoints/best.pt
Epoch 1/18 | train_loss=1.966082 | val_loss=1.473886 | best_val_loss=1.473886 | lr=0.00030000
Saved new best checkpoint: /var/lib/condor/execute/slot2/dir_2344628/scratch/outputs/ttbar_dihiggs_rexsc/checkpoints/best.pt
Epoch 2/18 | train_loss=0.976257 | val_loss=0.767353 | best_val_loss=0.767353 | lr=0.00029772
Saved new best checkpoint: /var/lib/condor/execute/slot2/dir_2344628/scratch/outputs/ttbar_dihiggs_rexsc/checkpoints/best.pt
Epoch 3/18 | train_loss=0.634442 | val_loss=0.485064 | best_val_loss=0.485064 | lr=0.00029095
Saved new best checkpoint: /var/lib/condor/execute/slot2/dir_2344628/scratch/outputs/ttbar_dihiggs_rexsc/checkpoints/best.pt
Epoch 4/18 | train_loss=0.499277 | val_loss=0.422268 | best_val_loss=0.422268 | lr=0.00027990
Saved new best checkpoint: /var/lib/condor/execute/slot2/dir_2344628/scratch/outputs/ttbar_dihiggs_rexsc/checkpoints/best.pt
Epoch 5/18 | train_loss=0.425495 | val_loss=0.329332 | best_val_loss=0.329332 | lr=0.00026491
Saved new best checkpoint: /var/lib/condor/execute/slot2/dir_2344628/scratch/outputs/ttbar_dihiggs_rexsc/checkpoints/best.pt
Epoch 6/18 | train_loss=0.321515 | val_loss=0.269435 | best_val_loss=0.269435 | lr=0.00024642
Saved new best checkpoint: /var/lib/condor/execute/slot2/dir_2344628/scratch/outputs/ttbar_dihiggs_rexsc/checkpoints/best.pt
Epoch 7/18 | train_loss=0.263915 | val_loss=0.245407 | best_val_loss=0.245407 | lr=0.00022500
Saved new best checkpoint: /var/lib/condor/execute/slot2/dir_2344628/scratch/outputs/ttbar_dihiggs_rexsc/checkpoints/best.pt
Epoch 8/18 | train_loss=0.224579 | val_loss=0.187528 | best_val_loss=0.187528 | lr=0.00020130
Saved new best checkpoint: /var/lib/condor/execute/slot2/dir_2344628/scratch/outputs/ttbar_dihiggs_rexsc/checkpoints/best.pt
Epoch 9/18 | train_loss=0.209875 | val_loss=0.182586 | best_val_loss=0.182586 | lr=0.00017605
Saved new best checkpoint: /var/lib/condor/execute/slot2/dir_2344628/scratch/outputs/ttbar_dihiggs_rexsc/checkpoints/best.pt
Epoch 10/18 | train_loss=0.179649 | val_loss=0.152428 | best_val_loss=0.152428 | lr=0.00015000
Epoch 11/18 | train_loss=0.157608 | val_loss=0.153877 | best_val_loss=0.152428 | lr=0.00012395
Saved new best checkpoint: /var/lib/condor/execute/slot2/dir_2344628/scratch/outputs/ttbar_dihiggs_rexsc/checkpoints/best.pt
Epoch 12/18 | train_loss=0.149742 | val_loss=0.134786 | best_val_loss=0.134786 | lr=0.00009870
Saved new best checkpoint: /var/lib/condor/execute/slot2/dir_2344628/scratch/outputs/ttbar_dihiggs_rexsc/checkpoints/best.pt
Epoch 13/18 | train_loss=0.131236 | val_loss=0.131061 | best_val_loss=0.131061 | lr=0.00007500
Saved new best checkpoint: /var/lib/condor/execute/slot2/dir_2344628/scratch/outputs/ttbar_dihiggs_rexsc/checkpoints/best.pt
Epoch 14/18 | train_loss=0.121438 | val_loss=0.116829 | best_val_loss=0.116829 | lr=0.00005358
Epoch 15/18 | train_loss=0.120470 | val_loss=0.120545 | best_val_loss=0.116829 | lr=0.00003509
Saved new best checkpoint: /var/lib/condor/execute/slot2/dir_2344628/scratch/outputs/ttbar_dihiggs_rexsc/checkpoints/best.pt
Epoch 16/18 | train_loss=0.114641 | val_loss=0.116626 | best_val_loss=0.116626 | lr=0.00002010
Saved new best checkpoint: /var/lib/condor/execute/slot2/dir_2344628/scratch/outputs/ttbar_dihiggs_rexsc/checkpoints/best.pt
Epoch 17/18 | train_loss=0.113014 | val_loss=0.112063 | best_val_loss=0.112063 | lr=0.00000905
Saved new best checkpoint: /var/lib/condor/execute/slot2/dir_2344628/scratch/outputs/ttbar_dihiggs_rexsc/checkpoints/best.pt
Epoch 18/18 | train_loss=0.131100 | val_loss=0.110461 | best_val_loss=0.110461 | lr=0.00000228
Loaded checkpoint: /var/lib/condor/execute/slot2/dir_2344628/scratch/outputs/ttbar_dihiggs_rexsc/checkpoints/best.pt
Resume from epoch: 18
Best validation loss: 0.110461
Final test loss: 0.115546
Experiment ttbar_dihiggs_rexsc completed successfully.
