==================================================
Experiment: ggf_dihiggs_rec
Processes: ggf vs dihiggs
Events per channel: 2500
Running on: gpu4000
Working directory: /var/lib/condor/execute/slot2/dir_2932887/scratch
CUDA_VISIBLE_DEVICES: GPU-8bcf9093-1b8d-d83b-55bb-51bbb57938e2
Rotation mode: uniform
Rotation: 0.3926990817
Energy noise: 0.0001 GeV
XYZ noise: 0.0 mm
Shift std: 0.0 mm
Crop fraction: 0.5
Augmentation order: rotate+energy_noise+crop
Learning rate: 0.0003
Weight decay: 0.0001
Batch size: 32
Temperature: 0.07
Seed: 42
==================================================
Extracting source code...
Extracting ColliderML data...
Training script: src/train_colliderml_planar_pairwise.py
ColliderML data directory: /var/lib/condor/execute/slot2/dir_2932887/scratch/colliderml-data
PyTorch: 2.4.1+cu121
CUDA build: 12.1
CUDA available: True
GPU: NVIDIA L40
Starting pretraining...
Experiment configuration:
  arch: gnn
  batch_size: 32
  channel_a: ggf
  channel_b: dihiggs
  crop_fraction: 0.5
  data_dir: /var/lib/condor/execute/slot2/dir_2932887/scratch/colliderml-data
  dataset_name: colliderml
  disable_cuda: False
  energy_noise: 0.0001
  epochs: 18
  events_per_channel: 2500
  experiment_name: ggf_dihiggs_rec
  feat_dim: 4
  fp16_precision: False
  gravnet_k: 8
  hidden_dim: 16
  latent_dim: 64
  log_every_n_steps: 100
  lr: 0.0003
  n_views: 2
  out_dim: 32
  output_dir: /var/lib/condor/execute/slot2/dir_2932887/scratch/outputs
  proj_dim: 32
  propagate_dim: 16
  resume: None
  rotation: 0.3926990817
  rotation_mode: uniform
  seed: 42
  shift_std: 0.0
  space_dim: 4
  split: ggf_vs_dihiggs_total5000
  temperature: 0.07
  train_augmentation_order: rotate+energy_noise+crop
  weight_decay: 0.0001
  workers: 0
  xyz_noise: 0.0
ColliderML data directory: /var/lib/condor/execute/slot2/dir_2932887/scratch/colliderml-data
Loaded 2500 events from channel ggf.
Loaded 2500 events from channel dihiggs.
Training augmentation pipeline: rotate -> energy_noise -> crop
Evaluation augmentation pipeline: rotate -> energy_noise -> crop
Evaluation augmentation pipeline: rotate -> energy_noise -> xyz_noise
Dataset split: train=3000, val=1000, test=1000
Data preprocessing working fine.
Trainable parameters: 59020
Training output directory: /var/lib/condor/execute/slot2/dir_2932887/scratch/outputs/ggf_dihiggs_rec
Training device: cuda
Saved new best checkpoint: /var/lib/condor/execute/slot2/dir_2932887/scratch/outputs/ggf_dihiggs_rec/checkpoints/best.pt
Epoch 1/18 | train_loss=2.075175 | val_loss=1.378809 | best_val_loss=1.378809 | lr=0.00030000
Saved new best checkpoint: /var/lib/condor/execute/slot2/dir_2932887/scratch/outputs/ggf_dihiggs_rec/checkpoints/best.pt
Epoch 2/18 | train_loss=1.093956 | val_loss=0.772404 | best_val_loss=0.772404 | lr=0.00029772
Saved new best checkpoint: /var/lib/condor/execute/slot2/dir_2932887/scratch/outputs/ggf_dihiggs_rec/checkpoints/best.pt
Epoch 3/18 | train_loss=0.748446 | val_loss=0.587985 | best_val_loss=0.587985 | lr=0.00029095
Saved new best checkpoint: /var/lib/condor/execute/slot2/dir_2932887/scratch/outputs/ggf_dihiggs_rec/checkpoints/best.pt
Epoch 4/18 | train_loss=0.542706 | val_loss=0.567841 | best_val_loss=0.567841 | lr=0.00027990
Saved new best checkpoint: /var/lib/condor/execute/slot2/dir_2932887/scratch/outputs/ggf_dihiggs_rec/checkpoints/best.pt
Epoch 5/18 | train_loss=0.463679 | val_loss=0.366142 | best_val_loss=0.366142 | lr=0.00026491
Epoch 6/18 | train_loss=0.356233 | val_loss=0.376955 | best_val_loss=0.366142 | lr=0.00024642
Saved new best checkpoint: /var/lib/condor/execute/slot2/dir_2932887/scratch/outputs/ggf_dihiggs_rec/checkpoints/best.pt
Epoch 7/18 | train_loss=0.299125 | val_loss=0.246404 | best_val_loss=0.246404 | lr=0.00022500
Saved new best checkpoint: /var/lib/condor/execute/slot2/dir_2932887/scratch/outputs/ggf_dihiggs_rec/checkpoints/best.pt
Epoch 8/18 | train_loss=0.241819 | val_loss=0.227658 | best_val_loss=0.227658 | lr=0.00020130
Saved new best checkpoint: /var/lib/condor/execute/slot2/dir_2932887/scratch/outputs/ggf_dihiggs_rec/checkpoints/best.pt
Epoch 9/18 | train_loss=0.208304 | val_loss=0.202432 | best_val_loss=0.202432 | lr=0.00017605
Saved new best checkpoint: /var/lib/condor/execute/slot2/dir_2932887/scratch/outputs/ggf_dihiggs_rec/checkpoints/best.pt
Epoch 10/18 | train_loss=0.178362 | val_loss=0.184541 | best_val_loss=0.184541 | lr=0.00015000
Saved new best checkpoint: /var/lib/condor/execute/slot2/dir_2932887/scratch/outputs/ggf_dihiggs_rec/checkpoints/best.pt
Epoch 11/18 | train_loss=0.176954 | val_loss=0.163003 | best_val_loss=0.163003 | lr=0.00012395
Saved new best checkpoint: /var/lib/condor/execute/slot2/dir_2932887/scratch/outputs/ggf_dihiggs_rec/checkpoints/best.pt
Epoch 12/18 | train_loss=0.170194 | val_loss=0.161450 | best_val_loss=0.161450 | lr=0.00009870
Saved new best checkpoint: /var/lib/condor/execute/slot2/dir_2932887/scratch/outputs/ggf_dihiggs_rec/checkpoints/best.pt
Epoch 13/18 | train_loss=0.147960 | val_loss=0.148057 | best_val_loss=0.148057 | lr=0.00007500
Saved new best checkpoint: /var/lib/condor/execute/slot2/dir_2932887/scratch/outputs/ggf_dihiggs_rec/checkpoints/best.pt
Epoch 14/18 | train_loss=0.150647 | val_loss=0.137526 | best_val_loss=0.137526 | lr=0.00005358
Saved new best checkpoint: /var/lib/condor/execute/slot2/dir_2932887/scratch/outputs/ggf_dihiggs_rec/checkpoints/best.pt
Epoch 15/18 | train_loss=0.127369 | val_loss=0.127360 | best_val_loss=0.127360 | lr=0.00003509
Saved new best checkpoint: /var/lib/condor/execute/slot2/dir_2932887/scratch/outputs/ggf_dihiggs_rec/checkpoints/best.pt
Epoch 16/18 | train_loss=0.129069 | val_loss=0.122182 | best_val_loss=0.122182 | lr=0.00002010
Saved new best checkpoint: /var/lib/condor/execute/slot2/dir_2932887/scratch/outputs/ggf_dihiggs_rec/checkpoints/best.pt
Epoch 17/18 | train_loss=0.133441 | val_loss=0.119840 | best_val_loss=0.119840 | lr=0.00000905
Saved new best checkpoint: /var/lib/condor/execute/slot2/dir_2932887/scratch/outputs/ggf_dihiggs_rec/checkpoints/best.pt
Epoch 18/18 | train_loss=0.111375 | val_loss=0.118980 | best_val_loss=0.118980 | lr=0.00000228
Loaded checkpoint: /var/lib/condor/execute/slot2/dir_2932887/scratch/outputs/ggf_dihiggs_rec/checkpoints/best.pt
Resume from epoch: 18
Best validation loss: 0.118980
Final test loss: 0.105194
Experiment ggf_dihiggs_rec completed successfully.
