==================================================
Experiment: ggf_ttbar_rxs
Processes: ggf vs ttbar
Events per channel: 2500
Running on: gpu2005
Working directory: /var/lib/condor/execute/slot2/dir_2878854/scratch
CUDA_VISIBLE_DEVICES: GPU-516b29b8-8650-46a3-00d3-227be0325a4f
Rotation mode: uniform
Rotation: 0.3926990817
Energy noise: 0.0 GeV
XYZ noise: 5.0 mm
Shift std: 2.0 mm
Crop fraction: 0.0
Augmentation order: rotate+xyz_noise+shift
Learning rate: 0.0003
Weight decay: 0.0001
Batch size: 32
Temperature: 0.07
Seed: 42
==================================================
Extracting source code...
Extracting ColliderML data...
Training script: src/train_colliderml_planar_pairwise.py
ColliderML data directory: /var/lib/condor/execute/slot2/dir_2878854/scratch/colliderml-data
PyTorch: 2.4.1+cu121
CUDA build: 12.1
CUDA available: True
GPU: NVIDIA A100-SXM4-80GB
Starting pretraining...
Experiment configuration:
  arch: gnn
  batch_size: 32
  channel_a: ggf
  channel_b: ttbar
  crop_fraction: 0.0
  data_dir: /var/lib/condor/execute/slot2/dir_2878854/scratch/colliderml-data
  dataset_name: colliderml
  disable_cuda: False
  energy_noise: 0.0
  epochs: 18
  events_per_channel: 2500
  experiment_name: ggf_ttbar_rxs
  feat_dim: 4
  fp16_precision: False
  gravnet_k: 8
  hidden_dim: 16
  latent_dim: 64
  log_every_n_steps: 100
  lr: 0.0003
  n_views: 2
  out_dim: 32
  output_dir: /var/lib/condor/execute/slot2/dir_2878854/scratch/outputs
  proj_dim: 32
  propagate_dim: 16
  resume: None
  rotation: 0.3926990817
  rotation_mode: uniform
  seed: 42
  shift_std: 2.0
  space_dim: 4
  split: ggf_vs_ttbar_total5000
  temperature: 0.07
  train_augmentation_order: rotate+xyz_noise+shift
  weight_decay: 0.0001
  workers: 0
  xyz_noise: 5.0
ColliderML data directory: /var/lib/condor/execute/slot2/dir_2878854/scratch/colliderml-data
Loaded 2500 events from channel ggf.
Loaded 2500 events from channel ttbar.
Training augmentation pipeline: rotate -> xyz_noise -> shift
Evaluation augmentation pipeline: rotate -> xyz_noise -> shift
Evaluation augmentation pipeline: rotate -> energy_noise -> xyz_noise
Dataset split: train=3000, val=1000, test=1000
Data preprocessing working fine.
Trainable parameters: 59020
Training output directory: /var/lib/condor/execute/slot2/dir_2878854/scratch/outputs/ggf_ttbar_rxs
Training device: cuda
Saved new best checkpoint: /var/lib/condor/execute/slot2/dir_2878854/scratch/outputs/ggf_ttbar_rxs/checkpoints/best.pt
Epoch 1/18 | train_loss=1.530999 | val_loss=0.663537 | best_val_loss=0.663537 | lr=0.00030000
Saved new best checkpoint: /var/lib/condor/execute/slot2/dir_2878854/scratch/outputs/ggf_ttbar_rxs/checkpoints/best.pt
Epoch 2/18 | train_loss=0.579499 | val_loss=0.475978 | best_val_loss=0.475978 | lr=0.00029772
Saved new best checkpoint: /var/lib/condor/execute/slot2/dir_2878854/scratch/outputs/ggf_ttbar_rxs/checkpoints/best.pt
Epoch 3/18 | train_loss=0.359295 | val_loss=0.331968 | best_val_loss=0.331968 | lr=0.00029095
Saved new best checkpoint: /var/lib/condor/execute/slot2/dir_2878854/scratch/outputs/ggf_ttbar_rxs/checkpoints/best.pt
Epoch 4/18 | train_loss=0.276537 | val_loss=0.211822 | best_val_loss=0.211822 | lr=0.00027990
Saved new best checkpoint: /var/lib/condor/execute/slot2/dir_2878854/scratch/outputs/ggf_ttbar_rxs/checkpoints/best.pt
Epoch 5/18 | train_loss=0.209028 | val_loss=0.182887 | best_val_loss=0.182887 | lr=0.00026491
Saved new best checkpoint: /var/lib/condor/execute/slot2/dir_2878854/scratch/outputs/ggf_ttbar_rxs/checkpoints/best.pt
Epoch 6/18 | train_loss=0.164462 | val_loss=0.149363 | best_val_loss=0.149363 | lr=0.00024642
Saved new best checkpoint: /var/lib/condor/execute/slot2/dir_2878854/scratch/outputs/ggf_ttbar_rxs/checkpoints/best.pt
Epoch 7/18 | train_loss=0.138912 | val_loss=0.116212 | best_val_loss=0.116212 | lr=0.00022500
Saved new best checkpoint: /var/lib/condor/execute/slot2/dir_2878854/scratch/outputs/ggf_ttbar_rxs/checkpoints/best.pt
Epoch 8/18 | train_loss=0.127717 | val_loss=0.105916 | best_val_loss=0.105916 | lr=0.00020130
Saved new best checkpoint: /var/lib/condor/execute/slot2/dir_2878854/scratch/outputs/ggf_ttbar_rxs/checkpoints/best.pt
Epoch 9/18 | train_loss=0.107925 | val_loss=0.094651 | best_val_loss=0.094651 | lr=0.00017605
Epoch 10/18 | train_loss=0.100388 | val_loss=0.097253 | best_val_loss=0.094651 | lr=0.00015000
Saved new best checkpoint: /var/lib/condor/execute/slot2/dir_2878854/scratch/outputs/ggf_ttbar_rxs/checkpoints/best.pt
Epoch 11/18 | train_loss=0.085080 | val_loss=0.088751 | best_val_loss=0.088751 | lr=0.00012395
Epoch 12/18 | train_loss=0.078100 | val_loss=0.094616 | best_val_loss=0.088751 | lr=0.00009870
Saved new best checkpoint: /var/lib/condor/execute/slot2/dir_2878854/scratch/outputs/ggf_ttbar_rxs/checkpoints/best.pt
Epoch 13/18 | train_loss=0.076777 | val_loss=0.080935 | best_val_loss=0.080935 | lr=0.00007500
Saved new best checkpoint: /var/lib/condor/execute/slot2/dir_2878854/scratch/outputs/ggf_ttbar_rxs/checkpoints/best.pt
Epoch 14/18 | train_loss=0.067318 | val_loss=0.076075 | best_val_loss=0.076075 | lr=0.00005358
Saved new best checkpoint: /var/lib/condor/execute/slot2/dir_2878854/scratch/outputs/ggf_ttbar_rxs/checkpoints/best.pt
Epoch 15/18 | train_loss=0.058245 | val_loss=0.075118 | best_val_loss=0.075118 | lr=0.00003509
Saved new best checkpoint: /var/lib/condor/execute/slot2/dir_2878854/scratch/outputs/ggf_ttbar_rxs/checkpoints/best.pt
Epoch 16/18 | train_loss=0.060177 | val_loss=0.071377 | best_val_loss=0.071377 | lr=0.00002010
Saved new best checkpoint: /var/lib/condor/execute/slot2/dir_2878854/scratch/outputs/ggf_ttbar_rxs/checkpoints/best.pt
Epoch 17/18 | train_loss=0.059250 | val_loss=0.070046 | best_val_loss=0.070046 | lr=0.00000905
Saved new best checkpoint: /var/lib/condor/execute/slot2/dir_2878854/scratch/outputs/ggf_ttbar_rxs/checkpoints/best.pt
Epoch 18/18 | train_loss=0.056235 | val_loss=0.069335 | best_val_loss=0.069335 | lr=0.00000228
Loaded checkpoint: /var/lib/condor/execute/slot2/dir_2878854/scratch/outputs/ggf_ttbar_rxs/checkpoints/best.pt
Resume from epoch: 18
Best validation loss: 0.069335
Final test loss: 0.064090
Experiment ggf_ttbar_rxs completed successfully.
