==================================================
Experiment: ggf_dihiggs_rexs
Processes: ggf vs dihiggs
Events per channel: 2500
Running on: zliu-chtcgpu5000.chtc.wisc.edu
Working directory: /var/lib/condor/execute/slot3/dir_1008018/scratch
CUDA_VISIBLE_DEVICES: GPU-83640fe1-a45a-82c3-bd44-f2d045e9521d
Rotation mode: uniform
Rotation: 0.3926990817
Energy noise: 0.0001 GeV
XYZ noise: 5.0 mm
Shift std: 2.0 mm
Crop fraction: 0.0
Augmentation order: rotate+energy_noise+xyz_noise+shift
Learning rate: 0.0003
Weight decay: 0.0001
Batch size: 32
Temperature: 0.07
Seed: 42
==================================================
Extracting source code...
Extracting ColliderML data...
Training script: src/train_colliderml_planar_pairwise.py
ColliderML data directory: /var/lib/condor/execute/slot3/dir_1008018/scratch/colliderml-data
PyTorch: 2.4.1+cu121
CUDA build: 12.1
CUDA available: True
GPU: NVIDIA L40S
Starting pretraining...
Experiment configuration:
  arch: gnn
  batch_size: 32
  channel_a: ggf
  channel_b: dihiggs
  crop_fraction: 0.0
  data_dir: /var/lib/condor/execute/slot3/dir_1008018/scratch/colliderml-data
  dataset_name: colliderml
  disable_cuda: False
  energy_noise: 0.0001
  epochs: 18
  events_per_channel: 2500
  experiment_name: ggf_dihiggs_rexs
  feat_dim: 4
  fp16_precision: False
  gravnet_k: 8
  hidden_dim: 16
  latent_dim: 64
  log_every_n_steps: 100
  lr: 0.0003
  n_views: 2
  out_dim: 32
  output_dir: /var/lib/condor/execute/slot3/dir_1008018/scratch/outputs
  proj_dim: 32
  propagate_dim: 16
  resume: None
  rotation: 0.3926990817
  rotation_mode: uniform
  seed: 42
  shift_std: 2.0
  space_dim: 4
  split: ggf_vs_dihiggs_total5000
  temperature: 0.07
  train_augmentation_order: rotate+energy_noise+xyz_noise+shift
  weight_decay: 0.0001
  workers: 0
  xyz_noise: 5.0
ColliderML data directory: /var/lib/condor/execute/slot3/dir_1008018/scratch/colliderml-data
Loaded 2500 events from channel ggf.
Loaded 2500 events from channel dihiggs.
Training augmentation pipeline: rotate -> energy_noise -> xyz_noise -> shift
Evaluation augmentation pipeline: rotate -> energy_noise -> xyz_noise -> shift
Evaluation augmentation pipeline: rotate -> energy_noise -> xyz_noise
Dataset split: train=3000, val=1000, test=1000
Data preprocessing working fine.
Trainable parameters: 59020
Training output directory: /var/lib/condor/execute/slot3/dir_1008018/scratch/outputs/ggf_dihiggs_rexs
Training device: cuda
Saved new best checkpoint: /var/lib/condor/execute/slot3/dir_1008018/scratch/outputs/ggf_dihiggs_rexs/checkpoints/best.pt
Epoch 1/18 | train_loss=1.695552 | val_loss=0.801179 | best_val_loss=0.801179 | lr=0.00030000
Saved new best checkpoint: /var/lib/condor/execute/slot3/dir_1008018/scratch/outputs/ggf_dihiggs_rexs/checkpoints/best.pt
Epoch 2/18 | train_loss=0.683689 | val_loss=0.453068 | best_val_loss=0.453068 | lr=0.00029772
Saved new best checkpoint: /var/lib/condor/execute/slot3/dir_1008018/scratch/outputs/ggf_dihiggs_rexs/checkpoints/best.pt
Epoch 3/18 | train_loss=0.413018 | val_loss=0.375277 | best_val_loss=0.375277 | lr=0.00029095
Saved new best checkpoint: /var/lib/condor/execute/slot3/dir_1008018/scratch/outputs/ggf_dihiggs_rexs/checkpoints/best.pt
Epoch 4/18 | train_loss=0.324039 | val_loss=0.318500 | best_val_loss=0.318500 | lr=0.00027990
Saved new best checkpoint: /var/lib/condor/execute/slot3/dir_1008018/scratch/outputs/ggf_dihiggs_rexs/checkpoints/best.pt
Epoch 5/18 | train_loss=0.265698 | val_loss=0.192049 | best_val_loss=0.192049 | lr=0.00026491
Epoch 6/18 | train_loss=0.190584 | val_loss=0.196064 | best_val_loss=0.192049 | lr=0.00024642
Saved new best checkpoint: /var/lib/condor/execute/slot3/dir_1008018/scratch/outputs/ggf_dihiggs_rexs/checkpoints/best.pt
Epoch 7/18 | train_loss=0.159898 | val_loss=0.164347 | best_val_loss=0.164347 | lr=0.00022500
Saved new best checkpoint: /var/lib/condor/execute/slot3/dir_1008018/scratch/outputs/ggf_dihiggs_rexs/checkpoints/best.pt
Epoch 8/18 | train_loss=0.160727 | val_loss=0.139645 | best_val_loss=0.139645 | lr=0.00020130
Epoch 9/18 | train_loss=0.137580 | val_loss=0.139913 | best_val_loss=0.139645 | lr=0.00017605
Saved new best checkpoint: /var/lib/condor/execute/slot3/dir_1008018/scratch/outputs/ggf_dihiggs_rexs/checkpoints/best.pt
Epoch 10/18 | train_loss=0.113928 | val_loss=0.099747 | best_val_loss=0.099747 | lr=0.00015000
Epoch 11/18 | train_loss=0.111971 | val_loss=0.110329 | best_val_loss=0.099747 | lr=0.00012395
Saved new best checkpoint: /var/lib/condor/execute/slot3/dir_1008018/scratch/outputs/ggf_dihiggs_rexs/checkpoints/best.pt
Epoch 12/18 | train_loss=0.105753 | val_loss=0.094461 | best_val_loss=0.094461 | lr=0.00009870
Saved new best checkpoint: /var/lib/condor/execute/slot3/dir_1008018/scratch/outputs/ggf_dihiggs_rexs/checkpoints/best.pt
Epoch 13/18 | train_loss=0.091405 | val_loss=0.084538 | best_val_loss=0.084538 | lr=0.00007500
Saved new best checkpoint: /var/lib/condor/execute/slot3/dir_1008018/scratch/outputs/ggf_dihiggs_rexs/checkpoints/best.pt
Epoch 14/18 | train_loss=0.078087 | val_loss=0.082272 | best_val_loss=0.082272 | lr=0.00005358
Epoch 15/18 | train_loss=0.081755 | val_loss=0.090559 | best_val_loss=0.082272 | lr=0.00003509
Saved new best checkpoint: /var/lib/condor/execute/slot3/dir_1008018/scratch/outputs/ggf_dihiggs_rexs/checkpoints/best.pt
Epoch 16/18 | train_loss=0.074727 | val_loss=0.078650 | best_val_loss=0.078650 | lr=0.00002010
Saved new best checkpoint: /var/lib/condor/execute/slot3/dir_1008018/scratch/outputs/ggf_dihiggs_rexs/checkpoints/best.pt
Epoch 17/18 | train_loss=0.077035 | val_loss=0.076139 | best_val_loss=0.076139 | lr=0.00000905
Saved new best checkpoint: /var/lib/condor/execute/slot3/dir_1008018/scratch/outputs/ggf_dihiggs_rexs/checkpoints/best.pt
Epoch 18/18 | train_loss=0.073285 | val_loss=0.074113 | best_val_loss=0.074113 | lr=0.00000228
Loaded checkpoint: /var/lib/condor/execute/slot3/dir_1008018/scratch/outputs/ggf_dihiggs_rexs/checkpoints/best.pt
Resume from epoch: 18
Best validation loss: 0.074113
Final test loss: 0.079048
Experiment ggf_dihiggs_rexs completed successfully.
