==================================================
Experiment: ggf_dihiggs_exsc
Processes: ggf vs dihiggs
Events per channel: 2500
Running on: gpu4002
Working directory: /var/lib/condor/execute/slot2/dir_2347177/scratch
CUDA_VISIBLE_DEVICES: GPU-09577b35-f6c1-80af-9b8d-5ea7965b3f6d
Rotation mode: uniform
Rotation: 0.0
Energy noise: 0.0001 GeV
XYZ noise: 5.0 mm
Shift std: 2.0 mm
Crop fraction: 0.5
Augmentation order: energy_noise+xyz_noise+shift+crop
Learning rate: 0.0003
Weight decay: 0.0001
Batch size: 32
Temperature: 0.07
Seed: 42
==================================================
Extracting source code...
Extracting ColliderML data...
Training script: src/train_colliderml_planar_pairwise.py
ColliderML data directory: /var/lib/condor/execute/slot2/dir_2347177/scratch/colliderml-data
PyTorch: 2.4.1+cu121
CUDA build: 12.1
CUDA available: True
GPU: NVIDIA L40
Starting pretraining...
Experiment configuration:
  arch: gnn
  batch_size: 32
  channel_a: ggf
  channel_b: dihiggs
  crop_fraction: 0.5
  data_dir: /var/lib/condor/execute/slot2/dir_2347177/scratch/colliderml-data
  dataset_name: colliderml
  disable_cuda: False
  energy_noise: 0.0001
  epochs: 18
  events_per_channel: 2500
  experiment_name: ggf_dihiggs_exsc
  feat_dim: 4
  fp16_precision: False
  gravnet_k: 8
  hidden_dim: 16
  latent_dim: 64
  log_every_n_steps: 100
  lr: 0.0003
  n_views: 2
  out_dim: 32
  output_dir: /var/lib/condor/execute/slot2/dir_2347177/scratch/outputs
  proj_dim: 32
  propagate_dim: 16
  resume: None
  rotation: 0.0
  rotation_mode: uniform
  seed: 42
  shift_std: 2.0
  space_dim: 4
  split: ggf_vs_dihiggs_total5000
  temperature: 0.07
  train_augmentation_order: energy_noise+xyz_noise+shift+crop
  weight_decay: 0.0001
  workers: 0
  xyz_noise: 5.0
ColliderML data directory: /var/lib/condor/execute/slot2/dir_2347177/scratch/colliderml-data
Loaded 2500 events from channel ggf.
Loaded 2500 events from channel dihiggs.
Training augmentation pipeline: energy_noise -> xyz_noise -> shift -> crop
Evaluation augmentation pipeline: energy_noise -> xyz_noise -> shift -> crop
Evaluation augmentation pipeline: rotate -> energy_noise -> xyz_noise
Dataset split: train=3000, val=1000, test=1000
Data preprocessing working fine.
Trainable parameters: 59020
Training output directory: /var/lib/condor/execute/slot2/dir_2347177/scratch/outputs/ggf_dihiggs_exsc
Training device: cuda
Saved new best checkpoint: /var/lib/condor/execute/slot2/dir_2347177/scratch/outputs/ggf_dihiggs_exsc/checkpoints/best.pt
Epoch 1/18 | train_loss=1.525856 | val_loss=0.713558 | best_val_loss=0.713558 | lr=0.00030000
Saved new best checkpoint: /var/lib/condor/execute/slot2/dir_2347177/scratch/outputs/ggf_dihiggs_exsc/checkpoints/best.pt
Epoch 2/18 | train_loss=0.556235 | val_loss=0.477219 | best_val_loss=0.477219 | lr=0.00029772
Saved new best checkpoint: /var/lib/condor/execute/slot2/dir_2347177/scratch/outputs/ggf_dihiggs_exsc/checkpoints/best.pt
Epoch 3/18 | train_loss=0.295547 | val_loss=0.214145 | best_val_loss=0.214145 | lr=0.00029095
Epoch 4/18 | train_loss=0.196700 | val_loss=0.228479 | best_val_loss=0.214145 | lr=0.00027990
Saved new best checkpoint: /var/lib/condor/execute/slot2/dir_2347177/scratch/outputs/ggf_dihiggs_exsc/checkpoints/best.pt
Epoch 5/18 | train_loss=0.186817 | val_loss=0.152038 | best_val_loss=0.152038 | lr=0.00026491
Saved new best checkpoint: /var/lib/condor/execute/slot2/dir_2347177/scratch/outputs/ggf_dihiggs_exsc/checkpoints/best.pt
Epoch 6/18 | train_loss=0.143603 | val_loss=0.127761 | best_val_loss=0.127761 | lr=0.00024642
Saved new best checkpoint: /var/lib/condor/execute/slot2/dir_2347177/scratch/outputs/ggf_dihiggs_exsc/checkpoints/best.pt
Epoch 7/18 | train_loss=0.102252 | val_loss=0.098822 | best_val_loss=0.098822 | lr=0.00022500
Saved new best checkpoint: /var/lib/condor/execute/slot2/dir_2347177/scratch/outputs/ggf_dihiggs_exsc/checkpoints/best.pt
Epoch 8/18 | train_loss=0.095263 | val_loss=0.085113 | best_val_loss=0.085113 | lr=0.00020130
Saved new best checkpoint: /var/lib/condor/execute/slot2/dir_2347177/scratch/outputs/ggf_dihiggs_exsc/checkpoints/best.pt
Epoch 9/18 | train_loss=0.088937 | val_loss=0.069744 | best_val_loss=0.069744 | lr=0.00017605
Epoch 10/18 | train_loss=0.073990 | val_loss=0.078487 | best_val_loss=0.069744 | lr=0.00015000
Saved new best checkpoint: /var/lib/condor/execute/slot2/dir_2347177/scratch/outputs/ggf_dihiggs_exsc/checkpoints/best.pt
Epoch 11/18 | train_loss=0.067980 | val_loss=0.069237 | best_val_loss=0.069237 | lr=0.00012395
Saved new best checkpoint: /var/lib/condor/execute/slot2/dir_2347177/scratch/outputs/ggf_dihiggs_exsc/checkpoints/best.pt
Epoch 12/18 | train_loss=0.057968 | val_loss=0.054324 | best_val_loss=0.054324 | lr=0.00009870
Epoch 13/18 | train_loss=0.056359 | val_loss=0.057444 | best_val_loss=0.054324 | lr=0.00007500
Saved new best checkpoint: /var/lib/condor/execute/slot2/dir_2347177/scratch/outputs/ggf_dihiggs_exsc/checkpoints/best.pt
Epoch 14/18 | train_loss=0.050760 | val_loss=0.050372 | best_val_loss=0.050372 | lr=0.00005358
Saved new best checkpoint: /var/lib/condor/execute/slot2/dir_2347177/scratch/outputs/ggf_dihiggs_exsc/checkpoints/best.pt
Epoch 15/18 | train_loss=0.049930 | val_loss=0.045966 | best_val_loss=0.045966 | lr=0.00003509
Epoch 16/18 | train_loss=0.045152 | val_loss=0.046637 | best_val_loss=0.045966 | lr=0.00002010
Saved new best checkpoint: /var/lib/condor/execute/slot2/dir_2347177/scratch/outputs/ggf_dihiggs_exsc/checkpoints/best.pt
Epoch 17/18 | train_loss=0.046167 | val_loss=0.044441 | best_val_loss=0.044441 | lr=0.00000905
Saved new best checkpoint: /var/lib/condor/execute/slot2/dir_2347177/scratch/outputs/ggf_dihiggs_exsc/checkpoints/best.pt
Epoch 18/18 | train_loss=0.044012 | val_loss=0.043915 | best_val_loss=0.043915 | lr=0.00000228
Loaded checkpoint: /var/lib/condor/execute/slot2/dir_2347177/scratch/outputs/ggf_dihiggs_exsc/checkpoints/best.pt
Resume from epoch: 18
Best validation loss: 0.043915
Final test loss: 0.034399
Experiment ggf_dihiggs_exsc completed successfully.
