000 (6028200.040.000) 2026-08-13 14:54:32 Job submitted from host: <128.105.68.113:9618?addrs=128.105.68.113-9618+[2607-f388-2200-100-eaeb-d3ff-fea7-d05e]-9618&alias=ap2002.chtc.wisc.edu&noUDP&sock=schedd_7808_378f>
    [ JobBatchName = "gravnet_pairwise_augmentation_sweep_20260812" ]
...
040 (6028200.040.000) 2026-08-13 17:15:51 Started transferring input files
	Transferring to host: <128.105.68.117:9618?addrs=128.105.68.117-9618+[2607-f388-2200-100-7ec2-55ff-fe9a-b4fa]-9618&alias=gpu4000.chtc.wisc.edu&noUDP&sock=slot2_1_1351128_a798_45658>
...
040 (6028200.040.000) 2026-08-13 17:16:14 Finished transferring input files
...
001 (6028200.040.000) 2026-08-13 17:16:14 Job executing on host: <128.105.68.117:9618?addrs=128.105.68.117-9618+[2607-f388-2200-100-7ec2-55ff-fe9a-b4fa]-9618&alias=gpu4000.chtc.wisc.edu&noUDP&sock=startd_674379_7ae3>
	SlotName: slot2_1@gpu4000.chtc.wisc.edu
	AvailableGPUs = { GPUs_GPU_72ec1e89 }
	CondorScratchDir = "/var/lib/condor/execute/slot2/dir_3146135/scratch"
	Cpus = 2
	Disk = 31457280
	GPUs = 1
	GPUs_GPU_72ec1e89 = [ Id = "GPU-72ec1e89"; Capability = 8.9; DeviceName = "NVIDIA L40"; DeviceUuid = "72ec1e89-a9fe-478a-f1e6-b8bb1a4b8f5a"; ECCEnabled = true; NvidiaDriver = "570.195.03"; DriverVersion = 12.8; DevicePciBusId = "0000:4F:00.0"; GlobalMemoryMb = 45468; MaxSupportedVersion = 12080 ]
	IoHeavy = 0
	Memory = 65536
...
006 (6028200.040.000) 2026-08-13 17:16:22 Image size of job updated: 22444
	22  -  MemoryUsage of job (MB)
	22444  -  ResidentSetSize of job (KB)
...
006 (6028200.040.000) 2026-08-13 17:21:22 Image size of job updated: 29254572
	28569  -  MemoryUsage of job (MB)
	29254428  -  ResidentSetSize of job (KB)
...
006 (6028200.040.000) 2026-08-13 17:26:23 Image size of job updated: 29269780
	28584  -  MemoryUsage of job (MB)
	29269780  -  ResidentSetSize of job (KB)
...
006 (6028200.040.000) 2026-08-13 17:31:23 Image size of job updated: 29269828
	28584  -  MemoryUsage of job (MB)
	29269780  -  ResidentSetSize of job (KB)
...
006 (6028200.040.000) 2026-08-13 17:41:25 Image size of job updated: 29271444
	28586  -  MemoryUsage of job (MB)
	29271332  -  ResidentSetSize of job (KB)
...
006 (6028200.040.000) 2026-08-13 17:46:25 Image size of job updated: 29856884
	28586  -  MemoryUsage of job (MB)
	29271332  -  ResidentSetSize of job (KB)
...
006 (6028200.040.000) 2026-08-13 17:56:27 Image size of job updated: 31097848
	28586  -  MemoryUsage of job (MB)
	29271332  -  ResidentSetSize of job (KB)
...
006 (6028200.040.000) 2026-08-13 18:06:28 Image size of job updated: 31097848
	28588  -  MemoryUsage of job (MB)
	29273996  -  ResidentSetSize of job (KB)
...
006 (6028200.040.000) 2026-08-13 18:16:29 Image size of job updated: 31097848
	28593  -  MemoryUsage of job (MB)
	29278984  -  ResidentSetSize of job (KB)
...
006 (6028200.040.000) 2026-08-13 18:31:31 Image size of job updated: 31198076
	28593  -  MemoryUsage of job (MB)
	29278984  -  ResidentSetSize of job (KB)
...
040 (6028200.040.000) 2026-08-13 19:23:02 Started transferring output files
...
040 (6028200.040.000) 2026-08-13 19:23:02 Finished transferring output files
...
005 (6028200.040.000) 2026-08-13 19:23:04 Job terminated.
	(1) Normal termination (return value 0)
		Usr 0 02:19:23, Sys 0 00:03:23  -  Run Remote Usage
		Usr 0 00:00:00, Sys 0 00:00:00  -  Run Local Usage
		Usr 0 02:19:23, Sys 0 00:03:23  -  Total Remote Usage
		Usr 0 00:00:00, Sys 0 00:00:00  -  Total Local Usage
	1594584  -  Run Bytes Sent By Job
	9725079282  -  Run Bytes Received By Job
	1594584  -  Total Bytes Sent By Job
	9725079282  -  Total Bytes Received By Job
	Partitionable Resources :       Usage  Request Allocated Assigned
	   Cpus                 :        1.10        2         2 
	   Disk (KB)            : 16321760    31457280  31457280 
	   GPUs                 :        0           1         1 "GPU-72ec1e89"
	   GpusMemory (MB)      :     1640                       
	   IoHeavy              :                              0 
	   Memory (MB)          :    28593       65536     65536 
	   TimeExecute (s)      :     7608                       
	   TimeSlotBusy (s)     :     7632                       
...
