==================================================
Experiment: ggf_ttbar_rec
Processes: ggf vs ttbar
Events per channel: 2500
Running on: gpu4005
Working directory: /var/lib/condor/execute/slot2/dir_1742107/scratch
CUDA_VISIBLE_DEVICES: GPU-ba983db7-b550-a051-da61-ef2716ac1e29
Rotation mode: uniform
Rotation: 0.3926990817
Energy noise: 0.0001 GeV
XYZ noise: 0.0 mm
Shift std: 0.0 mm
Crop fraction: 0.5
Augmentation order: rotate+energy_noise+crop
Learning rate: 0.0003
Weight decay: 0.0001
Batch size: 32
Temperature: 0.07
Seed: 42
==================================================
Extracting source code...
Extracting ColliderML data...
Training script: src/train_colliderml_planar_pairwise.py
ColliderML data directory: /var/lib/condor/execute/slot2/dir_1742107/scratch/colliderml-data
PyTorch: 2.4.1+cu121
CUDA build: 12.1
CUDA available: True
GPU: NVIDIA L40S
Starting pretraining...
Experiment configuration:
  arch: gnn
  batch_size: 32
  channel_a: ggf
  channel_b: ttbar
  crop_fraction: 0.5
  data_dir: /var/lib/condor/execute/slot2/dir_1742107/scratch/colliderml-data
  dataset_name: colliderml
  disable_cuda: False
  energy_noise: 0.0001
  epochs: 18
  events_per_channel: 2500
  experiment_name: ggf_ttbar_rec
  feat_dim: 4
  fp16_precision: False
  gravnet_k: 8
  hidden_dim: 16
  latent_dim: 64
  log_every_n_steps: 100
  lr: 0.0003
  n_views: 2
  out_dim: 32
  output_dir: /var/lib/condor/execute/slot2/dir_1742107/scratch/outputs
  proj_dim: 32
  propagate_dim: 16
  resume: None
  rotation: 0.3926990817
  rotation_mode: uniform
  seed: 42
  shift_std: 0.0
  space_dim: 4
  split: ggf_vs_ttbar_total5000
  temperature: 0.07
  train_augmentation_order: rotate+energy_noise+crop
  weight_decay: 0.0001
  workers: 0
  xyz_noise: 0.0
ColliderML data directory: /var/lib/condor/execute/slot2/dir_1742107/scratch/colliderml-data
Loaded 2500 events from channel ggf.
Loaded 2500 events from channel ttbar.
Training augmentation pipeline: rotate -> energy_noise -> crop
Evaluation augmentation pipeline: rotate -> energy_noise -> crop
Evaluation augmentation pipeline: rotate -> energy_noise -> xyz_noise
Dataset split: train=3000, val=1000, test=1000
Data preprocessing working fine.
Trainable parameters: 59020
Training output directory: /var/lib/condor/execute/slot2/dir_1742107/scratch/outputs/ggf_ttbar_rec
Training device: cuda
Saved new best checkpoint: /var/lib/condor/execute/slot2/dir_1742107/scratch/outputs/ggf_ttbar_rec/checkpoints/best.pt
Epoch 1/18 | train_loss=1.774027 | val_loss=0.989424 | best_val_loss=0.989424 | lr=0.00030000
Saved new best checkpoint: /var/lib/condor/execute/slot2/dir_1742107/scratch/outputs/ggf_ttbar_rec/checkpoints/best.pt
Epoch 2/18 | train_loss=0.878893 | val_loss=0.599606 | best_val_loss=0.599606 | lr=0.00029772
Saved new best checkpoint: /var/lib/condor/execute/slot2/dir_1742107/scratch/outputs/ggf_ttbar_rec/checkpoints/best.pt
Epoch 3/18 | train_loss=0.583935 | val_loss=0.524101 | best_val_loss=0.524101 | lr=0.00029095
Saved new best checkpoint: /var/lib/condor/execute/slot2/dir_1742107/scratch/outputs/ggf_ttbar_rec/checkpoints/best.pt
Epoch 4/18 | train_loss=0.464920 | val_loss=0.448900 | best_val_loss=0.448900 | lr=0.00027990
Saved new best checkpoint: /var/lib/condor/execute/slot2/dir_1742107/scratch/outputs/ggf_ttbar_rec/checkpoints/best.pt
Epoch 5/18 | train_loss=0.396639 | val_loss=0.370313 | best_val_loss=0.370313 | lr=0.00026491
Saved new best checkpoint: /var/lib/condor/execute/slot2/dir_1742107/scratch/outputs/ggf_ttbar_rec/checkpoints/best.pt
Epoch 6/18 | train_loss=0.333639 | val_loss=0.305133 | best_val_loss=0.305133 | lr=0.00024642
Saved new best checkpoint: /var/lib/condor/execute/slot2/dir_1742107/scratch/outputs/ggf_ttbar_rec/checkpoints/best.pt
Epoch 7/18 | train_loss=0.261871 | val_loss=0.244948 | best_val_loss=0.244948 | lr=0.00022500
Saved new best checkpoint: /var/lib/condor/execute/slot2/dir_1742107/scratch/outputs/ggf_ttbar_rec/checkpoints/best.pt
Epoch 8/18 | train_loss=0.246432 | val_loss=0.226903 | best_val_loss=0.226903 | lr=0.00020130
Saved new best checkpoint: /var/lib/condor/execute/slot2/dir_1742107/scratch/outputs/ggf_ttbar_rec/checkpoints/best.pt
Epoch 9/18 | train_loss=0.202619 | val_loss=0.199777 | best_val_loss=0.199777 | lr=0.00017605
Saved new best checkpoint: /var/lib/condor/execute/slot2/dir_1742107/scratch/outputs/ggf_ttbar_rec/checkpoints/best.pt
Epoch 10/18 | train_loss=0.179981 | val_loss=0.191664 | best_val_loss=0.191664 | lr=0.00015000
Saved new best checkpoint: /var/lib/condor/execute/slot2/dir_1742107/scratch/outputs/ggf_ttbar_rec/checkpoints/best.pt
Epoch 11/18 | train_loss=0.158419 | val_loss=0.161929 | best_val_loss=0.161929 | lr=0.00012395
Saved new best checkpoint: /var/lib/condor/execute/slot2/dir_1742107/scratch/outputs/ggf_ttbar_rec/checkpoints/best.pt
Epoch 12/18 | train_loss=0.149485 | val_loss=0.147609 | best_val_loss=0.147609 | lr=0.00009870
Saved new best checkpoint: /var/lib/condor/execute/slot2/dir_1742107/scratch/outputs/ggf_ttbar_rec/checkpoints/best.pt
Epoch 13/18 | train_loss=0.153000 | val_loss=0.135135 | best_val_loss=0.135135 | lr=0.00007500
Saved new best checkpoint: /var/lib/condor/execute/slot2/dir_1742107/scratch/outputs/ggf_ttbar_rec/checkpoints/best.pt
Epoch 14/18 | train_loss=0.130346 | val_loss=0.131267 | best_val_loss=0.131267 | lr=0.00005358
Saved new best checkpoint: /var/lib/condor/execute/slot2/dir_1742107/scratch/outputs/ggf_ttbar_rec/checkpoints/best.pt
Epoch 15/18 | train_loss=0.124042 | val_loss=0.121956 | best_val_loss=0.121956 | lr=0.00003509
Saved new best checkpoint: /var/lib/condor/execute/slot2/dir_1742107/scratch/outputs/ggf_ttbar_rec/checkpoints/best.pt
Epoch 16/18 | train_loss=0.112808 | val_loss=0.114857 | best_val_loss=0.114857 | lr=0.00002010
Epoch 17/18 | train_loss=0.115488 | val_loss=0.115252 | best_val_loss=0.114857 | lr=0.00000905
Saved new best checkpoint: /var/lib/condor/execute/slot2/dir_1742107/scratch/outputs/ggf_ttbar_rec/checkpoints/best.pt
Epoch 18/18 | train_loss=0.110139 | val_loss=0.113525 | best_val_loss=0.113525 | lr=0.00000228
Loaded checkpoint: /var/lib/condor/execute/slot2/dir_1742107/scratch/outputs/ggf_ttbar_rec/checkpoints/best.pt
Resume from epoch: 18
Best validation loss: 0.113525
Final test loss: 0.126839
Experiment ggf_ttbar_rec completed successfully.
