000 (6028200.041.000) 2026-08-13 14:54:32 Job submitted from host: <128.105.68.113:9618?addrs=128.105.68.113-9618+[2607-f388-2200-100-eaeb-d3ff-fea7-d05e]-9618&alias=ap2002.chtc.wisc.edu&noUDP&sock=schedd_7808_378f>
    [ JobBatchName = "gravnet_pairwise_augmentation_sweep_20260812" ]
...
040 (6028200.041.000) 2026-08-13 17:21:42 Started transferring input files
	Transferring to host: <128.105.69.3:9618?addrs=128.105.69.3-9618+[2607-f388-2200-100-7ec2-55ff-fe46-28f2]-9618&alias=gpu4002.chtc.wisc.edu&noUDP&sock=slot2_1_1962410_1f72_44391>
...
040 (6028200.041.000) 2026-08-13 17:22:03 Finished transferring input files
...
001 (6028200.041.000) 2026-08-13 17:22:03 Job executing on host: <128.105.69.3:9618?addrs=128.105.69.3-9618+[2607-f388-2200-100-7ec2-55ff-fe46-28f2]-9618&alias=gpu4002.chtc.wisc.edu&noUDP&sock=startd_1962346_b6aa>
	SlotName: slot2_1@gpu4002.chtc.wisc.edu
	AvailableGPUs = { GPUs_GPU_3cc0e7db }
	CondorScratchDir = "/var/lib/condor/execute/slot2/dir_2326260/scratch"
	Cpus = 2
	Disk = 31457280
	GPUs = 1
	GPUs_GPU_3cc0e7db = [ Id = "GPU-3cc0e7db"; Capability = 8.9; DeviceName = "NVIDIA L40"; DeviceUuid = "3cc0e7db-321f-14ff-eb36-26e6784d2898"; ECCEnabled = true; NvidiaDriver = "570.195.03"; DriverVersion = 12.8; DevicePciBusId = "0000:4F:00.0"; GlobalMemoryMb = 45468; MaxSupportedVersion = 12080 ]
	IoHeavy = 0
	Memory = 65536
...
006 (6028200.041.000) 2026-08-13 17:22:12 Image size of job updated: 21964
	22  -  MemoryUsage of job (MB)
	21964  -  ResidentSetSize of job (KB)
...
006 (6028200.041.000) 2026-08-13 17:27:12 Image size of job updated: 25599996
	24349  -  MemoryUsage of job (MB)
	24933244  -  ResidentSetSize of job (KB)
...
006 (6028200.041.000) 2026-08-13 17:32:12 Image size of job updated: 25599996
	24360  -  MemoryUsage of job (MB)
	24943976  -  ResidentSetSize of job (KB)
...
006 (6028200.041.000) 2026-08-13 17:37:13 Image size of job updated: 25922680
	24360  -  MemoryUsage of job (MB)
	24943976  -  ResidentSetSize of job (KB)
...
006 (6028200.041.000) 2026-08-13 17:42:13 Image size of job updated: 25922680
	24370  -  MemoryUsage of job (MB)
	24954744  -  ResidentSetSize of job (KB)
...
006 (6028200.041.000) 2026-08-13 18:02:16 Image size of job updated: 25922680
	24372  -  MemoryUsage of job (MB)
	24956216  -  ResidentSetSize of job (KB)
...
006 (6028200.041.000) 2026-08-13 18:12:16 Image size of job updated: 25922680
	24376  -  MemoryUsage of job (MB)
	24960508  -  ResidentSetSize of job (KB)
...
006 (6028200.041.000) 2026-08-13 18:27:17 Image size of job updated: 25922680
	24377  -  MemoryUsage of job (MB)
	24961204  -  ResidentSetSize of job (KB)
...
006 (6028200.041.000) 2026-08-13 18:47:20 Image size of job updated: 26062400
	24377  -  MemoryUsage of job (MB)
	24961204  -  ResidentSetSize of job (KB)
...
006 (6028200.041.000) 2026-08-13 19:07:21 Image size of job updated: 26594928
	24377  -  MemoryUsage of job (MB)
	24961204  -  ResidentSetSize of job (KB)
...
040 (6028200.041.000) 2026-08-13 19:13:49 Started transferring output files
...
040 (6028200.041.000) 2026-08-13 19:13:49 Finished transferring output files
...
005 (6028200.041.000) 2026-08-13 19:13:51 Job terminated.
	(1) Normal termination (return value 0)
		Usr 0 02:03:53, Sys 0 00:03:04  -  Run Remote Usage
		Usr 0 00:00:00, Sys 0 00:00:00  -  Run Local Usage
		Usr 0 02:03:53, Sys 0 00:03:04  -  Total Remote Usage
		Usr 0 00:00:00, Sys 0 00:00:00  -  Total Local Usage
	1592597  -  Run Bytes Sent By Job
	9725079282  -  Run Bytes Received By Job
	1592597  -  Total Bytes Sent By Job
	9725079282  -  Total Bytes Received By Job
	Partitionable Resources :       Usage  Request Allocated Assigned
	   Cpus                 :        1.11        2         2 
	   Disk (KB)            : 16321756    31457280  31457280 
	   GPUs                 :        0.00        1         1 "GPU-3cc0e7db"
	   GpusMemory (MB)      :     1655                       
	   IoHeavy              :                              0 
	   Memory (MB)          :    24377       65536     65536 
	   TimeExecute (s)      :     6706                       
	   TimeSlotBusy (s)     :     6727                       
...
