==================================================
Experiment: ggf_dihiggs_rxc
Processes: ggf vs dihiggs
Events per channel: 2500
Running on: gpulab2004
Working directory: /var/lib/condor/execute/slot2/dir_2114831/scratch
CUDA_VISIBLE_DEVICES: GPU-c6cfdc9c-63df-c5b3-3605-7bc4b2545434
Rotation mode: uniform
Rotation: 0.3926990817
Energy noise: 0.0 GeV
XYZ noise: 5.0 mm
Shift std: 0.0 mm
Crop fraction: 0.5
Augmentation order: rotate+xyz_noise+crop
Learning rate: 0.0003
Weight decay: 0.0001
Batch size: 32
Temperature: 0.07
Seed: 42
==================================================
Extracting source code...
Extracting ColliderML data...
Training script: src/train_colliderml_planar_pairwise.py
ColliderML data directory: /var/lib/condor/execute/slot2/dir_2114831/scratch/colliderml-data
PyTorch: 2.4.1+cu121
CUDA build: 12.1
CUDA available: True
GPU: NVIDIA A100-SXM4-40GB
Starting pretraining...
Experiment configuration:
  arch: gnn
  batch_size: 32
  channel_a: ggf
  channel_b: dihiggs
  crop_fraction: 0.5
  data_dir: /var/lib/condor/execute/slot2/dir_2114831/scratch/colliderml-data
  dataset_name: colliderml
  disable_cuda: False
  energy_noise: 0.0
  epochs: 18
  events_per_channel: 2500
  experiment_name: ggf_dihiggs_rxc
  feat_dim: 4
  fp16_precision: False
  gravnet_k: 8
  hidden_dim: 16
  latent_dim: 64
  log_every_n_steps: 100
  lr: 0.0003
  n_views: 2
  out_dim: 32
  output_dir: /var/lib/condor/execute/slot2/dir_2114831/scratch/outputs
  proj_dim: 32
  propagate_dim: 16
  resume: None
  rotation: 0.3926990817
  rotation_mode: uniform
  seed: 42
  shift_std: 0.0
  space_dim: 4
  split: ggf_vs_dihiggs_total5000
  temperature: 0.07
  train_augmentation_order: rotate+xyz_noise+crop
  weight_decay: 0.0001
  workers: 0
  xyz_noise: 5.0
ColliderML data directory: /var/lib/condor/execute/slot2/dir_2114831/scratch/colliderml-data
Loaded 2500 events from channel ggf.
Loaded 2500 events from channel dihiggs.
Training augmentation pipeline: rotate -> xyz_noise -> crop
Evaluation augmentation pipeline: rotate -> xyz_noise -> crop
Evaluation augmentation pipeline: rotate -> energy_noise -> xyz_noise
Dataset split: train=3000, val=1000, test=1000
Data preprocessing working fine.
Trainable parameters: 59020
Training output directory: /var/lib/condor/execute/slot2/dir_2114831/scratch/outputs/ggf_dihiggs_rxc
Training device: cuda
Saved new best checkpoint: /var/lib/condor/execute/slot2/dir_2114831/scratch/outputs/ggf_dihiggs_rxc/checkpoints/best.pt
Epoch 1/18 | train_loss=2.094793 | val_loss=1.348610 | best_val_loss=1.348610 | lr=0.00030000
Saved new best checkpoint: /var/lib/condor/execute/slot2/dir_2114831/scratch/outputs/ggf_dihiggs_rxc/checkpoints/best.pt
Epoch 2/18 | train_loss=1.214485 | val_loss=1.026084 | best_val_loss=1.026084 | lr=0.00029772
Saved new best checkpoint: /var/lib/condor/execute/slot2/dir_2114831/scratch/outputs/ggf_dihiggs_rxc/checkpoints/best.pt
Epoch 3/18 | train_loss=0.819937 | val_loss=0.720975 | best_val_loss=0.720975 | lr=0.00029095
Saved new best checkpoint: /var/lib/condor/execute/slot2/dir_2114831/scratch/outputs/ggf_dihiggs_rxc/checkpoints/best.pt
Epoch 4/18 | train_loss=0.640377 | val_loss=0.531086 | best_val_loss=0.531086 | lr=0.00027990
Saved new best checkpoint: /var/lib/condor/execute/slot2/dir_2114831/scratch/outputs/ggf_dihiggs_rxc/checkpoints/best.pt
Epoch 5/18 | train_loss=0.483543 | val_loss=0.377244 | best_val_loss=0.377244 | lr=0.00026491
Saved new best checkpoint: /var/lib/condor/execute/slot2/dir_2114831/scratch/outputs/ggf_dihiggs_rxc/checkpoints/best.pt
Epoch 6/18 | train_loss=0.351028 | val_loss=0.326814 | best_val_loss=0.326814 | lr=0.00024642
Saved new best checkpoint: /var/lib/condor/execute/slot2/dir_2114831/scratch/outputs/ggf_dihiggs_rxc/checkpoints/best.pt
Epoch 7/18 | train_loss=0.308887 | val_loss=0.281307 | best_val_loss=0.281307 | lr=0.00022500
Saved new best checkpoint: /var/lib/condor/execute/slot2/dir_2114831/scratch/outputs/ggf_dihiggs_rxc/checkpoints/best.pt
Epoch 8/18 | train_loss=0.277139 | val_loss=0.232925 | best_val_loss=0.232925 | lr=0.00020130
Saved new best checkpoint: /var/lib/condor/execute/slot2/dir_2114831/scratch/outputs/ggf_dihiggs_rxc/checkpoints/best.pt
Epoch 9/18 | train_loss=0.228854 | val_loss=0.230796 | best_val_loss=0.230796 | lr=0.00017605
Saved new best checkpoint: /var/lib/condor/execute/slot2/dir_2114831/scratch/outputs/ggf_dihiggs_rxc/checkpoints/best.pt
Epoch 10/18 | train_loss=0.189385 | val_loss=0.202873 | best_val_loss=0.202873 | lr=0.00015000
Saved new best checkpoint: /var/lib/condor/execute/slot2/dir_2114831/scratch/outputs/ggf_dihiggs_rxc/checkpoints/best.pt
Epoch 11/18 | train_loss=0.190440 | val_loss=0.192095 | best_val_loss=0.192095 | lr=0.00012395
Saved new best checkpoint: /var/lib/condor/execute/slot2/dir_2114831/scratch/outputs/ggf_dihiggs_rxc/checkpoints/best.pt
Epoch 12/18 | train_loss=0.182997 | val_loss=0.159449 | best_val_loss=0.159449 | lr=0.00009870
Saved new best checkpoint: /var/lib/condor/execute/slot2/dir_2114831/scratch/outputs/ggf_dihiggs_rxc/checkpoints/best.pt
Epoch 13/18 | train_loss=0.153787 | val_loss=0.157799 | best_val_loss=0.157799 | lr=0.00007500
Saved new best checkpoint: /var/lib/condor/execute/slot2/dir_2114831/scratch/outputs/ggf_dihiggs_rxc/checkpoints/best.pt
Epoch 14/18 | train_loss=0.151209 | val_loss=0.153245 | best_val_loss=0.153245 | lr=0.00005358
Saved new best checkpoint: /var/lib/condor/execute/slot2/dir_2114831/scratch/outputs/ggf_dihiggs_rxc/checkpoints/best.pt
Epoch 15/18 | train_loss=0.148908 | val_loss=0.140474 | best_val_loss=0.140474 | lr=0.00003509
Saved new best checkpoint: /var/lib/condor/execute/slot2/dir_2114831/scratch/outputs/ggf_dihiggs_rxc/checkpoints/best.pt
Epoch 16/18 | train_loss=0.133607 | val_loss=0.136089 | best_val_loss=0.136089 | lr=0.00002010
Saved new best checkpoint: /var/lib/condor/execute/slot2/dir_2114831/scratch/outputs/ggf_dihiggs_rxc/checkpoints/best.pt
Epoch 17/18 | train_loss=0.133833 | val_loss=0.135396 | best_val_loss=0.135396 | lr=0.00000905
Saved new best checkpoint: /var/lib/condor/execute/slot2/dir_2114831/scratch/outputs/ggf_dihiggs_rxc/checkpoints/best.pt
Epoch 18/18 | train_loss=0.134766 | val_loss=0.132461 | best_val_loss=0.132461 | lr=0.00000228
Loaded checkpoint: /var/lib/condor/execute/slot2/dir_2114831/scratch/outputs/ggf_dihiggs_rxc/checkpoints/best.pt
Resume from epoch: 18
Best validation loss: 0.132461
Final test loss: 0.161177
Experiment ggf_dihiggs_rxc completed successfully.
