==================================================
Experiment: ggf_ttbar_none
Processes: ggf vs ttbar
Events per channel: 2500
Running on: gpulab2004
Working directory: /var/lib/condor/execute/slot2/dir_2187301/scratch
CUDA_VISIBLE_DEVICES: GPU-8f9c2d75-1b7d-5026-b177-283d13ddbb90
Rotation mode: uniform
Rotation: 0.0
Energy noise: 0.0 GeV
XYZ noise: 0.0 mm
Shift std: 0.0 mm
Crop fraction: 0.0
Augmentation order: none
Learning rate: 0.0003
Weight decay: 0.0001
Batch size: 32
Temperature: 0.07
Seed: 42
==================================================
Extracting source code...
Extracting ColliderML data...
Training script: src/train_colliderml_planar_pairwise.py
ColliderML data directory: /var/lib/condor/execute/slot2/dir_2187301/scratch/colliderml-data
PyTorch: 2.4.1+cu121
CUDA build: 12.1
CUDA available: True
GPU: NVIDIA A100-SXM4-40GB
Starting pretraining...
Experiment configuration:
  arch: gnn
  batch_size: 32
  channel_a: ggf
  channel_b: ttbar
  crop_fraction: 0.0
  data_dir: /var/lib/condor/execute/slot2/dir_2187301/scratch/colliderml-data
  dataset_name: colliderml
  disable_cuda: False
  energy_noise: 0.0
  epochs: 18
  events_per_channel: 2500
  experiment_name: ggf_ttbar_none
  feat_dim: 4
  fp16_precision: False
  gravnet_k: 8
  hidden_dim: 16
  latent_dim: 64
  log_every_n_steps: 100
  lr: 0.0003
  n_views: 2
  out_dim: 32
  output_dir: /var/lib/condor/execute/slot2/dir_2187301/scratch/outputs
  proj_dim: 32
  propagate_dim: 16
  resume: None
  rotation: 0.0
  rotation_mode: uniform
  seed: 42
  shift_std: 0.0
  space_dim: 4
  split: ggf_vs_ttbar_total5000
  temperature: 0.07
  train_augmentation_order: none
  weight_decay: 0.0001
  workers: 0
  xyz_noise: 0.0
ColliderML data directory: /var/lib/condor/execute/slot2/dir_2187301/scratch/colliderml-data
Loaded 2500 events from channel ggf.
Loaded 2500 events from channel ttbar.
Training augmentation pipeline: none
Evaluation augmentation pipeline: none
Evaluation augmentation pipeline: rotate -> energy_noise -> xyz_noise
Dataset split: train=3000, val=1000, test=1000
Data preprocessing working fine.
Trainable parameters: 59020
Training output directory: /var/lib/condor/execute/slot2/dir_2187301/scratch/outputs/ggf_ttbar_none
Training device: cuda
Saved new best checkpoint: /var/lib/condor/execute/slot2/dir_2187301/scratch/outputs/ggf_ttbar_none/checkpoints/best.pt
Epoch 1/18 | train_loss=0.365022 | val_loss=0.024005 | best_val_loss=0.024005 | lr=0.00030000
Saved new best checkpoint: /var/lib/condor/execute/slot2/dir_2187301/scratch/outputs/ggf_ttbar_none/checkpoints/best.pt
Epoch 2/18 | train_loss=0.019432 | val_loss=0.011297 | best_val_loss=0.011297 | lr=0.00029772
Epoch 3/18 | train_loss=0.011560 | val_loss=0.013918 | best_val_loss=0.011297 | lr=0.00029095
Saved new best checkpoint: /var/lib/condor/execute/slot2/dir_2187301/scratch/outputs/ggf_ttbar_none/checkpoints/best.pt
Epoch 4/18 | train_loss=0.013696 | val_loss=0.010248 | best_val_loss=0.010248 | lr=0.00027990
Epoch 5/18 | train_loss=0.008073 | val_loss=0.011701 | best_val_loss=0.010248 | lr=0.00026491
Saved new best checkpoint: /var/lib/condor/execute/slot2/dir_2187301/scratch/outputs/ggf_ttbar_none/checkpoints/best.pt
Epoch 6/18 | train_loss=0.006679 | val_loss=0.006145 | best_val_loss=0.006145 | lr=0.00024642
Saved new best checkpoint: /var/lib/condor/execute/slot2/dir_2187301/scratch/outputs/ggf_ttbar_none/checkpoints/best.pt
Epoch 7/18 | train_loss=0.005870 | val_loss=0.004917 | best_val_loss=0.004917 | lr=0.00022500
Saved new best checkpoint: /var/lib/condor/execute/slot2/dir_2187301/scratch/outputs/ggf_ttbar_none/checkpoints/best.pt
Epoch 8/18 | train_loss=0.005329 | val_loss=0.004101 | best_val_loss=0.004101 | lr=0.00020130
Epoch 9/18 | train_loss=0.005211 | val_loss=0.005491 | best_val_loss=0.004101 | lr=0.00017605
Epoch 10/18 | train_loss=0.004240 | val_loss=0.005333 | best_val_loss=0.004101 | lr=0.00015000
Saved new best checkpoint: /var/lib/condor/execute/slot2/dir_2187301/scratch/outputs/ggf_ttbar_none/checkpoints/best.pt
Epoch 11/18 | train_loss=0.003490 | val_loss=0.003840 | best_val_loss=0.003840 | lr=0.00012395
Saved new best checkpoint: /var/lib/condor/execute/slot2/dir_2187301/scratch/outputs/ggf_ttbar_none/checkpoints/best.pt
Epoch 12/18 | train_loss=0.003609 | val_loss=0.003567 | best_val_loss=0.003567 | lr=0.00009870
Saved new best checkpoint: /var/lib/condor/execute/slot2/dir_2187301/scratch/outputs/ggf_ttbar_none/checkpoints/best.pt
Epoch 13/18 | train_loss=0.002951 | val_loss=0.003097 | best_val_loss=0.003097 | lr=0.00007500
Epoch 14/18 | train_loss=0.002806 | val_loss=0.003147 | best_val_loss=0.003097 | lr=0.00005358
Saved new best checkpoint: /var/lib/condor/execute/slot2/dir_2187301/scratch/outputs/ggf_ttbar_none/checkpoints/best.pt
Epoch 15/18 | train_loss=0.003170 | val_loss=0.002761 | best_val_loss=0.002761 | lr=0.00003509
Saved new best checkpoint: /var/lib/condor/execute/slot2/dir_2187301/scratch/outputs/ggf_ttbar_none/checkpoints/best.pt
Epoch 16/18 | train_loss=0.002505 | val_loss=0.002649 | best_val_loss=0.002649 | lr=0.00002010
Saved new best checkpoint: /var/lib/condor/execute/slot2/dir_2187301/scratch/outputs/ggf_ttbar_none/checkpoints/best.pt
Epoch 17/18 | train_loss=0.002406 | val_loss=0.002593 | best_val_loss=0.002593 | lr=0.00000905
Saved new best checkpoint: /var/lib/condor/execute/slot2/dir_2187301/scratch/outputs/ggf_ttbar_none/checkpoints/best.pt
Epoch 18/18 | train_loss=0.002520 | val_loss=0.002508 | best_val_loss=0.002508 | lr=0.00000228
Loaded checkpoint: /var/lib/condor/execute/slot2/dir_2187301/scratch/outputs/ggf_ttbar_none/checkpoints/best.pt
Resume from epoch: 18
Best validation loss: 0.002508
Final test loss: 0.002371
Experiment ggf_ttbar_none completed successfully.
