000 (6028200.021.000) 2026-08-13 14:54:32 Job submitted from host: <128.105.68.113:9618?addrs=128.105.68.113-9618+[2607-f388-2200-100-eaeb-d3ff-fea7-d05e]-9618&alias=ap2002.chtc.wisc.edu&noUDP&sock=schedd_7808_378f>
    [ JobBatchName = "gravnet_pairwise_augmentation_sweep_20260812" ]
...
040 (6028200.021.000) 2026-08-13 15:38:30 Started transferring input files
	Transferring to host: <128.105.68.103:9618?addrs=128.105.68.103-9618+[2607-f388-2200-100-1270-fdff-fe74-930]-9618&alias=gpu2011.chtc.wisc.edu&noUDP&sock=slot2_7_181405_fbaa_42027>
...
040 (6028200.021.000) 2026-08-13 15:38:59 Finished transferring input files
...
001 (6028200.021.000) 2026-08-13 15:38:59 Job executing on host: <128.105.68.103:9618?addrs=128.105.68.103-9618+[2607-f388-2200-100-1270-fdff-fe74-930]-9618&alias=gpu2011.chtc.wisc.edu&noUDP&sock=startd_12054_9eaf>
	SlotName: slot2_7@gpu2011.chtc.wisc.edu
	AvailableGPUs = { GPUs_MIG_c58b4aaa_d2d3_5975_907f_a7815302cfd5 }
	CondorScratchDir = "/var/lib/condor/execute/slot2/dir_3438641/scratch"
	Cpus = 2
	Disk = 31457280
	GPUs = 1
	GPUs_MIG_c58b4aaa_d2d3_5975_907f_a7815302cfd5 = [ Id = "MIG-c58b4aaa-d2d3-5975-907f-a7815302cfd5"; Capability = 8.0; DeviceName = "NVIDIA A100-SXM4-80GB MIG 3g.40gb"; DeviceUuid = "MIG-c58b4aaa-d2d3-5975-907f-a7815302cfd5"; ECCEnabled = true; NvidiaDriver = "570.195.03"; DriverVersion = 12.8; DevicePciBusId = "0000:01:00.0"; GlobalMemoryMb = 40100; MaxSupportedVersion = 12080 ]
	IoHeavy = 0
	Memory = 65536
...
006 (6028200.021.000) 2026-08-13 15:39:08 Image size of job updated: 22232
	22  -  MemoryUsage of job (MB)
	22232  -  ResidentSetSize of job (KB)
...
006 (6028200.021.000) 2026-08-13 15:44:09 Image size of job updated: 24436872
	23858  -  MemoryUsage of job (MB)
	24430264  -  ResidentSetSize of job (KB)
...
006 (6028200.021.000) 2026-08-13 15:49:09 Image size of job updated: 24445028
	23867  -  MemoryUsage of job (MB)
	24439524  -  ResidentSetSize of job (KB)
...
006 (6028200.021.000) 2026-08-13 15:54:10 Image size of job updated: 24446052
	23867  -  MemoryUsage of job (MB)
	24439524  -  ResidentSetSize of job (KB)
...
006 (6028200.021.000) 2026-08-13 15:59:10 Image size of job updated: 25264180
	23870  -  MemoryUsage of job (MB)
	24442788  -  ResidentSetSize of job (KB)
...
006 (6028200.021.000) 2026-08-13 16:04:11 Image size of job updated: 25264180
	23877  -  MemoryUsage of job (MB)
	24449048  -  ResidentSetSize of job (KB)
...
006 (6028200.021.000) 2026-08-13 16:14:12 Image size of job updated: 25264180
	23877  -  MemoryUsage of job (MB)
	24449880  -  ResidentSetSize of job (KB)
...
006 (6028200.021.000) 2026-08-13 16:24:13 Image size of job updated: 26182800
	23881  -  MemoryUsage of job (MB)
	24453144  -  ResidentSetSize of job (KB)
...
006 (6028200.021.000) 2026-08-13 16:34:14 Image size of job updated: 26182800
	23883  -  MemoryUsage of job (MB)
	24455488  -  ResidentSetSize of job (KB)
...
006 (6028200.021.000) 2026-08-13 16:44:15 Image size of job updated: 26755100
	23883  -  MemoryUsage of job (MB)
	24455488  -  ResidentSetSize of job (KB)
...
006 (6028200.021.000) 2026-08-13 16:54:16 Image size of job updated: 26755100
	23885  -  MemoryUsage of job (MB)
	24458236  -  ResidentSetSize of job (KB)
...
040 (6028200.021.000) 2026-08-13 17:47:12 Started transferring output files
...
040 (6028200.021.000) 2026-08-13 17:47:12 Finished transferring output files
...
005 (6028200.021.000) 2026-08-13 17:47:15 Job terminated.
	(1) Normal termination (return value 0)
		Usr 0 02:23:54, Sys 0 00:04:20  -  Run Remote Usage
		Usr 0 00:00:00, Sys 0 00:00:00  -  Run Local Usage
		Usr 0 02:23:54, Sys 0 00:04:20  -  Total Remote Usage
		Usr 0 00:00:00, Sys 0 00:00:00  -  Total Local Usage
	1591143  -  Run Bytes Sent By Job
	9725079282  -  Run Bytes Received By Job
	1591143  -  Total Bytes Sent By Job
	9725079282  -  Total Bytes Received By Job
	Partitionable Resources :       Usage  Request Allocated Assigned
	   Cpus                 :        1.13        2         2 
	   Disk (KB)            : 16321317    31457280  31457280 
	   GPUs                 :                    1         1 "MIG-c58b4aaa-d2d3-5975-907f-a7815302cfd5"
	   IoHeavy              :                              0 
	   Memory (MB)          :    23885       65536     65536 
	   TimeExecute (s)      :     7693                       
	   TimeSlotBusy (s)     :     7722                       
...
