==================================================
Experiment: ttbar_dihiggs_esc
Processes: ttbar vs dihiggs
Events per channel: 2500
Running on: gpu4001
Working directory: /var/lib/condor/execute/slot2/dir_1228062/scratch
CUDA_VISIBLE_DEVICES: GPU-a66eebd9-2c7a-bd35-76c6-0856281174f8
Rotation mode: uniform
Rotation: 0.0
Energy noise: 0.0001 GeV
XYZ noise: 0.0 mm
Shift std: 2.0 mm
Crop fraction: 0.5
Augmentation order: energy_noise+shift+crop
Learning rate: 0.0003
Weight decay: 0.0001
Batch size: 32
Temperature: 0.07
Seed: 42
==================================================
Extracting source code...
Extracting ColliderML data...
Training script: src/train_colliderml_planar_pairwise.py
ColliderML data directory: /var/lib/condor/execute/slot2/dir_1228062/scratch/colliderml-data
PyTorch: 2.4.1+cu121
CUDA build: 12.1
CUDA available: True
GPU: NVIDIA L40
Starting pretraining...
Experiment configuration:
  arch: gnn
  batch_size: 32
  channel_a: ttbar
  channel_b: dihiggs
  crop_fraction: 0.5
  data_dir: /var/lib/condor/execute/slot2/dir_1228062/scratch/colliderml-data
  dataset_name: colliderml
  disable_cuda: False
  energy_noise: 0.0001
  epochs: 18
  events_per_channel: 2500
  experiment_name: ttbar_dihiggs_esc
  feat_dim: 4
  fp16_precision: False
  gravnet_k: 8
  hidden_dim: 16
  latent_dim: 64
  log_every_n_steps: 100
  lr: 0.0003
  n_views: 2
  out_dim: 32
  output_dir: /var/lib/condor/execute/slot2/dir_1228062/scratch/outputs
  proj_dim: 32
  propagate_dim: 16
  resume: None
  rotation: 0.0
  rotation_mode: uniform
  seed: 42
  shift_std: 2.0
  space_dim: 4
  split: ttbar_vs_dihiggs_total5000
  temperature: 0.07
  train_augmentation_order: energy_noise+shift+crop
  weight_decay: 0.0001
  workers: 0
  xyz_noise: 0.0
ColliderML data directory: /var/lib/condor/execute/slot2/dir_1228062/scratch/colliderml-data
Loaded 2500 events from channel ttbar.
Loaded 2500 events from channel dihiggs.
Training augmentation pipeline: energy_noise -> shift -> crop
Evaluation augmentation pipeline: energy_noise -> shift -> crop
Evaluation augmentation pipeline: rotate -> energy_noise -> xyz_noise
Dataset split: train=3000, val=1000, test=1000
Data preprocessing working fine.
Trainable parameters: 59020
Training output directory: /var/lib/condor/execute/slot2/dir_1228062/scratch/outputs/ttbar_dihiggs_esc
Training device: cuda
Saved new best checkpoint: /var/lib/condor/execute/slot2/dir_1228062/scratch/outputs/ttbar_dihiggs_esc/checkpoints/best.pt
Epoch 1/18 | train_loss=1.356886 | val_loss=0.565753 | best_val_loss=0.565753 | lr=0.00030000
Saved new best checkpoint: /var/lib/condor/execute/slot2/dir_1228062/scratch/outputs/ttbar_dihiggs_esc/checkpoints/best.pt
Epoch 2/18 | train_loss=0.505242 | val_loss=0.353222 | best_val_loss=0.353222 | lr=0.00029772
Saved new best checkpoint: /var/lib/condor/execute/slot2/dir_1228062/scratch/outputs/ttbar_dihiggs_esc/checkpoints/best.pt
Epoch 3/18 | train_loss=0.316203 | val_loss=0.235655 | best_val_loss=0.235655 | lr=0.00029095
Saved new best checkpoint: /var/lib/condor/execute/slot2/dir_1228062/scratch/outputs/ttbar_dihiggs_esc/checkpoints/best.pt
Epoch 4/18 | train_loss=0.229576 | val_loss=0.193836 | best_val_loss=0.193836 | lr=0.00027990
Saved new best checkpoint: /var/lib/condor/execute/slot2/dir_1228062/scratch/outputs/ttbar_dihiggs_esc/checkpoints/best.pt
Epoch 5/18 | train_loss=0.144543 | val_loss=0.146113 | best_val_loss=0.146113 | lr=0.00026491
Saved new best checkpoint: /var/lib/condor/execute/slot2/dir_1228062/scratch/outputs/ttbar_dihiggs_esc/checkpoints/best.pt
Epoch 6/18 | train_loss=0.127739 | val_loss=0.121057 | best_val_loss=0.121057 | lr=0.00024642
Saved new best checkpoint: /var/lib/condor/execute/slot2/dir_1228062/scratch/outputs/ttbar_dihiggs_esc/checkpoints/best.pt
Epoch 7/18 | train_loss=0.102445 | val_loss=0.101971 | best_val_loss=0.101971 | lr=0.00022500
Saved new best checkpoint: /var/lib/condor/execute/slot2/dir_1228062/scratch/outputs/ttbar_dihiggs_esc/checkpoints/best.pt
Epoch 8/18 | train_loss=0.084817 | val_loss=0.074242 | best_val_loss=0.074242 | lr=0.00020130
Saved new best checkpoint: /var/lib/condor/execute/slot2/dir_1228062/scratch/outputs/ttbar_dihiggs_esc/checkpoints/best.pt
Epoch 9/18 | train_loss=0.068507 | val_loss=0.072560 | best_val_loss=0.072560 | lr=0.00017605
Saved new best checkpoint: /var/lib/condor/execute/slot2/dir_1228062/scratch/outputs/ttbar_dihiggs_esc/checkpoints/best.pt
Epoch 10/18 | train_loss=0.067941 | val_loss=0.065737 | best_val_loss=0.065737 | lr=0.00015000
Epoch 11/18 | train_loss=0.051447 | val_loss=0.069470 | best_val_loss=0.065737 | lr=0.00012395
Saved new best checkpoint: /var/lib/condor/execute/slot2/dir_1228062/scratch/outputs/ttbar_dihiggs_esc/checkpoints/best.pt
Epoch 12/18 | train_loss=0.053601 | val_loss=0.055978 | best_val_loss=0.055978 | lr=0.00009870
Saved new best checkpoint: /var/lib/condor/execute/slot2/dir_1228062/scratch/outputs/ttbar_dihiggs_esc/checkpoints/best.pt
Epoch 13/18 | train_loss=0.045250 | val_loss=0.052951 | best_val_loss=0.052951 | lr=0.00007500
Saved new best checkpoint: /var/lib/condor/execute/slot2/dir_1228062/scratch/outputs/ttbar_dihiggs_esc/checkpoints/best.pt
Epoch 14/18 | train_loss=0.045583 | val_loss=0.050498 | best_val_loss=0.050498 | lr=0.00005358
Saved new best checkpoint: /var/lib/condor/execute/slot2/dir_1228062/scratch/outputs/ttbar_dihiggs_esc/checkpoints/best.pt
Epoch 15/18 | train_loss=0.037682 | val_loss=0.049215 | best_val_loss=0.049215 | lr=0.00003509
Saved new best checkpoint: /var/lib/condor/execute/slot2/dir_1228062/scratch/outputs/ttbar_dihiggs_esc/checkpoints/best.pt
Epoch 16/18 | train_loss=0.042473 | val_loss=0.049066 | best_val_loss=0.049066 | lr=0.00002010
Saved new best checkpoint: /var/lib/condor/execute/slot2/dir_1228062/scratch/outputs/ttbar_dihiggs_esc/checkpoints/best.pt
Epoch 17/18 | train_loss=0.034556 | val_loss=0.046809 | best_val_loss=0.046809 | lr=0.00000905
Saved new best checkpoint: /var/lib/condor/execute/slot2/dir_1228062/scratch/outputs/ttbar_dihiggs_esc/checkpoints/best.pt
Epoch 18/18 | train_loss=0.042226 | val_loss=0.045864 | best_val_loss=0.045864 | lr=0.00000228
Loaded checkpoint: /var/lib/condor/execute/slot2/dir_1228062/scratch/outputs/ttbar_dihiggs_esc/checkpoints/best.pt
Resume from epoch: 18
Best validation loss: 0.045864
Final test loss: 0.038131
Experiment ttbar_dihiggs_esc completed successfully.
