000 (6028200.046.000) 2026-08-13 14:54:32 Job submitted from host: <128.105.68.113:9618?addrs=128.105.68.113-9618+[2607-f388-2200-100-eaeb-d3ff-fea7-d05e]-9618&alias=ap2002.chtc.wisc.edu&noUDP&sock=schedd_7808_378f>
    [ JobBatchName = "gravnet_pairwise_augmentation_sweep_20260812" ]
...
040 (6028200.046.000) 2026-08-13 17:38:49 Started transferring input files
	Transferring to host: <128.105.69.63:9618?addrs=128.105.69.63-9618+[2607-f388-2200-100-5aa2-e1ff-febe-455e]-9618&alias=gpu4003.chtc.wisc.edu&noUDP&sock=slot2_2_467102_5d6c_9098>
...
040 (6028200.046.000) 2026-08-13 17:39:13 Finished transferring input files
...
001 (6028200.046.000) 2026-08-13 17:39:13 Job executing on host: <128.105.69.63:9618?addrs=128.105.69.63-9618+[2607-f388-2200-100-5aa2-e1ff-febe-455e]-9618&alias=gpu4003.chtc.wisc.edu&noUDP&sock=startd_467038_ccc7>
	SlotName: slot2_2@gpu4003.chtc.wisc.edu
	AvailableGPUs = { GPUs_GPU_c82e3d6c }
	CondorScratchDir = "/var/lib/condor/execute/slot2/dir_2344628/scratch"
	Cpus = 2
	Disk = 31457280
	GPUs = 1
	GPUs_GPU_c82e3d6c = [ Id = "GPU-c82e3d6c"; Capability = 9.0; DeviceName = "NVIDIA H100 80GB HBM3"; DeviceUuid = "c82e3d6c-1ae9-c800-d093-51fd9d172771"; ECCEnabled = true; NvidiaDriver = "570.195.03"; DriverVersion = 12.8; DevicePciBusId = "0000:2A:00.0"; GlobalMemoryMb = 81089; MaxSupportedVersion = 12080 ]
	IoHeavy = 0
	Memory = 65536
...
006 (6028200.046.000) 2026-08-13 17:39:21 Image size of job updated: 26724
	27  -  MemoryUsage of job (MB)
	26724  -  ResidentSetSize of job (KB)
...
006 (6028200.046.000) 2026-08-13 17:44:21 Image size of job updated: 29367984
	28676  -  MemoryUsage of job (MB)
	29363664  -  ResidentSetSize of job (KB)
...
006 (6028200.046.000) 2026-08-13 17:49:22 Image size of job updated: 31294824
	28683  -  MemoryUsage of job (MB)
	29371208  -  ResidentSetSize of job (KB)
...
006 (6028200.046.000) 2026-08-13 18:04:24 Image size of job updated: 31294824
	28689  -  MemoryUsage of job (MB)
	29377056  -  ResidentSetSize of job (KB)
...
006 (6028200.046.000) 2026-08-13 18:14:25 Image size of job updated: 31310344
	28691  -  MemoryUsage of job (MB)
	29379192  -  ResidentSetSize of job (KB)
...
006 (6028200.046.000) 2026-08-13 18:24:26 Image size of job updated: 31310344
	28692  -  MemoryUsage of job (MB)
	29379792  -  ResidentSetSize of job (KB)
...
006 (6028200.046.000) 2026-08-13 18:29:26 Image size of job updated: 31310344
	28692  -  MemoryUsage of job (MB)
	29380004  -  ResidentSetSize of job (KB)
...
006 (6028200.046.000) 2026-08-13 18:34:26 Image size of job updated: 31310344
	28695  -  MemoryUsage of job (MB)
	29383660  -  ResidentSetSize of job (KB)
...
006 (6028200.046.000) 2026-08-13 18:54:28 Image size of job updated: 31310344
	28700  -  MemoryUsage of job (MB)
	29387816  -  ResidentSetSize of job (KB)
...
006 (6028200.046.000) 2026-08-13 19:09:30 Image size of job updated: 31853556
	28700  -  MemoryUsage of job (MB)
	29387816  -  ResidentSetSize of job (KB)
...
006 (6028200.046.000) 2026-08-13 19:29:31 Image size of job updated: 31853556
	28701  -  MemoryUsage of job (MB)
	29389568  -  ResidentSetSize of job (KB)
...
040 (6028200.046.000) 2026-08-13 19:37:00 Started transferring output files
...
040 (6028200.046.000) 2026-08-13 19:37:00 Finished transferring output files
...
005 (6028200.046.000) 2026-08-13 19:37:02 Job terminated.
	(1) Normal termination (return value 0)
		Usr 0 02:08:05, Sys 0 00:03:48  -  Run Remote Usage
		Usr 0 00:00:00, Sys 0 00:00:00  -  Run Local Usage
		Usr 0 02:08:05, Sys 0 00:03:48  -  Total Remote Usage
		Usr 0 00:00:00, Sys 0 00:00:00  -  Total Local Usage
	1595298  -  Run Bytes Sent By Job
	9725079282  -  Run Bytes Received By Job
	1595298  -  Total Bytes Sent By Job
	9725079282  -  Total Bytes Received By Job
	Partitionable Resources :       Usage  Request Allocated Assigned
	   Cpus                 :        1.10        2         2 
	   Disk (KB)            : 16321764    31457280  31457280 
	   GPUs                 :        0.00        1         1 "GPU-c82e3d6c"
	   GpusMemory (MB)      :     1751                       
	   IoHeavy              :                              0 
	   Memory (MB)          :    28701       65536     65536 
	   TimeExecute (s)      :     7067                       
	   TimeSlotBusy (s)     :     7091                       
...
