==================================================
Experiment: ggf_ttbar_exc
Processes: ggf vs ttbar
Events per channel: 2500
Running on: gpu2000
Working directory: /var/lib/condor/execute/slot2/dir_3082275/scratch
CUDA_VISIBLE_DEVICES: GPU-649ceda8-3be2-4a04-5abc-72e513ca0dfd
Rotation mode: uniform
Rotation: 0.0
Energy noise: 0.0001 GeV
XYZ noise: 5.0 mm
Shift std: 0.0 mm
Crop fraction: 0.5
Augmentation order: energy_noise+xyz_noise+crop
Learning rate: 0.0003
Weight decay: 0.0001
Batch size: 32
Temperature: 0.07
Seed: 42
==================================================
Extracting source code...
Extracting ColliderML data...
Training script: src/train_colliderml_planar_pairwise.py
ColliderML data directory: /var/lib/condor/execute/slot2/dir_3082275/scratch/colliderml-data
PyTorch: 2.4.1+cu121
CUDA build: 12.1
CUDA available: True
GPU: Tesla P100-PCIE-16GB
Starting pretraining...
Experiment configuration:
  arch: gnn
  batch_size: 32
  channel_a: ggf
  channel_b: ttbar
  crop_fraction: 0.5
  data_dir: /var/lib/condor/execute/slot2/dir_3082275/scratch/colliderml-data
  dataset_name: colliderml
  disable_cuda: False
  energy_noise: 0.0001
  epochs: 18
  events_per_channel: 2500
  experiment_name: ggf_ttbar_exc
  feat_dim: 4
  fp16_precision: False
  gravnet_k: 8
  hidden_dim: 16
  latent_dim: 64
  log_every_n_steps: 100
  lr: 0.0003
  n_views: 2
  out_dim: 32
  output_dir: /var/lib/condor/execute/slot2/dir_3082275/scratch/outputs
  proj_dim: 32
  propagate_dim: 16
  resume: None
  rotation: 0.0
  rotation_mode: uniform
  seed: 42
  shift_std: 0.0
  space_dim: 4
  split: ggf_vs_ttbar_total5000
  temperature: 0.07
  train_augmentation_order: energy_noise+xyz_noise+crop
  weight_decay: 0.0001
  workers: 0
  xyz_noise: 5.0
ColliderML data directory: /var/lib/condor/execute/slot2/dir_3082275/scratch/colliderml-data
Loaded 2500 events from channel ggf.
Loaded 2500 events from channel ttbar.
Training augmentation pipeline: energy_noise -> xyz_noise -> crop
Evaluation augmentation pipeline: energy_noise -> xyz_noise -> crop
Evaluation augmentation pipeline: rotate -> energy_noise -> xyz_noise
Dataset split: train=3000, val=1000, test=1000
Data preprocessing working fine.
Trainable parameters: 59020
Training output directory: /var/lib/condor/execute/slot2/dir_3082275/scratch/outputs/ggf_ttbar_exc
Training device: cuda
Saved new best checkpoint: /var/lib/condor/execute/slot2/dir_3082275/scratch/outputs/ggf_ttbar_exc/checkpoints/best.pt
Epoch 1/18 | train_loss=1.196816 | val_loss=0.444241 | best_val_loss=0.444241 | lr=0.00030000
Saved new best checkpoint: /var/lib/condor/execute/slot2/dir_3082275/scratch/outputs/ggf_ttbar_exc/checkpoints/best.pt
Epoch 2/18 | train_loss=0.404152 | val_loss=0.244233 | best_val_loss=0.244233 | lr=0.00029772
Saved new best checkpoint: /var/lib/condor/execute/slot2/dir_3082275/scratch/outputs/ggf_ttbar_exc/checkpoints/best.pt
Epoch 3/18 | train_loss=0.233150 | val_loss=0.230918 | best_val_loss=0.230918 | lr=0.00029095
Saved new best checkpoint: /var/lib/condor/execute/slot2/dir_3082275/scratch/outputs/ggf_ttbar_exc/checkpoints/best.pt
Epoch 4/18 | train_loss=0.174620 | val_loss=0.170154 | best_val_loss=0.170154 | lr=0.00027990
Saved new best checkpoint: /var/lib/condor/execute/slot2/dir_3082275/scratch/outputs/ggf_ttbar_exc/checkpoints/best.pt
Epoch 5/18 | train_loss=0.129792 | val_loss=0.096015 | best_val_loss=0.096015 | lr=0.00026491
Epoch 6/18 | train_loss=0.097485 | val_loss=0.108057 | best_val_loss=0.096015 | lr=0.00024642
Saved new best checkpoint: /var/lib/condor/execute/slot2/dir_3082275/scratch/outputs/ggf_ttbar_exc/checkpoints/best.pt
Epoch 7/18 | train_loss=0.080908 | val_loss=0.081442 | best_val_loss=0.081442 | lr=0.00022500
Saved new best checkpoint: /var/lib/condor/execute/slot2/dir_3082275/scratch/outputs/ggf_ttbar_exc/checkpoints/best.pt
Epoch 8/18 | train_loss=0.071794 | val_loss=0.072751 | best_val_loss=0.072751 | lr=0.00020130
Saved new best checkpoint: /var/lib/condor/execute/slot2/dir_3082275/scratch/outputs/ggf_ttbar_exc/checkpoints/best.pt
Epoch 9/18 | train_loss=0.053005 | val_loss=0.053958 | best_val_loss=0.053958 | lr=0.00017605
Saved new best checkpoint: /var/lib/condor/execute/slot2/dir_3082275/scratch/outputs/ggf_ttbar_exc/checkpoints/best.pt
Epoch 10/18 | train_loss=0.048725 | val_loss=0.052890 | best_val_loss=0.052890 | lr=0.00015000
Saved new best checkpoint: /var/lib/condor/execute/slot2/dir_3082275/scratch/outputs/ggf_ttbar_exc/checkpoints/best.pt
Epoch 11/18 | train_loss=0.046295 | val_loss=0.041389 | best_val_loss=0.041389 | lr=0.00012395
Saved new best checkpoint: /var/lib/condor/execute/slot2/dir_3082275/scratch/outputs/ggf_ttbar_exc/checkpoints/best.pt
Epoch 12/18 | train_loss=0.039031 | val_loss=0.037201 | best_val_loss=0.037201 | lr=0.00009870
Saved new best checkpoint: /var/lib/condor/execute/slot2/dir_3082275/scratch/outputs/ggf_ttbar_exc/checkpoints/best.pt
Epoch 13/18 | train_loss=0.034561 | val_loss=0.036314 | best_val_loss=0.036314 | lr=0.00007500
Saved new best checkpoint: /var/lib/condor/execute/slot2/dir_3082275/scratch/outputs/ggf_ttbar_exc/checkpoints/best.pt
Epoch 14/18 | train_loss=0.031822 | val_loss=0.031800 | best_val_loss=0.031800 | lr=0.00005358
Epoch 15/18 | train_loss=0.030704 | val_loss=0.033087 | best_val_loss=0.031800 | lr=0.00003509
Saved new best checkpoint: /var/lib/condor/execute/slot2/dir_3082275/scratch/outputs/ggf_ttbar_exc/checkpoints/best.pt
Epoch 16/18 | train_loss=0.031707 | val_loss=0.030094 | best_val_loss=0.030094 | lr=0.00002010
Saved new best checkpoint: /var/lib/condor/execute/slot2/dir_3082275/scratch/outputs/ggf_ttbar_exc/checkpoints/best.pt
Epoch 17/18 | train_loss=0.032937 | val_loss=0.028295 | best_val_loss=0.028295 | lr=0.00000905
Saved new best checkpoint: /var/lib/condor/execute/slot2/dir_3082275/scratch/outputs/ggf_ttbar_exc/checkpoints/best.pt
Epoch 18/18 | train_loss=0.028972 | val_loss=0.028095 | best_val_loss=0.028095 | lr=0.00000228
Loaded checkpoint: /var/lib/condor/execute/slot2/dir_3082275/scratch/outputs/ggf_ttbar_exc/checkpoints/best.pt
Resume from epoch: 18
Best validation loss: 0.028095
Final test loss: 0.027703
Experiment ggf_ttbar_exc completed successfully.
