==================================================
Experiment: ttbar_dihiggs_rxsc
Processes: ttbar vs dihiggs
Events per channel: 2500
Running on: gpu4000
Working directory: /var/lib/condor/execute/slot2/dir_3146135/scratch
CUDA_VISIBLE_DEVICES: GPU-72ec1e89-a9fe-478a-f1e6-b8bb1a4b8f5a
Rotation mode: uniform
Rotation: 0.3926990817
Energy noise: 0.0 GeV
XYZ noise: 5.0 mm
Shift std: 2.0 mm
Crop fraction: 0.5
Augmentation order: rotate+xyz_noise+shift+crop
Learning rate: 0.0003
Weight decay: 0.0001
Batch size: 32
Temperature: 0.07
Seed: 42
==================================================
Extracting source code...
Extracting ColliderML data...
Training script: src/train_colliderml_planar_pairwise.py
ColliderML data directory: /var/lib/condor/execute/slot2/dir_3146135/scratch/colliderml-data
PyTorch: 2.4.1+cu121
CUDA build: 12.1
CUDA available: True
GPU: NVIDIA L40
Starting pretraining...
Experiment configuration:
  arch: gnn
  batch_size: 32
  channel_a: ttbar
  channel_b: dihiggs
  crop_fraction: 0.5
  data_dir: /var/lib/condor/execute/slot2/dir_3146135/scratch/colliderml-data
  dataset_name: colliderml
  disable_cuda: False
  energy_noise: 0.0
  epochs: 18
  events_per_channel: 2500
  experiment_name: ttbar_dihiggs_rxsc
  feat_dim: 4
  fp16_precision: False
  gravnet_k: 8
  hidden_dim: 16
  latent_dim: 64
  log_every_n_steps: 100
  lr: 0.0003
  n_views: 2
  out_dim: 32
  output_dir: /var/lib/condor/execute/slot2/dir_3146135/scratch/outputs
  proj_dim: 32
  propagate_dim: 16
  resume: None
  rotation: 0.3926990817
  rotation_mode: uniform
  seed: 42
  shift_std: 2.0
  space_dim: 4
  split: ttbar_vs_dihiggs_total5000
  temperature: 0.07
  train_augmentation_order: rotate+xyz_noise+shift+crop
  weight_decay: 0.0001
  workers: 0
  xyz_noise: 5.0
ColliderML data directory: /var/lib/condor/execute/slot2/dir_3146135/scratch/colliderml-data
Loaded 2500 events from channel ttbar.
Loaded 2500 events from channel dihiggs.
Training augmentation pipeline: rotate -> xyz_noise -> shift -> crop
Evaluation augmentation pipeline: rotate -> xyz_noise -> shift -> crop
Evaluation augmentation pipeline: rotate -> energy_noise -> xyz_noise
Dataset split: train=3000, val=1000, test=1000
Data preprocessing working fine.
Trainable parameters: 59020
Training output directory: /var/lib/condor/execute/slot2/dir_3146135/scratch/outputs/ttbar_dihiggs_rxsc
Training device: cuda
Saved new best checkpoint: /var/lib/condor/execute/slot2/dir_3146135/scratch/outputs/ttbar_dihiggs_rxsc/checkpoints/best.pt
Epoch 1/18 | train_loss=1.898185 | val_loss=1.234899 | best_val_loss=1.234899 | lr=0.00030000
Saved new best checkpoint: /var/lib/condor/execute/slot2/dir_3146135/scratch/outputs/ttbar_dihiggs_rxsc/checkpoints/best.pt
Epoch 2/18 | train_loss=0.948224 | val_loss=0.779849 | best_val_loss=0.779849 | lr=0.00029772
Saved new best checkpoint: /var/lib/condor/execute/slot2/dir_3146135/scratch/outputs/ttbar_dihiggs_rxsc/checkpoints/best.pt
Epoch 3/18 | train_loss=0.642485 | val_loss=0.495974 | best_val_loss=0.495974 | lr=0.00029095
Saved new best checkpoint: /var/lib/condor/execute/slot2/dir_3146135/scratch/outputs/ttbar_dihiggs_rxsc/checkpoints/best.pt
Epoch 4/18 | train_loss=0.480903 | val_loss=0.459801 | best_val_loss=0.459801 | lr=0.00027990
Saved new best checkpoint: /var/lib/condor/execute/slot2/dir_3146135/scratch/outputs/ttbar_dihiggs_rxsc/checkpoints/best.pt
Epoch 5/18 | train_loss=0.427899 | val_loss=0.330671 | best_val_loss=0.330671 | lr=0.00026491
Saved new best checkpoint: /var/lib/condor/execute/slot2/dir_3146135/scratch/outputs/ttbar_dihiggs_rxsc/checkpoints/best.pt
Epoch 6/18 | train_loss=0.307236 | val_loss=0.285097 | best_val_loss=0.285097 | lr=0.00024642
Saved new best checkpoint: /var/lib/condor/execute/slot2/dir_3146135/scratch/outputs/ttbar_dihiggs_rxsc/checkpoints/best.pt
Epoch 7/18 | train_loss=0.259858 | val_loss=0.270074 | best_val_loss=0.270074 | lr=0.00022500
Saved new best checkpoint: /var/lib/condor/execute/slot2/dir_3146135/scratch/outputs/ttbar_dihiggs_rxsc/checkpoints/best.pt
Epoch 8/18 | train_loss=0.211442 | val_loss=0.199658 | best_val_loss=0.199658 | lr=0.00020130
Saved new best checkpoint: /var/lib/condor/execute/slot2/dir_3146135/scratch/outputs/ttbar_dihiggs_rxsc/checkpoints/best.pt
Epoch 9/18 | train_loss=0.182876 | val_loss=0.190716 | best_val_loss=0.190716 | lr=0.00017605
Saved new best checkpoint: /var/lib/condor/execute/slot2/dir_3146135/scratch/outputs/ttbar_dihiggs_rxsc/checkpoints/best.pt
Epoch 10/18 | train_loss=0.174997 | val_loss=0.174530 | best_val_loss=0.174530 | lr=0.00015000
Saved new best checkpoint: /var/lib/condor/execute/slot2/dir_3146135/scratch/outputs/ttbar_dihiggs_rxsc/checkpoints/best.pt
Epoch 11/18 | train_loss=0.156646 | val_loss=0.158301 | best_val_loss=0.158301 | lr=0.00012395
Saved new best checkpoint: /var/lib/condor/execute/slot2/dir_3146135/scratch/outputs/ttbar_dihiggs_rxsc/checkpoints/best.pt
Epoch 12/18 | train_loss=0.154890 | val_loss=0.147143 | best_val_loss=0.147143 | lr=0.00009870
Saved new best checkpoint: /var/lib/condor/execute/slot2/dir_3146135/scratch/outputs/ttbar_dihiggs_rxsc/checkpoints/best.pt
Epoch 13/18 | train_loss=0.131306 | val_loss=0.144331 | best_val_loss=0.144331 | lr=0.00007500
Saved new best checkpoint: /var/lib/condor/execute/slot2/dir_3146135/scratch/outputs/ttbar_dihiggs_rxsc/checkpoints/best.pt
Epoch 14/18 | train_loss=0.129633 | val_loss=0.131688 | best_val_loss=0.131688 | lr=0.00005358
Saved new best checkpoint: /var/lib/condor/execute/slot2/dir_3146135/scratch/outputs/ttbar_dihiggs_rxsc/checkpoints/best.pt
Epoch 15/18 | train_loss=0.117423 | val_loss=0.125603 | best_val_loss=0.125603 | lr=0.00003509
Saved new best checkpoint: /var/lib/condor/execute/slot2/dir_3146135/scratch/outputs/ttbar_dihiggs_rxsc/checkpoints/best.pt
Epoch 16/18 | train_loss=0.127112 | val_loss=0.124442 | best_val_loss=0.124442 | lr=0.00002010
Saved new best checkpoint: /var/lib/condor/execute/slot2/dir_3146135/scratch/outputs/ttbar_dihiggs_rxsc/checkpoints/best.pt
Epoch 17/18 | train_loss=0.118437 | val_loss=0.121202 | best_val_loss=0.121202 | lr=0.00000905
Saved new best checkpoint: /var/lib/condor/execute/slot2/dir_3146135/scratch/outputs/ttbar_dihiggs_rxsc/checkpoints/best.pt
Epoch 18/18 | train_loss=0.115061 | val_loss=0.119461 | best_val_loss=0.119461 | lr=0.00000228
Loaded checkpoint: /var/lib/condor/execute/slot2/dir_3146135/scratch/outputs/ttbar_dihiggs_rxsc/checkpoints/best.pt
Resume from epoch: 18
Best validation loss: 0.119461
Final test loss: 0.124556
Experiment ttbar_dihiggs_rxsc completed successfully.
