==================================================
Experiment: ttbar_dihiggs_rec
Processes: ttbar vs dihiggs
Events per channel: 2500
Running on: gpu4000
Working directory: /var/lib/condor/execute/slot2/dir_2945795/scratch
CUDA_VISIBLE_DEVICES: GPU-5d7c2345-600f-7ffc-d007-4c550ea1a345
Rotation mode: uniform
Rotation: 0.3926990817
Energy noise: 0.0001 GeV
XYZ noise: 0.0 mm
Shift std: 0.0 mm
Crop fraction: 0.5
Augmentation order: rotate+energy_noise+crop
Learning rate: 0.0003
Weight decay: 0.0001
Batch size: 32
Temperature: 0.07
Seed: 42
==================================================
Extracting source code...
Extracting ColliderML data...
Training script: src/train_colliderml_planar_pairwise.py
ColliderML data directory: /var/lib/condor/execute/slot2/dir_2945795/scratch/colliderml-data
PyTorch: 2.4.1+cu121
CUDA build: 12.1
CUDA available: True
GPU: NVIDIA L40
Starting pretraining...
Experiment configuration:
  arch: gnn
  batch_size: 32
  channel_a: ttbar
  channel_b: dihiggs
  crop_fraction: 0.5
  data_dir: /var/lib/condor/execute/slot2/dir_2945795/scratch/colliderml-data
  dataset_name: colliderml
  disable_cuda: False
  energy_noise: 0.0001
  epochs: 18
  events_per_channel: 2500
  experiment_name: ttbar_dihiggs_rec
  feat_dim: 4
  fp16_precision: False
  gravnet_k: 8
  hidden_dim: 16
  latent_dim: 64
  log_every_n_steps: 100
  lr: 0.0003
  n_views: 2
  out_dim: 32
  output_dir: /var/lib/condor/execute/slot2/dir_2945795/scratch/outputs
  proj_dim: 32
  propagate_dim: 16
  resume: None
  rotation: 0.3926990817
  rotation_mode: uniform
  seed: 42
  shift_std: 0.0
  space_dim: 4
  split: ttbar_vs_dihiggs_total5000
  temperature: 0.07
  train_augmentation_order: rotate+energy_noise+crop
  weight_decay: 0.0001
  workers: 0
  xyz_noise: 0.0
ColliderML data directory: /var/lib/condor/execute/slot2/dir_2945795/scratch/colliderml-data
Loaded 2500 events from channel ttbar.
Loaded 2500 events from channel dihiggs.
Training augmentation pipeline: rotate -> energy_noise -> crop
Evaluation augmentation pipeline: rotate -> energy_noise -> crop
Evaluation augmentation pipeline: rotate -> energy_noise -> xyz_noise
Dataset split: train=3000, val=1000, test=1000
Data preprocessing working fine.
Trainable parameters: 59020
Training output directory: /var/lib/condor/execute/slot2/dir_2945795/scratch/outputs/ttbar_dihiggs_rec
Training device: cuda
Saved new best checkpoint: /var/lib/condor/execute/slot2/dir_2945795/scratch/outputs/ttbar_dihiggs_rec/checkpoints/best.pt
Epoch 1/18 | train_loss=1.892106 | val_loss=1.191044 | best_val_loss=1.191044 | lr=0.00030000
Saved new best checkpoint: /var/lib/condor/execute/slot2/dir_2945795/scratch/outputs/ttbar_dihiggs_rec/checkpoints/best.pt
Epoch 2/18 | train_loss=0.973695 | val_loss=0.860738 | best_val_loss=0.860738 | lr=0.00029772
Saved new best checkpoint: /var/lib/condor/execute/slot2/dir_2945795/scratch/outputs/ttbar_dihiggs_rec/checkpoints/best.pt
Epoch 3/18 | train_loss=0.686493 | val_loss=0.541906 | best_val_loss=0.541906 | lr=0.00029095
Saved new best checkpoint: /var/lib/condor/execute/slot2/dir_2945795/scratch/outputs/ttbar_dihiggs_rec/checkpoints/best.pt
Epoch 4/18 | train_loss=0.503514 | val_loss=0.462516 | best_val_loss=0.462516 | lr=0.00027990
Saved new best checkpoint: /var/lib/condor/execute/slot2/dir_2945795/scratch/outputs/ttbar_dihiggs_rec/checkpoints/best.pt
Epoch 5/18 | train_loss=0.398975 | val_loss=0.328323 | best_val_loss=0.328323 | lr=0.00026491
Saved new best checkpoint: /var/lib/condor/execute/slot2/dir_2945795/scratch/outputs/ttbar_dihiggs_rec/checkpoints/best.pt
Epoch 6/18 | train_loss=0.296893 | val_loss=0.267282 | best_val_loss=0.267282 | lr=0.00024642
Saved new best checkpoint: /var/lib/condor/execute/slot2/dir_2945795/scratch/outputs/ttbar_dihiggs_rec/checkpoints/best.pt
Epoch 7/18 | train_loss=0.274782 | val_loss=0.230040 | best_val_loss=0.230040 | lr=0.00022500
Saved new best checkpoint: /var/lib/condor/execute/slot2/dir_2945795/scratch/outputs/ttbar_dihiggs_rec/checkpoints/best.pt
Epoch 8/18 | train_loss=0.217991 | val_loss=0.207955 | best_val_loss=0.207955 | lr=0.00020130
Saved new best checkpoint: /var/lib/condor/execute/slot2/dir_2945795/scratch/outputs/ttbar_dihiggs_rec/checkpoints/best.pt
Epoch 9/18 | train_loss=0.192114 | val_loss=0.186134 | best_val_loss=0.186134 | lr=0.00017605
Epoch 10/18 | train_loss=0.190933 | val_loss=0.186312 | best_val_loss=0.186134 | lr=0.00015000
Saved new best checkpoint: /var/lib/condor/execute/slot2/dir_2945795/scratch/outputs/ttbar_dihiggs_rec/checkpoints/best.pt
Epoch 11/18 | train_loss=0.156440 | val_loss=0.159008 | best_val_loss=0.159008 | lr=0.00012395
Saved new best checkpoint: /var/lib/condor/execute/slot2/dir_2945795/scratch/outputs/ttbar_dihiggs_rec/checkpoints/best.pt
Epoch 12/18 | train_loss=0.150948 | val_loss=0.145681 | best_val_loss=0.145681 | lr=0.00009870
Epoch 13/18 | train_loss=0.144610 | val_loss=0.155424 | best_val_loss=0.145681 | lr=0.00007500
Saved new best checkpoint: /var/lib/condor/execute/slot2/dir_2945795/scratch/outputs/ttbar_dihiggs_rec/checkpoints/best.pt
Epoch 14/18 | train_loss=0.134642 | val_loss=0.145675 | best_val_loss=0.145675 | lr=0.00005358
Epoch 15/18 | train_loss=0.117934 | val_loss=0.150513 | best_val_loss=0.145675 | lr=0.00003509
Saved new best checkpoint: /var/lib/condor/execute/slot2/dir_2945795/scratch/outputs/ttbar_dihiggs_rec/checkpoints/best.pt
Epoch 16/18 | train_loss=0.131657 | val_loss=0.134243 | best_val_loss=0.134243 | lr=0.00002010
Saved new best checkpoint: /var/lib/condor/execute/slot2/dir_2945795/scratch/outputs/ttbar_dihiggs_rec/checkpoints/best.pt
Epoch 17/18 | train_loss=0.127916 | val_loss=0.132554 | best_val_loss=0.132554 | lr=0.00000905
Saved new best checkpoint: /var/lib/condor/execute/slot2/dir_2945795/scratch/outputs/ttbar_dihiggs_rec/checkpoints/best.pt
Epoch 18/18 | train_loss=0.132015 | val_loss=0.132050 | best_val_loss=0.132050 | lr=0.00000228
Loaded checkpoint: /var/lib/condor/execute/slot2/dir_2945795/scratch/outputs/ttbar_dihiggs_rec/checkpoints/best.pt
Resume from epoch: 18
Best validation loss: 0.132050
Final test loss: 0.117517
Experiment ttbar_dihiggs_rec completed successfully.
